[INFO] [launch]: All log files can be found below /home/smirn/.ros/log/2026-08-20-01-47-29-185037-Tornadosky-77926
[INFO] [launch]: Default logging verbosity is set to INFO
[INFO] [aruco_detector-1]: process started with pid [77927]
[aruco_detector-1] [INFO] [1787183249.855600545] [aruco_detector]: aruco_detector: dict=DICT_4X4_50 len=0.2 m image=/leo1/camera/image optical_frame=False map_frame=map cv2=4.5.4 allowed_ids=[1, 2, 3, 4, 5, 6, 7, 8]
[aruco_detector-1] [INFO] [1787183249.856988314] [aruco_detector]: frames=0 with_detections=0 confirmed=[] pending=[]
[aruco_detector-1] [INFO] [1787183249.943210355] [aruco_detector]: camera intrinsics: fx=554.4 fy=554.4 cx=320.0 cy=240.0 distortion=5 coeffs
[aruco_detector-1] [INFO] [1787183254.137979244] [aruco_detector]: frames=21 with_detections=0 confirmed=[] pending=[]
[aruco_detector-1] [INFO] [1787183264.155122371] [aruco_detector]: frames=71 with_detections=0 confirmed=[] pending=[]
[aruco_detector-1] [INFO] [1787183274.213432448] [aruco_detector]: frames=121 with_detections=0 confirmed=[] pending=[]
[aruco_detector-1] [INFO] [1787183284.218345568] [aruco_detector]: frames=171 with_detections=0 confirmed=[] pending=[]
[aruco_detector-1] [INFO] [1787183294.214259946] [aruco_detector]: frames=221 with_detections=1 confirmed=[] pending=[]
[aruco_detector-1] [INFO] [1787183304.214693858] [aruco_detector]: frames=271 with_detections=1 confirmed=[] pending=[]
[aruco_detector-1] [INFO] [1787183309.051139867] [aruco_detector]: ArUco 4 CONFIRMED at map (-3.89, 4.26, 0.12) range 4.98 m, reproj 1.95 px
[aruco_detector-1] [INFO] [1787183314.214270553] [aruco_detector]: frames=321 with_detections=26 confirmed=[4] pending=[]
[aruco_detector-1] [INFO] [1787183324.208355436] [aruco_detector]: frames=371 with_detections=61 confirmed=[4] pending=[]
[aruco_detector-1] [INFO] [1787183334.208020699] [aruco_detector]: frames=421 with_detections=63 confirmed=[4] pending=[]
[aruco_detector-1] [INFO] [1787183344.212766531] [aruco_detector]: frames=471 with_detections=64 confirmed=[4] pending=[]
[aruco_detector-1] [INFO] [1787183354.208370022] [aruco_detector]: frames=521 with_detections=64 confirmed=[4] pending=[]
[aruco_detector-1] [INFO] [1787183364.208329200] [aruco_detector]: frames=571 with_detections=64 confirmed=[4] pending=[]
[aruco_detector-1] [INFO] [1787183374.208359665] [aruco_detector]: frames=621 with_detections=67 confirmed=[4] pending=[]
[aruco_detector-1] [INFO] [1787183384.208730853] [aruco_detector]: frames=671 with_detections=89 confirmed=[4] pending=[2]
[aruco_detector-1] [INFO] [1787183384.443111229] [aruco_detector]: ArUco 2 CONFIRMED at map (8.62, 0.41, 0.14) range 5.82 m, reproj 0.39 px
[aruco_detector-1] [INFO] [1787183394.208646327] [aruco_detector]: frames=721 with_detections=115 confirmed=[2, 4] pending=[]
[aruco_detector-1] [INFO] [1787183402.249073774] [aruco_detector]: ArUco 7 CONFIRMED at map (3.93, -6.04, 0.12) range 4.62 m, reproj 1.45 px
[aruco_detector-1] [INFO] [1787183404.209841953] [aruco_detector]: frames=771 with_detections=129 confirmed=[2, 4, 7] pending=[]
[aruco_detector-1] [INFO] [1787183414.204555269] [aruco_detector]: frames=821 with_detections=141 confirmed=[2, 4, 7] pending=[]
[aruco_detector-1] [INFO] [1787183424.204285797] [aruco_detector]: frames=871 with_detections=185 confirmed=[2, 4, 7] pending=[]
[aruco_detector-1] [INFO] [1787183434.206822334] [aruco_detector]: frames=921 with_detections=200 confirmed=[2, 4, 7] pending=[]
[aruco_detector-1] [INFO] [1787183444.203292996] [aruco_detector]: frames=971 with_detections=200 confirmed=[2, 4, 7] pending=[]
[aruco_detector-1] [INFO] [1787183454.204605674] [aruco_detector]: frames=1021 with_detections=200 confirmed=[2, 4, 7] pending=[]
[aruco_detector-1] [INFO] [1787183464.205716734] [aruco_detector]: frames=1071 with_detections=200 confirmed=[2, 4, 7] pending=[]
[aruco_detector-1] [INFO] [1787183474.201375895] [aruco_detector]: frames=1121 with_detections=200 confirmed=[2, 4, 7] pending=[]
[aruco_detector-1] [INFO] [1787183484.201148313] [aruco_detector]: frames=1171 with_detections=200 confirmed=[2, 4, 7] pending=[]
[aruco_detector-1] [INFO] [1787183494.203434415] [aruco_detector]: frames=1221 with_detections=202 confirmed=[2, 4, 7] pending=[]
[aruco_detector-1] [INFO] [1787183504.231164008] [aruco_detector]: frames=1271 with_detections=211 confirmed=[2, 4, 7] pending=[]
[aruco_detector-1] [INFO] [1787183506.465146034] [aruco_detector]: ArUco 1 CONFIRMED at map (-9.87, -0.31, 0.14) range 5.78 m, reproj 0.18 px
[aruco_detector-1] [INFO] [1787183513.466450403] [aruco_detector]: ArUco 6 CONFIRMED at map (-10.40, -3.96, 0.13) range 5.81 m, reproj 1.05 px
[aruco_detector-1] [INFO] [1787183514.231129884] [aruco_detector]: frames=1321 with_detections=249 confirmed=[1, 2, 4, 6, 7] pending=[]
[aruco_detector-1] [INFO] [1787183524.232284242] [aruco_detector]: frames=1371 with_detections=272 confirmed=[1, 2, 4, 6, 7] pending=[]
[aruco_detector-1] [INFO] [1787183534.229320123] [aruco_detector]: frames=1421 with_detections=272 confirmed=[1, 2, 4, 6, 7] pending=[]
[aruco_detector-1] [INFO] [1787183544.229599604] [aruco_detector]: frames=1471 with_detections=272 confirmed=[1, 2, 4, 6, 7] pending=[]
[aruco_detector-1] [INFO] [1787183554.229418889] [aruco_detector]: frames=1521 with_detections=298 confirmed=[1, 2, 4, 6, 7] pending=[]
[aruco_detector-1] [INFO] [1787183564.224985980] [aruco_detector]: frames=1571 with_detections=321 confirmed=[1, 2, 4, 6, 7] pending=[]
[aruco_detector-1] [INFO] [1787183574.224978220] [aruco_detector]: frames=1621 with_detections=321 confirmed=[1, 2, 4, 6, 7] pending=[]
[aruco_detector-1] [INFO] [1787183584.228511657] [aruco_detector]: frames=1671 with_detections=321 confirmed=[1, 2, 4, 6, 7] pending=[]
[aruco_detector-1] [INFO] [1787183594.060601228] [aruco_detector]: ArUco 3 CONFIRMED at map (-8.44, 6.30, 0.12) range 4.67 m, reproj 0.31 px
[aruco_detector-1] [INFO] [1787183594.226745804] [aruco_detector]: frames=1721 with_detections=324 confirmed=[1, 2, 3, 4, 6, 7] pending=[]
[aruco_detector-1] [INFO] [1787183604.226685307] [aruco_detector]: frames=1771 with_detections=342 confirmed=[1, 2, 3, 4, 6, 7] pending=[]
[aruco_detector-1] [INFO] [1787183614.226666687] [aruco_detector]: frames=1821 with_detections=386 confirmed=[1, 2, 3, 4, 6, 7] pending=[]
[aruco_detector-1] [INFO] [1787183624.228451078] [aruco_detector]: frames=1871 with_detections=386 confirmed=[1, 2, 3, 4, 6, 7] pending=[]
[aruco_detector-1] [INFO] [1787183634.228451142] [aruco_detector]: frames=1921 with_detections=395 confirmed=[1, 2, 3, 4, 6, 7] pending=[]
[aruco_detector-1] [INFO] [1787183644.230450461] [aruco_detector]: frames=1971 with_detections=405 confirmed=[1, 2, 3, 4, 6, 7] pending=[]
[aruco_detector-1] [INFO] [1787183654.228473541] [aruco_detector]: frames=2021 with_detections=405 confirmed=[1, 2, 3, 4, 6, 7] pending=[]
[aruco_detector-1] [INFO] [1787183664.231889248] [aruco_detector]: frames=2071 with_detections=405 confirmed=[1, 2, 3, 4, 6, 7] pending=[]
[aruco_detector-1] [INFO] [1787183674.231525761] [aruco_detector]: frames=2121 with_detections=405 confirmed=[1, 2, 3, 4, 6, 7] pending=[]
[aruco_detector-1] [INFO] [1787183684.231025211] [aruco_detector]: frames=2171 with_detections=405 confirmed=[1, 2, 3, 4, 6, 7] pending=[]
[aruco_detector-1] [INFO] [1787183694.231218144] [aruco_detector]: frames=2221 with_detections=405 confirmed=[1, 2, 3, 4, 6, 7] pending=[]
[aruco_detector-1] [INFO] [1787183704.236572359] [aruco_detector]: frames=2271 with_detections=405 confirmed=[1, 2, 3, 4, 6, 7] pending=[]
[aruco_detector-1] [INFO] [1787183714.233693419] [aruco_detector]: frames=2321 with_detections=405 confirmed=[1, 2, 3, 4, 6, 7] pending=[]
[aruco_detector-1] [INFO] [1787183724.235525210] [aruco_detector]: frames=2371 with_detections=407 confirmed=[1, 2, 3, 4, 6, 7] pending=[]
[aruco_detector-1] [INFO] [1787183734.235403570] [aruco_detector]: frames=2421 with_detections=407 confirmed=[1, 2, 3, 4, 6, 7] pending=[]
[aruco_detector-1] [INFO] [1787183744.231343946] [aruco_detector]: frames=2471 with_detections=407 confirmed=[1, 2, 3, 4, 6, 7] pending=[]
[aruco_detector-1] [INFO] [1787183754.231170489] [aruco_detector]: frames=2521 with_detections=407 confirmed=[1, 2, 3, 4, 6, 7] pending=[]
[aruco_detector-1] [INFO] [1787183764.231072497] [aruco_detector]: frames=2571 with_detections=407 confirmed=[1, 2, 3, 4, 6, 7] pending=[]
[aruco_detector-1] [INFO] [1787183774.229571749] [aruco_detector]: frames=2621 with_detections=407 confirmed=[1, 2, 3, 4, 6, 7] pending=[]
[aruco_detector-1] [INFO] [1787183784.229464493] [aruco_detector]: frames=2671 with_detections=407 confirmed=[1, 2, 3, 4, 6, 7] pending=[]
[aruco_detector-1] [INFO] [1787183794.229594865] [aruco_detector]: frames=2721 with_detections=407 confirmed=[1, 2, 3, 4, 6, 7] pending=[]
[aruco_detector-1] [INFO] [1787183804.250374507] [aruco_detector]: frames=2771 with_detections=407 confirmed=[1, 2, 3, 4, 6, 7] pending=[]
[aruco_detector-1] [INFO] [1787183814.255196991] [aruco_detector]: frames=2821 with_detections=409 confirmed=[1, 2, 3, 4, 6, 7] pending=[]
[aruco_detector-1] [INFO] [1787183824.256436054] [aruco_detector]: frames=2871 with_detections=425 confirmed=[1, 2, 3, 4, 6, 7] pending=[]
[aruco_detector-1] [INFO] [1787183834.253636912] [aruco_detector]: frames=2921 with_detections=448 confirmed=[1, 2, 3, 4, 6, 7] pending=[]
[aruco_detector-1] [INFO] [1787183844.253563572] [aruco_detector]: frames=2971 with_detections=448 confirmed=[1, 2, 3, 4, 6, 7] pending=[]
[aruco_detector-1] [INFO] [1787183854.254742255] [aruco_detector]: frames=3021 with_detections=448 confirmed=[1, 2, 3, 4, 6, 7] pending=[]
[aruco_detector-1] [INFO] [1787183864.254490928] [aruco_detector]: frames=3071 with_detections=448 confirmed=[1, 2, 3, 4, 6, 7] pending=[]
[aruco_detector-1] [INFO] [1787183874.254458195] [aruco_detector]: frames=3121 with_detections=448 confirmed=[1, 2, 3, 4, 6, 7] pending=[]
[aruco_detector-1] [INFO] [1787183884.256929781] [aruco_detector]: frames=3171 with_detections=448 confirmed=[1, 2, 3, 4, 6, 7] pending=[]
[aruco_detector-1] [INFO] [1787183886.890988492] [aruco_detector]: ArUco 5 CONFIRMED at map (9.66, 3.41, 0.13) range 5.65 m, reproj 0.13 px
[aruco_detector-1] [INFO] [1787183894.251610788] [aruco_detector]: frames=3221 with_detections=476 confirmed=[1, 2, 3, 4, 5, 6, 7] pending=[]
[aruco_detector-1] [INFO] [1787183904.251196092] [aruco_detector]: frames=3271 with_detections=483 confirmed=[1, 2, 3, 4, 5, 6, 7] pending=[]
[aruco_detector-1] [INFO] [1787183914.255472044] [aruco_detector]: frames=3321 with_detections=524 confirmed=[1, 2, 3, 4, 5, 6, 7] pending=[]
[aruco_detector-1] [INFO] [1787183924.254592690] [aruco_detector]: frames=3371 with_detections=524 confirmed=[1, 2, 3, 4, 5, 6, 7] pending=[]
[aruco_detector-1] [INFO] [1787183934.255796062] [aruco_detector]: frames=3421 with_detections=524 confirmed=[1, 2, 3, 4, 5, 6, 7] pending=[]
[aruco_detector-1] [INFO] [1787183944.260846428] [aruco_detector]: frames=3471 with_detections=566 confirmed=[1, 2, 3, 4, 5, 6, 7] pending=[]
[aruco_detector-1] [INFO] [1787183954.240811058] [aruco_detector]: frames=3521 with_detections=616 confirmed=[1, 2, 3, 4, 5, 6, 7] pending=[]
[aruco_detector-1] [INFO] [1787183964.240160532] [aruco_detector]: frames=3571 with_detections=666 confirmed=[1, 2, 3, 4, 5, 6, 7] pending=[]
[aruco_detector-1] [INFO] [1787183974.240194571] [aruco_detector]: frames=3621 with_detections=716 confirmed=[1, 2, 3, 4, 5, 6, 7] pending=[]
[aruco_detector-1] [INFO] [1787183984.235516189] [aruco_detector]: frames=3671 with_detections=766 confirmed=[1, 2, 3, 4, 5, 6, 7] pending=[]
[aruco_detector-1] [INFO] [1787183994.235449622] [aruco_detector]: frames=3721 with_detections=816 confirmed=[1, 2, 3, 4, 5, 6, 7] pending=[]
[aruco_detector-1] [INFO] [1787184004.238694078] [aruco_detector]: frames=3771 with_detections=866 confirmed=[1, 2, 3, 4, 5, 6, 7] pending=[]
[aruco_detector-1] [INFO] [1787184014.233396463] [aruco_detector]: frames=3821 with_detections=916 confirmed=[1, 2, 3, 4, 5, 6, 7] pending=[]
[aruco_detector-1] [INFO] [1787184024.233229940] [aruco_detector]: frames=3871 with_detections=966 confirmed=[1, 2, 3, 4, 5, 6, 7] pending=[]
[aruco_detector-1] [INFO] [1787184034.235423766] [aruco_detector]: frames=3921 with_detections=1016 confirmed=[1, 2, 3, 4, 5, 6, 7] pending=[]
[aruco_detector-1] [INFO] [1787184044.235438065] [aruco_detector]: frames=3971 with_detections=1066 confirmed=[1, 2, 3, 4, 5, 6, 7] pending=[]
[aruco_detector-1] [INFO] [1787184054.236031078] [aruco_detector]: frames=4021 with_detections=1116 confirmed=[1, 2, 3, 4, 5, 6, 7] pending=[]
[aruco_detector-1] [INFO] [1787184064.240030447] [aruco_detector]: frames=4071 with_detections=1166 confirmed=[1, 2, 3, 4, 5, 6, 7] pending=[]
[aruco_detector-1] [INFO] [1787184074.236342729] [aruco_detector]: frames=4121 with_detections=1216 confirmed=[1, 2, 3, 4, 5, 6, 7] pending=[]
[aruco_detector-1] [INFO] [1787184084.237160324] [aruco_detector]: frames=4171 with_detections=1266 confirmed=[1, 2, 3, 4, 5, 6, 7] pending=[]
[aruco_detector-1] [INFO] [1787184094.237327618] [aruco_detector]: frames=4221 with_detections=1316 confirmed=[1, 2, 3, 4, 5, 6, 7] pending=[]
[aruco_detector-1] [INFO] [1787184104.231643755] [aruco_detector]: frames=4271 with_detections=1366 confirmed=[1, 2, 3, 4, 5, 6, 7] pending=[]
[aruco_detector-1] [INFO] [1787184114.233633024] [aruco_detector]: frames=4321 with_detections=1416 confirmed=[1, 2, 3, 4, 5, 6, 7] pending=[]
[aruco_detector-1] [INFO] [1787184124.244524627] [aruco_detector]: frames=4371 with_detections=1466 confirmed=[1, 2, 3, 4, 5, 6, 7] pending=[]
[aruco_detector-1] [INFO] [1787184134.242006740] [aruco_detector]: frames=4421 with_detections=1516 confirmed=[1, 2, 3, 4, 5, 6, 7] pending=[]
[aruco_detector-1] [INFO] [1787184144.245488676] [aruco_detector]: frames=4471 with_detections=1566 confirmed=[1, 2, 3, 4, 5, 6, 7] pending=[]
[aruco_detector-1] [INFO] [1787184154.245958954] [aruco_detector]: frames=4521 with_detections=1616 confirmed=[1, 2, 3, 4, 5, 6, 7] pending=[]
[aruco_detector-1] [INFO] [1787184164.243517220] [aruco_detector]: frames=4571 with_detections=1666 confirmed=[1, 2, 3, 4, 5, 6, 7] pending=[]
[aruco_detector-1] [INFO] [1787184174.243717734] [aruco_detector]: frames=4621 with_detections=1716 confirmed=[1, 2, 3, 4, 5, 6, 7] pending=[]
[aruco_detector-1] [INFO] [1787184184.290781399] [aruco_detector]: frames=4671 with_detections=1766 confirmed=[1, 2, 3, 4, 5, 6, 7] pending=[]
[aruco_detector-1] [INFO] [1787184194.287594623] [aruco_detector]: frames=4721 with_detections=1816 confirmed=[1, 2, 3, 4, 5, 6, 7] pending=[]
