[INFO] [launch]: All log files can be found below /home/smirn/.ros/log/2026-08-20-04-53-11-426813-Tornadosky-113113
[INFO] [launch]: Default logging verbosity is set to INFO
[INFO] [aruco_detector-1]: process started with pid [113114]
[aruco_detector-1] [INFO] [1787194392.028804463] [aruco_detector]: aruco_detector: dict=DICT_4X4_50 len=0.2 m image=/leo1/camera/image optical_frame=False map_frame=map cv2=4.5.4 allowed_ids=[1, 2, 3, 4, 5, 6, 7, 8]
[aruco_detector-1] [INFO] [1787194392.030255925] [aruco_detector]: frames=0 with_detections=0 confirmed=[] pending=[]
[aruco_detector-1] [INFO] [1787194392.130894723] [aruco_detector]: camera intrinsics: fx=554.4 fy=554.4 cx=320.0 cy=240.0 distortion=5 coeffs
[aruco_detector-1] [INFO] [1787194395.125741554] [aruco_detector]: frames=15 with_detections=0 confirmed=[] pending=[]
[aruco_detector-1] [INFO] [1787194405.143161008] [aruco_detector]: frames=65 with_detections=0 confirmed=[] pending=[]
[aruco_detector-1] [INFO] [1787194415.160101686] [aruco_detector]: frames=115 with_detections=2 confirmed=[] pending=[]
[aruco_detector-1] [INFO] [1787194425.159917326] [aruco_detector]: frames=165 with_detections=2 confirmed=[] pending=[]
[aruco_detector-1] [INFO] [1787194435.160089570] [aruco_detector]: frames=215 with_detections=2 confirmed=[] pending=[]
[aruco_detector-1] [INFO] [1787194445.161020409] [aruco_detector]: frames=265 with_detections=2 confirmed=[] pending=[]
[aruco_detector-1] [INFO] [1787194455.161229378] [aruco_detector]: frames=315 with_detections=2 confirmed=[] pending=[]
[aruco_detector-1] [INFO] [1787194462.590503350] [aruco_detector]: ArUco 4 CONFIRMED at map (-3.73, 4.07, 0.13) range 4.70 m, reproj 1.28 px
[aruco_detector-1] [INFO] [1787194465.161502334] [aruco_detector]: frames=365 with_detections=9 confirmed=[4] pending=[]
[aruco_detector-1] [INFO] [1787194475.164761302] [aruco_detector]: frames=415 with_detections=30 confirmed=[4] pending=[]
[aruco_detector-1] [INFO] [1787194485.164835709] [aruco_detector]: frames=465 with_detections=30 confirmed=[4] pending=[]
[aruco_detector-1] [INFO] [1787194495.165101480] [aruco_detector]: frames=515 with_detections=55 confirmed=[4] pending=[]
[aruco_detector-1] [INFO] [1787194505.164791288] [aruco_detector]: frames=565 with_detections=89 confirmed=[4] pending=[]
[aruco_detector-1] [INFO] [1787194515.164774850] [aruco_detector]: frames=615 with_detections=89 confirmed=[4] pending=[]
[aruco_detector-1] [INFO] [1787194525.164624986] [aruco_detector]: frames=665 with_detections=89 confirmed=[4] pending=[]
[aruco_detector-1] [INFO] [1787194535.164466956] [aruco_detector]: frames=715 with_detections=89 confirmed=[4] pending=[]
[aruco_detector-1] [INFO] [1787194545.164603659] [aruco_detector]: frames=765 with_detections=89 confirmed=[4] pending=[]
[aruco_detector-1] [INFO] [1787194555.164653189] [aruco_detector]: frames=815 with_detections=96 confirmed=[4] pending=[]
[aruco_detector-1] [INFO] [1787194565.164642763] [aruco_detector]: frames=865 with_detections=96 confirmed=[4] pending=[]
[aruco_detector-1] [INFO] [1787194575.164894355] [aruco_detector]: frames=915 with_detections=96 confirmed=[4] pending=[]
[aruco_detector-1] [INFO] [1787194585.164985866] [aruco_detector]: frames=965 with_detections=100 confirmed=[4] pending=[]
[aruco_detector-1] [INFO] [1787194595.164891056] [aruco_detector]: frames=1015 with_detections=111 confirmed=[4] pending=[]
[aruco_detector-1] [INFO] [1787194604.996100547] [aruco_detector]: ArUco 1 CONFIRMED at map (-9.80, -0.22, 0.14) range 5.92 m, reproj 0.16 px
[aruco_detector-1] [INFO] [1787194605.164931650] [aruco_detector]: frames=1065 with_detections=125 confirmed=[1, 4] pending=[]
[aruco_detector-1] [INFO] [1787194612.000477662] [aruco_detector]: ArUco 6 CONFIRMED at map (-10.39, -3.93, 0.14) range 5.75 m, reproj 0.04 px
[aruco_detector-1] [INFO] [1787194615.166383928] [aruco_detector]: frames=1115 with_detections=164 confirmed=[1, 4, 6] pending=[]
[aruco_detector-1] [INFO] [1787194625.166214908] [aruco_detector]: frames=1165 with_detections=178 confirmed=[1, 4, 6] pending=[]
[aruco_detector-1] [INFO] [1787194635.166276493] [aruco_detector]: frames=1215 with_detections=208 confirmed=[1, 4, 6] pending=[]
[aruco_detector-1] [INFO] [1787194645.166066889] [aruco_detector]: frames=1265 with_detections=255 confirmed=[1, 4, 6] pending=[]
[aruco_detector-1] [INFO] [1787194655.167526803] [aruco_detector]: frames=1315 with_detections=259 confirmed=[1, 4, 6] pending=[]
[aruco_detector-1] [INFO] [1787194665.166984590] [aruco_detector]: frames=1365 with_detections=259 confirmed=[1, 4, 6] pending=[]
[aruco_detector-1] [INFO] [1787194675.167015625] [aruco_detector]: frames=1415 with_detections=259 confirmed=[1, 4, 6] pending=[]
[aruco_detector-1] [INFO] [1787194685.167013067] [aruco_detector]: frames=1465 with_detections=259 confirmed=[1, 4, 6] pending=[]
[aruco_detector-1] [INFO] [1787194695.164981161] [aruco_detector]: frames=1515 with_detections=259 confirmed=[1, 4, 6] pending=[]
[aruco_detector-1] [INFO] [1787194705.164952564] [aruco_detector]: frames=1565 with_detections=259 confirmed=[1, 4, 6] pending=[]
[aruco_detector-1] [INFO] [1787194715.165016149] [aruco_detector]: frames=1615 with_detections=259 confirmed=[1, 4, 6] pending=[]
[aruco_detector-1] [INFO] [1787194725.164796225] [aruco_detector]: frames=1665 with_detections=259 confirmed=[1, 4, 6] pending=[]
[aruco_detector-1] [INFO] [1787194735.164405126] [aruco_detector]: frames=1715 with_detections=259 confirmed=[1, 4, 6] pending=[]
[aruco_detector-1] [INFO] [1787194745.164682942] [aruco_detector]: frames=1765 with_detections=259 confirmed=[1, 4, 6] pending=[]
[aruco_detector-1] [INFO] [1787194755.164487262] [aruco_detector]: frames=1815 with_detections=259 confirmed=[1, 4, 6] pending=[]
[aruco_detector-1] [INFO] [1787194765.164651613] [aruco_detector]: frames=1865 with_detections=259 confirmed=[1, 4, 6] pending=[]
[aruco_detector-1] [INFO] [1787194775.165565365] [aruco_detector]: frames=1915 with_detections=259 confirmed=[1, 4, 6] pending=[]
[aruco_detector-1] [INFO] [1787194785.166602015] [aruco_detector]: frames=1965 with_detections=259 confirmed=[1, 4, 6] pending=[]
[aruco_detector-1] [INFO] [1787194795.166250266] [aruco_detector]: frames=2015 with_detections=259 confirmed=[1, 4, 6] pending=[]
[aruco_detector-1] [INFO] [1787194805.166576476] [aruco_detector]: frames=2065 with_detections=259 confirmed=[1, 4, 6] pending=[]
[aruco_detector-1] [INFO] [1787194815.166751569] [aruco_detector]: frames=2115 with_detections=259 confirmed=[1, 4, 6] pending=[]
[aruco_detector-1] [INFO] [1787194825.166579474] [aruco_detector]: frames=2165 with_detections=259 confirmed=[1, 4, 6] pending=[]
[aruco_detector-1] [INFO] [1787194835.168986411] [aruco_detector]: frames=2215 with_detections=259 confirmed=[1, 4, 6] pending=[]
[aruco_detector-1] [INFO] [1787194845.169378829] [aruco_detector]: frames=2265 with_detections=259 confirmed=[1, 4, 6] pending=[]
[aruco_detector-1] [INFO] [1787194855.169395896] [aruco_detector]: frames=2315 with_detections=259 confirmed=[1, 4, 6] pending=[]
[aruco_detector-1] [INFO] [1787194865.168992573] [aruco_detector]: frames=2365 with_detections=259 confirmed=[1, 4, 6] pending=[]
[aruco_detector-1] [INFO] [1787194875.169877584] [aruco_detector]: frames=2415 with_detections=259 confirmed=[1, 4, 6] pending=[]
[aruco_detector-1] [INFO] [1787194885.169933761] [aruco_detector]: frames=2465 with_detections=259 confirmed=[1, 4, 6] pending=[]
[aruco_detector-1] [INFO] [1787194895.169898643] [aruco_detector]: frames=2515 with_detections=259 confirmed=[1, 4, 6] pending=[]
[aruco_detector-1] [INFO] [1787194905.170427449] [aruco_detector]: frames=2565 with_detections=259 confirmed=[1, 4, 6] pending=[]
[aruco_detector-1] [INFO] [1787194915.172558454] [aruco_detector]: frames=2615 with_detections=259 confirmed=[1, 4, 6] pending=[]
[aruco_detector-1] [INFO] [1787194925.172765271] [aruco_detector]: frames=2665 with_detections=259 confirmed=[1, 4, 6] pending=[]
[aruco_detector-1] [INFO] [1787194935.172404669] [aruco_detector]: frames=2715 with_detections=259 confirmed=[1, 4, 6] pending=[]
[aruco_detector-1] [INFO] [1787194945.172352891] [aruco_detector]: frames=2765 with_detections=259 confirmed=[1, 4, 6] pending=[]
[aruco_detector-1] [INFO] [1787194955.173882178] [aruco_detector]: frames=2815 with_detections=259 confirmed=[1, 4, 6] pending=[]
[aruco_detector-1] [INFO] [1787194965.198328909] [aruco_detector]: frames=2865 with_detections=259 confirmed=[1, 4, 6] pending=[]
[aruco_detector-1] [INFO] [1787194975.198324909] [aruco_detector]: frames=2915 with_detections=259 confirmed=[1, 4, 6] pending=[]
