[wsl-exp 04:51:47] backend=wsl:Ubuntu stack=hybrid world=office_world profile=realistic cap=30min out=reports/night/n22_nocam_s55
[wsl-exp 04:51:47] syncing src/ and scripts/ into /home/smirn/leo_ws
[wsl-exp 04:51:48] colcon build (leo_nav2_exploration, leo_rover_gazebo)
Summary: 1 package finished [1.69s]
  1 package failed: leo_rover_gazebo
  1 package had stderr output: leo_rover_gazebo
[wsl-exp 04:51:50] killing any previous sim
[wsl-exp 04:51:55] cleanup: 0 ROS processes still alive
[wsl-exp 04:52:00] starting simulator (GPU, headless)
[wsl-exp 04:52:00] waiting for /leo1/scan
[wsl-exp 04:52:12] scan: average rate: 60.045
[wsl-exp 04:52:12] renderer: 04:52:09: GL_RENDERER = D3D12 (NVIDIA GeForce RTX 4060 Ti)
[wsl-exp 04:52:15] wheel-odometry model (message only) + gyro + EKF
[wsl-exp 04:52:30] overlay stack: sim_navigation.launch.py
[wsl-exp 04:52:31] waiting for Nav2 planner action
[wsl-exp 04:53:04] camera/points (with stack up): average rate: 1.071
[wsl-exp 04:53:08] scan_filtered: average rate: 10.206
[wsl-exp 04:53:08] starting recorders
[wsl-exp 04:53:10] starting ArUco detector
[wsl-exp 04:53:16] bootstrap jog
[wsl-exp 04:53:34] explorer launched; polling (cap 30 min)
[wsl-exp 05:02:35] explorer reports completion
[wsl-exp 05:02:42] saving map
[wsl-exp 05:02:43] flushing recorders
[wsl-exp 05:03:03] cleanup: 0 ROS processes still alive
[wsl-exp 05:03:05] done -> reports/night/n22_nocam_s55
