[INFO] [launch]: All log files can be found below /home/smirn/.ros/log/2026-08-20-06-03-35-136087-Tornadosky-6337
[INFO] [launch]: Default logging verbosity is set to INFO
[INFO] [aruco_detector-1]: process started with pid [6338]
[aruco_detector-1] [INFO] [1787198615.746461570] [aruco_detector]: aruco_detector: dict=DICT_4X4_50 len=0.2 m image=/leo1/camera/image optical_frame=False map_frame=map cv2=4.5.4 allowed_ids=[1, 2, 3, 4, 5, 6, 7, 8]
[aruco_detector-1] [INFO] [1787198615.747626515] [aruco_detector]: frames=0 with_detections=0 confirmed=[] pending=[]
[aruco_detector-1] [INFO] [1787198615.792851284] [aruco_detector]: camera intrinsics: fx=554.4 fy=554.4 cx=320.0 cy=240.0 distortion=5 coeffs
[aruco_detector-1] [INFO] [1787198619.987416104] [aruco_detector]: frames=21 with_detections=0 confirmed=[] pending=[]
[aruco_detector-1] [INFO] [1787198630.024292828] [aruco_detector]: frames=71 with_detections=0 confirmed=[] pending=[]
[aruco_detector-1] [INFO] [1787198640.052339863] [aruco_detector]: frames=121 with_detections=0 confirmed=[] pending=[]
[aruco_detector-1] [INFO] [1787198650.054964911] [aruco_detector]: frames=171 with_detections=2 confirmed=[] pending=[]
[aruco_detector-1] [INFO] [1787198660.056518005] [aruco_detector]: frames=221 with_detections=2 confirmed=[] pending=[]
[aruco_detector-1] [INFO] [1787198670.056527939] [aruco_detector]: frames=271 with_detections=2 confirmed=[] pending=[]
[aruco_detector-1] [INFO] [1787198670.691129582] [aruco_detector]: ArUco 4 CONFIRMED at map (-3.42, 3.81, 0.13) range 4.75 m, reproj 0.36 px
[aruco_detector-1] [WARN] [1787198673.489745483] [aruco_detector]: ignoring ArUco id 21: not in allowed_ids [1, 2, 3, 4, 5, 6, 7, 8]
[aruco_detector-1] [INFO] [1787198680.059044268] [aruco_detector]: frames=321 with_detections=26 confirmed=[4] pending=[]
[aruco_detector-1] [INFO] [1787198690.062837818] [aruco_detector]: frames=371 with_detections=26 confirmed=[4] pending=[]
[aruco_detector-1] [INFO] [1787198700.062810524] [aruco_detector]: frames=421 with_detections=34 confirmed=[4] pending=[]
[aruco_detector-1] [INFO] [1787198710.067096299] [aruco_detector]: frames=471 with_detections=82 confirmed=[4] pending=[]
[aruco_detector-1] [INFO] [1787198720.067142727] [aruco_detector]: frames=521 with_detections=86 confirmed=[4] pending=[]
[aruco_detector-1] [INFO] [1787198730.067189963] [aruco_detector]: frames=571 with_detections=86 confirmed=[4] pending=[]
[aruco_detector-1] [INFO] [1787198735.900596275] [aruco_detector]: ArUco 1 CONFIRMED at map (-10.02, -0.08, 0.14) range 5.96 m, reproj 0.17 px
[aruco_detector-1] [INFO] [1787198740.067862307] [aruco_detector]: frames=621 with_detections=110 confirmed=[1, 4] pending=[]
[aruco_detector-1] [INFO] [1787198742.302857271] [aruco_detector]: ArUco 6 CONFIRMED at map (-10.53, -3.79, 0.14) range 5.74 m, reproj 0.38 px
[aruco_detector-1] [INFO] [1787198750.067880113] [aruco_detector]: frames=671 with_detections=139 confirmed=[1, 4, 6] pending=[]
[aruco_detector-1] [INFO] [1787198760.069199738] [aruco_detector]: frames=721 with_detections=139 confirmed=[1, 4, 6] pending=[]
[aruco_detector-1] [INFO] [1787198766.301892017] [aruco_detector]: ArUco 8 CONFIRMED at map (-3.72, -1.38, 0.10) range 1.78 m, reproj 1.74 px
[aruco_detector-1] [INFO] [1787198770.072388574] [aruco_detector]: frames=771 with_detections=157 confirmed=[1, 4, 6, 8] pending=[]
[aruco_detector-1] [INFO] [1787198780.072477249] [aruco_detector]: frames=821 with_detections=185 confirmed=[1, 4, 6, 8] pending=[]
[aruco_detector-1] [INFO] [1787198790.072446016] [aruco_detector]: frames=871 with_detections=185 confirmed=[1, 4, 6, 8] pending=[]
[aruco_detector-1] [INFO] [1787198800.072808046] [aruco_detector]: frames=921 with_detections=185 confirmed=[1, 4, 6, 8] pending=[]
[aruco_detector-1] [INFO] [1787198810.074178459] [aruco_detector]: frames=971 with_detections=185 confirmed=[1, 4, 6, 8] pending=[]
[aruco_detector-1] [INFO] [1787198820.074470805] [aruco_detector]: frames=1021 with_detections=185 confirmed=[1, 4, 6, 8] pending=[]
[aruco_detector-1] [INFO] [1787198830.108555805] [aruco_detector]: frames=1071 with_detections=187 confirmed=[1, 4, 6, 8] pending=[]
[aruco_detector-1] [INFO] [1787198836.545832405] [aruco_detector]: ArUco 2 CONFIRMED at map (8.79, 0.25, 0.14) range 5.88 m, reproj 0.13 px
[aruco_detector-1] [INFO] [1787198840.108601247] [aruco_detector]: frames=1121 with_detections=214 confirmed=[1, 2, 4, 6, 8] pending=[]
[aruco_detector-1] [INFO] [1787198850.110199780] [aruco_detector]: frames=1171 with_detections=227 confirmed=[1, 2, 4, 6, 8] pending=[]
[aruco_detector-1] [INFO] [1787198853.943278356] [aruco_detector]: ArUco 7 CONFIRMED at map (3.68, -6.73, 0.10) range 5.83 m, reproj 1.81 px
[aruco_detector-1] [INFO] [1787198860.110773110] [aruco_detector]: frames=1221 with_detections=260 confirmed=[1, 2, 4, 6, 7, 8] pending=[]
[aruco_detector-1] [INFO] [1787198870.110792825] [aruco_detector]: frames=1271 with_detections=294 confirmed=[1, 2, 4, 6, 7, 8] pending=[]
[aruco_detector-1] [INFO] [1787198880.110763047] [aruco_detector]: frames=1321 with_detections=294 confirmed=[1, 2, 4, 6, 7, 8] pending=[]
[aruco_detector-1] [INFO] [1787198890.111815767] [aruco_detector]: frames=1371 with_detections=294 confirmed=[1, 2, 4, 6, 7, 8] pending=[]
[aruco_detector-1] [INFO] [1787198900.111793021] [aruco_detector]: frames=1421 with_detections=331 confirmed=[1, 2, 4, 6, 7, 8] pending=[]
[aruco_detector-1] [INFO] [1787198910.111801703] [aruco_detector]: frames=1471 with_detections=331 confirmed=[1, 2, 4, 6, 7, 8] pending=[]
[aruco_detector-1] [INFO] [1787198920.132599520] [aruco_detector]: frames=1521 with_detections=331 confirmed=[1, 2, 4, 6, 7, 8] pending=[]
[aruco_detector-1] [INFO] [1787198930.134807620] [aruco_detector]: frames=1571 with_detections=331 confirmed=[1, 2, 4, 6, 7, 8] pending=[]
[aruco_detector-1] [INFO] [1787198940.134610915] [aruco_detector]: frames=1621 with_detections=331 confirmed=[1, 2, 4, 6, 7, 8] pending=[]
[aruco_detector-1] [INFO] [1787198950.145177434] [aruco_detector]: frames=1671 with_detections=331 confirmed=[1, 2, 4, 6, 7, 8] pending=[]
[aruco_detector-1] [INFO] [1787198953.585531957] [aruco_detector]: ArUco 5 CONFIRMED at map (9.58, 3.49, 0.13) range 5.82 m, reproj 0.57 px
[aruco_detector-1] [INFO] [1787198960.149478977] [aruco_detector]: frames=1721 with_detections=358 confirmed=[1, 2, 4, 5, 6, 7, 8] pending=[]
[aruco_detector-1] [WARN] [1787198964.982881103] [aruco_detector]: ignoring ArUco id 25: not in allowed_ids [1, 2, 3, 4, 5, 6, 7, 8]
[aruco_detector-1] [INFO] [1787198970.149447657] [aruco_detector]: frames=1771 with_detections=406 confirmed=[1, 2, 4, 5, 6, 7, 8] pending=[]
[aruco_detector-1] [INFO] [1787198980.151733021] [aruco_detector]: frames=1821 with_detections=410 confirmed=[1, 2, 4, 5, 6, 7, 8] pending=[]
[aruco_detector-1] [INFO] [1787198990.151446657] [aruco_detector]: frames=1871 with_detections=410 confirmed=[1, 2, 4, 5, 6, 7, 8] pending=[]
[aruco_detector-1] [INFO] [1787199000.152475008] [aruco_detector]: frames=1921 with_detections=433 confirmed=[1, 2, 4, 5, 6, 7, 8] pending=[]
[aruco_detector-1] [INFO] [1787199010.156083473] [aruco_detector]: frames=1971 with_detections=433 confirmed=[1, 2, 4, 5, 6, 7, 8] pending=[]
[aruco_detector-1] [INFO] [1787199020.156135972] [aruco_detector]: frames=2021 with_detections=435 confirmed=[1, 2, 4, 5, 6, 7, 8] pending=[]
[aruco_detector-1] [INFO] [1787199030.157969954] [aruco_detector]: frames=2071 with_detections=482 confirmed=[1, 2, 4, 5, 6, 7, 8] pending=[]
[aruco_detector-1] [INFO] [1787199040.161730786] [aruco_detector]: frames=2121 with_detections=488 confirmed=[1, 2, 4, 5, 6, 7, 8] pending=[]
[aruco_detector-1] [INFO] [1787199050.161594467] [aruco_detector]: frames=2171 with_detections=488 confirmed=[1, 2, 4, 5, 6, 7, 8] pending=[]
[aruco_detector-1] [INFO] [1787199060.175860526] [aruco_detector]: frames=2221 with_detections=509 confirmed=[1, 2, 4, 5, 6, 7, 8] pending=[]
[aruco_detector-1] [INFO] [1787199070.181636622] [aruco_detector]: frames=2271 with_detections=509 confirmed=[1, 2, 4, 5, 6, 7, 8] pending=[]
[aruco_detector-1] [INFO] [1787199080.181744732] [aruco_detector]: frames=2321 with_detections=509 confirmed=[1, 2, 4, 5, 6, 7, 8] pending=[]
[aruco_detector-1] [INFO] [1787199090.181724543] [aruco_detector]: frames=2371 with_detections=509 confirmed=[1, 2, 4, 5, 6, 7, 8] pending=[]
[aruco_detector-1] [INFO] [1787199100.183470623] [aruco_detector]: frames=2421 with_detections=509 confirmed=[1, 2, 4, 5, 6, 7, 8] pending=[]
[aruco_detector-1] [INFO] [1787199110.185871127] [aruco_detector]: frames=2471 with_detections=510 confirmed=[1, 2, 4, 5, 6, 7, 8] pending=[]
[aruco_detector-1] [INFO] [1787199120.188313408] [aruco_detector]: frames=2521 with_detections=546 confirmed=[1, 2, 4, 5, 6, 7, 8] pending=[]
[aruco_detector-1] [INFO] [1787199130.192758269] [aruco_detector]: frames=2571 with_detections=546 confirmed=[1, 2, 4, 5, 6, 7, 8] pending=[]
[aruco_detector-1] [INFO] [1787199140.192715533] [aruco_detector]: frames=2621 with_detections=546 confirmed=[1, 2, 4, 5, 6, 7, 8] pending=[]
[aruco_detector-1] [INFO] [1787199150.192638163] [aruco_detector]: frames=2671 with_detections=546 confirmed=[1, 2, 4, 5, 6, 7, 8] pending=[]
[aruco_detector-1] [INFO] [1787199160.197176234] [aruco_detector]: frames=2721 with_detections=546 confirmed=[1, 2, 4, 5, 6, 7, 8] pending=[]
[aruco_detector-1] [INFO] [1787199170.199343930] [aruco_detector]: frames=2771 with_detections=546 confirmed=[1, 2, 4, 5, 6, 7, 8] pending=[]
[aruco_detector-1] [INFO] [1787199180.206873516] [aruco_detector]: frames=2821 with_detections=546 confirmed=[1, 2, 4, 5, 6, 7, 8] pending=[]
[aruco_detector-1] [INFO] [1787199190.210689472] [aruco_detector]: frames=2871 with_detections=546 confirmed=[1, 2, 4, 5, 6, 7, 8] pending=[]
[aruco_detector-1] [INFO] [1787199200.240788242] [aruco_detector]: frames=2921 with_detections=551 confirmed=[1, 2, 4, 5, 6, 7, 8] pending=[]
[aruco_detector-1] [INFO] [1787199210.255171723] [aruco_detector]: frames=2971 with_detections=556 confirmed=[1, 2, 4, 5, 6, 7, 8] pending=[]
[aruco_detector-1] [INFO] [1787199220.259309905] [aruco_detector]: frames=3021 with_detections=588 confirmed=[1, 2, 4, 5, 6, 7, 8] pending=[]
[aruco_detector-1] [INFO] [1787199230.262251492] [aruco_detector]: frames=3071 with_detections=612 confirmed=[1, 2, 4, 5, 6, 7, 8] pending=[]
[aruco_detector-1] [INFO] [1787199240.262391355] [aruco_detector]: frames=3121 with_detections=649 confirmed=[1, 2, 4, 5, 6, 7, 8] pending=[]
[aruco_detector-1] [INFO] [1787199250.263484142] [aruco_detector]: frames=3171 with_detections=666 confirmed=[1, 2, 4, 5, 6, 7, 8] pending=[]
[aruco_detector-1] [INFO] [1787199260.263424808] [aruco_detector]: frames=3221 with_detections=666 confirmed=[1, 2, 4, 5, 6, 7, 8] pending=[]
[aruco_detector-1] [INFO] [1787199270.268517320] [aruco_detector]: frames=3271 with_detections=666 confirmed=[1, 2, 4, 5, 6, 7, 8] pending=[]
[aruco_detector-1] [INFO] [1787199280.152840130] [aruco_detector]: ArUco 3 CONFIRMED at map (-8.70, 5.96, 0.13) range 4.47 m, reproj 1.53 px
[aruco_detector-1] [INFO] [1787199280.317498669] [aruco_detector]: frames=3321 with_detections=669 confirmed=[1, 2, 3, 4, 5, 6, 7, 8] pending=[]
[aruco_detector-1] [INFO] [1787199290.343038348] [aruco_detector]: frames=3371 with_detections=679 confirmed=[1, 2, 3, 4, 5, 6, 7, 8] pending=[]
[aruco_detector-1] [INFO] [1787199300.343054859] [aruco_detector]: frames=3421 with_detections=679 confirmed=[1, 2, 3, 4, 5, 6, 7, 8] pending=[]
[aruco_detector-1] [INFO] [1787199310.347162004] [aruco_detector]: frames=3471 with_detections=679 confirmed=[1, 2, 3, 4, 5, 6, 7, 8] pending=[]
[aruco_detector-1] [INFO] [1787199320.349042925] [aruco_detector]: frames=3521 with_detections=679 confirmed=[1, 2, 3, 4, 5, 6, 7, 8] pending=[]
[aruco_detector-1] [INFO] [1787199330.352491560] [aruco_detector]: frames=3571 with_detections=679 confirmed=[1, 2, 3, 4, 5, 6, 7, 8] pending=[]
[aruco_detector-1] [INFO] [1787199340.356573679] [aruco_detector]: frames=3621 with_detections=679 confirmed=[1, 2, 3, 4, 5, 6, 7, 8] pending=[]
[aruco_detector-1] [INFO] [1787199350.357532248] [aruco_detector]: frames=3671 with_detections=679 confirmed=[1, 2, 3, 4, 5, 6, 7, 8] pending=[]
[aruco_detector-1] [INFO] [1787199360.357652162] [aruco_detector]: frames=3721 with_detections=679 confirmed=[1, 2, 3, 4, 5, 6, 7, 8] pending=[]
[aruco_detector-1] [INFO] [1787199370.360762909] [aruco_detector]: frames=3771 with_detections=679 confirmed=[1, 2, 3, 4, 5, 6, 7, 8] pending=[]
[aruco_detector-1] [INFO] [1787199380.391409953] [aruco_detector]: frames=3821 with_detections=679 confirmed=[1, 2, 3, 4, 5, 6, 7, 8] pending=[]
[aruco_detector-1] [INFO] [1787199390.391351464] [aruco_detector]: frames=3871 with_detections=693 confirmed=[1, 2, 3, 4, 5, 6, 7, 8] pending=[]
[aruco_detector-1] [INFO] [1787199400.392240290] [aruco_detector]: frames=3921 with_detections=741 confirmed=[1, 2, 3, 4, 5, 6, 7, 8] pending=[]
[aruco_detector-1] [INFO] [1787199410.393488899] [aruco_detector]: frames=3971 with_detections=741 confirmed=[1, 2, 3, 4, 5, 6, 7, 8] pending=[]
[aruco_detector-1] [INFO] [1787199420.395161005] [aruco_detector]: frames=4021 with_detections=741 confirmed=[1, 2, 3, 4, 5, 6, 7, 8] pending=[]
[aruco_detector-1] [INFO] [1787199430.396808714] [aruco_detector]: frames=4071 with_detections=741 confirmed=[1, 2, 3, 4, 5, 6, 7, 8] pending=[]
[aruco_detector-1] [INFO] [1787199440.413087079] [aruco_detector]: frames=4121 with_detections=741 confirmed=[1, 2, 3, 4, 5, 6, 7, 8] pending=[]
[aruco_detector-1] [INFO] [1787199450.473603784] [aruco_detector]: frames=4171 with_detections=741 confirmed=[1, 2, 3, 4, 5, 6, 7, 8] pending=[]
[aruco_detector-1] [INFO] [1787199460.479645064] [aruco_detector]: frames=4221 with_detections=741 confirmed=[1, 2, 3, 4, 5, 6, 7, 8] pending=[]
[aruco_detector-1] [INFO] [1787199470.488665476] [aruco_detector]: frames=4271 with_detections=741 confirmed=[1, 2, 3, 4, 5, 6, 7, 8] pending=[]
[aruco_detector-1] [INFO] [1787199480.573004224] [aruco_detector]: frames=4321 with_detections=744 confirmed=[1, 2, 3, 4, 5, 6, 7, 8] pending=[]
[aruco_detector-1] [INFO] [1787199490.583188183] [aruco_detector]: frames=4371 with_detections=765 confirmed=[1, 2, 3, 4, 5, 6, 7, 8] pending=[]
[aruco_detector-1] [INFO] [1787199500.584297115] [aruco_detector]: frames=4421 with_detections=807 confirmed=[1, 2, 3, 4, 5, 6, 7, 8] pending=[]
[aruco_detector-1] [INFO] [1787199510.588606234] [aruco_detector]: frames=4471 with_detections=854 confirmed=[1, 2, 3, 4, 5, 6, 7, 8] pending=[]
[aruco_detector-1] [INFO] [1787199520.590699700] [aruco_detector]: frames=4521 with_detections=861 confirmed=[1, 2, 3, 4, 5, 6, 7, 8] pending=[]
[aruco_detector-1] [INFO] [1787199530.595326920] [aruco_detector]: frames=4571 with_detections=861 confirmed=[1, 2, 3, 4, 5, 6, 7, 8] pending=[]
[aruco_detector-1] [INFO] [1787199540.595295042] [aruco_detector]: frames=4621 with_detections=861 confirmed=[1, 2, 3, 4, 5, 6, 7, 8] pending=[]
[aruco_detector-1] [INFO] [1787199550.653362723] [aruco_detector]: frames=4671 with_detections=861 confirmed=[1, 2, 3, 4, 5, 6, 7, 8] pending=[]
[aruco_detector-1] [INFO] [1787199560.657160676] [aruco_detector]: frames=4721 with_detections=887 confirmed=[1, 2, 3, 4, 5, 6, 7, 8] pending=[]
[aruco_detector-1] [INFO] [1787199570.660042989] [aruco_detector]: frames=4771 with_detections=887 confirmed=[1, 2, 3, 4, 5, 6, 7, 8] pending=[]
[aruco_detector-1] [INFO] [1787199580.701039759] [aruco_detector]: frames=4821 with_detections=887 confirmed=[1, 2, 3, 4, 5, 6, 7, 8] pending=[]
[aruco_detector-1] [INFO] [1787199590.703416086] [aruco_detector]: frames=4871 with_detections=887 confirmed=[1, 2, 3, 4, 5, 6, 7, 8] pending=[]
[aruco_detector-1] [INFO] [1787199600.717096288] [aruco_detector]: frames=4921 with_detections=887 confirmed=[1, 2, 3, 4, 5, 6, 7, 8] pending=[]
[aruco_detector-1] [INFO] [1787199610.837626054] [aruco_detector]: frames=4971 with_detections=887 confirmed=[1, 2, 3, 4, 5, 6, 7, 8] pending=[]
[aruco_detector-1] [INFO] [1787199620.841060751] [aruco_detector]: frames=5021 with_detections=887 confirmed=[1, 2, 3, 4, 5, 6, 7, 8] pending=[]
