[wsl-exp 06:02:21] backend=wsl:Ubuntu stack=hybrid world=office_world profile=realistic cap=30min out=reports/night/n28b_ship_s404
[wsl-exp 06:02:21] syncing src/ and scripts/ into /home/smirn/leo_ws
[wsl-exp 06:02:22] colcon build (leo_nav2_exploration, leo_rover_gazebo)
Summary: 1 package finished [2.07s]
  1 package failed: leo_rover_gazebo
  1 package had stderr output: leo_rover_gazebo
[wsl-exp 06:02:25] killing any previous sim
[wsl-exp 06:02:29] cleanup: 0 ROS processes still alive
[wsl-exp 06:02:34] starting simulator (GPU, headless)
[wsl-exp 06:02:35] waiting for /leo1/scan
[wsl-exp 06:02:47] scan: average rate: 58.838
[wsl-exp 06:02:47] renderer: 06:02:44: GL_RENDERER = D3D12 (NVIDIA GeForce RTX 4060 Ti)
[wsl-exp 06:02:50] wheel-odometry model (message only) + gyro + EKF
[wsl-exp 06:03:05] overlay stack: sim_navigation.launch.py
[wsl-exp 06:03:06] waiting for Nav2 planner action
[wsl-exp 06:03:28] camera/points (with stack up): average rate: 5.010
[wsl-exp 06:03:32] scan_filtered: average rate: 10.017
[wsl-exp 06:03:32] starting recorders
[wsl-exp 06:03:34] starting ArUco detector
[wsl-exp 06:03:40] bootstrap jog
[wsl-exp 06:03:58] explorer launched; polling (cap 30 min)
[wsl-exp 06:20:01] explorer reports completion
[wsl-exp 06:20:07] saving map
[wsl-exp 06:20:08] flushing recorders
[wsl-exp 06:20:28] cleanup: 0 ROS processes still alive
[wsl-exp 06:20:30] done -> reports/night/n28b_ship_s404
