[INFO] [launch]: All log files can be found below /root/.ros/log/2026-07-06-12-13-07-342778-753148b02e78-1059
[INFO] [launch]: Default logging verbosity is set to INFO
[INFO] [frontier_explorer-1]: process started with pid [1153]
[INFO] [frontier_explorer-2]: process started with pid [1155]
[frontier_explorer-1] [INFO] [1783339990.379850945] [leo1.frontier_explorer]: Frontier explorer up for "leo1" (base_frame=leo1/base_link); coordination=independent, peers=['leo2']
[frontier_explorer-2] [INFO] [1783339990.381020797] [leo2.frontier_explorer]: Frontier explorer up for "leo2" (base_frame=leo2/base_link); coordination=independent, peers=['leo1']
[frontier_explorer-2] [WARN] [1783339990.600931102] [leo2.frontier_explorer]: Watchdog: work exists but no goal active and robot stationary - clearing costmaps
[frontier_explorer-1] [WARN] [1783339990.603326820] [leo1.frontier_explorer]: Watchdog: work exists but no goal active and robot stationary - clearing costmaps
[frontier_explorer-1] [INFO] [1783339994.682769959] [leo1.frontier_explorer]: Initial pose recorded: (0.79, -0.00)
[frontier_explorer-2] [INFO] [1783339994.684112213] [leo2.frontier_explorer]: Initial pose recorded: (9.12, -0.00)
[frontier_explorer-1] [INFO] [1783339994.782603233] [leo1.frontier_explorer]: New frontier goal: (0.17, -0.47)
[frontier_explorer-2] [INFO] [1783339994.819036235] [leo2.frontier_explorer]: New frontier goal: (7.12, 0.58)
[frontier_explorer-1] [WARN] [1783340014.497905245] [leo1.frontier_explorer]: Frontier goal done but frontier survived at (0.17, -0.47) - striking it
[frontier_explorer-2] [INFO] [1783340014.697168222] [leo2.frontier_explorer]: New frontier goal: (5.67, -0.26)
[frontier_explorer-1] [WARN] [1783340027.525941237] [leo1.frontier_explorer]: Idle at 0.5 m explored (< 4.0 m) - warmup drive to break startup livelock
[frontier_explorer-2] [INFO] [1783340034.867351521] [leo2.frontier_explorer]: New frontier goal: (2.37, -0.56)
[frontier_explorer-1] [INFO] [1783340046.903562291] [leo1.frontier_explorer]: New frontier goal: (-0.99, 0.58)
[frontier_explorer-2] [INFO] [1783340066.845030638] [leo2.frontier_explorer]: New frontier goal: (-0.73, -0.01)
[frontier_explorer-1] [INFO] [1783340066.855320627] [leo1.frontier_explorer]: New frontier goal: (-4.34, -0.31)
[frontier_explorer-2] [INFO] [1783340086.835753868] [leo2.frontier_explorer]: New frontier goal: (-1.68, -0.01)
[frontier_explorer-2] [WARN] [1783340092.013036039] [leo2.frontier_explorer]: frontier goal failed (status 6), blacklisted (-1.68, -0.01)
[frontier_explorer-2] [INFO] [1783340093.376914581] [leo2.frontier_explorer]: New frontier goal: (-4.88, -0.11)
[frontier_explorer-1] [WARN] [1783340104.749132733] [leo1.frontier_explorer]: frontier goal failed (status 6), blacklisted (-4.34, -0.31)
[frontier_explorer-1] [INFO] [1783340107.398649735] [leo1.frontier_explorer]: New frontier goal: (-0.19, 3.59)
[frontier_explorer-1] [INFO] [1783340126.941493154] [leo1.frontier_explorer]: New frontier goal: (-0.31, 5.12)
[frontier_explorer-2] [INFO] [1783340127.178060958] [leo2.frontier_explorer]: New frontier goal: (-6.98, 0.29)
[frontier_explorer-1] [INFO] [1783340144.985324084] [leo1.frontier_explorer]: New frontier goal: (-2.36, 5.52)
[frontier_explorer-2] [INFO] [1783340157.235670281] [leo2.frontier_explorer]: New frontier goal: (5.21, -2.75)
[frontier_explorer-1] [WARN] [1783340169.874188542] [leo1.frontier_explorer]: Frontier goal done but frontier survived at (-2.71, 5.92) - striking it
[frontier_explorer-1] [INFO] [1783340169.955212875] [leo1.frontier_explorer]: New frontier goal: (-6.51, 0.02)
[frontier_explorer-1] [WARN] [1783340211.348014241] [leo1.frontier_explorer]: frontier goal failed (status 6), blacklisted (-6.51, 0.02)
[frontier_explorer-1] [INFO] [1783340213.729234042] [leo1.frontier_explorer]: New frontier goal: (6.59, -0.08)
[frontier_explorer-2] [INFO] [1783340247.686008617] [leo2.frontier_explorer]: New frontier goal: (6.17, -3.26)
[frontier_explorer-2] [INFO] [1783340267.584039684] [leo2.frontier_explorer]: New frontier goal: (2.57, -4.91)
[frontier_explorer-1] [INFO] [1783340292.806592494] [leo1.frontier_explorer]: No path to frontier goal (8.09, -0.23), skipping
[frontier_explorer-1] [INFO] [1783340298.930250633] [leo1.frontier_explorer]: New frontier goal: (-8.31, 0.02)
[frontier_explorer-2] [WARN] [1783340299.859481889] [leo2.frontier_explorer]: Frontier goal done but frontier survived at (2.42, -5.26) - striking it
[frontier_explorer-2] [INFO] [1783340299.943101494] [leo2.frontier_explorer]: New frontier goal: (10.37, -4.91)
[frontier_explorer-2] [INFO] [1783340317.912046061] [leo2.frontier_explorer]: No path to frontier goal (9.62, -6.06), skipping
[frontier_explorer-1] [INFO] [1783340323.046687018] [leo1.frontier_explorer]: New frontier goal: (-9.31, -0.06)
[frontier_explorer-2] [INFO] [1783340323.974544352] [leo2.frontier_explorer]: New frontier goal: (-0.18, 3.29)
[frontier_explorer-1] [INFO] [1783340347.062643096] [leo1.frontier_explorer]: New frontier goal: (-10.13, -0.01)
[frontier_explorer-1] [INFO] [1783340377.230640560] [leo1.frontier_explorer]: New frontier goal: (-6.69, -2.10)
