[INFO] [launch]: All log files can be found below /home/smirn/.ros/log/2026-08-20-06-54-31-232259-Tornadosky-2716
[INFO] [launch]: Default logging verbosity is set to INFO
[INFO] [aruco_detector-1]: process started with pid [2717]
[aruco_detector-1] [INFO] [1787201671.871522935] [aruco_detector]: aruco_detector: dict=DICT_4X4_50 len=0.2 m image=/leo1/camera/image optical_frame=False map_frame=map cv2=4.5.4 allowed_ids=[1, 2, 3, 4, 5, 6, 7, 8]
[aruco_detector-1] [INFO] [1787201671.873211843] [aruco_detector]: frames=0 with_detections=0 confirmed=[] pending=[]
[aruco_detector-1] [INFO] [1787201671.957680816] [aruco_detector]: camera intrinsics: fx=554.4 fy=554.4 cx=320.0 cy=240.0 distortion=5 coeffs
[aruco_detector-1] [INFO] [1787201676.153404200] [aruco_detector]: frames=21 with_detections=0 confirmed=[] pending=[]
[aruco_detector-1] [INFO] [1787201686.178412966] [aruco_detector]: frames=71 with_detections=0 confirmed=[] pending=[]
[aruco_detector-1] [INFO] [1787201696.206345769] [aruco_detector]: frames=121 with_detections=40 confirmed=[] pending=[]
[aruco_detector-1] [INFO] [1787201706.209050893] [aruco_detector]: frames=171 with_detections=44 confirmed=[] pending=[]
[aruco_detector-1] [INFO] [1787201716.209575228] [aruco_detector]: frames=221 with_detections=44 confirmed=[] pending=[]
[aruco_detector-1] [INFO] [1787201726.211423845] [aruco_detector]: frames=271 with_detections=44 confirmed=[] pending=[]
[aruco_detector-1] [INFO] [1787201736.213417286] [aruco_detector]: frames=321 with_detections=45 confirmed=[] pending=[4]
[aruco_detector-1] [INFO] [1787201743.452091269] [aruco_detector]: ArUco 4 CONFIRMED at map (-3.05, 3.55, 0.13) range 5.13 m, reproj 0.29 px
[aruco_detector-1] [INFO] [1787201746.216077530] [aruco_detector]: frames=371 with_detections=48 confirmed=[4] pending=[]
[aruco_detector-1] [INFO] [1787201756.218560705] [aruco_detector]: frames=421 with_detections=51 confirmed=[4] pending=[]
[aruco_detector-1] [INFO] [1787201766.223613998] [aruco_detector]: frames=471 with_detections=56 confirmed=[4] pending=[]
[aruco_detector-1] [INFO] [1787201776.230819903] [aruco_detector]: frames=521 with_detections=71 confirmed=[4] pending=[2]
[aruco_detector-1] [INFO] [1787201776.466978165] [aruco_detector]: ArUco 2 CONFIRMED at map (8.87, 0.30, 0.14) range 5.66 m, reproj 0.15 px
[aruco_detector-1] [INFO] [1787201786.231764763] [aruco_detector]: frames=571 with_detections=92 confirmed=[2, 4] pending=[]
[aruco_detector-1] [INFO] [1787201796.235378493] [aruco_detector]: frames=621 with_detections=92 confirmed=[2, 4] pending=[]
[aruco_detector-1] [INFO] [1787201806.240866472] [aruco_detector]: frames=671 with_detections=92 confirmed=[2, 4] pending=[]
[aruco_detector-1] [INFO] [1787201816.242028381] [aruco_detector]: frames=721 with_detections=122 confirmed=[2, 4] pending=[5]
[aruco_detector-1] [INFO] [1787201826.244048932] [aruco_detector]: frames=771 with_detections=154 confirmed=[2, 4] pending=[5]
[aruco_detector-1] [INFO] [1787201836.245449814] [aruco_detector]: frames=821 with_detections=161 confirmed=[2, 4] pending=[5]
[aruco_detector-1] [INFO] [1787201846.245601562] [aruco_detector]: frames=871 with_detections=161 confirmed=[2, 4] pending=[5]
[aruco_detector-1] [INFO] [1787201856.245520665] [aruco_detector]: frames=921 with_detections=165 confirmed=[2, 4] pending=[5]
[aruco_detector-1] [INFO] [1787201866.250799448] [aruco_detector]: frames=971 with_detections=167 confirmed=[2, 4] pending=[5]
[aruco_detector-1] [INFO] [1787201876.251998287] [aruco_detector]: frames=1021 with_detections=167 confirmed=[2, 4] pending=[5]
[aruco_detector-1] [INFO] [1787201886.254375441] [aruco_detector]: frames=1071 with_detections=167 confirmed=[2, 4] pending=[5]
[aruco_detector-1] [INFO] [1787201896.257862398] [aruco_detector]: frames=1121 with_detections=205 confirmed=[2, 4] pending=[5]
[aruco_detector-1] [INFO] [1787201906.257887639] [aruco_detector]: frames=1171 with_detections=228 confirmed=[2, 4] pending=[5]
[aruco_detector-1] [INFO] [1787201916.259287513] [aruco_detector]: frames=1221 with_detections=229 confirmed=[2, 4] pending=[5]
[aruco_detector-1] [INFO] [1787201925.303786700] [aruco_detector]: ArUco 1 CONFIRMED at map (-9.74, -0.04, 0.14) range 5.84 m, reproj 0.13 px
[aruco_detector-1] [INFO] [1787201926.268472034] [aruco_detector]: frames=1271 with_detections=251 confirmed=[1, 2, 4] pending=[5]
[aruco_detector-1] [INFO] [1787201931.505218878] [aruco_detector]: ArUco 6 CONFIRMED at map (-10.39, -3.79, 0.14) range 5.87 m, reproj 0.24 px
[aruco_detector-1] [INFO] [1787201936.269685884] [aruco_detector]: frames=1321 with_detections=284 confirmed=[1, 2, 4, 6] pending=[5]
[aruco_detector-1] [INFO] [1787201946.269559940] [aruco_detector]: frames=1371 with_detections=290 confirmed=[1, 2, 4, 6] pending=[5]
[aruco_detector-1] [INFO] [1787201956.274444540] [aruco_detector]: frames=1421 with_detections=296 confirmed=[1, 2, 4, 6] pending=[5]
[aruco_detector-1] [INFO] [1787201966.275921255] [aruco_detector]: frames=1471 with_detections=315 confirmed=[1, 2, 4, 6] pending=[5]
[aruco_detector-1] [INFO] [1787201976.276091505] [aruco_detector]: frames=1521 with_detections=358 confirmed=[1, 2, 4, 6] pending=[5]
[aruco_detector-1] [INFO] [1787201986.276490395] [aruco_detector]: frames=1571 with_detections=358 confirmed=[1, 2, 4, 6] pending=[5]
[aruco_detector-1] [INFO] [1787201996.111624738] [aruco_detector]: ArUco 3 CONFIRMED at map (-8.42, 6.37, 0.13) range 4.63 m, reproj 0.21 px
[aruco_detector-1] [INFO] [1787201996.276515425] [aruco_detector]: frames=1621 with_detections=378 confirmed=[1, 2, 3, 4, 6] pending=[5]
[aruco_detector-1] [INFO] [1787202006.276477878] [aruco_detector]: frames=1671 with_detections=389 confirmed=[1, 2, 3, 4, 6] pending=[5]
[aruco_detector-1] [INFO] [1787202016.279541838] [aruco_detector]: frames=1721 with_detections=389 confirmed=[1, 2, 3, 4, 6] pending=[5]
[aruco_detector-1] [INFO] [1787202026.279534592] [aruco_detector]: frames=1771 with_detections=432 confirmed=[1, 2, 3, 4, 6] pending=[5]
[aruco_detector-1] [INFO] [1787202036.284300305] [aruco_detector]: frames=1821 with_detections=442 confirmed=[1, 2, 3, 4, 6] pending=[5]
[aruco_detector-1] [INFO] [1787202046.286296203] [aruco_detector]: frames=1871 with_detections=442 confirmed=[1, 2, 3, 4, 6] pending=[5]
[aruco_detector-1] [INFO] [1787202056.285967502] [aruco_detector]: frames=1921 with_detections=461 confirmed=[1, 2, 3, 4, 6] pending=[5]
[aruco_detector-1] [INFO] [1787202066.292997841] [aruco_detector]: frames=1971 with_detections=511 confirmed=[1, 2, 3, 4, 6] pending=[5]
[aruco_detector-1] [INFO] [1787202076.297239850] [aruco_detector]: frames=2021 with_detections=518 confirmed=[1, 2, 3, 4, 6] pending=[5]
[aruco_detector-1] [INFO] [1787202086.299804150] [aruco_detector]: frames=2071 with_detections=518 confirmed=[1, 2, 3, 4, 6] pending=[5]
[aruco_detector-1] [INFO] [1787202096.299660882] [aruco_detector]: frames=2121 with_detections=518 confirmed=[1, 2, 3, 4, 6] pending=[5]
[aruco_detector-1] [INFO] [1787202106.299919882] [aruco_detector]: frames=2171 with_detections=518 confirmed=[1, 2, 3, 4, 6] pending=[5]
[aruco_detector-1] [INFO] [1787202116.306269599] [aruco_detector]: frames=2221 with_detections=518 confirmed=[1, 2, 3, 4, 6] pending=[5]
[aruco_detector-1] [INFO] [1787202126.309253431] [aruco_detector]: frames=2271 with_detections=518 confirmed=[1, 2, 3, 4, 6] pending=[5]
[aruco_detector-1] [INFO] [1787202136.313541627] [aruco_detector]: frames=2321 with_detections=527 confirmed=[1, 2, 3, 4, 6] pending=[5]
[aruco_detector-1] [INFO] [1787202146.318645386] [aruco_detector]: frames=2371 with_detections=531 confirmed=[1, 2, 3, 4, 6] pending=[5]
[aruco_detector-1] [INFO] [1787202156.319878785] [aruco_detector]: frames=2421 with_detections=531 confirmed=[1, 2, 3, 4, 6] pending=[5]
[aruco_detector-1] [INFO] [1787202166.323591244] [aruco_detector]: frames=2471 with_detections=531 confirmed=[1, 2, 3, 4, 6] pending=[5]
[aruco_detector-1] [INFO] [1787202176.323489271] [aruco_detector]: frames=2521 with_detections=531 confirmed=[1, 2, 3, 4, 6] pending=[5]
[aruco_detector-1] [INFO] [1787202186.326550851] [aruco_detector]: frames=2571 with_detections=533 confirmed=[1, 2, 3, 4, 6] pending=[5, 8]
[aruco_detector-1] [INFO] [1787202196.327792511] [aruco_detector]: frames=2621 with_detections=533 confirmed=[1, 2, 3, 4, 6] pending=[5, 8]
[aruco_detector-1] [INFO] [1787202206.327999085] [aruco_detector]: frames=2671 with_detections=533 confirmed=[1, 2, 3, 4, 6] pending=[5, 8]
[aruco_detector-1] [INFO] [1787202216.328870781] [aruco_detector]: frames=2721 with_detections=533 confirmed=[1, 2, 3, 4, 6] pending=[5, 8]
[aruco_detector-1] [INFO] [1787202226.339249985] [aruco_detector]: frames=2771 with_detections=533 confirmed=[1, 2, 3, 4, 6] pending=[5, 8]
[aruco_detector-1] [INFO] [1787202236.353080935] [aruco_detector]: frames=2821 with_detections=534 confirmed=[1, 2, 3, 4, 6] pending=[5, 8]
[aruco_detector-1] [INFO] [1787202246.355385317] [aruco_detector]: frames=2871 with_detections=563 confirmed=[1, 2, 3, 4, 6] pending=[5, 8]
[aruco_detector-1] [INFO] [1787202256.358771762] [aruco_detector]: frames=2921 with_detections=594 confirmed=[1, 2, 3, 4, 6] pending=[5, 8]
[aruco_detector-1] [INFO] [1787202266.358760979] [aruco_detector]: frames=2971 with_detections=624 confirmed=[1, 2, 3, 4, 6] pending=[5, 8]
[aruco_detector-1] [INFO] [1787202276.358909256] [aruco_detector]: frames=3021 with_detections=630 confirmed=[1, 2, 3, 4, 6] pending=[5, 7, 8]
[aruco_detector-1] [INFO] [1787202276.394651698] [aruco_detector]: ArUco 7 CONFIRMED at map (4.35, -5.39, 0.14) range 5.99 m, reproj 0.22 px
[aruco_detector-1] [INFO] [1787202286.360462818] [aruco_detector]: frames=3071 with_detections=650 confirmed=[1, 2, 3, 4, 6, 7] pending=[5, 8]
[aruco_detector-1] [INFO] [1787202296.360380092] [aruco_detector]: frames=3121 with_detections=650 confirmed=[1, 2, 3, 4, 6, 7] pending=[5, 8]
[aruco_detector-1] [INFO] [1787202306.364286747] [aruco_detector]: frames=3171 with_detections=673 confirmed=[1, 2, 3, 4, 6, 7] pending=[5, 8]
[aruco_detector-1] [INFO] [1787202316.370643989] [aruco_detector]: frames=3221 with_detections=707 confirmed=[1, 2, 3, 4, 6, 7] pending=[5, 8]
[aruco_detector-1] [INFO] [1787202326.372275583] [aruco_detector]: frames=3271 with_detections=711 confirmed=[1, 2, 3, 4, 6, 7] pending=[5, 8]
[aruco_detector-1] [INFO] [1787202336.376196019] [aruco_detector]: frames=3321 with_detections=711 confirmed=[1, 2, 3, 4, 6, 7] pending=[5, 8]
[aruco_detector-1] [INFO] [1787202346.379761045] [aruco_detector]: frames=3371 with_detections=711 confirmed=[1, 2, 3, 4, 6, 7] pending=[5, 8]
[aruco_detector-1] [INFO] [1787202356.381135816] [aruco_detector]: frames=3421 with_detections=711 confirmed=[1, 2, 3, 4, 6, 7] pending=[5, 8]
[aruco_detector-1] [INFO] [1787202361.232044939] [aruco_detector]: ArUco 5 CONFIRMED at map (9.64, 3.23, 0.13) range 5.77 m, reproj 0.49 px
[aruco_detector-1] [INFO] [1787202366.393106786] [aruco_detector]: frames=3471 with_detections=726 confirmed=[1, 2, 3, 4, 5, 6, 7] pending=[8]
[aruco_detector-1] [INFO] [1787202376.395131762] [aruco_detector]: frames=3521 with_detections=755 confirmed=[1, 2, 3, 4, 5, 6, 7] pending=[8]
[aruco_detector-1] [INFO] [1787202386.398581100] [aruco_detector]: frames=3571 with_detections=755 confirmed=[1, 2, 3, 4, 5, 6, 7] pending=[8]
[aruco_detector-1] [INFO] [1787202396.402909318] [aruco_detector]: frames=3621 with_detections=766 confirmed=[1, 2, 3, 4, 5, 6, 7] pending=[8]
[aruco_detector-1] [INFO] [1787202406.407687995] [aruco_detector]: frames=3671 with_detections=777 confirmed=[1, 2, 3, 4, 5, 6, 7] pending=[8]
[aruco_detector-1] [INFO] [1787202416.407498190] [aruco_detector]: frames=3721 with_detections=777 confirmed=[1, 2, 3, 4, 5, 6, 7] pending=[8]
[aruco_detector-1] [INFO] [1787202426.416212034] [aruco_detector]: frames=3771 with_detections=777 confirmed=[1, 2, 3, 4, 5, 6, 7] pending=[8]
[aruco_detector-1] [INFO] [1787202436.421648639] [aruco_detector]: frames=3821 with_detections=777 confirmed=[1, 2, 3, 4, 5, 6, 7] pending=[8]
[aruco_detector-1] [INFO] [1787202446.421695953] [aruco_detector]: frames=3871 with_detections=777 confirmed=[1, 2, 3, 4, 5, 6, 7] pending=[8]
[aruco_detector-1] [INFO] [1787202456.425416616] [aruco_detector]: frames=3921 with_detections=777 confirmed=[1, 2, 3, 4, 5, 6, 7] pending=[8]
[aruco_detector-1] [INFO] [1787202466.429955950] [aruco_detector]: frames=3971 with_detections=777 confirmed=[1, 2, 3, 4, 5, 6, 7] pending=[8]
[aruco_detector-1] [INFO] [1787202476.429805759] [aruco_detector]: frames=4021 with_detections=777 confirmed=[1, 2, 3, 4, 5, 6, 7] pending=[8]
[aruco_detector-1] [INFO] [1787202486.444880315] [aruco_detector]: frames=4071 with_detections=781 confirmed=[1, 2, 3, 4, 5, 6, 7] pending=[8]
[aruco_detector-1] [INFO] [1787202496.469121704] [aruco_detector]: frames=4121 with_detections=804 confirmed=[1, 2, 3, 4, 5, 6, 7] pending=[8]
[aruco_detector-1] [INFO] [1787202506.473144408] [aruco_detector]: frames=4171 with_detections=804 confirmed=[1, 2, 3, 4, 5, 6, 7] pending=[8]
[aruco_detector-1] [INFO] [1787202516.473362124] [aruco_detector]: frames=4221 with_detections=804 confirmed=[1, 2, 3, 4, 5, 6, 7] pending=[8]
[aruco_detector-1] [INFO] [1787202526.477641855] [aruco_detector]: frames=4271 with_detections=804 confirmed=[1, 2, 3, 4, 5, 6, 7] pending=[8]
[aruco_detector-1] [INFO] [1787202536.520748469] [aruco_detector]: frames=4321 with_detections=804 confirmed=[1, 2, 3, 4, 5, 6, 7] pending=[8]
[aruco_detector-1] [INFO] [1787202546.532932314] [aruco_detector]: frames=4371 with_detections=808 confirmed=[1, 2, 3, 4, 5, 6, 7] pending=[8]
[aruco_detector-1] [INFO] [1787202556.537880631] [aruco_detector]: frames=4421 with_detections=846 confirmed=[1, 2, 3, 4, 5, 6, 7] pending=[8]
[aruco_detector-1] [INFO] [1787202566.543023952] [aruco_detector]: frames=4471 with_detections=856 confirmed=[1, 2, 3, 4, 5, 6, 7] pending=[8]
[aruco_detector-1] [INFO] [1787202576.542603719] [aruco_detector]: frames=4521 with_detections=856 confirmed=[1, 2, 3, 4, 5, 6, 7] pending=[8]
[aruco_detector-1] [INFO] [1787202586.545309366] [aruco_detector]: frames=4571 with_detections=856 confirmed=[1, 2, 3, 4, 5, 6, 7] pending=[8]
[aruco_detector-1] [INFO] [1787202596.545009791] [aruco_detector]: frames=4621 with_detections=856 confirmed=[1, 2, 3, 4, 5, 6, 7] pending=[8]
[aruco_detector-1] [INFO] [1787202606.549400331] [aruco_detector]: frames=4671 with_detections=856 confirmed=[1, 2, 3, 4, 5, 6, 7] pending=[8]
[aruco_detector-1] [INFO] [1787202616.553406890] [aruco_detector]: frames=4721 with_detections=856 confirmed=[1, 2, 3, 4, 5, 6, 7] pending=[8]
[aruco_detector-1] [INFO] [1787202626.555231420] [aruco_detector]: frames=4771 with_detections=856 confirmed=[1, 2, 3, 4, 5, 6, 7] pending=[8]
[aruco_detector-1] [INFO] [1787202636.555235600] [aruco_detector]: frames=4821 with_detections=856 confirmed=[1, 2, 3, 4, 5, 6, 7] pending=[8]
[aruco_detector-1] [INFO] [1787202646.562066623] [aruco_detector]: frames=4871 with_detections=856 confirmed=[1, 2, 3, 4, 5, 6, 7] pending=[8]
[aruco_detector-1] [INFO] [1787202656.591244530] [aruco_detector]: frames=4921 with_detections=856 confirmed=[1, 2, 3, 4, 5, 6, 7] pending=[8]
[aruco_detector-1] [INFO] [1787202666.646159649] [aruco_detector]: frames=4971 with_detections=856 confirmed=[1, 2, 3, 4, 5, 6, 7] pending=[8]
[aruco_detector-1] [INFO] [1787202676.647492827] [aruco_detector]: frames=5021 with_detections=856 confirmed=[1, 2, 3, 4, 5, 6, 7] pending=[8]
