[wsl-exp 06:53:16] backend=wsl:Ubuntu stack=hybrid world=office_world profile=realistic cap=25min out=reports/night/n31_ship_s606
[wsl-exp 06:53:16] syncing src/ and scripts/ into /home/smirn/leo_ws
[wsl-exp 06:53:18] colcon build (leo_nav2_exploration, leo_rover_gazebo)
Summary: 1 package finished [2.26s]
  1 package failed: leo_rover_gazebo
  1 package had stderr output: leo_rover_gazebo
[wsl-exp 06:53:21] killing any previous sim
[wsl-exp 06:53:25] cleanup: 0 ROS processes still alive
[wsl-exp 06:53:30] starting simulator (GPU, headless)
[wsl-exp 06:53:31] waiting for /leo1/scan
[wsl-exp 06:53:43] scan: average rate: 55.640
[wsl-exp 06:53:43] renderer: 06:53:39: GL_RENDERER = D3D12 (NVIDIA GeForce RTX 4060 Ti)
[wsl-exp 06:53:46] wheel-odometry model (message only) + gyro + EKF
[wsl-exp 06:54:01] overlay stack: sim_navigation.launch.py
[wsl-exp 06:54:02] waiting for Nav2 planner action
[wsl-exp 06:54:24] camera/points (with stack up): average rate: 5.000
[wsl-exp 06:54:28] scan_filtered: average rate: 10.175
[wsl-exp 06:54:28] starting recorders
[wsl-exp 06:54:30] starting ArUco detector
[wsl-exp 06:54:36] bootstrap jog
[wsl-exp 06:54:54] explorer launched; polling (cap 25 min)
[wsl-exp 07:10:57] explorer reports completion
[wsl-exp 07:11:04] saving map
[wsl-exp 07:11:05] flushing recorders
[wsl-exp 07:11:25] cleanup: 0 ROS processes still alive
[wsl-exp 07:11:27] done -> reports/night/n31_ship_s606
