[INFO] [1781281857.798481651] [frontier_explorer]: Frontier explorer up for "leo1" (base_frame=leo1/base_link)
[WARN] [1781281858.077623684] [frontier_explorer]: Watchdog: work exists but no goal active and robot stationary - clearing costmaps
[WARN] [1781281858.345023490] [frontier_explorer]: Watchdog: work exists but no goal active and robot stationary - clearing costmaps
[INFO] [1781281862.389761458] [frontier_explorer]: Initial pose recorded: (-0.00, 0.00)
[INFO] [1781281862.456663784] [frontier_explorer]: Map has (almost) no walls yet - warmup drive for SLAM
[INFO] [1781281872.727538951] [frontier_explorer]: New frontier goal: (-1.21, -1.26)
[INFO] [1781281891.512014002] [frontier_explorer]: New frontier goal: (1.59, -2.21)
[INFO] [1781281903.706018197] [frontier_explorer]: New frontier goal: (6.74, 3.64)
[INFO] [1781281917.536344983] [frontier_explorer]: New frontier goal: (-8.06, -3.56)
[INFO] [1781281931.769954762] [frontier_explorer]: New frontier goal: (4.19, -8.06)
[INFO] [1781281959.446431746] [frontier_explorer]: New frontier goal: (4.89, -7.72)
[INFO] [1781281973.580485172] [frontier_explorer]: New frontier goal: (5.42, -8.22)
[INFO] [1781281988.901438130] [frontier_explorer]: New frontier goal: (7.12, -7.58)
[INFO] [1781282002.893702744] [frontier_explorer]: New frontier goal: (8.37, -6.58)
[INFO] [1781282017.083592418] [frontier_explorer]: New frontier goal: (6.32, 7.17)
[INFO] [1781282059.523963828] [frontier_explorer]: New frontier goal: (6.17, 7.92)
[INFO] [1781282073.671027262] [frontier_explorer]: New frontier goal: (-7.83, -5.38)
[INFO] [1781282141.130830987] [frontier_explorer]: New frontier goal: (-7.69, 0.99)
[INFO] [1781282155.491662669] [frontier_explorer]: New frontier goal: (-7.21, 2.49)
[INFO] [1781282169.197301336] [frontier_explorer]: New frontier goal: (-7.01, 4.21)
[INFO] [1781282184.208369923] [frontier_explorer]: New frontier goal: (-7.81, 4.91)
[INFO] [1781282198.296714539] [frontier_explorer]: New frontier goal: (-9.06, 6.36)
Traceback (most recent call last):
  File "/ros2_ws/install/leo_rover_exploration/lib/python3.10/site-packages/leo_rover_exploration/frontier_explorer.py", line 1016, in main
    rclpy.spin(node)
  File "/opt/ros/humble/local/lib/python3.10/dist-packages/rclpy/__init__.py", line 229, in spin
    executor.spin_once()
  File "/opt/ros/humble/local/lib/python3.10/dist-packages/rclpy/executors.py", line 808, in spin_once
    self._spin_once_impl(timeout_sec)
  File "/opt/ros/humble/local/lib/python3.10/dist-packages/rclpy/executors.py", line 797, in _spin_once_impl
    handler, entity, node = self.wait_for_ready_callbacks(timeout_sec=timeout_sec)
  File "/opt/ros/humble/local/lib/python3.10/dist-packages/rclpy/executors.py", line 780, in wait_for_ready_callbacks
    return next(self._cb_iter)
  File "/opt/ros/humble/local/lib/python3.10/dist-packages/rclpy/executors.py", line 653, in _wait_for_ready_callbacks
    wait_set = _rclpy.WaitSet(
rclpy._rclpy_pybind11.RCLError: failed to initialize wait set: the given context is not valid, either rcl_init() was not called or rcl_shutdown() was called., at ./src/rcl/wait.c:130

During handling of the above exception, another exception occurred:

Traceback (most recent call last):
  File "/ros2_ws/install/leo_rover_exploration/lib/leo_rover_exploration/frontier_explorer", line 33, in <module>
    sys.exit(load_entry_point('leo-rover-exploration==0.1.0', 'console_scripts', 'frontier_explorer')())
  File "/ros2_ws/install/leo_rover_exploration/lib/python3.10/site-packages/leo_rover_exploration/frontier_explorer.py", line 1021, in main
    rclpy.shutdown()
  File "/opt/ros/humble/local/lib/python3.10/dist-packages/rclpy/__init__.py", line 130, in shutdown
    _shutdown(context=context)
  File "/opt/ros/humble/local/lib/python3.10/dist-packages/rclpy/utilities.py", line 58, in shutdown
    return context.shutdown()
  File "/opt/ros/humble/local/lib/python3.10/dist-packages/rclpy/context.py", line 102, in shutdown
    self.__context.shutdown()
rclpy._rclpy_pybind11.RCLError: failed to shutdown: rcl_shutdown already called on the given context, at ./src/rcl/init.c:241
