data: '{"robot": "leo1", "state": "exploring", "frontiers": 56, "coverage_m2": 42.7, "camera_coverage": 0.0, "items_confirmed": 0, "ite...'
---
data: '{"robot": "leo1", "state": "exploring", "frontiers": 56, "coverage_m2": 42.7, "camera_coverage": 0.0, "items_confirmed": 0, "ite...'
---
data: '{"robot": "leo1", "state": "exploring", "frontiers": 56, "coverage_m2": 42.7, "camera_coverage": 0.0, "items_confirmed": 0, "ite...'
---
data: '{"robot": "leo1", "state": "exploring", "frontiers": 56, "coverage_m2": 42.7, "camera_coverage": 0.0, "items_confirmed": 0, "ite...'
---
data: '{"robot": "leo1", "state": "exploring", "frontiers": 112, "coverage_m2": 84.2, "camera_coverage": 0.0, "items_confirmed": 0, "it...'
---
data: '{"robot": "leo1", "state": "exploring", "frontiers": 110, "coverage_m2": 113.9, "camera_coverage": 0.0, "items_confirmed": 0, "i...'
---
data: '{"robot": "leo1", "state": "exploring", "frontiers": 78, "coverage_m2": 125.3, "camera_coverage": 0.0, "items_confirmed": 0, "it...'
---
data: '{"robot": "leo1", "state": "exploring", "frontiers": 47, "coverage_m2": 151.8, "camera_coverage": 0.0, "items_confirmed": 0, "it...'
---
data: '{"robot": "leo1", "state": "exploring", "frontiers": 59, "coverage_m2": 157.7, "camera_coverage": 0.0, "items_confirmed": 0, "it...'
---
data: '{"robot": "leo1", "state": "exploring", "frontiers": 59, "coverage_m2": 157.7, "camera_coverage": 0.0, "items_confirmed": 0, "it...'
---
data: '{"robot": "leo1", "state": "exploring", "frontiers": 61, "coverage_m2": 162.3, "camera_coverage": 0.0, "items_confirmed": 0, "it...'
---
data: '{"robot": "leo1", "state": "exploring", "frontiers": 61, "coverage_m2": 162.3, "camera_coverage": 0.0, "items_confirmed": 0, "it...'
---
data: '{"robot": "leo1", "state": "exploring", "frontiers": 66, "coverage_m2": 170.5, "camera_coverage": 0.0, "items_confirmed": 0, "it...'
---
data: '{"robot": "leo1", "state": "exploring", "frontiers": 76, "coverage_m2": 174.0, "camera_coverage": 0.027, "items_confirmed": 0, "...'
---
data: '{"robot": "leo1", "state": "exploring", "frontiers": 60, "coverage_m2": 181.5, "camera_coverage": 0.035, "items_confirmed": 0, "...'
---
data: '{"robot": "leo1", "state": "exploring", "frontiers": 60, "coverage_m2": 181.5, "camera_coverage": 0.035, "items_confirmed": 0, "...'
---
data: '{"robot": "leo1", "state": "exploring", "frontiers": 60, "coverage_m2": 181.5, "camera_coverage": 0.044, "items_confirmed": 0, "...'
---
data: '{"robot": "leo1", "state": "exploring", "frontiers": 60, "coverage_m2": 181.5, "camera_coverage": 0.045, "items_confirmed": 0, "...'
---
data: '{"robot": "leo1", "state": "exploring", "frontiers": 61, "coverage_m2": 185.2, "camera_coverage": 0.043, "items_confirmed": 0, "...'
---
data: '{"robot": "leo1", "state": "exploring", "frontiers": 50, "coverage_m2": 188.4, "camera_coverage": 0.041, "items_confirmed": 0, "...'
---
data: '{"robot": "leo1", "state": "exploring", "frontiers": 42, "coverage_m2": 191.3, "camera_coverage": 0.041, "items_confirmed": 0, "...'
---
data: '{"robot": "leo1", "state": "exploring", "frontiers": 37, "coverage_m2": 195.2, "camera_coverage": 0.064, "items_confirmed": 0, "...'
---
data: '{"robot": "leo1", "state": "exploring", "frontiers": 44, "coverage_m2": 198.8, "camera_coverage": 0.07, "items_confirmed": 0, "i...'
---
data: '{"robot": "leo1", "state": "exploring", "frontiers": 41, "coverage_m2": 201.1, "camera_coverage": 0.069, "items_confirmed": 0, "...'
---
data: '{"robot": "leo1", "state": "exploring", "frontiers": 55, "coverage_m2": 210.8, "camera_coverage": 0.067, "items_confirmed": 0, "...'
---
data: '{"robot": "leo1", "state": "exploring", "frontiers": 54, "coverage_m2": 221.9, "camera_coverage": 0.067, "items_confirmed": 0, "...'
---
data: '{"robot": "leo1", "state": "exploring", "frontiers": 48, "coverage_m2": 230.0, "camera_coverage": 0.077, "items_confirmed": 0, "...'
---
data: '{"robot": "leo1", "state": "exploring", "frontiers": 48, "coverage_m2": 236.2, "camera_coverage": 0.087, "items_confirmed": 0, "...'
---
data: '{"robot": "leo1", "state": "exploring", "frontiers": 50, "coverage_m2": 238.7, "camera_coverage": 0.087, "items_confirmed": 0, "...'
---
data: '{"robot": "leo1", "state": "exploring", "frontiers": 56, "coverage_m2": 242.7, "camera_coverage": 0.085, "items_confirmed": 0, "...'
---
data: '{"robot": "leo1", "state": "exploring", "frontiers": 56, "coverage_m2": 242.7, "camera_coverage": 0.085, "items_confirmed": 0, "...'
---
data: '{"robot": "leo1", "state": "exploring", "frontiers": 55, "coverage_m2": 244.7, "camera_coverage": 0.085, "items_confirmed": 0, "...'
---
data: '{"robot": "leo1", "state": "exploring", "frontiers": 52, "coverage_m2": 245.5, "camera_coverage": 0.097, "items_confirmed": 0, "...'
---
data: '{"robot": "leo1", "state": "exploring", "frontiers": 52, "coverage_m2": 245.5, "camera_coverage": 0.1, "items_confirmed": 0, "it...'
---
data: '{"robot": "leo1", "state": "exploring", "frontiers": 52, "coverage_m2": 245.5, "camera_coverage": 0.1, "items_confirmed": 0, "it...'
---
data: '{"robot": "leo1", "state": "exploring", "frontiers": 52, "coverage_m2": 245.5, "camera_coverage": 0.1, "items_confirmed": 0, "it...'
---
data: '{"robot": "leo1", "state": "exploring", "frontiers": 52, "coverage_m2": 245.5, "camera_coverage": 0.101, "items_confirmed": 0, "...'
---
data: '{"robot": "leo1", "state": "exploring", "frontiers": 48, "coverage_m2": 246.2, "camera_coverage": 0.109, "items_confirmed": 0, "...'
---
data: '{"robot": "leo1", "state": "exploring", "frontiers": 42, "coverage_m2": 247.6, "camera_coverage": 0.106, "items_confirmed": 0, "...'
---
data: '{"robot": "leo1", "state": "exploring", "frontiers": 42, "coverage_m2": 247.6, "camera_coverage": 0.106, "items_confirmed": 0, "...'
---
data: '{"robot": "leo1", "state": "exploring", "frontiers": 34, "coverage_m2": 249.4, "camera_coverage": 0.106, "items_confirmed": 0, "...'
---
data: '{"robot": "leo1", "state": "exploring", "frontiers": 36, "coverage_m2": 251.1, "camera_coverage": 0.104, "items_confirmed": 0, "...'
---
data: '{"robot": "leo1", "state": "exploring", "frontiers": 35, "coverage_m2": 251.9, "camera_coverage": 0.102, "items_confirmed": 0, "...'
---
data: '{"robot": "leo1", "state": "exploring", "frontiers": 36, "coverage_m2": 252.6, "camera_coverage": 0.101, "items_confirmed": 0, "...'
---
data: '{"robot": "leo1", "state": "exploring", "frontiers": 34, "coverage_m2": 253.4, "camera_coverage": 0.099, "items_confirmed": 0, "...'
---
data: '{"robot": "leo1", "state": "exploring", "frontiers": 34, "coverage_m2": 253.4, "camera_coverage": 0.099, "items_confirmed": 0, "...'
---
data: '{"robot": "leo1", "state": "exploring", "frontiers": 31, "coverage_m2": 254.0, "camera_coverage": 0.099, "items_confirmed": 0, "...'
---
data: '{"robot": "leo1", "state": "exploring", "frontiers": 31, "coverage_m2": 254.3, "camera_coverage": 0.099, "items_confirmed": 0, "...'
---
data: '{"robot": "leo1", "state": "exploring", "frontiers": 31, "coverage_m2": 254.6, "camera_coverage": 0.099, "items_confirmed": 0, "...'
---
data: '{"robot": "leo1", "state": "exploring", "frontiers": 30, "coverage_m2": 254.9, "camera_coverage": 0.098, "items_confirmed": 0, "...'
---
data: '{"robot": "leo1", "state": "exploring", "frontiers": 29, "coverage_m2": 255.1, "camera_coverage": 0.098, "items_confirmed": 0, "...'
---
data: '{"robot": "leo1", "state": "exploring", "frontiers": 29, "coverage_m2": 255.2, "camera_coverage": 0.1, "items_confirmed": 0, "it...'
---
data: '{"robot": "leo1", "state": "exploring", "frontiers": 32, "coverage_m2": 255.6, "camera_coverage": 0.099, "items_confirmed": 0, "...'
---
data: '{"robot": "leo1", "state": "exploring", "frontiers": 33, "coverage_m2": 256.0, "camera_coverage": 0.105, "items_confirmed": 0, "...'
---
data: '{"robot": "leo1", "state": "exploring", "frontiers": 34, "coverage_m2": 256.2, "camera_coverage": 0.113, "items_confirmed": 0, "...'
---
data: '{"robot": "leo1", "state": "exploring", "frontiers": 32, "coverage_m2": 258.1, "camera_coverage": 0.113, "items_confirmed": 0, "...'
---
data: '{"robot": "leo1", "state": "exploring", "frontiers": 39, "coverage_m2": 259.7, "camera_coverage": 0.113, "items_confirmed": 0, "...'
---
data: '{"robot": "leo1", "state": "exploring", "frontiers": 41, "coverage_m2": 261.8, "camera_coverage": 0.101, "items_confirmed": 0, "...'
---
data: '{"robot": "leo1", "state": "exploring", "frontiers": 44, "coverage_m2": 263.7, "camera_coverage": 0.097, "items_confirmed": 0, "...'
---
data: '{"robot": "leo1", "state": "exploring", "frontiers": 47, "coverage_m2": 271.1, "camera_coverage": 0.103, "items_confirmed": 0, "...'
---
data: '{"robot": "leo1", "state": "exploring", "frontiers": 68, "coverage_m2": 283.5, "camera_coverage": 0.103, "items_confirmed": 0, "...'
---
data: '{"robot": "leo1", "state": "exploring", "frontiers": 65, "coverage_m2": 290.8, "camera_coverage": 0.103, "items_confirmed": 0, "...'
---
data: '{"robot": "leo1", "state": "exploring", "frontiers": 65, "coverage_m2": 290.8, "camera_coverage": 0.102, "items_confirmed": 0, "...'
---
data: '{"robot": "leo1", "state": "exploring", "frontiers": 61, "coverage_m2": 297.4, "camera_coverage": 0.1, "items_confirmed": 0, "it...'
---
data: '{"robot": "leo1", "state": "exploring", "frontiers": 49, "coverage_m2": 303.3, "camera_coverage": 0.1, "items_confirmed": 0, "it...'
---
data: '{"robot": "leo1", "state": "exploring", "frontiers": 42, "coverage_m2": 312.5, "camera_coverage": 0.1, "items_confirmed": 0, "it...'
---
data: '{"robot": "leo1", "state": "exploring", "frontiers": 42, "coverage_m2": 312.5, "camera_coverage": 0.098, "items_confirmed": 0, "...'
---
data: '{"robot": "leo1", "state": "exploring", "frontiers": 59, "coverage_m2": 318.5, "camera_coverage": 0.108, "items_confirmed": 0, "...'
---
data: '{"robot": "leo1", "state": "exploring", "frontiers": 63, "coverage_m2": 320.5, "camera_coverage": 0.105, "items_confirmed": 0, "...'
---
data: '{"robot": "leo1", "state": "exploring", "frontiers": 73, "coverage_m2": 323.5, "camera_coverage": 0.113, "items_confirmed": 0, "...'
---
data: '{"robot": "leo1", "state": "exploring", "frontiers": 34, "coverage_m2": 331.7, "camera_coverage": 0.0, "items_confirmed": 0, "it...'
---
data: '{"robot": "leo1", "state": "exploring", "frontiers": 35, "coverage_m2": 332.6, "camera_coverage": 0.006, "items_confirmed": 0, "...'
---
data: '{"robot": "leo1", "state": "exploring", "frontiers": 35, "coverage_m2": 332.6, "camera_coverage": 0.007, "items_confirmed": 0, "...'
---
data: '{"robot": "leo1", "state": "exploring", "frontiers": 35, "coverage_m2": 332.6, "camera_coverage": 0.007, "items_confirmed": 0, "...'
---
data: '{"robot": "leo1", "state": "exploring", "frontiers": 34, "coverage_m2": 334.1, "camera_coverage": 0.008, "items_confirmed": 0, "...'
---
data: '{"robot": "leo1", "state": "exploring", "frontiers": 37, "coverage_m2": 335.6, "camera_coverage": 0.022, "items_confirmed": 0, "...'
---
data: '{"robot": "leo1", "state": "exploring", "frontiers": 41, "coverage_m2": 339.1, "camera_coverage": 0.023, "items_confirmed": 0, "...'
---
data: '{"robot": "leo1", "state": "exploring", "frontiers": 33, "coverage_m2": 343.3, "camera_coverage": 0.026, "items_confirmed": 0, "...'
---
data: '{"robot": "leo1", "state": "exploring", "frontiers": 41, "coverage_m2": 350.4, "camera_coverage": 0.026, "items_confirmed": 0, "...'
---
data: '{"robot": "leo1", "state": "exploring", "frontiers": 33, "coverage_m2": 357.7, "camera_coverage": 0.029, "items_confirmed": 0, "...'
---
data: '{"robot": "leo1", "state": "exploring", "frontiers": 46, "coverage_m2": 364.7, "camera_coverage": 0.032, "items_confirmed": 0, "...'
---
data: '{"robot": "leo1", "state": "exploring", "frontiers": 44, "coverage_m2": 367.9, "camera_coverage": 0.036, "items_confirmed": 0, "...'
---
data: '{"robot": "leo1", "state": "exploring", "frontiers": 44, "coverage_m2": 376.0, "camera_coverage": 0.0, "items_confirmed": 0, "it...'
---
data: '{"robot": "leo1", "state": "exploring", "frontiers": 41, "coverage_m2": 375.8, "camera_coverage": 0.028, "items_confirmed": 0, "...'
---
data: '{"robot": "leo1", "state": "exploring", "frontiers": 40, "coverage_m2": 375.8, "camera_coverage": 0.039, "items_confirmed": 0, "...'
---
data: '{"robot": "leo1", "state": "exploring", "frontiers": 39, "coverage_m2": 375.9, "camera_coverage": 0.04, "items_confirmed": 0, "i...'
---
data: '{"robot": "leo1", "state": "exploring", "frontiers": 38, "coverage_m2": 375.9, "camera_coverage": 0.04, "items_confirmed": 0, "i...'
---
data: '{"robot": "leo1", "state": "exploring", "frontiers": 37, "coverage_m2": 375.9, "camera_coverage": 0.04, "items_confirmed": 0, "i...'
---
data: '{"robot": "leo1", "state": "exploring", "frontiers": 36, "coverage_m2": 375.9, "camera_coverage": 0.04, "items_confirmed": 0, "i...'
---
data: '{"robot": "leo1", "state": "exploring", "frontiers": 37, "coverage_m2": 375.9, "camera_coverage": 0.041, "items_confirmed": 0, "...'
---
data: '{"robot": "leo1", "state": "exploring", "frontiers": 38, "coverage_m2": 375.9, "camera_coverage": 0.046, "items_confirmed": 0, "...'
---
data: '{"robot": "leo1", "state": "exploring", "frontiers": 39, "coverage_m2": 375.9, "camera_coverage": 0.046, "items_confirmed": 0, "...'
---
data: '{"robot": "leo1", "state": "exploring", "frontiers": 40, "coverage_m2": 375.9, "camera_coverage": 0.047, "items_confirmed": 0, "...'
---
data: '{"robot": "leo1", "state": "exploring", "frontiers": 41, "coverage_m2": 375.9, "camera_coverage": 0.047, "items_confirmed": 0, "...'
---
data: '{"robot": "leo1", "state": "exploring", "frontiers": 41, "coverage_m2": 375.9, "camera_coverage": 0.047, "items_confirmed": 0, "...'
---
data: '{"robot": "leo1", "state": "exploring", "frontiers": 41, "coverage_m2": 376.0, "camera_coverage": 0.048, "items_confirmed": 0, "...'
---
data: '{"robot": "leo1", "state": "exploring", "frontiers": 41, "coverage_m2": 376.0, "camera_coverage": 0.048, "items_confirmed": 0, "...'
---
data: '{"robot": "leo1", "state": "exploring", "frontiers": 41, "coverage_m2": 376.0, "camera_coverage": 0.063, "items_confirmed": 0, "...'
---
data: '{"robot": "leo1", "state": "exploring", "frontiers": 41, "coverage_m2": 376.0, "camera_coverage": 0.073, "items_confirmed": 0, "...'
---
data: '{"robot": "leo1", "state": "exploring", "frontiers": 41, "coverage_m2": 376.1, "camera_coverage": 0.077, "items_confirmed": 0, "...'
---
data: '{"robot": "leo1", "state": "exploring", "frontiers": 41, "coverage_m2": 376.1, "camera_coverage": 0.077, "items_confirmed": 0, "...'
---
data: '{"robot": "leo1", "state": "exploring", "frontiers": 41, "coverage_m2": 376.1, "camera_coverage": 0.077, "items_confirmed": 0, "...'
---
data: '{"robot": "leo1", "state": "exploring", "frontiers": 41, "coverage_m2": 376.1, "camera_coverage": 0.081, "items_confirmed": 0, "...'
---
data: '{"robot": "leo1", "state": "exploring", "frontiers": 41, "coverage_m2": 376.2, "camera_coverage": 0.083, "items_confirmed": 0, "...'
---
data: '{"robot": "leo1", "state": "exploring", "frontiers": 40, "coverage_m2": 376.8, "camera_coverage": 0.085, "items_confirmed": 0, "...'
---
data: '{"robot": "leo1", "state": "exploring", "frontiers": 41, "coverage_m2": 377.3, "camera_coverage": 0.089, "items_confirmed": 0, "...'
---
data: '{"robot": "leo1", "state": "exploring", "frontiers": 42, "coverage_m2": 378.1, "camera_coverage": 0.089, "items_confirmed": 0, "...'
---
data: '{"robot": "leo1", "state": "exploring", "frontiers": 42, "coverage_m2": 378.1, "camera_coverage": 0.09, "items_confirmed": 0, "i...'
---
data: '{"robot": "leo1", "state": "exploring", "frontiers": 42, "coverage_m2": 378.1, "camera_coverage": 0.091, "items_confirmed": 0, "...'
---
data: '{"robot": "leo1", "state": "exploring", "frontiers": 42, "coverage_m2": 379.6, "camera_coverage": 0.091, "items_confirmed": 0, "...'
---
data: '{"robot": "leo1", "state": "exploring", "frontiers": 42, "coverage_m2": 379.6, "camera_coverage": 0.093, "items_confirmed": 0, "...'
---
data: '{"robot": "leo1", "state": "exploring", "frontiers": 42, "coverage_m2": 379.6, "camera_coverage": 0.093, "items_confirmed": 0, "...'
---
data: '{"robot": "leo1", "state": "exploring", "frontiers": 45, "coverage_m2": 380.7, "camera_coverage": 0.095, "items_confirmed": 0, "...'
---
data: '{"robot": "leo1", "state": "exploring", "frontiers": 51, "coverage_m2": 382.3, "camera_coverage": 0.095, "items_confirmed": 0, "...'
---
data: '{"robot": "leo1", "state": "exploring", "frontiers": 51, "coverage_m2": 382.3, "camera_coverage": 0.097, "items_confirmed": 0, "...'
---
data: '{"robot": "leo1", "state": "exploring", "frontiers": 54, "coverage_m2": 383.0, "camera_coverage": 0.097, "items_confirmed": 0, "...'
---
data: '{"robot": "leo1", "state": "exploring", "frontiers": 56, "coverage_m2": 383.7, "camera_coverage": 0.097, "items_confirmed": 0, "...'
---
data: '{"robot": "leo1", "state": "exploring", "frontiers": 56, "coverage_m2": 383.7, "camera_coverage": 0.096, "items_confirmed": 0, "...'
---
data: '{"robot": "leo1", "state": "exploring", "frontiers": 56, "coverage_m2": 383.7, "camera_coverage": 0.097, "items_confirmed": 0, "...'
---
data: '{"robot": "leo1", "state": "exploring", "frontiers": 50, "coverage_m2": 384.6, "camera_coverage": 0.098, "items_confirmed": 0, "...'
---
data: '{"robot": "leo1", "state": "exploring", "frontiers": 43, "coverage_m2": 384.9, "camera_coverage": 0.097, "items_confirmed": 0, "...'
---
data: '{"robot": "leo1", "state": "exploring", "frontiers": 37, "coverage_m2": 385.5, "camera_coverage": 0.097, "items_confirmed": 0, "...'
---
data: '{"robot": "leo1", "state": "exploring", "frontiers": 34, "coverage_m2": 385.6, "camera_coverage": 0.101, "items_confirmed": 0, "...'
---
data: '{"robot": "leo1", "state": "exploring", "frontiers": 28, "coverage_m2": 385.9, "camera_coverage": 0.109, "items_confirmed": 0, "...'
---
data: '{"robot": "leo1", "state": "exploring", "frontiers": 18, "coverage_m2": 386.2, "camera_coverage": 0.109, "items_confirmed": 0, "...'
---
data: '{"robot": "leo1", "state": "exploring", "frontiers": 14, "coverage_m2": 386.4, "camera_coverage": 0.113, "items_confirmed": 0, "...'
---
data: '{"robot": "leo1", "state": "exploring", "frontiers": 11, "coverage_m2": 386.4, "camera_coverage": 0.113, "items_confirmed": 0, "...'
---
data: '{"robot": "leo1", "state": "exploring", "frontiers": 10, "coverage_m2": 386.5, "camera_coverage": 0.113, "items_confirmed": 0, "...'
---
data: '{"robot": "leo1", "state": "exploring", "frontiers": 10, "coverage_m2": 386.6, "camera_coverage": 0.113, "items_confirmed": 0, "...'
---
data: '{"robot": "leo1", "state": "exploring", "frontiers": 10, "coverage_m2": 386.6, "camera_coverage": 0.118, "items_confirmed": 0, "...'
---
data: '{"robot": "leo1", "state": "exploring", "frontiers": 10, "coverage_m2": 386.8, "camera_coverage": 0.118, "items_confirmed": 0, "...'
---
data: '{"robot": "leo1", "state": "exploring", "frontiers": 11, "coverage_m2": 386.8, "camera_coverage": 0.118, "items_confirmed": 0, "...'
---
data: '{"robot": "leo1", "state": "exploring", "frontiers": 10, "coverage_m2": 386.9, "camera_coverage": 0.125, "items_confirmed": 0, "...'
---
data: '{"robot": "leo1", "state": "exploring", "frontiers": 10, "coverage_m2": 387.0, "camera_coverage": 0.124, "items_confirmed": 0, "...'
---
data: '{"robot": "leo1", "state": "exploring", "frontiers": 11, "coverage_m2": 387.2, "camera_coverage": 0.131, "items_confirmed": 0, "...'
---
data: '{"robot": "leo1", "state": "exploring", "frontiers": 12, "coverage_m2": 387.3, "camera_coverage": 0.131, "items_confirmed": 0, "...'
---
data: '{"robot": "leo1", "state": "exploring", "frontiers": 11, "coverage_m2": 387.4, "camera_coverage": 0.131, "items_confirmed": 0, "...'
---
data: '{"robot": "leo1", "state": "exploring", "frontiers": 11, "coverage_m2": 387.4, "camera_coverage": 0.136, "items_confirmed": 0, "...'
---
data: '{"robot": "leo1", "state": "exploring", "frontiers": 10, "coverage_m2": 387.7, "camera_coverage": 0.135, "items_confirmed": 0, "...'
---
data: '{"robot": "leo1", "state": "exploring", "frontiers": 10, "coverage_m2": 387.8, "camera_coverage": 0.135, "items_confirmed": 0, "...'
---
data: '{"robot": "leo1", "state": "exploring", "frontiers": 10, "coverage_m2": 387.8, "camera_coverage": 0.136, "items_confirmed": 0, "...'
---
data: '{"robot": "leo1", "state": "exploring", "frontiers": 10, "coverage_m2": 388.1, "camera_coverage": 0.136, "items_confirmed": 0, "...'
---
