[wsl-exp 05:31:33] backend=wsl:Ubuntu stack=hybrid world=depot_world profile=realistic cap=30min out=reports/night/n26_camtuned_depot_s7
[wsl-exp 05:31:33] syncing src/ and scripts/ into /home/smirn/leo_ws
[wsl-exp 05:31:34] colcon build (leo_nav2_exploration, leo_rover_gazebo)
[wsl-exp 05:31:36] killing any previous sim
[wsl-exp 05:31:40] cleanup: 0 ROS processes still alive
[wsl-exp 05:31:45] starting simulator (GPU, headless)
[wsl-exp 05:31:46] waiting for /leo1/scan
[wsl-exp 05:31:58] scan: average rate: 60.000
[wsl-exp 05:31:58] renderer: 05:31:55: GL_RENDERER = D3D12 (NVIDIA GeForce RTX 4060 Ti)
[wsl-exp 05:32:01] wheel-odometry model (message only) + gyro + EKF
[wsl-exp 05:32:16] overlay stack: sim_navigation.launch.py
[wsl-exp 05:32:17] waiting for Nav2 planner action
[wsl-exp 05:32:39] camera/points (with stack up): average rate: 5.015
[wsl-exp 05:32:43] scan_filtered: average rate: 9.821
[wsl-exp 05:32:43] starting recorders
[wsl-exp 05:32:50] bootstrap jog
[wsl-exp 05:33:07] explorer launched; polling (cap 30 min)
[wsl-exp 05:39:09] FATAL: no trajectory samples for 3 min -- simulator wedged
[wsl-exp 05:39:15] saving map
[wsl-exp 05:39:16] flushing recorders
[wsl-exp 05:39:36] cleanup: 0 ROS processes still alive
[wsl-exp 05:39:38] done -> reports/night/n26_camtuned_depot_s7
