[wsl-exp 01:46:15] backend=wsl:Ubuntu stack=hybrid world=office_world profile=realistic cap=30min out=reports/night/n11_navfn_ptimeout60_s21
[wsl-exp 01:46:15] syncing src/ and scripts/ into /home/smirn/leo_ws
[wsl-exp 01:46:17] colcon build (leo_nav2_exploration, leo_rover_gazebo)
[wsl-exp 01:46:19] killing any previous sim
[wsl-exp 01:46:23] cleanup: 0 ROS processes still alive
[wsl-exp 01:46:28] starting simulator (GPU, headless)
[wsl-exp 01:46:29] waiting for /leo1/scan
[wsl-exp 01:46:41] scan: average rate: 58.821
[wsl-exp 01:46:41] renderer: 01:46:38: GL_RENDERER = D3D12 (NVIDIA GeForce RTX 4060 Ti)
[wsl-exp 01:46:44] wheel-odometry model (message only) + gyro + EKF
[wsl-exp 01:46:59] overlay stack: sim_navigation.launch.py
[wsl-exp 01:47:00] waiting for Nav2 planner action
[wsl-exp 01:47:22] camera/points (with stack up): average rate: 5.014
[wsl-exp 01:47:26] scan_filtered: average rate: 9.858
[wsl-exp 01:47:26] starting recorders
[wsl-exp 01:47:28] starting ArUco detector
[wsl-exp 01:47:34] bootstrap jog
[wsl-exp 01:47:52] explorer launched; polling (cap 30 min)
[wsl-exp 02:02:54] explorer reports completion
[wsl-exp 02:03:01] saving map
[wsl-exp 02:03:02] flushing recorders
[wsl-exp 02:03:22] cleanup: 0 ROS processes still alive
[wsl-exp 02:03:24] done -> reports/night/n11_navfn_ptimeout60_s21
