[wsl-exp 02:31:32] backend=wsl:Ubuntu stack=hybrid world=depot_world profile=realistic cap=30min out=reports/night/n14_navfn_depot_s7
[wsl-exp 02:31:32] syncing src/ and scripts/ into /home/smirn/leo_ws
[wsl-exp 02:31:33] colcon build (leo_nav2_exploration, leo_rover_gazebo)
[wsl-exp 02:31:36] killing any previous sim
[wsl-exp 02:31:40] cleanup: 0 ROS processes still alive
[wsl-exp 02:31:45] starting simulator (GPU, headless)
[wsl-exp 02:31:46] waiting for /leo1/scan
[wsl-exp 02:31:57] scan: average rate: 59.705
[wsl-exp 02:31:58] renderer: 02:31:54: GL_RENDERER = D3D12 (NVIDIA GeForce RTX 4060 Ti)
[wsl-exp 02:32:01] wheel-odometry model (message only) + gyro + EKF
[wsl-exp 02:32:16] overlay stack: sim_navigation.launch.py
[wsl-exp 02:32:16] waiting for Nav2 planner action
[wsl-exp 02:32:39] camera/points (with stack up): average rate: 4.999
[wsl-exp 02:32:42] scan_filtered: average rate: 9.791
[wsl-exp 02:32:42] starting recorders
[wsl-exp 02:32:50] bootstrap jog
[wsl-exp 02:33:07] explorer launched; polling (cap 30 min)
[wsl-exp 02:45:09] explorer reports completion
[wsl-exp 02:45:16] saving map
[wsl-exp 02:45:17] flushing recorders
[wsl-exp 02:45:37] cleanup: 0 ROS processes still alive
[wsl-exp 02:45:39] done -> reports/night/n14_navfn_depot_s7
