[wsl-exp 02:46:23] backend=wsl:Ubuntu stack=hybrid world=office_world profile=realistic cap=30min out=reports/night/n15_navfn_tol05_s55
[wsl-exp 02:46:23] syncing src/ and scripts/ into /home/smirn/leo_ws
[wsl-exp 02:46:25] colcon build (leo_nav2_exploration, leo_rover_gazebo)
[wsl-exp 02:46:29] killing any previous sim
[wsl-exp 02:46:33] cleanup: 0 ROS processes still alive
[wsl-exp 02:46:38] starting simulator (GPU, headless)
[wsl-exp 02:46:39] waiting for /leo1/scan
[wsl-exp 02:46:51] scan: average rate: 60.001
[wsl-exp 02:46:51] renderer: 02:46:47: GL_RENDERER = D3D12 (NVIDIA GeForce RTX 4060 Ti)
[wsl-exp 02:46:54] wheel-odometry model (message only) + gyro + EKF
[wsl-exp 02:47:09] overlay stack: sim_navigation.launch.py
[wsl-exp 02:47:10] waiting for Nav2 planner action
[wsl-exp 02:47:32] camera/points (with stack up): average rate: 5.007
[wsl-exp 02:47:36] scan_filtered: average rate: 9.995
[wsl-exp 02:47:36] starting recorders
[wsl-exp 02:47:38] starting ArUco detector
[wsl-exp 02:47:44] bootstrap jog
[wsl-exp 02:48:02] explorer launched; polling (cap 30 min)
[wsl-exp 03:02:04] explorer reports completion
[wsl-exp 03:02:11] saving map
[wsl-exp 03:02:12] flushing recorders
[wsl-exp 03:02:32] cleanup: 0 ROS processes still alive
[wsl-exp 03:02:34] done -> reports/night/n15_navfn_tol05_s55
