[wsl-exp 03:02:36] backend=wsl:Ubuntu stack=hybrid world=office_world profile=realistic cap=30min out=reports/night/n16_navfn_tol05_s21
[wsl-exp 03:02:36] syncing src/ and scripts/ into /home/smirn/leo_ws
[wsl-exp 03:02:37] colcon build (leo_nav2_exploration, leo_rover_gazebo)
[wsl-exp 03:02:40] killing any previous sim
[wsl-exp 03:02:44] cleanup: 0 ROS processes still alive
[wsl-exp 03:02:49] starting simulator (GPU, headless)
[wsl-exp 03:02:50] waiting for /leo1/scan
[wsl-exp 03:03:02] scan: average rate: 59.759
[wsl-exp 03:03:02] renderer: 03:02:58: GL_RENDERER = D3D12 (NVIDIA GeForce RTX 4060 Ti)
[wsl-exp 03:03:05] wheel-odometry model (message only) + gyro + EKF
[wsl-exp 03:03:20] overlay stack: sim_navigation.launch.py
[wsl-exp 03:03:21] waiting for Nav2 planner action
[wsl-exp 03:03:43] camera/points (with stack up): average rate: 5.027
[wsl-exp 03:03:47] scan_filtered: average rate: 10.022
[wsl-exp 03:03:47] starting recorders
[wsl-exp 03:03:49] starting ArUco detector
[wsl-exp 03:03:55] bootstrap jog
[wsl-exp 03:04:12] explorer launched; polling (cap 30 min)
[wsl-exp 03:17:15] explorer reports completion
[wsl-exp 03:17:22] saving map
[wsl-exp 03:17:23] flushing recorders
[wsl-exp 03:17:42] cleanup: 0 ROS processes still alive
[wsl-exp 03:17:45] done -> reports/night/n16_navfn_tol05_s21
