[wsl-exp 03:49:09] backend=wsl:Ubuntu stack=hybrid world=office_world profile=realistic cap=30min out=reports/night/n18_ship_s101
[wsl-exp 03:49:09] syncing src/ and scripts/ into /home/smirn/leo_ws
[wsl-exp 03:49:10] colcon build (leo_nav2_exploration, leo_rover_gazebo)
[wsl-exp 03:49:12] killing any previous sim
[wsl-exp 03:49:17] cleanup: 0 ROS processes still alive
[wsl-exp 03:49:22] starting simulator (GPU, headless)
[wsl-exp 03:49:22] waiting for /leo1/scan
[wsl-exp 03:49:34] scan: average rate: 60.214
[wsl-exp 03:49:34] renderer: 03:49:31: GL_RENDERER = D3D12 (NVIDIA GeForce RTX 4060 Ti)
[wsl-exp 03:49:37] wheel-odometry model (message only) + gyro + EKF
[wsl-exp 03:49:52] overlay stack: sim_navigation.launch.py
[wsl-exp 03:49:53] waiting for Nav2 planner action
[wsl-exp 03:50:15] camera/points (with stack up): average rate: 5.015
[wsl-exp 03:50:19] scan_filtered: average rate: 9.827
[wsl-exp 03:50:19] starting recorders
[wsl-exp 03:50:21] starting ArUco detector
[wsl-exp 03:50:27] bootstrap jog
[wsl-exp 03:50:44] explorer launched; polling (cap 30 min)
[wsl-exp 03:59:46] explorer reports completion
[wsl-exp 03:59:53] saving map
[wsl-exp 03:59:54] flushing recorders
[wsl-exp 04:00:13] cleanup: 0 ROS processes still alive
[wsl-exp 04:00:15] done -> reports/night/n18_ship_s101
