[wsl-exp 06:20:32] backend=wsl:Ubuntu stack=hybrid world=depot_world profile=realistic cap=30min out=reports/night/n30_ship_depot_s303
[wsl-exp 06:20:32] syncing src/ and scripts/ into /home/smirn/leo_ws
[wsl-exp 06:20:33] colcon build (leo_nav2_exploration, leo_rover_gazebo)
[wsl-exp 06:20:36] killing any previous sim
[wsl-exp 06:20:40] cleanup: 0 ROS processes still alive
[wsl-exp 06:20:45] starting simulator (GPU, headless)
[wsl-exp 06:20:46] waiting for /leo1/scan
[wsl-exp 06:20:58] scan: average rate: 57.061
[wsl-exp 06:20:58] renderer: 06:20:54: GL_RENDERER = D3D12 (NVIDIA GeForce RTX 4060 Ti)
[wsl-exp 06:21:01] wheel-odometry model (message only) + gyro + EKF
[wsl-exp 06:21:16] overlay stack: sim_navigation.launch.py
[wsl-exp 06:21:16] waiting for Nav2 planner action
[wsl-exp 06:21:38] camera/points (with stack up): average rate: 4.934
[wsl-exp 06:21:42] scan_filtered: average rate: 10.002
[wsl-exp 06:21:42] starting recorders
[wsl-exp 06:21:50] bootstrap jog
[wsl-exp 06:22:07] explorer launched; polling (cap 30 min)
[wsl-exp 06:52:13] cap reached; collecting artefacts anyway
[wsl-exp 06:52:20] saving map
[wsl-exp 06:52:21] flushing recorders
[wsl-exp 06:52:41] cleanup: 0 ROS processes still alive
[wsl-exp 06:52:43] done -> reports/night/n30_ship_depot_s303
