[wsl-exp 08:01:06] backend=wsl:Ubuntu stack=hybrid world=office_world profile=realistic cap=22min out=reports/night/n38_btfix_s808
[wsl-exp 08:01:06] syncing src/ and scripts/ into /home/smirn/leo_ws
[wsl-exp 08:01:07] colcon build (leo_nav2_exploration, leo_rover_gazebo)
[wsl-exp 08:01:10] killing any previous sim
[wsl-exp 08:01:14] cleanup: 0 ROS processes still alive
[wsl-exp 08:01:19] starting simulator (GPU, headless)
[wsl-exp 08:01:19] waiting for /leo1/scan
[wsl-exp 08:01:31] scan: average rate: 59.991
[wsl-exp 08:01:32] renderer: 08:01:28: GL_RENDERER = D3D12 (NVIDIA GeForce RTX 4060 Ti)
[wsl-exp 08:01:35] wheel-odometry model (message only) + gyro + EKF
[wsl-exp 08:01:50] overlay stack: sim_navigation.launch.py
[wsl-exp 08:01:50] waiting for Nav2 planner action
[wsl-exp 08:02:12] camera/points (with stack up): average rate: 4.874
[wsl-exp 08:02:16] scan_filtered: average rate: 9.848
[wsl-exp 08:02:16] starting recorders
[wsl-exp 08:02:18] starting ArUco detector
[wsl-exp 08:02:24] bootstrap jog
[wsl-exp 08:02:42] explorer launched; polling (cap 22 min)
[wsl-exp 08:17:45] explorer reports completion
[wsl-exp 08:17:51] saving map
[wsl-exp 08:17:52] flushing recorders
[wsl-exp 08:18:12] cleanup: 0 ROS processes still alive
[wsl-exp 08:18:14] done -> reports/night/n38_btfix_s808
