[wsl-exp 08:18:16] backend=wsl:Ubuntu stack=hybrid world=office_world profile=realistic cap=22min out=reports/night/n39_btfix_s707
[wsl-exp 08:18:16] syncing src/ and scripts/ into /home/smirn/leo_ws
[wsl-exp 08:18:17] colcon build (leo_nav2_exploration, leo_rover_gazebo)
[wsl-exp 08:18:20] killing any previous sim
[wsl-exp 08:18:24] cleanup: 0 ROS processes still alive
[wsl-exp 08:18:29] starting simulator (GPU, headless)
[wsl-exp 08:18:30] waiting for /leo1/scan
[wsl-exp 08:18:41] scan: average rate: 57.812
[wsl-exp 08:18:42] renderer: 08:18:38: GL_RENDERER = D3D12 (NVIDIA GeForce RTX 4060 Ti)
[wsl-exp 08:18:45] wheel-odometry model (message only) + gyro + EKF
[wsl-exp 08:19:00] overlay stack: sim_navigation.launch.py
[wsl-exp 08:19:00] waiting for Nav2 planner action
[wsl-exp 08:19:22] camera/points (with stack up): average rate: 5.009
[wsl-exp 08:19:26] scan_filtered: average rate: 9.999
[wsl-exp 08:19:26] starting recorders
[wsl-exp 08:19:28] starting ArUco detector
[wsl-exp 08:19:34] bootstrap jog
[wsl-exp 08:19:52] explorer launched; polling (cap 22 min)
[wsl-exp 08:33:55] explorer reports completion
[wsl-exp 08:34:01] saving map
[wsl-exp 08:34:03] flushing recorders
[wsl-exp 08:34:22] cleanup: 0 ROS processes still alive
[wsl-exp 08:34:25] done -> reports/night/n39_btfix_s707
