[wsl-exp 09:04:01] backend=wsl:Ubuntu stack=hybrid world=depot_world profile=realistic cap=25min out=reports/night/n40_cmrec_depot_s7
[wsl-exp 09:04:01] syncing src/ and scripts/ into /home/smirn/leo_ws
[wsl-exp 09:04:05] colcon build (leo_nav2_exploration, leo_rover_gazebo)
[wsl-exp 09:04:08] killing any previous sim
[wsl-exp 09:04:12] cleanup: 0 ROS processes still alive
[wsl-exp 09:04:17] starting simulator (GPU, headless)
[wsl-exp 09:04:18] waiting for /leo1/scan
[wsl-exp 09:04:30] scan: average rate: 55.659
[wsl-exp 09:04:30] renderer: 09:04:27: GL_RENDERER = D3D12 (NVIDIA GeForce RTX 4060 Ti)
[wsl-exp 09:04:33] wheel-odometry model (message only) + gyro + EKF
[wsl-exp 09:04:48] overlay stack: sim_navigation.launch.py
[wsl-exp 09:04:49] waiting for Nav2 planner action
[wsl-exp 09:05:11] camera/points (with stack up): average rate: 5.059
[wsl-exp 09:05:15] scan_filtered: average rate: 10.079
[wsl-exp 09:05:15] starting recorders
[wsl-exp 09:05:18] starting costmap recorder
[wsl-exp 09:05:24] bootstrap jog
[wsl-exp 09:05:42] explorer launched; polling (cap 25 min)
[wsl-exp 09:15:44] explorer reports completion
[wsl-exp 09:15:51] saving map
[wsl-exp 09:15:52] flushing recorders
[wsl-exp 09:16:12] cleanup: 0 ROS processes still alive
[wsl-exp 09:16:14] done -> reports/night/n40_cmrec_depot_s7
