[wsl-exp 09:16:16] backend=wsl:Ubuntu stack=hybrid world=office_world profile=realistic cap=25min out=reports/night/n41_cmrec_s55
[wsl-exp 09:16:16] syncing src/ and scripts/ into /home/smirn/leo_ws
[wsl-exp 09:16:17] colcon build (leo_nav2_exploration, leo_rover_gazebo)
[wsl-exp 09:16:20] killing any previous sim
[wsl-exp 09:16:24] cleanup: 0 ROS processes still alive
[wsl-exp 09:16:29] starting simulator (GPU, headless)
[wsl-exp 09:16:30] waiting for /leo1/scan
[wsl-exp 09:16:42] scan: average rate: 58.212
[wsl-exp 09:16:42] renderer: 09:16:38: GL_RENDERER = D3D12 (NVIDIA GeForce RTX 4060 Ti)
[wsl-exp 09:16:45] wheel-odometry model (message only) + gyro + EKF
[wsl-exp 09:17:00] overlay stack: sim_navigation.launch.py
[wsl-exp 09:17:01] waiting for Nav2 planner action
[wsl-exp 09:17:24] camera/points (with stack up): average rate: 5.003
[wsl-exp 09:17:27] scan_filtered: average rate: 10.024
[wsl-exp 09:17:28] starting recorders
[wsl-exp 09:17:30] starting costmap recorder
[wsl-exp 09:17:36] bootstrap jog
[wsl-exp 09:17:54] explorer launched; polling (cap 25 min)
[wsl-exp 09:42:59] cap reached; collecting artefacts anyway
[wsl-exp 09:43:06] saving map
[wsl-exp 09:43:07] flushing recorders
[wsl-exp 09:43:27] cleanup: 0 ROS processes still alive
[wsl-exp 09:43:29] done -> reports/night/n41_cmrec_s55
