[wsl-exp 23:26:33] backend=wsl:Ubuntu stack=hybrid world=office_world profile=realistic cap=30min out=reports/night/n4_lattice_s21
[wsl-exp 23:26:33] syncing src/ and scripts/ into /home/smirn/leo_ws
[wsl-exp 23:26:35] colcon build (leo_nav2_exploration, leo_rover_gazebo)
[wsl-exp 23:26:38] killing any previous sim
[wsl-exp 23:26:42] cleanup: 0 ROS processes still alive
[wsl-exp 23:26:47] starting simulator (GPU, headless)
[wsl-exp 23:26:48] waiting for /leo1/scan
[wsl-exp 23:27:00] scan: average rate: 57.361
[wsl-exp 23:27:00] renderer: 23:26:57: GL_RENDERER = D3D12 (NVIDIA GeForce RTX 4060 Ti)
[wsl-exp 23:27:03] wheel-odometry model (message only) + gyro + EKF
[wsl-exp 23:27:18] overlay stack: sim_navigation.launch.py
[wsl-exp 23:27:19] waiting for Nav2 planner action
[wsl-exp 23:27:42] camera/points (with stack up): average rate: 4.999
[wsl-exp 23:27:46] scan_filtered: average rate: 9.998
[wsl-exp 23:27:46] starting recorders
[wsl-exp 23:27:48] starting ArUco detector
[wsl-exp 23:27:54] bootstrap jog
[wsl-exp 23:28:12] explorer launched; polling (cap 30 min)
[wsl-exp 23:44:15] explorer reports completion
[wsl-exp 23:44:22] saving map
[wsl-exp 23:44:23] flushing recorders
[wsl-exp 23:44:42] cleanup: 0 ROS processes still alive
[wsl-exp 23:44:44] done -> reports/night/n4_lattice_s21
