[wsl-exp 01:19:56] backend=wsl:Ubuntu stack=hybrid world=depot_world profile=realistic cap=30min out=reports/night/n7_navfn_depot_s21
[wsl-exp 01:19:56] syncing src/ and scripts/ into /home/smirn/leo_ws
[wsl-exp 01:19:57] colcon build (leo_nav2_exploration, leo_rover_gazebo)
[wsl-exp 01:20:00] killing any previous sim
[wsl-exp 01:20:04] cleanup: 0 ROS processes still alive
[wsl-exp 01:20:09] starting simulator (GPU, headless)
[wsl-exp 01:20:10] waiting for /leo1/scan
[wsl-exp 01:20:22] scan: average rate: 59.714
[wsl-exp 01:20:22] renderer: 01:20:18: GL_RENDERER = D3D12 (NVIDIA GeForce RTX 4060 Ti)
[wsl-exp 01:20:25] wheel-odometry model (message only) + gyro + EKF
[wsl-exp 01:20:40] overlay stack: sim_navigation.launch.py
[wsl-exp 01:20:41] waiting for Nav2 planner action
[wsl-exp 01:21:03] camera/points (with stack up): average rate: 5.007
[wsl-exp 01:21:07] scan_filtered: average rate: 10.164
[wsl-exp 01:21:07] starting recorders
[wsl-exp 01:21:14] bootstrap jog
[wsl-exp 01:21:32] explorer launched; polling (cap 30 min)
[wsl-exp 01:30:33] explorer reports completion
[wsl-exp 01:30:40] saving map
[wsl-exp 01:30:41] flushing recorders
[wsl-exp 01:31:01] cleanup: 0 ROS processes still alive
[wsl-exp 01:31:03] done -> reports/night/n7_navfn_depot_s21
