[wsl-exp 01:31:04] backend=wsl:Ubuntu stack=hybrid world=office_world profile=realistic cap=30min out=reports/night/n8_navfn_noisy_s21
[wsl-exp 01:31:04] syncing src/ and scripts/ into /home/smirn/leo_ws
[wsl-exp 01:31:06] colcon build (leo_nav2_exploration, leo_rover_gazebo)
[wsl-exp 01:31:08] killing any previous sim
[wsl-exp 01:31:12] cleanup: 0 ROS processes still alive
[wsl-exp 01:31:17] starting simulator (GPU, headless)
[wsl-exp 01:31:18] waiting for /leo1/scan
[wsl-exp 01:31:30] scan: average rate: 58.816
[wsl-exp 01:31:30] renderer: 01:31:27: GL_RENDERER = D3D12 (NVIDIA GeForce RTX 4060 Ti)
[wsl-exp 01:31:33] wheel-odometry model (message only) + gyro + EKF
[wsl-exp 01:31:48] overlay stack: sim_navigation.launch.py
[wsl-exp 01:31:49] waiting for Nav2 planner action
[wsl-exp 01:32:11] camera/points (with stack up): average rate: 5.060
[wsl-exp 01:32:15] scan_filtered: average rate: 9.992
[wsl-exp 01:32:15] starting recorders
[wsl-exp 01:32:17] starting ArUco detector
[wsl-exp 01:32:23] bootstrap jog
[wsl-exp 01:32:41] explorer launched; polling (cap 30 min)
[wsl-exp 01:45:43] explorer reports completion
[wsl-exp 01:45:50] saving map
[wsl-exp 01:45:51] flushing recorders
[wsl-exp 01:46:11] cleanup: 0 ROS processes still alive
[wsl-exp 01:46:13] done -> reports/night/n8_navfn_noisy_s21
