[wsl-exp 10:40:02] backend=wsl:Ubuntu stack=hybrid world=office_world profile=realistic cap=25min out=reports/night/p3_post_s2003
[wsl-exp 10:40:02] syncing src/ and scripts/ into /home/smirn/leo_ws
[wsl-exp 10:40:03] colcon build (leo_nav2_exploration, leo_rover_gazebo)
[wsl-exp 10:40:06] killing any previous sim
[wsl-exp 10:40:10] cleanup: 0 ROS processes still alive
[wsl-exp 10:40:15] starting simulator (GPU, headless)
[wsl-exp 10:40:16] waiting for /leo1/scan
[wsl-exp 10:40:27] scan: average rate: 59.510
[wsl-exp 10:40:28] renderer: 10:40:24: GL_RENDERER = D3D12 (NVIDIA GeForce RTX 4060 Ti)
[wsl-exp 10:40:31] wheel-odometry model (message only) + gyro + EKF
[wsl-exp 10:40:46] overlay stack: sim_navigation.launch.py
[wsl-exp 10:40:46] waiting for Nav2 planner action
[wsl-exp 10:41:08] camera/points (with stack up): average rate: 5.012
[wsl-exp 10:41:12] scan_filtered: average rate: 10.001
[wsl-exp 10:41:12] starting recorders
[wsl-exp 10:41:15] starting costmap recorder
[wsl-exp 10:41:20] bootstrap jog
[wsl-exp 10:41:38] explorer launched; polling (cap 25 min)
[wsl-exp 10:53:40] explorer reports completion
[wsl-exp 10:53:47] saving map
[wsl-exp 10:53:48] flushing recorders
[wsl-exp 10:54:08] cleanup: 0 ROS processes still alive
[wsl-exp 10:54:10] done -> reports/night/p3_post_s2003
