[wsl-exp 11:11:22] backend=wsl:Ubuntu stack=hybrid world=office_world profile=realistic cap=25min out=reports/night/p5_post_s2005
[wsl-exp 11:11:22] syncing src/ and scripts/ into /home/smirn/leo_ws
[wsl-exp 11:11:23] colcon build (leo_nav2_exploration, leo_rover_gazebo)
[wsl-exp 11:11:25] killing any previous sim
[wsl-exp 11:11:30] cleanup: 0 ROS processes still alive
[wsl-exp 11:11:35] starting simulator (GPU, headless)
[wsl-exp 11:11:35] waiting for /leo1/scan
[wsl-exp 11:11:47] scan: average rate: 59.443
[wsl-exp 11:11:47] renderer: 11:11:44: GL_RENDERER = D3D12 (NVIDIA GeForce RTX 4060 Ti)
[wsl-exp 11:11:50] wheel-odometry model (message only) + gyro + EKF
[wsl-exp 11:12:05] overlay stack: sim_navigation.launch.py
[wsl-exp 11:12:06] waiting for Nav2 planner action
[wsl-exp 11:12:28] camera/points (with stack up): average rate: 4.986
[wsl-exp 11:12:32] scan_filtered: average rate: 10.006
[wsl-exp 11:12:32] starting recorders
[wsl-exp 11:12:34] starting costmap recorder
[wsl-exp 11:12:40] bootstrap jog
[wsl-exp 11:12:58] explorer launched; polling (cap 25 min)
[wsl-exp 11:33:01] explorer reports completion
[wsl-exp 11:33:08] saving map
[wsl-exp 11:33:09] flushing recorders
[wsl-exp 11:33:29] cleanup: 0 ROS processes still alive
[wsl-exp 11:33:31] done -> reports/night/p5_post_s2005
