[wsl-exp 04:20:28] backend=wsl:Ubuntu stack=hybrid world=depot_world profile=realistic cap=30min out=reports/night/n20_ship_depot_s101
[wsl-exp 04:20:28] syncing src/ and scripts/ into /home/smirn/leo_ws
[wsl-exp 04:20:29] colcon build (leo_nav2_exploration, leo_rover_gazebo)
Summary: 1 package finished [1.71s]
  1 package failed: leo_rover_gazebo
  1 package had stderr output: leo_rover_gazebo
[wsl-exp 04:20:32] killing any previous sim
[wsl-exp 04:20:36] cleanup: 0 ROS processes still alive
[wsl-exp 04:20:41] starting simulator (GPU, headless)
[wsl-exp 04:20:42] waiting for /leo1/scan
[wsl-exp 04:20:53] scan: average rate: 57.869
[wsl-exp 04:20:54] renderer: 04:20:50: GL_RENDERER = D3D12 (NVIDIA GeForce RTX 4060 Ti)
[wsl-exp 04:20:57] wheel-odometry model (message only) + gyro + EKF
[wsl-exp 04:21:12] overlay stack: sim_navigation.launch.py
[wsl-exp 04:21:12] waiting for Nav2 planner action
[wsl-exp 04:21:34] camera/points (with stack up): average rate: 5.009
[wsl-exp 04:21:38] scan_filtered: average rate: 9.999
[wsl-exp 04:21:38] starting recorders
[wsl-exp 04:21:45] bootstrap jog
[wsl-exp 04:22:03] explorer launched; polling (cap 30 min)
[wsl-exp 04:34:05] explorer reports completion
[wsl-exp 04:34:12] saving map
[wsl-exp 04:34:13] flushing recorders
[wsl-exp 04:34:33] cleanup: 0 ROS processes still alive
[wsl-exp 04:34:35] done -> reports/night/n20_ship_depot_s101
