[INFO] [launch]: All log files can be found below /root/.ros/log/2026-07-05-21-59-54-532641-1e64d198c5f6-759
[INFO] [launch]: Default logging verbosity is set to INFO
[INFO] [frontier_explorer-1]: process started with pid [832]
[frontier_explorer-1] [INFO] [1783288797.426586592] [frontier_explorer]: Frontier explorer up for "leo1" (base_frame=leo1/base_link); coordination=coordinated, peers=none
[frontier_explorer-1] [WARN] [1783288797.657425715] [frontier_explorer]: Watchdog: work exists but no goal active and robot stationary - clearing costmaps
[frontier_explorer-1] [WARN] [1783288799.702001120] [frontier_explorer]: Watchdog: work exists but no goal active and robot stationary - clearing costmaps
[frontier_explorer-1] [INFO] [1783288801.717775826] [frontier_explorer]: Initial pose recorded: (1.16, 0.00)
[frontier_explorer-1] [INFO] [1783288801.901039270] [frontier_explorer]: New frontier goal: (-1.59, 4.68)
[frontier_explorer-1] [INFO] [1783288830.040791420] [frontier_explorer]: New frontier goal: (-0.79, 6.51)
[frontier_explorer-1] [INFO] [1783288842.079339500] [frontier_explorer]: New frontier goal: (9.50, -2.33)
[frontier_explorer-1] [INFO] [1783288886.358044843] [frontier_explorer]: New frontier goal: (-9.05, -2.50)
[frontier_explorer-1] [INFO] [1783288926.662284500] [frontier_explorer]: New frontier goal: (-9.85, -2.60)
[frontier_explorer-1] [INFO] [1783288938.839700347] [frontier_explorer]: New frontier goal: (-9.51, -4.48)
[frontier_explorer-1] [INFO] [1783288950.833786627] [frontier_explorer]: New frontier goal: (-10.53, 4.51)
[frontier_explorer-1] [INFO] [1783288991.134302140] [frontier_explorer]: New frontier goal: (-10.99, 2.26)
[frontier_explorer-1] [INFO] [1783289003.206502036] [frontier_explorer]: No path to frontier goal (-5.03, 6.16), skipping
[frontier_explorer-1] [INFO] [1783289007.229760739] [frontier_explorer]: New frontier goal: (-10.88, 6.31)
[frontier_explorer-1] [INFO] [1783289019.332400853] [frontier_explorer]: New frontier goal: (-10.08, 6.71)
[frontier_explorer-1] [INFO] [1783289031.380346723] [frontier_explorer]: New frontier goal: (-8.18, 5.16)
[frontier_explorer-1] [INFO] [1783289047.496177552] [frontier_explorer]: New frontier goal: (-8.43, -6.44)
[frontier_explorer-1] [INFO] [1783289095.819145397] [frontier_explorer]: New frontier goal: (-7.49, -6.94)
[frontier_explorer-1] [INFO] [1783289107.895133928] [frontier_explorer]: New frontier goal: (-6.09, -5.29)
[frontier_explorer-1] [WARN] [1783289111.907617451] [frontier_explorer]: Frontier goal done but frontier survived at (-6.09, -5.29) - striking it
[frontier_explorer-1] [INFO] [1783289111.977205806] [frontier_explorer]: New frontier goal: (9.41, -2.49)
[frontier_explorer-1] [INFO] [1783289196.669336698] [frontier_explorer]: New frontier goal: (10.05, -5.82)
[frontier_explorer-1] [INFO] [1783289208.670553108] [frontier_explorer]: New frontier goal: (10.45, 5.53)
[frontier_explorer-1] [INFO] [1783289236.910642707] [frontier_explorer]: New frontier goal: (6.95, -6.62)
[frontier_explorer-1] [INFO] [1783289281.262426046] [frontier_explorer]: New frontier goal: (7.45, -5.22)
[frontier_explorer-1] [INFO] [1783289293.300359456] [frontier_explorer]: New frontier goal: (10.60, 1.73)
[frontier_explorer-1] [WARN] [1783289329.514622689] [frontier_explorer]: No progress for 32s - clearing costmaps and retrying goal (10.60, 1.73)
[frontier_explorer-1] [INFO] [1783289353.738249898] [frontier_explorer]: New frontier goal: (7.64, 2.93)
[frontier_explorer-1] [INFO] [1783289365.807167222] [frontier_explorer]: New frontier goal: (9.99, 6.63)
[frontier_explorer-1] [INFO] [1783289381.961084168] [frontier_explorer]: New frontier goal: (8.44, 6.98)
[frontier_explorer-1] [INFO] [1783289410.097905720] [frontier_explorer]: Exploration + sweep complete: camera coverage 29% (1397/4760 wall cells), items found: [] (0 confirmed, 0 seen)
[frontier_explorer-1] [INFO] [1783289410.132977655] [frontier_explorer]: Returning to initial pose...
[frontier_explorer-1] [INFO] [1783289482.073362602] [frontier_explorer]: Returned to initial pose.
[frontier_explorer-1] [INFO] [1783289482.107340938] [frontier_explorer]: Exploration finished.
[frontier_explorer-1] [INFO] [1783289486.084686447] [frontier_explorer]: Map saved to /ros2_ws/reports/collab/office_world_single/map
