[wsl-exp 10:04:42] backend=wsl:Ubuntu stack=hybrid world=office_world profile=realistic cap=25min out=reports/night/p1_post_s2001
[wsl-exp 10:04:42] syncing src/ and scripts/ into /home/smirn/leo_ws
[wsl-exp 10:04:43] colcon build (leo_nav2_exploration, leo_rover_gazebo)
Summary: 1 package finished [1.88s]
  1 package failed: leo_rover_gazebo
  1 package had stderr output: leo_rover_gazebo
[wsl-exp 10:04:46] killing any previous sim
[wsl-exp 10:04:50] cleanup: 0 ROS processes still alive
[wsl-exp 10:04:55] starting simulator (GPU, headless)
[wsl-exp 10:04:55] waiting for /leo1/scan
[wsl-exp 10:05:07] scan: average rate: 58.944
[wsl-exp 10:05:08] renderer: 10:05:04: GL_RENDERER = D3D12 (NVIDIA GeForce RTX 4060 Ti)
[wsl-exp 10:05:11] wheel-odometry model (message only) + gyro + EKF
[wsl-exp 10:05:26] overlay stack: sim_navigation.launch.py
[wsl-exp 10:05:26] waiting for Nav2 planner action
[wsl-exp 10:05:48] camera/points (with stack up): average rate: 5.030
[wsl-exp 10:05:52] scan_filtered: average rate: 10.010
[wsl-exp 10:05:52] starting recorders
[wsl-exp 10:05:55] starting costmap recorder
[wsl-exp 10:06:00] bootstrap jog
[wsl-exp 10:06:18] explorer launched; polling (cap 25 min)
[wsl-exp 10:22:21] explorer reports completion
[wsl-exp 10:22:28] saving map
[wsl-exp 10:22:29] flushing recorders
[wsl-exp 10:22:49] cleanup: 0 ROS processes still alive
[wsl-exp 10:22:51] done -> reports/night/p1_post_s2001
