[INFO] [launch]: All log files can be found below /root/.ros/log/2026-07-05-19-00-40-397966-d9ef2021094c-206
[INFO] [launch]: Default logging verbosity is set to INFO
[INFO] [async_slam_toolbox_node-1]: process started with pid [483]
[async_slam_toolbox_node-1] [INFO] [1783278041.038292280] [slam_toolbox]: Node using stack size 40000000
[async_slam_toolbox_node-1] [INFO] [1783278041.827443750] [slam_toolbox]: Using solver plugin solver_plugins::CeresSolver
[async_slam_toolbox_node-1] [INFO] [1783278041.828831420] [slam_toolbox]: CeresSolver: Using SCHUR_JACOBI preconditioner.
[async_slam_toolbox_node-1] [INFO] [1783278041.904579687] [slam_toolbox]: Message Filter dropping message: frame 'leo1/sensor_lidar_link' at time 6.233 for reason 'discarding message because the queue is full'
[async_slam_toolbox_node-1] [WARN] [1783278042.081695667] [slam_toolbox]: minimum laser range setting (0.0 m) exceeds the capabilities of the used Lidar (0.1 m)
[async_slam_toolbox_node-1] Registering sensor: [Custom Described Lidar]
[async_slam_toolbox_node-1] WARNING: Logging before InitGoogleLogging() is written to STDERR
[async_slam_toolbox_node-1] W0705 19:06:19.669538   483 preprocessor.cc:62] Specified options.num_threads: 50 exceeds maximum available from the threading model Ceres was compiled with: 28.  Bounding to maximum number available.
[async_slam_toolbox_node-1] W0705 19:06:20.082302   483 preprocessor.cc:62] Specified options.num_threads: 50 exceeds maximum available from the threading model Ceres was compiled with: 28.  Bounding to maximum number available.
[async_slam_toolbox_node-1] W0705 19:06:20.492729   483 preprocessor.cc:62] Specified options.num_threads: 50 exceeds maximum available from the threading model Ceres was compiled with: 28.  Bounding to maximum number available.
[async_slam_toolbox_node-1] W0705 19:06:20.946468   483 preprocessor.cc:62] Specified options.num_threads: 50 exceeds maximum available from the threading model Ceres was compiled with: 28.  Bounding to maximum number available.
[async_slam_toolbox_node-1] W0705 19:06:21.325855   483 preprocessor.cc:62] Specified options.num_threads: 50 exceeds maximum available from the threading model Ceres was compiled with: 28.  Bounding to maximum number available.
[async_slam_toolbox_node-1] W0705 19:06:21.743624   483 preprocessor.cc:62] Specified options.num_threads: 50 exceeds maximum available from the threading model Ceres was compiled with: 28.  Bounding to maximum number available.
[async_slam_toolbox_node-1] W0705 19:06:22.138556   483 preprocessor.cc:62] Specified options.num_threads: 50 exceeds maximum available from the threading model Ceres was compiled with: 28.  Bounding to maximum number available.
[async_slam_toolbox_node-1] W0705 19:06:22.559129   483 preprocessor.cc:62] Specified options.num_threads: 50 exceeds maximum available from the threading model Ceres was compiled with: 28.  Bounding to maximum number available.
[async_slam_toolbox_node-1] W0705 19:06:22.979807   483 preprocessor.cc:62] Specified options.num_threads: 50 exceeds maximum available from the threading model Ceres was compiled with: 28.  Bounding to maximum number available.
[async_slam_toolbox_node-1] W0705 19:06:23.390710   483 preprocessor.cc:62] Specified options.num_threads: 50 exceeds maximum available from the threading model Ceres was compiled with: 28.  Bounding to maximum number available.
[async_slam_toolbox_node-1] W0705 19:06:23.799852   483 preprocessor.cc:62] Specified options.num_threads: 50 exceeds maximum available from the threading model Ceres was compiled with: 28.  Bounding to maximum number available.
[async_slam_toolbox_node-1] W0705 19:06:24.215780   483 preprocessor.cc:62] Specified options.num_threads: 50 exceeds maximum available from the threading model Ceres was compiled with: 28.  Bounding to maximum number available.
[async_slam_toolbox_node-1] W0705 19:06:24.625080   483 preprocessor.cc:62] Specified options.num_threads: 50 exceeds maximum available from the threading model Ceres was compiled with: 28.  Bounding to maximum number available.
[async_slam_toolbox_node-1] W0705 19:06:25.055850   483 preprocessor.cc:62] Specified options.num_threads: 50 exceeds maximum available from the threading model Ceres was compiled with: 28.  Bounding to maximum number available.
[async_slam_toolbox_node-1] W0705 19:06:25.457283   483 preprocessor.cc:62] Specified options.num_threads: 50 exceeds maximum available from the threading model Ceres was compiled with: 28.  Bounding to maximum number available.
[async_slam_toolbox_node-1] W0705 19:06:25.859582   483 preprocessor.cc:62] Specified options.num_threads: 50 exceeds maximum available from the threading model Ceres was compiled with: 28.  Bounding to maximum number available.
[async_slam_toolbox_node-1] W0705 19:06:26.276947   483 preprocessor.cc:62] Specified options.num_threads: 50 exceeds maximum available from the threading model Ceres was compiled with: 28.  Bounding to maximum number available.
[async_slam_toolbox_node-1] W0705 19:06:26.312677   483 preprocessor.cc:62] Specified options.num_threads: 50 exceeds maximum available from the threading model Ceres was compiled with: 28.  Bounding to maximum number available.
[async_slam_toolbox_node-1] W0705 19:06:26.693161   483 preprocessor.cc:62] Specified options.num_threads: 50 exceeds maximum available from the threading model Ceres was compiled with: 28.  Bounding to maximum number available.
[async_slam_toolbox_node-1] W0705 19:06:27.120205   483 preprocessor.cc:62] Specified options.num_threads: 50 exceeds maximum available from the threading model Ceres was compiled with: 28.  Bounding to maximum number available.
[async_slam_toolbox_node-1] W0705 19:06:27.509316   483 preprocessor.cc:62] Specified options.num_threads: 50 exceeds maximum available from the threading model Ceres was compiled with: 28.  Bounding to maximum number available.
[async_slam_toolbox_node-1] W0705 19:06:27.948357   483 preprocessor.cc:62] Specified options.num_threads: 50 exceeds maximum available from the threading model Ceres was compiled with: 28.  Bounding to maximum number available.
[async_slam_toolbox_node-1] W0705 19:06:27.977598   483 preprocessor.cc:62] Specified options.num_threads: 50 exceeds maximum available from the threading model Ceres was compiled with: 28.  Bounding to maximum number available.
[async_slam_toolbox_node-1] W0705 19:06:28.360953   483 preprocessor.cc:62] Specified options.num_threads: 50 exceeds maximum available from the threading model Ceres was compiled with: 28.  Bounding to maximum number available.
[async_slam_toolbox_node-1] W0705 19:06:28.393680   483 preprocessor.cc:62] Specified options.num_threads: 50 exceeds maximum available from the threading model Ceres was compiled with: 28.  Bounding to maximum number available.
[async_slam_toolbox_node-1] W0705 19:06:28.786228   483 preprocessor.cc:62] Specified options.num_threads: 50 exceeds maximum available from the threading model Ceres was compiled with: 28.  Bounding to maximum number available.
[async_slam_toolbox_node-1] W0705 19:06:28.821066   483 preprocessor.cc:62] Specified options.num_threads: 50 exceeds maximum available from the threading model Ceres was compiled with: 28.  Bounding to maximum number available.
[async_slam_toolbox_node-1] W0705 19:06:29.200676   483 preprocessor.cc:62] Specified options.num_threads: 50 exceeds maximum available from the threading model Ceres was compiled with: 28.  Bounding to maximum number available.
[async_slam_toolbox_node-1] W0705 19:06:29.235203   483 preprocessor.cc:62] Specified options.num_threads: 50 exceeds maximum available from the threading model Ceres was compiled with: 28.  Bounding to maximum number available.
[async_slam_toolbox_node-1] W0705 19:06:29.612835   483 preprocessor.cc:62] Specified options.num_threads: 50 exceeds maximum available from the threading model Ceres was compiled with: 28.  Bounding to maximum number available.
[async_slam_toolbox_node-1] W0705 19:06:29.649823   483 preprocessor.cc:62] Specified options.num_threads: 50 exceeds maximum available from the threading model Ceres was compiled with: 28.  Bounding to maximum number available.
[async_slam_toolbox_node-1] W0705 19:06:30.041245   483 preprocessor.cc:62] Specified options.num_threads: 50 exceeds maximum available from the threading model Ceres was compiled with: 28.  Bounding to maximum number available.
[async_slam_toolbox_node-1] W0705 19:06:30.079099   483 preprocessor.cc:62] Specified options.num_threads: 50 exceeds maximum available from the threading model Ceres was compiled with: 28.  Bounding to maximum number available.
[async_slam_toolbox_node-1] W0705 19:06:30.471745   483 preprocessor.cc:62] Specified options.num_threads: 50 exceeds maximum available from the threading model Ceres was compiled with: 28.  Bounding to maximum number available.
[async_slam_toolbox_node-1] W0705 19:06:30.866633   483 preprocessor.cc:62] Specified options.num_threads: 50 exceeds maximum available from the threading model Ceres was compiled with: 28.  Bounding to maximum number available.
[async_slam_toolbox_node-1] W0705 19:06:31.305549   483 preprocessor.cc:62] Specified options.num_threads: 50 exceeds maximum available from the threading model Ceres was compiled with: 28.  Bounding to maximum number available.
[async_slam_toolbox_node-1] W0705 19:06:31.710481   483 preprocessor.cc:62] Specified options.num_threads: 50 exceeds maximum available from the threading model Ceres was compiled with: 28.  Bounding to maximum number available.
[async_slam_toolbox_node-1] W0705 19:06:32.120596   483 preprocessor.cc:62] Specified options.num_threads: 50 exceeds maximum available from the threading model Ceres was compiled with: 28.  Bounding to maximum number available.
[async_slam_toolbox_node-1] W0705 19:06:32.724591   483 preprocessor.cc:62] Specified options.num_threads: 50 exceeds maximum available from the threading model Ceres was compiled with: 28.  Bounding to maximum number available.
[async_slam_toolbox_node-1] W0705 19:06:33.152448   483 preprocessor.cc:62] Specified options.num_threads: 50 exceeds maximum available from the threading model Ceres was compiled with: 28.  Bounding to maximum number available.
[async_slam_toolbox_node-1] W0705 19:06:33.543272   483 preprocessor.cc:62] Specified options.num_threads: 50 exceeds maximum available from the threading model Ceres was compiled with: 28.  Bounding to maximum number available.
[async_slam_toolbox_node-1] W0705 19:06:33.973634   483 preprocessor.cc:62] Specified options.num_threads: 50 exceeds maximum available from the threading model Ceres was compiled with: 28.  Bounding to maximum number available.
[async_slam_toolbox_node-1] W0705 19:06:34.382863   483 preprocessor.cc:62] Specified options.num_threads: 50 exceeds maximum available from the threading model Ceres was compiled with: 28.  Bounding to maximum number available.
[async_slam_toolbox_node-1] W0705 19:06:34.845937   483 preprocessor.cc:62] Specified options.num_threads: 50 exceeds maximum available from the threading model Ceres was compiled with: 28.  Bounding to maximum number available.
[async_slam_toolbox_node-1] W0705 19:06:35.219870   483 preprocessor.cc:62] Specified options.num_threads: 50 exceeds maximum available from the threading model Ceres was compiled with: 28.  Bounding to maximum number available.
[async_slam_toolbox_node-1] W0705 19:06:35.637466   483 preprocessor.cc:62] Specified options.num_threads: 50 exceeds maximum available from the threading model Ceres was compiled with: 28.  Bounding to maximum number available.
[async_slam_toolbox_node-1] W0705 19:06:36.042734   483 preprocessor.cc:62] Specified options.num_threads: 50 exceeds maximum available from the threading model Ceres was compiled with: 28.  Bounding to maximum number available.
[async_slam_toolbox_node-1] W0705 19:06:36.461277   483 preprocessor.cc:62] Specified options.num_threads: 50 exceeds maximum available from the threading model Ceres was compiled with: 28.  Bounding to maximum number available.
[async_slam_toolbox_node-1] W0705 19:06:36.877302   483 preprocessor.cc:62] Specified options.num_threads: 50 exceeds maximum available from the threading model Ceres was compiled with: 28.  Bounding to maximum number available.
[async_slam_toolbox_node-1] W0705 19:06:38.684552   483 preprocessor.cc:62] Specified options.num_threads: 50 exceeds maximum available from the threading model Ceres was compiled with: 28.  Bounding to maximum number available.
[async_slam_toolbox_node-1] W0705 19:06:39.508704   483 preprocessor.cc:62] Specified options.num_threads: 50 exceeds maximum available from the threading model Ceres was compiled with: 28.  Bounding to maximum number available.
[async_slam_toolbox_node-1] W0705 19:06:40.130517   483 preprocessor.cc:62] Specified options.num_threads: 50 exceeds maximum available from the threading model Ceres was compiled with: 28.  Bounding to maximum number available.
[async_slam_toolbox_node-1] W0705 19:06:40.534906   483 preprocessor.cc:62] Specified options.num_threads: 50 exceeds maximum available from the threading model Ceres was compiled with: 28.  Bounding to maximum number available.
[async_slam_toolbox_node-1] W0705 19:06:40.976475   483 preprocessor.cc:62] Specified options.num_threads: 50 exceeds maximum available from the threading model Ceres was compiled with: 28.  Bounding to maximum number available.
[async_slam_toolbox_node-1] W0705 19:06:41.374974   483 preprocessor.cc:62] Specified options.num_threads: 50 exceeds maximum available from the threading model Ceres was compiled with: 28.  Bounding to maximum number available.
[async_slam_toolbox_node-1] W0705 19:06:41.773686   483 preprocessor.cc:62] Specified options.num_threads: 50 exceeds maximum available from the threading model Ceres was compiled with: 28.  Bounding to maximum number available.
[async_slam_toolbox_node-1] W0705 19:06:42.188270   483 preprocessor.cc:62] Specified options.num_threads: 50 exceeds maximum available from the threading model Ceres was compiled with: 28.  Bounding to maximum number available.
[async_slam_toolbox_node-1] W0705 19:06:42.609292   483 preprocessor.cc:62] Specified options.num_threads: 50 exceeds maximum available from the threading model Ceres was compiled with: 28.  Bounding to maximum number available.
[async_slam_toolbox_node-1] W0705 19:06:43.014448   483 preprocessor.cc:62] Specified options.num_threads: 50 exceeds maximum available from the threading model Ceres was compiled with: 28.  Bounding to maximum number available.
[async_slam_toolbox_node-1] W0705 19:06:43.625532   483 preprocessor.cc:62] Specified options.num_threads: 50 exceeds maximum available from the threading model Ceres was compiled with: 28.  Bounding to maximum number available.
[async_slam_toolbox_node-1] W0705 19:06:44.047554   483 preprocessor.cc:62] Specified options.num_threads: 50 exceeds maximum available from the threading model Ceres was compiled with: 28.  Bounding to maximum number available.
[async_slam_toolbox_node-1] W0705 19:06:44.890295   483 preprocessor.cc:62] Specified options.num_threads: 50 exceeds maximum available from the threading model Ceres was compiled with: 28.  Bounding to maximum number available.
[async_slam_toolbox_node-1] W0705 19:06:45.257179   483 preprocessor.cc:62] Specified options.num_threads: 50 exceeds maximum available from the threading model Ceres was compiled with: 28.  Bounding to maximum number available.
[async_slam_toolbox_node-1] W0705 19:06:45.664285   483 preprocessor.cc:62] Specified options.num_threads: 50 exceeds maximum available from the threading model Ceres was compiled with: 28.  Bounding to maximum number available.
[async_slam_toolbox_node-1] W0705 19:06:46.102978   483 preprocessor.cc:62] Specified options.num_threads: 50 exceeds maximum available from the threading model Ceres was compiled with: 28.  Bounding to maximum number available.
[async_slam_toolbox_node-1] W0705 19:06:47.105441   483 preprocessor.cc:62] Specified options.num_threads: 50 exceeds maximum available from the threading model Ceres was compiled with: 28.  Bounding to maximum number available.
[async_slam_toolbox_node-1] W0705 19:06:47.716869   483 preprocessor.cc:62] Specified options.num_threads: 50 exceeds maximum available from the threading model Ceres was compiled with: 28.  Bounding to maximum number available.
[async_slam_toolbox_node-1] W0705 19:06:48.552307   483 preprocessor.cc:62] Specified options.num_threads: 50 exceeds maximum available from the threading model Ceres was compiled with: 28.  Bounding to maximum number available.
[async_slam_toolbox_node-1] W0705 19:06:49.364032   483 preprocessor.cc:62] Specified options.num_threads: 50 exceeds maximum available from the threading model Ceres was compiled with: 28.  Bounding to maximum number available.
[async_slam_toolbox_node-1] W0705 19:08:24.278661   483 preprocessor.cc:62] Specified options.num_threads: 50 exceeds maximum available from the threading model Ceres was compiled with: 28.  Bounding to maximum number available.
[async_slam_toolbox_node-1] W0705 19:08:24.686661   483 preprocessor.cc:62] Specified options.num_threads: 50 exceeds maximum available from the threading model Ceres was compiled with: 28.  Bounding to maximum number available.
[async_slam_toolbox_node-1] W0705 19:08:25.124487   483 preprocessor.cc:62] Specified options.num_threads: 50 exceeds maximum available from the threading model Ceres was compiled with: 28.  Bounding to maximum number available.
[async_slam_toolbox_node-1] W0705 19:08:25.526698   483 preprocessor.cc:62] Specified options.num_threads: 50 exceeds maximum available from the threading model Ceres was compiled with: 28.  Bounding to maximum number available.
[async_slam_toolbox_node-1] W0705 19:08:30.186368   483 preprocessor.cc:62] Specified options.num_threads: 50 exceeds maximum available from the threading model Ceres was compiled with: 28.  Bounding to maximum number available.
[async_slam_toolbox_node-1] W0705 19:08:30.610283   483 preprocessor.cc:62] Specified options.num_threads: 50 exceeds maximum available from the threading model Ceres was compiled with: 28.  Bounding to maximum number available.
[async_slam_toolbox_node-1] W0705 19:09:19.607164   483 preprocessor.cc:62] Specified options.num_threads: 50 exceeds maximum available from the threading model Ceres was compiled with: 28.  Bounding to maximum number available.
[async_slam_toolbox_node-1] W0705 19:09:20.617017   483 preprocessor.cc:62] Specified options.num_threads: 50 exceeds maximum available from the threading model Ceres was compiled with: 28.  Bounding to maximum number available.
[async_slam_toolbox_node-1] W0705 19:09:21.655985   483 preprocessor.cc:62] Specified options.num_threads: 50 exceeds maximum available from the threading model Ceres was compiled with: 28.  Bounding to maximum number available.
[async_slam_toolbox_node-1] W0705 19:10:48.544996   483 preprocessor.cc:62] Specified options.num_threads: 50 exceeds maximum available from the threading model Ceres was compiled with: 28.  Bounding to maximum number available.
[async_slam_toolbox_node-1] W0705 19:10:51.441805   483 preprocessor.cc:62] Specified options.num_threads: 50 exceeds maximum available from the threading model Ceres was compiled with: 28.  Bounding to maximum number available.
[async_slam_toolbox_node-1] W0705 19:10:55.527062   483 preprocessor.cc:62] Specified options.num_threads: 50 exceeds maximum available from the threading model Ceres was compiled with: 28.  Bounding to maximum number available.
[async_slam_toolbox_node-1] W0705 19:10:56.050364   483 preprocessor.cc:62] Specified options.num_threads: 50 exceeds maximum available from the threading model Ceres was compiled with: 28.  Bounding to maximum number available.
[async_slam_toolbox_node-1] W0705 19:10:56.399197   483 preprocessor.cc:62] Specified options.num_threads: 50 exceeds maximum available from the threading model Ceres was compiled with: 28.  Bounding to maximum number available.
[async_slam_toolbox_node-1] W0705 19:14:02.033576   483 preprocessor.cc:62] Specified options.num_threads: 50 exceeds maximum available from the threading model Ceres was compiled with: 28.  Bounding to maximum number available.
[async_slam_toolbox_node-1] W0705 19:14:02.394120   483 preprocessor.cc:62] Specified options.num_threads: 50 exceeds maximum available from the threading model Ceres was compiled with: 28.  Bounding to maximum number available.
