[INFO] [launch]: All log files can be found below /home/smirn/.ros/log/2026-08-20-04-38-51-197547-Tornadosky-110068
[INFO] [launch]: Default logging verbosity is set to INFO
[INFO] [aruco_detector-1]: process started with pid [110069]
[aruco_detector-1] [INFO] [1787193531.805060140] [aruco_detector]: aruco_detector: dict=DICT_4X4_50 len=0.2 m image=/leo1/camera/image optical_frame=False map_frame=map cv2=4.5.4 allowed_ids=[1, 2, 3, 4, 5, 6, 7, 8]
[aruco_detector-1] [INFO] [1787193531.807056790] [aruco_detector]: frames=0 with_detections=0 confirmed=[] pending=[]
[aruco_detector-1] [INFO] [1787193531.981951687] [aruco_detector]: camera intrinsics: fx=554.4 fy=554.4 cx=320.0 cy=240.0 distortion=5 coeffs
[aruco_detector-1] [INFO] [1787193534.777184577] [aruco_detector]: frames=14 with_detections=0 confirmed=[] pending=[]
[aruco_detector-1] [INFO] [1787193544.790731319] [aruco_detector]: frames=64 with_detections=0 confirmed=[] pending=[]
[aruco_detector-1] [INFO] [1787193554.795199598] [aruco_detector]: frames=114 with_detections=34 confirmed=[] pending=[]
[aruco_detector-1] [INFO] [1787193564.795273582] [aruco_detector]: frames=164 with_detections=49 confirmed=[] pending=[]
[aruco_detector-1] [INFO] [1787193574.795279675] [aruco_detector]: frames=214 with_detections=49 confirmed=[] pending=[]
[aruco_detector-1] [INFO] [1787193584.794396085] [aruco_detector]: frames=264 with_detections=49 confirmed=[] pending=[]
[aruco_detector-1] [WARN] [1787193592.831096561] [aruco_detector]: no TF map <- leo1/sensor_camera_link: Lookup would require extrapolation into the future.  Requested time 127.800000 but the latest data is at time 127.785000, when looking up transform from frame [leo1/sensor_camera_link] to frame [map]
[aruco_detector-1] [INFO] [1787193594.835358133] [aruco_detector]: frames=315 with_detections=58 confirmed=[] pending=[4]
[aruco_detector-1] [WARN] [1787193600.825327818] [aruco_detector]: no TF map <- leo1/sensor_camera_link: Lookup would require extrapolation into the future.  Requested time 135.800000 but the latest data is at time 135.785000, when looking up transform from frame [leo1/sensor_camera_link] to frame [map]
[aruco_detector-1] [INFO] [1787193604.794797772] [aruco_detector]: frames=364 with_detections=63 confirmed=[] pending=[4]
[aruco_detector-1] [INFO] [1787193614.794010674] [aruco_detector]: frames=414 with_detections=75 confirmed=[] pending=[4]
[aruco_detector-1] [WARN] [1787193623.623854031] [aruco_detector]: no TF map <- leo1/sensor_camera_link: Lookup would require extrapolation into the future.  Requested time 158.600000 but the latest data is at time 158.585000, when looking up transform from frame [leo1/sensor_camera_link] to frame [map]
[aruco_detector-1] [INFO] [1787193625.055749012] [aruco_detector]: frames=465 with_detections=93 confirmed=[] pending=[4]
[aruco_detector-1] [WARN] [1787193628.638379316] [aruco_detector]: no TF map <- leo1/sensor_camera_link: Lookup would require extrapolation into the future.  Requested time 163.600000 but the latest data is at time 163.225000, when looking up transform from frame [leo1/sensor_camera_link] to frame [map]
[aruco_detector-1] [INFO] [1787193634.795991710] [aruco_detector]: frames=512 with_detections=120 confirmed=[] pending=[4]
[aruco_detector-1] [WARN] [1787193644.428581650] [aruco_detector]: no TF map <- leo1/sensor_camera_link: Lookup would require extrapolation into the future.  Requested time 179.400000 but the latest data is at time 179.385000, when looking up transform from frame [leo1/sensor_camera_link] to frame [map]
[aruco_detector-1] [INFO] [1787193645.041899657] [aruco_detector]: frames=563 with_detections=124 confirmed=[] pending=[4]
[aruco_detector-1] [WARN] [1787193649.627372492] [aruco_detector]: no TF map <- leo1/sensor_camera_link: Lookup would require extrapolation into the future.  Requested time 184.600000 but the latest data is at time 184.585000, when looking up transform from frame [leo1/sensor_camera_link] to frame [map]
[aruco_detector-1] [WARN] [1787193654.830773610] [aruco_detector]: no TF map <- leo1/sensor_camera_link: Lookup would require extrapolation into the future.  Requested time 189.800000 but the latest data is at time 189.785000, when looking up transform from frame [leo1/sensor_camera_link] to frame [map]
[aruco_detector-1] [INFO] [1787193655.035965213] [aruco_detector]: frames=613 with_detections=163 confirmed=[] pending=[4]
[aruco_detector-1] [INFO] [1787193664.794893427] [aruco_detector]: frames=662 with_detections=167 confirmed=[] pending=[4]
[aruco_detector-1] [INFO] [1787193674.793961059] [aruco_detector]: frames=712 with_detections=167 confirmed=[] pending=[4]
[aruco_detector-1] [INFO] [1787193684.793976409] [aruco_detector]: frames=762 with_detections=167 confirmed=[] pending=[4]
[aruco_detector-1] [INFO] [1787193694.794134735] [aruco_detector]: frames=812 with_detections=167 confirmed=[] pending=[4]
[aruco_detector-1] [INFO] [1787193704.793818972] [aruco_detector]: frames=862 with_detections=167 confirmed=[] pending=[4]
[aruco_detector-1] [INFO] [1787193714.793792987] [aruco_detector]: frames=912 with_detections=168 confirmed=[] pending=[4]
[aruco_detector-1] [INFO] [1787193724.793789678] [aruco_detector]: frames=962 with_detections=172 confirmed=[] pending=[4]
[aruco_detector-1] [WARN] [1787193730.626691479] [aruco_detector]: no TF map <- leo1/sensor_camera_link: Lookup would require extrapolation into the future.  Requested time 265.600000 but the latest data is at time 265.585000, when looking up transform from frame [leo1/sensor_camera_link] to frame [map]
[aruco_detector-1] [INFO] [1787193734.857991143] [aruco_detector]: frames=1013 with_detections=204 confirmed=[] pending=[4]
[aruco_detector-1] [WARN] [1787193736.024715037] [aruco_detector]: no TF map <- leo1/sensor_camera_link: Lookup would require extrapolation into the future.  Requested time 271.000000 but the latest data is at time 270.985000, when looking up transform from frame [leo1/sensor_camera_link] to frame [map]
[aruco_detector-1] [INFO] [1787193744.793931471] [aruco_detector]: frames=1062 with_detections=215 confirmed=[] pending=[4]
[aruco_detector-1] [INFO] [1787193754.793825471] [aruco_detector]: frames=1112 with_detections=215 confirmed=[] pending=[4]
[aruco_detector-1] [WARN] [1787193758.225488973] [aruco_detector]: no TF map <- leo1/sensor_camera_link: Lookup would require extrapolation into the future.  Requested time 293.200000 but the latest data is at time 293.185000, when looking up transform from frame [leo1/sensor_camera_link] to frame [map]
[aruco_detector-1] [WARN] [1787193763.237405076] [aruco_detector]: no TF map <- leo1/sensor_camera_link: Lookup would require extrapolation into the future.  Requested time 298.200000 but the latest data is at time 297.825000, when looking up transform from frame [leo1/sensor_camera_link] to frame [map]
[aruco_detector-1] [INFO] [1787193764.794231839] [aruco_detector]: frames=1161 with_detections=235 confirmed=[] pending=[4]
[aruco_detector-1] [WARN] [1787193769.229413677] [aruco_detector]: no TF map <- leo1/sensor_camera_link: Lookup would require extrapolation into the future.  Requested time 304.200000 but the latest data is at time 304.185000, when looking up transform from frame [leo1/sensor_camera_link] to frame [map]
[aruco_detector-1] [WARN] [1787193774.236258152] [aruco_detector]: no TF map <- leo1/sensor_camera_link: Lookup would require extrapolation into the future.  Requested time 309.200000 but the latest data is at time 308.825000, when looking up transform from frame [leo1/sensor_camera_link] to frame [map]
[aruco_detector-1] [INFO] [1787193775.053516571] [aruco_detector]: frames=1212 with_detections=250 confirmed=[] pending=[4]
[aruco_detector-1] [WARN] [1787193779.259689007] [aruco_detector]: no TF map <- leo1/sensor_camera_link: Lookup would require extrapolation into the future.  Requested time 314.200000 but the latest data is at time 312.685000, when looking up transform from frame [leo1/sensor_camera_link] to frame [map]
[aruco_detector-1] [WARN] [1787193784.295575768] [aruco_detector]: no TF map <- leo1/sensor_camera_link: Lookup would require extrapolation into the future.  Requested time 319.000000 but the latest data is at time 317.725000, when looking up transform from frame [leo1/sensor_camera_link] to frame [map]
[aruco_detector-1] [INFO] [1787193785.110785149] [aruco_detector]: frames=1253 with_detections=281 confirmed=[] pending=[4]
[aruco_detector-1] [WARN] [1787193789.403267583] [aruco_detector]: no TF map <- leo1/sensor_camera_link: Lookup would require extrapolation into the future.  Requested time 324.200000 but the latest data is at time 322.025000, when looking up transform from frame [leo1/sensor_camera_link] to frame [map]
[aruco_detector-1] [INFO] [1787193794.794102322] [aruco_detector]: frames=1300 with_detections=308 confirmed=[] pending=[4]
[aruco_detector-1] [INFO] [1787193804.794106543] [aruco_detector]: frames=1350 with_detections=308 confirmed=[] pending=[4]
[aruco_detector-1] [WARN] [1787193805.825789287] [aruco_detector]: no TF map <- leo1/sensor_camera_link: Lookup would require extrapolation into the future.  Requested time 340.800000 but the latest data is at time 340.785000, when looking up transform from frame [leo1/sensor_camera_link] to frame [map]
[aruco_detector-1] [WARN] [1787193810.869112623] [aruco_detector]: no TF map <- leo1/sensor_camera_link: Lookup would require extrapolation into the future.  Requested time 345.800000 but the latest data is at time 344.085000, when looking up transform from frame [leo1/sensor_camera_link] to frame [map]
[aruco_detector-1] [INFO] [1787193814.830791416] [aruco_detector]: frames=1401 with_detections=345 confirmed=[] pending=[4]
[aruco_detector-1] [WARN] [1787193816.024728120] [aruco_detector]: no TF map <- leo1/sensor_camera_link: Lookup would require extrapolation into the future.  Requested time 351.000000 but the latest data is at time 350.985000, when looking up transform from frame [leo1/sensor_camera_link] to frame [map]
[aruco_detector-1] [WARN] [1787193821.227928856] [aruco_detector]: no TF map <- leo1/sensor_camera_link: Lookup would require extrapolation into the future.  Requested time 356.200000 but the latest data is at time 356.185000, when looking up transform from frame [leo1/sensor_camera_link] to frame [map]
[aruco_detector-1] [INFO] [1787193824.794546191] [aruco_detector]: frames=1450 with_detections=369 confirmed=[] pending=[4]
[aruco_detector-1] [INFO] [1787193834.794523827] [aruco_detector]: frames=1500 with_detections=369 confirmed=[] pending=[4]
[aruco_detector-1] [WARN] [1787193836.830269854] [aruco_detector]: no TF map <- leo1/sensor_camera_link: Lookup would require extrapolation into the future.  Requested time 371.800000 but the latest data is at time 371.785000, when looking up transform from frame [leo1/sensor_camera_link] to frame [map]
[aruco_detector-1] [WARN] [1787193841.943319654] [aruco_detector]: no TF map <- leo1/sensor_camera_link: Lookup would require extrapolation into the future.  Requested time 376.800000 but the latest data is at time 375.585000, when looking up transform from frame [leo1/sensor_camera_link] to frame [map]
[aruco_detector-1] [INFO] [1787193845.201653160] [aruco_detector]: frames=1546 with_detections=406 confirmed=[] pending=[4]
[aruco_detector-1] [WARN] [1787193847.043127849] [aruco_detector]: no TF map <- leo1/sensor_camera_link: Lookup would require extrapolation into the future.  Requested time 381.800000 but the latest data is at time 380.885000, when looking up transform from frame [leo1/sensor_camera_link] to frame [map]
[aruco_detector-1] [WARN] [1787193852.043133898] [aruco_detector]: no TF map <- leo1/sensor_camera_link: Lookup would require extrapolation into the future.  Requested time 387.000000 but the latest data is at time 386.425000, when looking up transform from frame [leo1/sensor_camera_link] to frame [map]
[aruco_detector-1] [INFO] [1787193854.832946490] [aruco_detector]: frames=1592 with_detections=439 confirmed=[] pending=[4]
[aruco_detector-1] [WARN] [1787193857.226241794] [aruco_detector]: no TF map <- leo1/sensor_camera_link: Lookup would require extrapolation into the future.  Requested time 392.200000 but the latest data is at time 392.185000, when looking up transform from frame [leo1/sensor_camera_link] to frame [map]
[aruco_detector-1] [INFO] [1787193864.795040240] [aruco_detector]: frames=1641 with_detections=464 confirmed=[] pending=[4, 5]
[aruco_detector-1] [INFO] [1787193874.796315443] [aruco_detector]: frames=1691 with_detections=464 confirmed=[] pending=[4, 5]
[aruco_detector-1] [WARN] [1787193883.429412007] [aruco_detector]: no TF map <- leo1/sensor_camera_link: Lookup would require extrapolation into the future.  Requested time 418.400000 but the latest data is at time 418.385000, when looking up transform from frame [leo1/sensor_camera_link] to frame [map]
[aruco_detector-1] [INFO] [1787193885.063324261] [aruco_detector]: frames=1742 with_detections=473 confirmed=[] pending=[4, 5]
[aruco_detector-1] [WARN] [1787193888.541366776] [aruco_detector]: no TF map <- leo1/sensor_camera_link: Lookup would require extrapolation into the future.  Requested time 423.400000 but the latest data is at time 422.385000, when looking up transform from frame [leo1/sensor_camera_link] to frame [map]
[aruco_detector-1] [WARN] [1787193893.651748844] [aruco_detector]: no TF map <- leo1/sensor_camera_link: Lookup would require extrapolation into the future.  Requested time 428.600000 but the latest data is at time 427.485000, when looking up transform from frame [leo1/sensor_camera_link] to frame [map]
[aruco_detector-1] [INFO] [1787193894.796327776] [aruco_detector]: frames=1790 with_detections=520 confirmed=[] pending=[4, 5]
[aruco_detector-1] [INFO] [1787193904.796265863] [aruco_detector]: frames=1840 with_detections=520 confirmed=[] pending=[4, 5]
[aruco_detector-1] [INFO] [1787193914.795926398] [aruco_detector]: frames=1890 with_detections=520 confirmed=[] pending=[4, 5]
[aruco_detector-1] [INFO] [1787193924.795871484] [aruco_detector]: frames=1940 with_detections=520 confirmed=[] pending=[4, 5]
[aruco_detector-1] [INFO] [1787193934.796940813] [aruco_detector]: frames=1990 with_detections=520 confirmed=[] pending=[4, 5]
[aruco_detector-1] [INFO] [1787193944.796778380] [aruco_detector]: frames=2040 with_detections=520 confirmed=[] pending=[4, 5]
[aruco_detector-1] [INFO] [1787193954.796733498] [aruco_detector]: frames=2090 with_detections=520 confirmed=[] pending=[4, 5]
[aruco_detector-1] [INFO] [1787193964.796744225] [aruco_detector]: frames=2140 with_detections=520 confirmed=[] pending=[4, 5]
[aruco_detector-1] [WARN] [1787193968.829373240] [aruco_detector]: no TF map <- leo1/sensor_camera_link: Lookup would require extrapolation into the future.  Requested time 503.800000 but the latest data is at time 503.785000, when looking up transform from frame [leo1/sensor_camera_link] to frame [map]
[aruco_detector-1] [WARN] [1787193974.030627108] [aruco_detector]: no TF map <- leo1/sensor_camera_link: Lookup would require extrapolation into the future.  Requested time 509.000000 but the latest data is at time 508.985000, when looking up transform from frame [leo1/sensor_camera_link] to frame [map]
[aruco_detector-1] [INFO] [1787193975.038410647] [aruco_detector]: frames=2191 with_detections=546 confirmed=[] pending=[4, 5, 7]
[aruco_detector-1] [WARN] [1787193979.428651198] [aruco_detector]: no TF map <- leo1/sensor_camera_link: Lookup would require extrapolation into the future.  Requested time 514.400000 but the latest data is at time 514.385000, when looking up transform from frame [leo1/sensor_camera_link] to frame [map]
[aruco_detector-1] [INFO] [1787193984.796807151] [aruco_detector]: frames=2240 with_detections=565 confirmed=[] pending=[4, 5, 7]
[aruco_detector-1] [INFO] [1787193994.797800927] [aruco_detector]: frames=2290 with_detections=565 confirmed=[] pending=[4, 5, 7]
[aruco_detector-1] [WARN] [1787193995.230488222] [aruco_detector]: no TF map <- leo1/sensor_camera_link: Lookup would require extrapolation into the future.  Requested time 530.200000 but the latest data is at time 530.185000, when looking up transform from frame [leo1/sensor_camera_link] to frame [map]
[aruco_detector-1] [WARN] [1787194000.255609279] [aruco_detector]: no TF map <- leo1/sensor_camera_link: Lookup would require extrapolation into the future.  Requested time 535.200000 but the latest data is at time 534.225000, when looking up transform from frame [leo1/sensor_camera_link] to frame [map]
[aruco_detector-1] [INFO] [1787194004.797771285] [aruco_detector]: frames=2340 with_detections=600 confirmed=[] pending=[4, 5, 7]
[aruco_detector-1] [INFO] [1787194014.797720951] [aruco_detector]: frames=2390 with_detections=600 confirmed=[] pending=[4, 5, 7]
[aruco_detector-1] [INFO] [1787194024.798800675] [aruco_detector]: frames=2440 with_detections=600 confirmed=[] pending=[4, 5, 7]
[aruco_detector-1] [INFO] [1787194034.798552875] [aruco_detector]: frames=2490 with_detections=600 confirmed=[] pending=[4, 5, 7]
[aruco_detector-1] [INFO] [1787194044.798624749] [aruco_detector]: frames=2540 with_detections=600 confirmed=[] pending=[4, 5, 7]
[aruco_detector-1] [INFO] [1787194054.799889936] [aruco_detector]: frames=2590 with_detections=600 confirmed=[] pending=[4, 5, 7]
[aruco_detector-1] [INFO] [1787194064.799135948] [aruco_detector]: frames=2640 with_detections=600 confirmed=[] pending=[4, 5, 7]
[aruco_detector-1] [INFO] [1787194074.802324022] [aruco_detector]: frames=2690 with_detections=601 confirmed=[] pending=[4, 5, 7]
[aruco_detector-1] [WARN] [1787194081.448258392] [aruco_detector]: no TF map <- leo1/sensor_camera_link: Lookup would require extrapolation into the future.  Requested time 616.400000 but the latest data is at time 616.385000, when looking up transform from frame [leo1/sensor_camera_link] to frame [map]
[aruco_detector-1] [INFO] [1787194084.814630698] [aruco_detector]: frames=2740 with_detections=611 confirmed=[] pending=[4, 5, 7]
[aruco_detector-1] [INFO] [1787194094.813770385] [aruco_detector]: frames=2790 with_detections=611 confirmed=[] pending=[4, 5, 7]
[aruco_detector-1] [INFO] [1787194104.813848622] [aruco_detector]: frames=2840 with_detections=611 confirmed=[] pending=[4, 5, 7]
[aruco_detector-1] [INFO] [1787194114.814991117] [aruco_detector]: frames=2890 with_detections=611 confirmed=[] pending=[4, 5, 7]
[aruco_detector-1] [INFO] [1787194124.815006797] [aruco_detector]: frames=2940 with_detections=611 confirmed=[] pending=[4, 5, 7]
[aruco_detector-1] [INFO] [1787194134.814832721] [aruco_detector]: frames=2990 with_detections=611 confirmed=[] pending=[4, 5, 7]
[aruco_detector-1] [INFO] [1787194144.818164922] [aruco_detector]: frames=3040 with_detections=611 confirmed=[] pending=[4, 5, 7]
[aruco_detector-1] [INFO] [1787194154.818219553] [aruco_detector]: frames=3090 with_detections=611 confirmed=[] pending=[4, 5, 7]
[aruco_detector-1] [INFO] [1787194164.817848061] [aruco_detector]: frames=3140 with_detections=611 confirmed=[] pending=[4, 5, 7]
[aruco_detector-1] [INFO] [1787194174.818075327] [aruco_detector]: frames=3190 with_detections=611 confirmed=[] pending=[4, 5, 7]
[aruco_detector-1] [INFO] [1787194184.817589928] [aruco_detector]: frames=3240 with_detections=611 confirmed=[] pending=[4, 5, 7]
[aruco_detector-1] [INFO] [1787194194.817652646] [aruco_detector]: frames=3290 with_detections=611 confirmed=[] pending=[4, 5, 7]
[aruco_detector-1] [INFO] [1787194204.818029907] [aruco_detector]: frames=3340 with_detections=611 confirmed=[] pending=[4, 5, 7]
[aruco_detector-1] [INFO] [1787194214.817474882] [aruco_detector]: frames=3390 with_detections=611 confirmed=[] pending=[4, 5, 7]
[aruco_detector-1] [INFO] [1787194224.817381210] [aruco_detector]: frames=3440 with_detections=611 confirmed=[] pending=[4, 5, 7]
[aruco_detector-1] [INFO] [1787194234.818107066] [aruco_detector]: frames=3490 with_detections=611 confirmed=[] pending=[4, 5, 7]
[aruco_detector-1] [INFO] [1787194244.817779743] [aruco_detector]: frames=3540 with_detections=611 confirmed=[] pending=[4, 5, 7]
[aruco_detector-1] [INFO] [1787194254.817800015] [aruco_detector]: frames=3590 with_detections=611 confirmed=[] pending=[4, 5, 7]
[aruco_detector-1] [INFO] [1787194264.817827319] [aruco_detector]: frames=3640 with_detections=611 confirmed=[] pending=[4, 5, 7]
[aruco_detector-1] [INFO] [1787194274.817703672] [aruco_detector]: frames=3690 with_detections=611 confirmed=[] pending=[4, 5, 7]
[aruco_detector-1] [INFO] [1787194284.836980326] [aruco_detector]: frames=3740 with_detections=611 confirmed=[] pending=[4, 5, 7]
[aruco_detector-1] [INFO] [1787194294.836920991] [aruco_detector]: frames=3790 with_detections=611 confirmed=[] pending=[4, 5, 7]
