[wsl-exp 04:37:27] backend=wsl:Ubuntu stack=hybrid world=office_world profile=realistic cap=30min out=reports/night/n21_nocam_s101
[wsl-exp 04:37:27] syncing src/ and scripts/ into /home/smirn/leo_ws
[wsl-exp 04:37:28] colcon build (leo_nav2_exploration, leo_rover_gazebo)
Summary: 1 package finished [1.70s]
  1 package failed: leo_rover_gazebo
  1 package had stderr output: leo_rover_gazebo
[wsl-exp 04:37:30] killing any previous sim
[wsl-exp 04:37:34] cleanup: 0 ROS processes still alive
[wsl-exp 04:37:39] starting simulator (GPU, headless)
[wsl-exp 04:37:40] waiting for /leo1/scan
[wsl-exp 04:37:52] scan: average rate: 58.204
[wsl-exp 04:37:52] renderer: 04:37:48: GL_RENDERER = D3D12 (NVIDIA GeForce RTX 4060 Ti)
[wsl-exp 04:37:55] wheel-odometry model (message only) + gyro + EKF
[wsl-exp 04:38:10] overlay stack: sim_navigation.launch.py
[wsl-exp 04:38:11] waiting for Nav2 planner action
[wsl-exp 04:38:44] camera/points (with stack up): none
[wsl-exp 04:38:48] scan_filtered: average rate: 10.009
[wsl-exp 04:38:48] starting recorders
[wsl-exp 04:38:50] starting ArUco detector
[wsl-exp 04:38:56] bootstrap jog
[wsl-exp 04:39:14] explorer launched; polling (cap 30 min)
[wsl-exp 04:51:16] explorer reports completion
[wsl-exp 04:51:22] saving map
[wsl-exp 04:51:23] flushing recorders
[wsl-exp 04:51:43] cleanup: 0 ROS processes still alive
[wsl-exp 04:51:45] done -> reports/night/n21_nocam_s101
