[INFO] [launch]: All log files can be found below /home/smirn/.ros/log/2026-08-20-04-37-40-248858-Tornadosky-108513
[INFO] [launch]: Default logging verbosity is set to INFO
[INFO] [ign-1]: process started with pid [108515]
[INFO] [parameter_bridge-2]: process started with pid [108517]
[INFO] [robot_state_publisher-3]: process started with pid [108519]
[INFO] [parameter_bridge-4]: process started with pid [108521]
[INFO] [static_transform_publisher-5]: process started with pid [108523]
[static_transform_publisher-5] [WARN] [1787193460.342955548] []: Old-style arguments are deprecated; see --help for new-style arguments
[static_transform_publisher-5] [INFO] [1787193460.346982181] [gpu_lidar_tf_leo1]: Spinning until stopped - publishing transform
[static_transform_publisher-5] translation: ('0.000000', '0.000000', '0.000000')
[static_transform_publisher-5] rotation: ('0.000000', '0.000000', '0.000000', '1.000000')
[static_transform_publisher-5] from 'leo1/sensor_lidar_link' to 'leo1/base_footprint/gpu_lidar'
[parameter_bridge-4] [INFO] [1787193460.362577507] [leo1.bridge_leo1]: Creating GZ->ROS Bridge: [/leo1/scan (gz.msgs.LaserScan) -> /leo1/scan (sensor_msgs/msg/LaserScan)] (Lazy 0)
[robot_state_publisher-3] [INFO] [1787193460.362811045] [leo1.robot_state_publisher]: got segment leo1/antenna_link
[robot_state_publisher-3] [INFO] [1787193460.362849189] [leo1.robot_state_publisher]: got segment leo1/base_footprint
[robot_state_publisher-3] [INFO] [1787193460.362853592] [leo1.robot_state_publisher]: got segment leo1/base_link
[robot_state_publisher-3] [INFO] [1787193460.362856183] [leo1.robot_state_publisher]: got segment leo1/camera_frame
[robot_state_publisher-3] [INFO] [1787193460.362858711] [leo1.robot_state_publisher]: got segment leo1/camera_optical_frame
[robot_state_publisher-3] [INFO] [1787193460.362861232] [leo1.robot_state_publisher]: got segment leo1/imu_frame
[robot_state_publisher-3] [INFO] [1787193460.362863692] [leo1.robot_state_publisher]: got segment leo1/rocker_L_link
[robot_state_publisher-3] [INFO] [1787193460.362866115] [leo1.robot_state_publisher]: got segment leo1/rocker_R_link
[robot_state_publisher-3] [INFO] [1787193460.362868405] [leo1.robot_state_publisher]: got segment leo1/sensor_camera_link
[robot_state_publisher-3] [INFO] [1787193460.362870899] [leo1.robot_state_publisher]: got segment leo1/sensor_imu_link
[robot_state_publisher-3] [INFO] [1787193460.362873325] [leo1.robot_state_publisher]: got segment leo1/sensor_lidar_link
[robot_state_publisher-3] [INFO] [1787193460.362875695] [leo1.robot_state_publisher]: got segment leo1/wheel_FL_link
[robot_state_publisher-3] [INFO] [1787193460.362878021] [leo1.robot_state_publisher]: got segment leo1/wheel_FR_link
[robot_state_publisher-3] [INFO] [1787193460.362880382] [leo1.robot_state_publisher]: got segment leo1/wheel_RL_link
[robot_state_publisher-3] [INFO] [1787193460.362882651] [leo1.robot_state_publisher]: got segment leo1/wheel_RR_link
[parameter_bridge-4] [INFO] [1787193460.363259237] [leo1.bridge_leo1]: Creating GZ->ROS Bridge: [/leo1/imu/data (gz.msgs.IMU) -> /leo1/imu/data (sensor_msgs/msg/Imu)] (Lazy 0)
[parameter_bridge-4] [INFO] [1787193460.363520582] [leo1.bridge_leo1]: Creating GZ->ROS Bridge: [/leo1/odom (gz.msgs.Odometry) -> /leo1/odom (nav_msgs/msg/Odometry)] (Lazy 0)
[parameter_bridge-4] [INFO] [1787193460.363904193] [leo1.bridge_leo1]: Creating ROS->GZ Bridge: [/leo1/cmd_vel (geometry_msgs/msg/Twist) -> /leo1/cmd_vel (gz.msgs.Twist)] (Lazy 0)
[parameter_bridge-2] [INFO] [1787193460.363388261] [clock_bridge]: Creating GZ->ROS Bridge: [/clock (gz.msgs.Clock) -> /clock (rosgraph_msgs/msg/Clock)] (Lazy 0)
[parameter_bridge-4] [INFO] [1787193460.364197678] [leo1.bridge_leo1]: Creating GZ->ROS Bridge: [/leo1/camera/image (gz.msgs.Image) -> /leo1/camera/image (sensor_msgs/msg/Image)] (Lazy 0)
[parameter_bridge-4] [INFO] [1787193460.364370352] [leo1.bridge_leo1]: Creating GZ->ROS Bridge: [/leo1/camera/camera_info (gz.msgs.CameraInfo) -> /leo1/camera/camera_info (sensor_msgs/msg/CameraInfo)] (Lazy 0)
[parameter_bridge-4] [INFO] [1787193460.364550836] [leo1.bridge_leo1]: Creating GZ->ROS Bridge: [/leo1/camera/points (gz.msgs.PointCloudPacked) -> /leo1/camera/points (sensor_msgs/msg/PointCloud2)] (Lazy 0)
[parameter_bridge-4] [INFO] [1787193460.364724300] [leo1.bridge_leo1]: Creating GZ->ROS Bridge: [/model/leo1/pose (gz.msgs.Pose) -> /model/leo1/pose (geometry_msgs/msg/Pose)] (Lazy 0)
[parameter_bridge-4] [INFO] [1787193460.364923720] [leo1.bridge_leo1]: Creating GZ->ROS Bridge: [/model/leo1/tf (gz.msgs.Pose_V) -> /model/leo1/tf (tf2_msgs/msg/TFMessage)] (Lazy 0)
[parameter_bridge-4] [INFO] [1787193460.365270809] [leo1.bridge_leo1]: Creating GZ->ROS Bridge: [/leo1/joint_states (gz.msgs.Model) -> /leo1/joint_states (sensor_msgs/msg/JointState)] (Lazy 0)
[INFO] [create-6]: process started with pid [108782]
[create-6] [INFO] [1787193468.357820238] [spawn_leo1]: Requesting list of world names.
[create-6] [INFO] [1787193468.560984033] [spawn_leo1]: Waiting messages on topic [/leo1/robot_description].
[create-6] [INFO] [1787193468.565127190] [spawn_leo1]: Requested creation of entity.
[create-6] [INFO] [1787193468.565157685] [spawn_leo1]: OK creation of entity.
[INFO] [create-6]: process has finished cleanly [pid 108782]
[parameter_bridge-4] [INFO] [1787193491.305294892] [leo1.bridge_leo1]: Passing message from ROS geometry_msgs/msg/Twist to Gazebo gz.msgs.Twist (showing msg only once per type)
[ERROR] [robot_state_publisher-3]: process has died [pid 108519, exit code -9, cmd '/opt/ros/humble/lib/robot_state_publisher/robot_state_publisher --ros-args -r __node:=robot_state_publisher -r __ns:=/leo1 --params-file /tmp/launch_params_o_pmxsu7 -r /tf:=/tf -r tf_static:=/tf_static'].
[ERROR] [parameter_bridge-2]: process has died [pid 108517, exit code -9, cmd '/opt/ros/humble/lib/ros_gz_bridge/parameter_bridge /clock@rosgraph_msgs/msg/Clock[gz.msgs.Clock --ros-args -r __node:=clock_bridge --params-file /tmp/launch_params__xkwtqsx'].
[ERROR] [static_transform_publisher-5]: process has died [pid 108523, exit code -9, cmd '/opt/ros/humble/lib/tf2_ros/static_transform_publisher 0 0 0 0 0 0 leo1/sensor_lidar_link leo1/base_footprint/gpu_lidar --ros-args -r __node:=gpu_lidar_tf_leo1 --params-file /tmp/launch_params_29beceeg'].
[ERROR] [parameter_bridge-4]: process has died [pid 108521, exit code -9, cmd '/opt/ros/humble/lib/ros_gz_bridge/parameter_bridge /leo1/scan@sensor_msgs/msg/LaserScan[gz.msgs.LaserScan /leo1/imu/data@sensor_msgs/msg/Imu[gz.msgs.IMU /leo1/odom@nav_msgs/msg/Odometry[gz.msgs.Odometry /leo1/cmd_vel@geometry_msgs/msg/Twist]gz.msgs.Twist /leo1/camera/image@sensor_msgs/msg/Image[gz.msgs.Image /leo1/camera/camera_info@sensor_msgs/msg/CameraInfo[gz.msgs.CameraInfo /leo1/camera/points@sensor_msgs/msg/PointCloud2[gz.msgs.PointCloudPacked /model/leo1/pose@geometry_msgs/msg/Pose[gz.msgs.Pose /model/leo1/tf@tf2_msgs/msg/TFMessage[gz.msgs.Pose_V /leo1/joint_states@sensor_msgs/msg/JointState[gz.msgs.Model --ros-args -r __node:=bridge_leo1 -r __ns:=/leo1 --params-file /tmp/launch_params_ti4zi1rs -r /model/leo1/tf:=/leo1/tf_ground_truth'].
