[INFO] [launch]: All log files can be found below /root/.ros/log/2026-07-05-10-18-58-152380-2927a9b9cd95-697
[INFO] [launch]: Default logging verbosity is set to INFO
[INFO] [frontier_explorer-1]: process started with pid [803]
[INFO] [mock_aruco_detector-2]: process started with pid [805]
[mock_aruco_detector-2] [INFO] [1783246740.945059179] [mock_aruco_detector]: Mock detector: 8 ground-truth markers
[frontier_explorer-1] [INFO] [1783246741.271929162] [frontier_explorer]: Frontier explorer up for "leo1" (base_frame=leo1/base_link)
[frontier_explorer-1] [WARN] [1783246741.507273279] [frontier_explorer]: Watchdog: work exists but no goal active and robot stationary - clearing costmaps
[frontier_explorer-1] [INFO] [1783246742.072532358] [frontier_explorer]: Initial pose recorded: (-0.00, 0.00)
[frontier_explorer-1] [INFO] [1783246742.138937880] [frontier_explorer]: New frontier goal: (0.17, -0.47)
[frontier_explorer-1] [INFO] [1783246751.276756001] [frontier_explorer]: New frontier goal: (-1.63, 0.03)
[frontier_explorer-1] [INFO] [1783246763.609278562] [frontier_explorer]: No path to frontier goal (0.35, 4.43), skipping
[frontier_explorer-1] [INFO] [1783246767.592378669] [frontier_explorer]: New frontier goal: (-7.65, -0.29)
[frontier_explorer-1] [INFO] [1783246780.744206315] [frontier_explorer]: New frontier goal: (-8.55, -0.37)
[frontier_explorer-1] [INFO] [1783246792.920228987] [frontier_explorer]: New frontier goal: (0.80, 4.33)
[frontier_explorer-1] [WARN] [1783246796.512199848] [frontier_explorer]: frontier goal failed (status 6), blacklisted (0.80, 4.33)
[frontier_explorer-1] [INFO] [1783246796.973947784] [frontier_explorer]: New frontier goal: (9.05, 0.46)
[frontier_explorer-1] [INFO] [1783246809.007591602] [frontier_explorer]: New frontier goal: (-8.45, -2.04)
[frontier_explorer-1] [INFO] [1783246822.180386981] [frontier_explorer]: New frontier goal: (1.60, 5.16)
[frontier_explorer-1] [INFO] [1783246843.479710908] [frontier_explorer]: New frontier goal: (2.30, 6.46)
[frontier_explorer-1] [INFO] [1783246855.450209758] [frontier_explorer]: New frontier goal: (-9.40, -2.29)
[frontier_explorer-1] [INFO] [1783246914.371951830] [frontier_explorer]: New frontier goal: (-10.11, -4.78)
[frontier_explorer-1] [INFO] [1783246926.255123863] [frontier_explorer]: New frontier goal: (-2.11, -6.13)
[frontier_explorer-1] [INFO] [1783246943.439749830] [frontier_explorer]: New frontier goal: (-4.96, -7.23)
[frontier_explorer-1] [INFO] [1783246955.511342896] [frontier_explorer]: New frontier goal: (-7.51, -6.88)
[frontier_explorer-1] [INFO] [1783246968.706901322] [frontier_explorer]: New frontier goal: (-9.06, 2.12)
[frontier_explorer-1] [INFO] [1783247010.081303592] [frontier_explorer]: New frontier goal: (-9.31, 3.27)
[frontier_explorer-1] [INFO] [1783247022.145103912] [frontier_explorer]: New frontier goal: (-7.61, 3.52)
[frontier_explorer-1] [INFO] [1783247035.306681193] [frontier_explorer]: New frontier goal: (-4.66, 6.82)
[frontier_explorer-1] [INFO] [1783247047.403324851] [frontier_explorer]: New frontier goal: (-9.81, 6.82)
[frontier_explorer-1] [INFO] [1783247053.404793210] [frontier_explorer]: Item candidate id=3 at (-7.99, 7.85) - queued for verification
[frontier_explorer-1] [INFO] [1783247055.922249998] [frontier_explorer]: Item id=3 CONFIRMED at (-8.00, 7.87) after 2 views
[frontier_explorer-1] [INFO] [1783247060.656618860] [frontier_explorer]: New frontier goal: (-10.61, 7.32)
[frontier_explorer-1] [INFO] [1783247072.692597263] [frontier_explorer]: New frontier goal: (-10.01, 4.87)
[frontier_explorer-1] [INFO] [1783247084.784326831] [frontier_explorer]: New frontier goal: (7.29, -1.50)
[frontier_explorer-1] [INFO] [1783247127.368680309] [frontier_explorer]: New frontier goal: (7.99, -1.69)
[frontier_explorer-1] [INFO] [1783247139.435820019] [frontier_explorer]: New frontier goal: (8.69, -1.79)
[frontier_explorer-1] [INFO] [1783247190.111501309] [frontier_explorer]: New frontier goal: (10.09, -2.79)
[frontier_explorer-1] [INFO] [1783247202.405324567] [frontier_explorer]: No path to frontier goal (10.04, -4.94), skipping
[frontier_explorer-1] [INFO] [1783247206.313327339] [frontier_explorer]: New frontier goal: (2.14, -5.09)
[frontier_explorer-1] [INFO] [1783247223.610844599] [frontier_explorer]: New frontier goal: (1.34, -6.04)
[frontier_explorer-1] [INFO] [1783247235.630905715] [frontier_explorer]: New frontier goal: (10.24, 4.36)
[frontier_explorer-1] [WARN] [1783247237.179104207] [frontier_explorer]: frontier goal failed (status 6), blacklisted (10.24, 4.36)
[frontier_explorer-1] [INFO] [1783247239.634113350] [frontier_explorer]: New frontier goal: (7.69, -6.59)
[frontier_explorer-1] [INFO] [1783247252.829095260] [frontier_explorer]: New frontier goal: (8.14, -7.34)
[frontier_explorer-1] [INFO] [1783247264.933174946] [frontier_explorer]: New frontier goal: (8.09, 2.56)
[frontier_explorer-1] [INFO] [1783247298.284153756] [frontier_explorer]: New frontier goal: (10.69, 4.81)
[frontier_explorer-1] [INFO] [1783247315.621184368] [frontier_explorer]: New frontier goal: (10.74, 3.76)
[frontier_explorer-1] [INFO] [1783247327.718266015] [frontier_explorer]: New frontier goal: (6.49, 4.76)
[frontier_explorer-1] [INFO] [1783247340.849865696] [frontier_explorer]: No path to frontier goal (4.94, 6.56), skipping
[frontier_explorer-1] [INFO] [1783247344.887781253] [frontier_explorer]: New frontier goal: (10.29, 6.46)
[frontier_explorer-1] [INFO] [1783247374.313590134] [frontier_explorer]: Item candidate id=5 at (11.89, 4.99) - queued for verification
[frontier_explorer-1] [INFO] [1783247378.292353193] [frontier_explorer]: New frontier goal: (8.74, 6.16)
[frontier_explorer-1] [INFO] [1783247390.382127946] [frontier_explorer]: New frontier goal: (10.89, 1.01)
[frontier_explorer-1] [INFO] [1783247405.075692821] [frontier_explorer]: Item id=5 CONFIRMED at (11.88, 5.01) after 2 views
[frontier_explorer-1] [INFO] [1783247437.084821398] [frontier_explorer]: Item candidate id=2 at (11.87, 0.48) - queued for verification
[frontier_explorer-1] [INFO] [1783247439.036488760] [frontier_explorer]: Item id=2 CONFIRMED at (11.88, 0.50) after 2 views
[frontier_explorer-1] [WARN] [1783247482.696192905] [frontier_explorer]: No progress for 32s - clearing costmaps and retrying goal (10.89, 1.01)
[frontier_explorer-1] [WARN] [1783247520.325623548] [frontier_explorer]: Still no progress after costmap clear, blacklisting goal (10.89, 1.01)
[frontier_explorer-1] [INFO] [1783247524.410106535] [frontier_explorer]: Frontiers done - SWEEPING for camera coverage (35% of walls observed)
[frontier_explorer-1] [INFO] [1783247529.614562060] [frontier_explorer]: Sweep selection: gain=17 distance=0.3m turn=0.89rad utility=8.79
[frontier_explorer-1] [INFO] [1783247529.685976327] [frontier_explorer]: New sweep goal: (10.84, 0.42)
[frontier_explorer-1] [INFO] [1783247541.503297411] [frontier_explorer]: Sweep selection: gain=45 distance=2.6m turn=1.44rad utility=9.57
[frontier_explorer-1] [INFO] [1783247541.585251809] [frontier_explorer]: New sweep goal: (10.33, -2.24)
[frontier_explorer-1] [WARN] [1783247575.161022486] [frontier_explorer]: No progress for 32s - clearing costmaps and retrying goal (10.33, -2.24)
[frontier_explorer-1] [INFO] [1783247600.380839803] [frontier_explorer]: Sweep selection: gain=43 distance=1.7m turn=1.60rad utility=11.10
[frontier_explorer-1] [INFO] [1783247600.442297539] [frontier_explorer]: New sweep goal: (10.33, -3.84)
[frontier_explorer-1] [INFO] [1783247616.654348321] [frontier_explorer]: New frontiers - back to EXPLORING
[frontier_explorer-1] [INFO] [1783247616.729527614] [frontier_explorer]: New frontier goal: (10.89, 0.96)
[frontier_explorer-1] [WARN] [1783247671.371833854] [frontier_explorer]: No progress for 32s - clearing costmaps and retrying goal (10.89, 0.96)
[frontier_explorer-1] [WARN] [1783247696.835937657] [frontier_explorer]: Frontier goal done but frontier survived at (10.89, 0.96) - striking it
[frontier_explorer-1] [INFO] [1783247696.914710111] [frontier_explorer]: Frontiers done - SWEEPING for camera coverage (39% of walls observed)
[frontier_explorer-1] [INFO] [1783247700.493595010] [frontier_explorer]: Sweep selection: gain=28 distance=1.0m turn=0.87rad utility=10.69
[frontier_explorer-1] [INFO] [1783247700.565782122] [frontier_explorer]: New sweep goal: (10.94, 1.51)
[frontier_explorer-1] [WARN] [1783247734.392913946] [frontier_explorer]: No progress for 32s - clearing costmaps and retrying goal (10.94, 1.51)
[frontier_explorer-1] [WARN] [1783247777.379349579] [frontier_explorer]: Still no progress after costmap clear, blacklisting goal (10.94, 1.51)
[frontier_explorer-1] [INFO] [1783247785.532412963] [frontier_explorer]: Sweep selection: gain=35 distance=2.0m turn=2.43rad utility=7.31
[frontier_explorer-1] [INFO] [1783247785.618735481] [frontier_explorer]: New sweep goal: (10.85, 3.71)
[frontier_explorer-1] [WARN] [1783247805.630426458] [frontier_explorer]: Sweep goal done but target (8.94, 4.81) still unobserved - striking it
[frontier_explorer-1] [INFO] [1783247810.606123305] [frontier_explorer]: Sweep selection: gain=54 distance=4.6m turn=0.69rad utility=8.86
[frontier_explorer-1] [INFO] [1783247810.670462134] [frontier_explorer]: New sweep goal: (6.34, 4.21)
[frontier_explorer-1] [INFO] [1783247843.701163076] [frontier_explorer]: Sweep selection: gain=53 distance=1.0m turn=1.63rad utility=16.34
[frontier_explorer-1] [INFO] [1783247843.820205453] [frontier_explorer]: New sweep goal: (6.05, 3.11)
[frontier_explorer-1] [INFO] [1783247859.796047452] [frontier_explorer]: Sweep selection: gain=55 distance=3.1m turn=2.81rad utility=8.92
[frontier_explorer-1] [INFO] [1783247859.860119783] [frontier_explorer]: New sweep goal: (6.10, 6.36)
[frontier_explorer-1] [INFO] [1783247893.319149295] [frontier_explorer]: Sweep selection: gain=52 distance=2.7m turn=1.79rad utility=10.41
[frontier_explorer-1] [INFO] [1783247893.398521328] [frontier_explorer]: New sweep goal: (3.44, 5.71)
[frontier_explorer-1] [WARN] [1783247927.604045407] [frontier_explorer]: No progress for 32s - clearing costmaps and retrying goal (3.44, 5.71)
[frontier_explorer-1] [INFO] [1783248014.868785384] [frontier_explorer]: Sweep selection: gain=48 distance=1.3m turn=1.46rad utility=13.94
[frontier_explorer-1] [INFO] [1783248014.927191839] [frontier_explorer]: New sweep goal: (2.09, 6.35)
[frontier_explorer-1] [INFO] [1783248032.151080293] [frontier_explorer]: Sweep selection: gain=47 distance=2.8m turn=1.05rad utility=10.17
[frontier_explorer-1] [INFO] [1783248032.219730928] [frontier_explorer]: New sweep goal: (-0.51, 6.70)
[frontier_explorer-1] [INFO] [1783248052.281994393] [frontier_explorer]: Sweep selection: gain=47 distance=1.5m turn=0.62rad utility=16.01
[frontier_explorer-1] [INFO] [1783248052.343192652] [frontier_explorer]: New sweep goal: (-1.66, 7.16)
[frontier_explorer-1] [INFO] [1783248065.643871749] [frontier_explorer]: Sweep selection: gain=48 distance=1.1m turn=1.01rad utility=16.78
[frontier_explorer-1] [INFO] [1783248065.701237455] [frontier_explorer]: New sweep goal: (-2.30, 6.31)
[frontier_explorer-1] [INFO] [1783248067.433952273] [frontier_explorer]: Item candidate id=4 at (-3.89, 5.02) - queued for verification
[frontier_explorer-1] [INFO] [1783248068.947924146] [frontier_explorer]: Item id=4 CONFIRMED at (-3.89, 5.00) after 2 views
[frontier_explorer-1] [INFO] [1783248077.737739677] [frontier_explorer]: Sweep selection: gain=53 distance=2.9m turn=1.41rad utility=10.77
[frontier_explorer-1] [INFO] [1783248077.798538229] [frontier_explorer]: New sweep goal: (-1.95, 3.61)
[frontier_explorer-1] [WARN] [1783248126.018992324] [frontier_explorer]: No progress for 32s - clearing costmaps and retrying goal (-1.95, 3.61)
[frontier_explorer-1] [WARN] [1783248163.729881995] [frontier_explorer]: Still no progress after costmap clear, blacklisting goal (-1.95, 3.61)
[frontier_explorer-1] [WARN] [1783248167.773166990] [frontier_explorer]: Sweep goal done but target (-3.86, 2.51) still unobserved - striking it
[frontier_explorer-1] [INFO] [1783248170.436086282] [frontier_explorer]: Sweep selection: gain=49 distance=4.2m turn=1.44rad utility=7.76
[frontier_explorer-1] [INFO] [1783248170.539677866] [frontier_explorer]: New sweep goal: (1.98, 2.81)
[frontier_explorer-1] [INFO] [1783248199.799297556] [frontier_explorer]: Sweep selection: gain=52 distance=4.6m turn=1.67rad utility=7.62
[frontier_explorer-1] [INFO] [1783248199.871624536] [frontier_explorer]: New sweep goal: (1.35, -1.64)
[frontier_explorer-1] [INFO] [1783248226.786604201] [frontier_explorer]: New frontiers - back to EXPLORING
[frontier_explorer-1] [WARN] [1783248260.264483985] [frontier_explorer]: No progress for 32s - clearing costmaps and retrying goal (1.35, -1.64)
[frontier_explorer-1] [WARN] [1783248311.339893210] [frontier_explorer]: Still no progress after costmap clear, blacklisting goal (1.35, -1.64)
[frontier_explorer-1] [INFO] [1783248315.431884097] [frontier_explorer]: New frontier goal: (-9.36, 1.06)
[frontier_explorer-1] [WARN] [1783248352.961678790] [frontier_explorer]: No progress for 32s - clearing costmaps and retrying goal (-9.36, 1.06)
[frontier_explorer-1] [INFO] [1783248415.981428799] [frontier_explorer]: Item candidate id=1 at (-11.87, -0.01) - queued for verification
[frontier_explorer-1] [INFO] [1783248428.104629105] [frontier_explorer]: Verifying item id=1: viewpoint (-9.77, -0.01)
[frontier_explorer-1] [INFO] [1783248428.166539846] [frontier_explorer]: New verify goal: (-9.77, -0.01)
[frontier_explorer-1] [INFO] [1783248430.121148093] [frontier_explorer]: Item id=1 CONFIRMED at (-11.89, 0.01) after 2 views
[frontier_explorer-1] [INFO] [1783248432.185583622] [frontier_explorer]: Frontiers done - SWEEPING for camera coverage (53% of walls observed)
[frontier_explorer-1] [INFO] [1783248437.001110037] [frontier_explorer]: Sweep selection: gain=28 distance=0.1m turn=1.02rad utility=14.95
[frontier_explorer-1] [INFO] [1783248437.071126584] [frontier_explorer]: New sweep goal: (-9.46, 0.52)
[frontier_explorer-1] [WARN] [1783248443.567912087] [frontier_explorer]: Watchdog: work exists but no goal active and robot stationary - clearing costmaps
[frontier_explorer-1] [INFO] [1783248448.352581441] [frontier_explorer]: Sweep selection: gain=50 distance=2.7m turn=0.77rad utility=11.66
[frontier_explorer-1] [INFO] [1783248448.425390986] [frontier_explorer]: New sweep goal: (-10.30, -2.04)
[frontier_explorer-1] [WARN] [1783248483.202949879] [frontier_explorer]: No progress for 32s - clearing costmaps and retrying goal (-10.30, -2.04)
[frontier_explorer-1] [INFO] [1783248503.279125964] [frontier_explorer]: Sweep selection: gain=43 distance=1.4m turn=1.17rad utility=13.11
[frontier_explorer-1] [INFO] [1783248503.339553300] [frontier_explorer]: New sweep goal: (-10.65, -3.29)
[frontier_explorer-1] [INFO] [1783248507.169054939] [frontier_explorer]: Item candidate id=6 at (-11.91, -4.97) - queued for verification
[frontier_explorer-1] [INFO] [1783248509.178865101] [frontier_explorer]: Item id=6 CONFIRMED at (-11.89, -4.99) after 2 views
[frontier_explorer-1] [INFO] [1783248519.282474613] [frontier_explorer]: Sweep selection: gain=50 distance=2.7m turn=0.64rad utility=11.90
[frontier_explorer-1] [INFO] [1783248519.347137137] [frontier_explorer]: New sweep goal: (-11.46, -5.64)
[frontier_explorer-1] [INFO] [1783248540.882298082] [frontier_explorer]: Sweep selection: gain=42 distance=3.9m turn=2.17rad utility=6.43
[frontier_explorer-1] [INFO] [1783248540.942330469] [frontier_explorer]: New sweep goal: (-7.51, -6.66)
[frontier_explorer-1] [WARN] [1783248597.153011578] [frontier_explorer]: No progress for 32s - clearing costmaps and retrying goal (-7.51, -6.66)
[frontier_explorer-1] [WARN] [1783248634.581325955] [frontier_explorer]: Still no progress after costmap clear, blacklisting goal (-7.51, -6.66)
[frontier_explorer-1] [INFO] [1783248641.062139904] [frontier_explorer]: Sweep selection: gain=51 distance=5.1m turn=0.67rad utility=7.69
[frontier_explorer-1] [INFO] [1783248641.124889852] [frontier_explorer]: New sweep goal: (-4.41, -2.51)
[frontier_explorer-1] [INFO] [1783248665.628342032] [frontier_explorer]: Item candidate id=8 at (-3.00, -1.30) - queued for verification
[frontier_explorer-1] [INFO] [1783248667.642990023] [frontier_explorer]: Item id=8 CONFIRMED at (-3.00, -1.32) after 2 views
[frontier_explorer-1] [INFO] [1783248674.492573745] [frontier_explorer]: Sweep selection: gain=51 distance=2.3m turn=1.00rad utility=12.67
[frontier_explorer-1] [INFO] [1783248674.550915817] [frontier_explorer]: New sweep goal: (-2.26, -2.64)
[frontier_explorer-1] [INFO] [1783248691.666997183] [frontier_explorer]: Sweep selection: gain=27 distance=0.2m turn=1.31rad utility=12.54
[frontier_explorer-1] [INFO] [1783248691.725872523] [frontier_explorer]: New sweep goal: (-2.45, -2.49)
[frontier_explorer-1] [INFO] [1783248699.653077305] [frontier_explorer]: Sweep selection: gain=48 distance=2.3m turn=2.34rad utility=9.50
[frontier_explorer-1] [INFO] [1783248699.706026982] [frontier_explorer]: New sweep goal: (-1.66, -4.73)
[frontier_explorer-1] [INFO] [1783248725.137067610] [frontier_explorer]: Sweep selection: gain=55 distance=1.2m turn=1.40rad utility=17.09
[frontier_explorer-1] [INFO] [1783248725.199611216] [frontier_explorer]: New sweep goal: (-2.25, -5.63)
[frontier_explorer-1] [INFO] [1783248741.100233695] [frontier_explorer]: Sweep selection: gain=29 distance=0.8m turn=1.36rad utility=10.42
[frontier_explorer-1] [INFO] [1783248741.154698868] [frontier_explorer]: New sweep goal: (-1.45, -5.92)
[frontier_explorer-1] [INFO] [1783248754.634368848] [frontier_explorer]: Sweep selection: gain=48 distance=2.8m turn=1.04rad utility=10.60
[frontier_explorer-1] [INFO] [1783248754.732156810] [frontier_explorer]: New sweep goal: (1.05, -6.32)
[frontier_explorer-1] [WARN] [1783248790.458831503] [frontier_explorer]: No progress for 32s - clearing costmaps and retrying goal (1.05, -6.32)
[frontier_explorer-1] [WARN] [1783248863.771698724] [frontier_explorer]: Still no progress after costmap clear, blacklisting goal (1.05, -6.32)
[frontier_explorer-1] [WARN] [1783248867.865394142] [frontier_explorer]: Sweep goal done but target (1.95, -7.88) still unobserved - striking it
[frontier_explorer-1] [INFO] [1783248872.174325154] [frontier_explorer]: Sweep selection: gain=40 distance=2.0m turn=1.11rad utility=10.37
[frontier_explorer-1] [INFO] [1783248872.260768020] [frontier_explorer]: New sweep goal: (4.60, -3.18)
[frontier_explorer-1] [WARN] [1783248915.068594581] [frontier_explorer]: No progress for 32s - clearing costmaps and retrying goal (4.60, -3.18)
[frontier_explorer-1] [WARN] [1783248961.472232955] [frontier_explorer]: Still no progress after costmap clear, blacklisting goal (4.60, -3.18)
[frontier_explorer-1] [INFO] [1783248966.846775071] [frontier_explorer]: New frontiers - back to EXPLORING
[frontier_explorer-1] [INFO] [1783248966.942142102] [frontier_explorer]: New frontier goal: (11.40, 0.98)
[frontier_explorer-1] [WARN] [1783249050.171663507] [frontier_explorer]: Frontier goal done but frontier survived at (11.40, 0.98) - striking it
[frontier_explorer-1] [INFO] [1783249050.365699110] [frontier_explorer]: Frontiers done - SWEEPING for camera coverage (70% of walls observed)
[frontier_explorer-1] [INFO] [1783249054.572921149] [frontier_explorer]: Sweep selection: gain=51 distance=6.3m turn=2.09rad utility=5.75
[frontier_explorer-1] [INFO] [1783249054.888932562] [frontier_explorer]: New sweep goal: (11.40, -5.67)
[frontier_explorer-1] [WARN] [1783249131.849097606] [frontier_explorer]: No progress for 32s - clearing costmaps and retrying goal (11.40, -5.67)
[frontier_explorer-1] [WARN] [1783249257.716981782] [frontier_explorer]: Still no progress after costmap clear, blacklisting goal (11.40, -5.67)
[frontier_explorer-1] [INFO] [1783249263.810537558] [frontier_explorer]: Sweep selection: gain=29 distance=0.4m turn=0.66rad utility=15.36
[frontier_explorer-1] [INFO] [1783249263.921024885] [frontier_explorer]: New sweep goal: (11.10, -5.97)
[frontier_explorer-1] [INFO] [1783249271.704102061] [frontier_explorer]: Sweep selection: gain=46 distance=5.1m turn=1.72rad utility=6.24
[frontier_explorer-1] [INFO] [1783249271.819559906] [frontier_explorer]: New sweep goal: (6.05, -5.97)
[frontier_explorer-1] [INFO] [1783249297.459547955] [frontier_explorer]: Item candidate id=7 at (3.99, -7.89) - queued for verification
[frontier_explorer-1] [INFO] [1783249299.974204048] [frontier_explorer]: Item id=7 CONFIRMED at (3.98, -7.90) after 2 views
[frontier_explorer-1] [INFO] [1783249305.616376496] [frontier_explorer]: Sweep selection: gain=27 distance=0.2m turn=0.44rad utility=17.52
[frontier_explorer-1] [INFO] [1783249305.693187223] [frontier_explorer]: New sweep goal: (6.15, -6.07)
[frontier_explorer-1] [INFO] [1783249314.959359204] [frontier_explorer]: Sweep selection: gain=47 distance=3.0m turn=1.82rad utility=8.74
[frontier_explorer-1] [INFO] [1783249315.036343490] [frontier_explorer]: New sweep goal: (3.30, -5.97)
[frontier_explorer-1] [INFO] [1783249338.903759873] [frontier_explorer]: Sweep selection: gain=48 distance=1.5m turn=0.85rad utility=15.09
[frontier_explorer-1] [INFO] [1783249338.970028430] [frontier_explorer]: New sweep goal: (2.01, -6.22)
[frontier_explorer-1] [INFO] [1783249352.516206642] [frontier_explorer]: Sweep selection: gain=34 distance=1.3m turn=1.68rad utility=9.58
[frontier_explorer-1] [INFO] [1783249352.594317779] [frontier_explorer]: New sweep goal: (1.66, -5.02)
[frontier_explorer-1] [INFO] [1783249368.318738122] [frontier_explorer]: Sweep selection: gain=55 distance=11.0m turn=1.21rad utility=4.28
[frontier_explorer-1] [INFO] [1783249368.409930380] [frontier_explorer]: New sweep goal: (-6.30, 2.17)
[frontier_explorer-1] [WARN] [1783249417.886692383] [frontier_explorer]: No progress for 32s - clearing costmaps and retrying goal (-6.30, 2.17)
[frontier_explorer-1] [INFO] [1783249490.649346548] [frontier_explorer]: Sweep selection: gain=38 distance=1.8m turn=1.14rad utility=10.30
[frontier_explorer-1] [INFO] [1783249490.712009168] [frontier_explorer]: New sweep goal: (-5.66, 3.68)
[frontier_explorer-1] [INFO] [1783249508.389833515] [frontier_explorer]: Sweep selection: gain=36 distance=2.9m turn=1.54rad utility=7.09
[frontier_explorer-1] [INFO] [1783249508.482434925] [frontier_explorer]: New sweep goal: (-2.90, 3.53)
[frontier_explorer-1] [WARN] [1783249544.367519172] [frontier_explorer]: No progress for 32s - clearing costmaps and retrying goal (-2.90, 3.53)
[frontier_explorer-1] [WARN] [1783249625.139597262] [frontier_explorer]: Still no progress after costmap clear, blacklisting goal (-2.90, 3.53)
[frontier_explorer-1] [WARN] [1783249629.181769015] [frontier_explorer]: Sweep goal done but target (-2.90, 1.33) still unobserved - striking it
[frontier_explorer-1] [INFO] [1783249630.471665588] [frontier_explorer]: Sweep selection: gain=24 distance=0.1m turn=2.12rad utility=8.90
[frontier_explorer-1] [INFO] [1783249630.548591630] [frontier_explorer]: New sweep goal: (-2.70, 3.24)
[frontier_explorer-1] [WARN] [1783249643.358152933] [frontier_explorer]: Watchdog: work exists but no goal active and robot stationary - clearing costmaps
[frontier_explorer-1] [INFO] [1783249646.593344687] [frontier_explorer]: Sweep selection: gain=45 distance=7.4m turn=1.99rad utility=4.56
[frontier_explorer-1] [INFO] [1783249646.677332049] [frontier_explorer]: New sweep goal: (-9.99, 2.68)
[frontier_explorer-1] [WARN] [1783249746.326742083] [frontier_explorer]: No progress for 32s - clearing costmaps and retrying goal (-9.99, 2.68)
[frontier_explorer-1] [INFO] [1783249752.784031451] [frontier_explorer]: Sweep selection: gain=43 distance=4.1m turn=3.64rad utility=5.48
[frontier_explorer-1] [INFO] [1783249752.847474999] [frontier_explorer]: New sweep goal: (-10.00, 6.59)
[frontier_explorer-1] [WARN] [1783249814.959655729] [frontier_explorer]: No progress for 32s - clearing costmaps and retrying goal (-10.00, 6.59)
[frontier_explorer-1] [WARN] [1783249852.585608093] [frontier_explorer]: Still no progress after costmap clear, blacklisting goal (-10.00, 6.59)
[frontier_explorer-1] [WARN] [1783249854.593484913] [frontier_explorer]: Watchdog: work exists but no goal active and robot stationary - clearing costmaps
[frontier_explorer-1] [WARN] [1783249856.628853030] [frontier_explorer]: Sweep goal done but target (-9.30, 5.38) still unobserved - striking it
[frontier_explorer-1] [INFO] [1783249857.868450997] [frontier_explorer]: Sweep selection: gain=13 distance=6.6m turn=0.83rad utility=1.59
[frontier_explorer-1] [INFO] [1783249857.971119952] [frontier_explorer]: New sweep goal: (-3.55, 6.93)
[frontier_explorer-1] [WARN] [1783249894.292509993] [frontier_explorer]: No progress for 32s - clearing costmaps and retrying goal (-3.55, 6.93)
[frontier_explorer-1] [WARN] [1783249995.385842162] [frontier_explorer]: Still no progress after costmap clear, blacklisting goal (-3.55, 6.93)
[frontier_explorer-1] [INFO] [1783250001.777446394] [frontier_explorer]: Sweep selection: gain=18 distance=6.7m turn=3.16rad utility=1.78
[frontier_explorer-1] [INFO] [1783250001.855874776] [frontier_explorer]: New sweep goal: (1.70, 1.98)
[frontier_explorer-1] [INFO] [1783250051.497383740] [frontier_explorer]: Sweep selection: gain=24 distance=9.6m turn=0.74rad utility=2.16
[frontier_explorer-1] [INFO] [1783250051.630983914] [frontier_explorer]: New sweep goal: (10.04, 6.63)
[frontier_explorer-1] [WARN] [1783250088.265439330] [frontier_explorer]: No progress for 32s - clearing costmaps and retrying goal (10.04, 6.63)
[frontier_explorer-1] [WARN] [1783250143.322188258] [frontier_explorer]: Sweep goal done but target (11.95, 7.73) still unobserved - striking it
[frontier_explorer-1] [INFO] [1783250144.163029884] [frontier_explorer]: Sweep selection: gain=25 distance=12.9m turn=2.78rad utility=1.56
[frontier_explorer-1] [INFO] [1783250144.237414106] [frontier_explorer]: New sweep goal: (10.69, -6.47)
[frontier_explorer-1] [INFO] [1783250224.737978641] [frontier_explorer]: Sweep selection: gain=18 distance=3.4m turn=3.46rad utility=2.59
[frontier_explorer-1] [INFO] [1783250224.801600668] [frontier_explorer]: New sweep goal: (9.70, -3.07)
[frontier_explorer-1] [WARN] [1783250283.205551193] [frontier_explorer]: No progress for 32s - clearing costmaps and retrying goal (9.70, -3.07)
[frontier_explorer-1] [WARN] [1783250320.883157761] [frontier_explorer]: Still no progress after costmap clear, blacklisting goal (9.70, -3.07)
[frontier_explorer-1] [WARN] [1783250324.905171229] [frontier_explorer]: Sweep goal done but target (11.90, -3.07) still unobserved - striking it
[frontier_explorer-1] [INFO] [1783250325.612061246] [frontier_explorer]: Sweep selection: gain=21 distance=6.5m turn=0.66rad utility=2.62
[frontier_explorer-1] [INFO] [1783250325.723101538] [frontier_explorer]: New sweep goal: (4.15, -6.31)
[frontier_explorer-1] [INFO] [1783250359.092458119] [frontier_explorer]: Sweep selection: gain=17 distance=2.9m turn=1.26rad utility=3.51
[frontier_explorer-1] [INFO] [1783250359.152975668] [frontier_explorer]: New sweep goal: (1.45, -6.31)
[frontier_explorer-1] [INFO] [1783250380.596665865] [frontier_explorer]: Sweep selection: gain=17 distance=3.6m turn=1.48rad utility=2.97
[frontier_explorer-1] [INFO] [1783250380.697054959] [frontier_explorer]: New sweep goal: (-1.90, -5.96)
[frontier_explorer-1] [WARN] [1783250417.641501662] [frontier_explorer]: No progress for 32s - clearing costmaps and retrying goal (-1.90, -5.96)
[frontier_explorer-1] [WARN] [1783250539.909943953] [frontier_explorer]: Still no progress after costmap clear, blacklisting goal (-1.90, -5.96)
[frontier_explorer-1] [WARN] [1783250539.942253474] [frontier_explorer]: Watchdog: work exists but no goal active and robot stationary - clearing costmaps
[frontier_explorer-1] [INFO] [1783250544.550358286] [frontier_explorer]: Sweep selection: gain=27 distance=2.9m turn=1.88rad utility=5.08
[frontier_explorer-1] [INFO] [1783250544.611909664] [frontier_explorer]: New sweep goal: (-4.99, -5.92)
[frontier_explorer-1] [INFO] [1783250569.887501280] [frontier_explorer]: Sweep selection: gain=14 distance=5.2m turn=0.77rad utility=2.07
[frontier_explorer-1] [INFO] [1783250569.958506656] [frontier_explorer]: New sweep goal: (-9.70, -7.42)
[frontier_explorer-1] [INFO] [1783250607.531823335] [frontier_explorer]: Sweep selection: gain=18 distance=13.0m turn=4.35rad utility=1.05
[frontier_explorer-1] [INFO] [1783250607.631327162] [frontier_explorer]: New sweep goal: (2.30, -2.02)
[frontier_explorer-1] [INFO] [1783250721.947888583] [frontier_explorer]: Sweep selection: gain=17 distance=7.2m turn=3.03rad utility=1.62
[frontier_explorer-1] [INFO] [1783250722.024250841] [frontier_explorer]: New sweep goal: (9.70, -3.07)
[frontier_explorer-1] [INFO] [1783250771.555971026] [frontier_explorer]: Sweep selection: gain=12 distance=8.5m turn=3.25rad utility=1.01
[frontier_explorer-1] [INFO] [1783250771.629361454] [frontier_explorer]: New sweep goal: (5.95, 4.78)
[frontier_explorer-1] [WARN] [1783250867.903683981] [frontier_explorer]: No progress for 32s - clearing costmaps and retrying goal (5.95, 4.78)
[frontier_explorer-1] [WARN] [1783250905.561772254] [frontier_explorer]: Still no progress after costmap clear, blacklisting goal (5.95, 4.78)
[frontier_explorer-1] [WARN] [1783250907.561618350] [frontier_explorer]: Watchdog: work exists but no goal active and robot stationary - clearing costmaps
[frontier_explorer-1] [WARN] [1783250910.986899291] [frontier_explorer]: Sweep goal done but target (8.15, 4.78) still unobserved - striking it
[frontier_explorer-1] [INFO] [1783250911.474252517] [frontier_explorer]: Sweep selection: gain=13 distance=5.1m turn=2.11rad utility=1.68
[frontier_explorer-1] [INFO] [1783250911.557211017] [frontier_explorer]: New sweep goal: (1.70, 7.18)
[frontier_explorer-1] [WARN] [1783250948.661320563] [frontier_explorer]: No progress for 32s - clearing costmaps and retrying goal (1.70, 7.18)
[frontier_explorer-1] [INFO] [1783251008.292465173] [frontier_explorer]: Sweep selection: gain=12 distance=4.9m turn=0.93rad utility=1.83
[frontier_explorer-1] [INFO] [1783251008.374797828] [frontier_explorer]: New sweep goal: (5.95, 4.78)
[frontier_explorer-1] [WARN] [1783251053.589444595] [frontier_explorer]: No progress for 32s - clearing costmaps and retrying goal (5.95, 4.78)
[frontier_explorer-1] [WARN] [1783251130.223777549] [frontier_explorer]: Still no progress after costmap clear, blacklisting goal (5.95, 4.78)
[frontier_explorer-1] [WARN] [1783251130.262207049] [frontier_explorer]: Watchdog: work exists but no goal active and robot stationary - clearing costmaps
[frontier_explorer-1] [WARN] [1783251134.245738614] [frontier_explorer]: Sweep goal done but target (8.15, 4.78) still unobserved - striking it
[frontier_explorer-1] [INFO] [1783251134.665209687] [frontier_explorer]: Sweep selection: gain=16 distance=17.7m turn=2.70rad utility=0.77
[frontier_explorer-1] [INFO] [1783251134.750866541] [frontier_explorer]: New sweep goal: (-10.75, -0.62)
[frontier_explorer-1] [WARN] [1783251286.421175871] [frontier_explorer]: No progress for 32s - clearing costmaps and retrying goal (-10.75, -0.62)
[frontier_explorer-1] [WARN] [1783251324.178714159] [frontier_explorer]: Still no progress after costmap clear, blacklisting goal (-10.75, -0.62)
[frontier_explorer-1] [WARN] [1783251328.197116421] [frontier_explorer]: Sweep goal done but target (-10.75, 1.18) still unobserved - striking it
[frontier_explorer-1] [INFO] [1783251328.679891606] [frontier_explorer]: Sweep selection: gain=7 distance=4.3m turn=2.12rad utility=1.02
[frontier_explorer-1] [INFO] [1783251328.755113358] [frontier_explorer]: New sweep goal: (-11.66, 3.73)
[frontier_explorer-1] [WARN] [1783251413.006706579] [frontier_explorer]: No progress for 32s - clearing costmaps and retrying goal (-11.66, 3.73)
[frontier_explorer-1] [WARN] [1783251450.708383243] [frontier_explorer]: Still no progress after costmap clear, blacklisting goal (-11.66, 3.73)
[frontier_explorer-1] [WARN] [1783251454.752089959] [frontier_explorer]: Sweep goal done but target (-9.75, 4.83) still unobserved - striking it
[frontier_explorer-1] [INFO] [1783251455.158603174] [frontier_explorer]: Sweep selection: gain=15 distance=20.0m turn=3.64rad utility=0.63
[frontier_explorer-1] [INFO] [1783251455.252878142] [frontier_explorer]: New sweep goal: (8.55, 5.93)
[frontier_explorer-1] [WARN] [1783251618.936603156] [frontier_explorer]: No progress for 32s - clearing costmaps and retrying goal (8.55, 5.93)
[frontier_explorer-1] [WARN] [1783251656.654313904] [frontier_explorer]: Still no progress after costmap clear, blacklisting goal (8.55, 5.93)
[frontier_explorer-1] [WARN] [1783251656.690404740] [frontier_explorer]: Watchdog: work exists but no goal active and robot stationary - clearing costmaps
[frontier_explorer-1] [INFO] [1783251661.002408157] [frontier_explorer]: Sweep selection: gain=9 distance=16.2m turn=2.52rad utility=0.47
[frontier_explorer-1] [INFO] [1783251661.104183511] [frontier_explorer]: New sweep goal: (-1.10, -7.32)
[frontier_explorer-1] [INFO] [1783251796.837512281] [frontier_explorer]: Sweep selection: gain=7 distance=3.8m turn=2.20rad utility=1.09
[frontier_explorer-1] [INFO] [1783251796.911584530] [frontier_explorer]: New sweep goal: (-2.21, -3.47)
[frontier_explorer-1] [INFO] [1783251826.403805060] [frontier_explorer]: Sweep selection: gain=19 distance=13.1m turn=1.95rad utility=1.22
[frontier_explorer-1] [INFO] [1783251826.499042303] [frontier_explorer]: New sweep goal: (5.54, 7.03)
[frontier_explorer-1] [INFO] [1783251953.614663054] [frontier_explorer]: Sweep selection: gain=21 distance=0.3m turn=0.53rad utility=12.52
[frontier_explorer-1] [INFO] [1783251953.678130931] [frontier_explorer]: New sweep goal: (5.30, 6.78)
[frontier_explorer-1] [INFO] [1783251957.846911397] [frontier_explorer]: Sweep selection: gain=31 distance=1.3m turn=2.05rad utility=8.15
[frontier_explorer-1] [INFO] [1783251957.909358014] [frontier_explorer]: New sweep goal: (6.13, 5.63)
[frontier_explorer-1] [INFO] [1783251973.879484806] [frontier_explorer]: Sweep selection: gain=49 distance=3.7m turn=0.84rad utility=9.21
[frontier_explorer-1] [INFO] [1783251973.951347803] [frontier_explorer]: New sweep goal: (9.64, 5.98)
[frontier_explorer-1] [INFO] [1783251995.265232300] [frontier_explorer]: Sweep selection: gain=46 distance=2.3m turn=1.52rad utility=10.44
[frontier_explorer-1] [INFO] [1783251995.340728462] [frontier_explorer]: New sweep goal: (10.28, 3.88)
[frontier_explorer-1] [INFO] [1783252013.195592061] [frontier_explorer]: Sweep selection: gain=38 distance=3.2m turn=1.26rad utility=7.41
[frontier_explorer-1] [INFO] [1783252013.281518178] [frontier_explorer]: New sweep goal: (10.28, 0.90)
[frontier_explorer-1] [WARN] [1783252083.495342083] [frontier_explorer]: No progress for 32s - clearing costmaps and retrying goal (10.28, 0.90)
[frontier_explorer-1] [WARN] [1783252121.246083491] [frontier_explorer]: Still no progress after costmap clear, blacklisting goal (10.28, 0.90)
[frontier_explorer-1] [WARN] [1783252121.284130103] [frontier_explorer]: Watchdog: work exists but no goal active and robot stationary - clearing costmaps
[frontier_explorer-1] [INFO] [1783252126.097388988] [frontier_explorer]: Sweep selection: gain=44 distance=2.6m turn=2.09rad utility=8.60
[frontier_explorer-1] [INFO] [1783252126.192795214] [frontier_explorer]: New sweep goal: (10.28, -1.95)
[frontier_explorer-1] [WARN] [1783252162.958989594] [frontier_explorer]: No progress for 32s - clearing costmaps and retrying goal (10.28, -1.95)
[frontier_explorer-1] [INFO] [1783252185.062283608] [frontier_explorer]: Sweep selection: gain=42 distance=1.9m turn=1.90rad utility=9.82
[frontier_explorer-1] [INFO] [1783252185.127247351] [frontier_explorer]: New sweep goal: (9.93, -3.85)
[frontier_explorer-1] [WARN] [1783252231.505787934] [frontier_explorer]: No progress for 32s - clearing costmaps and retrying goal (9.93, -3.85)
[frontier_explorer-1] [INFO] [1783252236.043362944] [frontier_explorer]: Sweep selection: gain=51 distance=7.5m turn=2.91rad utility=4.79
[frontier_explorer-1] [INFO] [1783252236.107249603] [frontier_explorer]: New sweep goal: (6.24, 2.70)
[frontier_explorer-1] [INFO] [1783252299.301814818] [frontier_explorer]: Sweep selection: gain=19 distance=0.8m turn=0.51rad utility=8.83
[frontier_explorer-1] [INFO] [1783252299.375698623] [frontier_explorer]: New sweep goal: (5.64, 2.50)
[frontier_explorer-1] [INFO] [1783252307.298435923] [frontier_explorer]: Sweep selection: gain=15 distance=0.2m turn=1.18rad utility=7.13
[frontier_explorer-1] [INFO] [1783252307.366754176] [frontier_explorer]: New sweep goal: (5.84, 2.30)
[frontier_explorer-1] [WARN] [1783252314.928959664] [frontier_explorer]: Sweep goal done but target (5.84, 1.30) still unobserved - striking it
[frontier_explorer-1] [INFO] [1783252315.430568857] [frontier_explorer]: Sweep selection: gain=37 distance=4.4m turn=3.30rad utility=4.69
[frontier_explorer-1] [INFO] [1783252315.491791485] [frontier_explorer]: New sweep goal: (10.05, 4.05)
[frontier_explorer-1] [WARN] [1783252378.114269124] [frontier_explorer]: No progress for 32s - clearing costmaps and retrying goal (10.05, 4.05)
[frontier_explorer-1] [WARN] [1783252417.097276590] [frontier_explorer]: Still no progress after costmap clear, blacklisting goal (10.05, 4.05)
[frontier_explorer-1] [WARN] [1783252417.137943797] [frontier_explorer]: Watchdog: work exists but no goal active and robot stationary - clearing costmaps
[frontier_explorer-1] [WARN] [1783252421.120730544] [frontier_explorer]: Sweep goal done but target (8.84, 4.75) still unobserved - striking it
[frontier_explorer-1] [INFO] [1783252421.547842996] [frontier_explorer]: Sweep selection: gain=9 distance=2.7m turn=0.54rad utility=2.19
[frontier_explorer-1] [INFO] [1783252421.608101243] [frontier_explorer]: New sweep goal: (9.93, 6.55)
[frontier_explorer-1] [INFO] [1783252437.569307414] [frontier_explorer]: Sweep selection: gain=9 distance=6.3m turn=3.39rad utility=0.91
[frontier_explorer-1] [INFO] [1783252437.639303300] [frontier_explorer]: New sweep goal: (4.29, 3.50)
[frontier_explorer-1] [WARN] [1783252508.629473020] [frontier_explorer]: No progress for 32s - clearing costmaps and retrying goal (4.29, 3.50)
[frontier_explorer-1] [WARN] [1783252547.751965343] [frontier_explorer]: Still no progress after costmap clear, blacklisting goal (4.29, 3.50)
[frontier_explorer-1] [INFO] [1783252552.125916422] [frontier_explorer]: Sweep selection: gain=40 distance=5.4m turn=2.14rad utility=4.97
[frontier_explorer-1] [INFO] [1783252552.192764290] [frontier_explorer]: New sweep goal: (9.70, 5.25)
[frontier_explorer-1] [WARN] [1783252615.048072470] [frontier_explorer]: No progress for 32s - clearing costmaps and retrying goal (9.70, 5.25)
[frontier_explorer-1] [WARN] [1783252652.747533623] [frontier_explorer]: Still no progress after costmap clear, blacklisting goal (9.70, 5.25)
[frontier_explorer-1] [WARN] [1783252656.773939072] [frontier_explorer]: Sweep goal done but target (8.84, 4.75) still unobserved - striking it
[frontier_explorer-1] [INFO] [1783252657.098586817] [frontier_explorer]: Sweep selection: gain=8 distance=9.4m turn=0.62rad utility=0.74
[frontier_explorer-1] [INFO] [1783252657.168177930] [frontier_explorer]: New sweep goal: (8.55, -3.85)
[frontier_explorer-1] [WARN] [1783252741.426183144] [frontier_explorer]: No progress for 32s - clearing costmaps and retrying goal (8.55, -3.85)
[frontier_explorer-1] [WARN] [1783252779.025584002] [frontier_explorer]: Still no progress after costmap clear, blacklisting goal (8.55, -3.85)
[frontier_explorer-1] [WARN] [1783252783.044359406] [frontier_explorer]: Sweep goal done but target (7.34, -4.55) still unobserved - striking it
[frontier_explorer-1] [INFO] [1783252783.360728726] [frontier_explorer]: Sweep selection: gain=33 distance=8.1m turn=2.26rad utility=3.04
[frontier_explorer-1] [INFO] [1783252783.433989876] [frontier_explorer]: New sweep goal: (10.05, 4.20)
[frontier_explorer-1] [WARN] [1783252875.845041908] [frontier_explorer]: No progress for 32s - clearing costmaps and retrying goal (10.05, 4.20)
[frontier_explorer-1] [WARN] [1783252913.480797230] [frontier_explorer]: Still no progress after costmap clear, blacklisting goal (10.05, 4.20)
[frontier_explorer-1] [WARN] [1783252918.907890168] [frontier_explorer]: Sweep goal done but target (8.84, 4.90) still unobserved - striking it
[frontier_explorer-1] [INFO] [1783252919.213466151] [frontier_explorer]: Sweep selection: gain=9 distance=9.2m turn=3.92rad utility=0.68
[frontier_explorer-1] [INFO] [1783252919.289328623] [frontier_explorer]: New sweep goal: (8.20, -5.05)
[frontier_explorer-1] [WARN] [1783253015.771905302] [frontier_explorer]: No progress for 32s - clearing costmaps and retrying goal (8.20, -5.05)
[frontier_explorer-1] [WARN] [1783253053.419541669] [frontier_explorer]: Still no progress after costmap clear, blacklisting goal (8.20, -5.05)
[frontier_explorer-1] [WARN] [1783253057.443923907] [frontier_explorer]: Sweep goal done but target (7.34, -4.55) still unobserved - striking it
[frontier_explorer-1] [INFO] [1783253057.772751845] [frontier_explorer]: Sweep selection: gain=18 distance=20.2m turn=3.53rad utility=0.76
[frontier_explorer-1] [INFO] [1783253057.850894177] [frontier_explorer]: New sweep goal: (-10.56, 2.91)
[frontier_explorer-1] [WARN] [1783253192.123222117] [frontier_explorer]: No progress for 32s - clearing costmaps and retrying goal (-10.56, 2.91)
[frontier_explorer-1] [WARN] [1783253229.833687179] [frontier_explorer]: Still no progress after costmap clear, blacklisting goal (-10.56, 2.91)
[frontier_explorer-1] [WARN] [1783253235.263443050] [frontier_explorer]: Sweep goal done but target (-11.46, 1.35) still unobserved - striking it
[frontier_explorer-1] [INFO] [1783253235.808777828] [frontier_explorer]: Sweep selection: gain=7 distance=0.5m turn=1.23rad utility=2.86
[frontier_explorer-1] [INFO] [1783253235.871594190] [frontier_explorer]: New sweep goal: (-10.91, 2.56)
[frontier_explorer-1] [WARN] [1783253273.099506548] [frontier_explorer]: No progress for 32s - clearing costmaps and retrying goal (-10.91, 2.56)
[frontier_explorer-1] [WARN] [1783253310.925636485] [frontier_explorer]: Still no progress after costmap clear, blacklisting goal (-10.91, 2.56)
[frontier_explorer-1] [WARN] [1783253312.931732266] [frontier_explorer]: Watchdog: work exists but no goal active and robot stationary - clearing costmaps
[frontier_explorer-1] [WARN] [1783253314.979086735] [frontier_explorer]: Sweep goal done but target (-10.21, 1.35) still unobserved - striking it
[frontier_explorer-1] [INFO] [1783253315.437769111] [frontier_explorer]: Sweep selection: gain=4 distance=0.5m turn=0.55rad utility=2.11
[frontier_explorer-1] [INFO] [1783253315.543281472] [frontier_explorer]: New sweep goal: (-10.61, 2.21)
[frontier_explorer-1] [INFO] [1783253319.360831180] [frontier_explorer]: Sweep selection: gain=13 distance=8.1m turn=0.25rad utility=1.40
[frontier_explorer-1] [INFO] [1783253319.449279440] [frontier_explorer]: New sweep goal: (-10.11, -5.65)
[frontier_explorer-1] [INFO] [1783253382.477668120] [frontier_explorer]: Sweep selection: gain=9 distance=18.1m turn=3.13rad utility=0.42
[frontier_explorer-1] [INFO] [1783253382.561844643] [frontier_explorer]: New sweep goal: (8.20, -5.05)
[frontier_explorer-1] [WARN] [1783253526.272011912] [frontier_explorer]: No progress for 32s - clearing costmaps and retrying goal (8.20, -5.05)
[frontier_explorer-1] [WARN] [1783253563.908823894] [frontier_explorer]: Still no progress after costmap clear, blacklisting goal (8.20, -5.05)
[frontier_explorer-1] [WARN] [1783253565.906692739] [frontier_explorer]: Watchdog: work exists but no goal active and robot stationary - clearing costmaps
[frontier_explorer-1] [WARN] [1783253567.931600119] [frontier_explorer]: Sweep goal done but target (7.34, -4.55) still unobserved - striking it
[frontier_explorer-1] [INFO] [1783253568.101618660] [frontier_explorer]: Sweep selection: gain=8 distance=10.7m turn=2.97rad utility=0.57
[frontier_explorer-1] [INFO] [1783253568.173835414] [frontier_explorer]: New sweep goal: (8.79, 5.82)
[frontier_explorer-1] [WARN] [1783253664.928949126] [frontier_explorer]: No progress for 32s - clearing costmaps and retrying goal (8.79, 5.82)
[frontier_explorer-1] [WARN] [1783253704.097767927] [frontier_explorer]: Still no progress after costmap clear, blacklisting goal (8.79, 5.82)
[frontier_explorer-1] [WARN] [1783253704.131519466] [frontier_explorer]: Watchdog: work exists but no goal active and robot stationary - clearing costmaps
[frontier_explorer-1] [INFO] [1783253708.287978985] [frontier_explorer]: Sweep selection: gain=9 distance=10.8m turn=1.80rad utility=0.68
[frontier_explorer-1] [INFO] [1783253708.377085633] [frontier_explorer]: New sweep goal: (8.20, -5.05)
[frontier_explorer-1] [WARN] [1783253805.052494458] [frontier_explorer]: No progress for 32s - clearing costmaps and retrying goal (8.20, -5.05)
[frontier_explorer-1] [WARN] [1783253842.673939134] [frontier_explorer]: Still no progress after costmap clear, blacklisting goal (8.20, -5.05)
[frontier_explorer-1] [WARN] [1783253846.705448127] [frontier_explorer]: Sweep goal done but target (7.34, -4.55) still unobserved - striking it
[frontier_explorer-1] [INFO] [1783253846.799067505] [frontier_explorer]: Sweep selection: gain=3 distance=7.1m turn=1.10rad utility=0.34
[frontier_explorer-1] [INFO] [1783253846.860623689] [frontier_explorer]: New sweep goal: (1.30, -7.10)
[frontier_explorer-1] [INFO] [1783253888.468215168] [frontier_explorer]: Exploration + sweep complete: camera coverage 87% (4267/4899 wall cells), items found: [1, 2, 3, 4, 5, 6, 7, 8] (8 confirmed, 8 seen)
[frontier_explorer-1] [INFO] [1783253888.509012240] [frontier_explorer]: Returning to initial pose...
[frontier_explorer-1] [INFO] [1783253993.616011350] [frontier_explorer]: Returned to initial pose.
[frontier_explorer-1] [INFO] [1783253993.664129279] [frontier_explorer]: Exploration finished.
[frontier_explorer-1] [INFO] [1783253998.306942560] [frontier_explorer]: Map saved to /ros2_ws/reports/final_runs/office_world/map
