[INFO] [launch]: All log files can be found below /root/.ros/log/2026-07-06-12-58-21-158517-8b549128d7d0-758
[INFO] [launch]: Default logging verbosity is set to INFO
[INFO] [frontier_explorer-1]: process started with pid [831]
[frontier_explorer-1] [INFO] [1783342704.501704513] [frontier_explorer]: Frontier explorer up for "leo1" (base_frame=leo1/base_link); coordination=coordinated, peers=none
[frontier_explorer-1] [WARN] [1783342704.744310782] [frontier_explorer]: Watchdog: work exists but no goal active and robot stationary - clearing costmaps
[frontier_explorer-1] [WARN] [1783342704.793457014] [frontier_explorer]: Watchdog: work exists but no goal active and robot stationary - clearing costmaps
[frontier_explorer-1] [INFO] [1783342706.822469394] [frontier_explorer]: Initial pose recorded: (1.21, 0.00)
[frontier_explorer-1] [INFO] [1783342706.975270497] [frontier_explorer]: New frontier goal: (-2.50, -4.42)
[frontier_explorer-1] [INFO] [1783342719.074302153] [frontier_explorer]: New frontier goal: (-3.30, -4.28)
[frontier_explorer-1] [INFO] [1783342731.152404861] [frontier_explorer]: New frontier goal: (-4.05, -3.93)
[frontier_explorer-1] [INFO] [1783342743.203937428] [frontier_explorer]: New frontier goal: (5.08, -5.94)
[frontier_explorer-1] [INFO] [1783342779.510448028] [frontier_explorer]: New frontier goal: (5.40, -2.14)
[frontier_explorer-1] [INFO] [1783342791.641850621] [frontier_explorer]: New frontier goal: (4.75, -5.07)
[frontier_explorer-1] [INFO] [1783342815.837268065] [frontier_explorer]: New frontier goal: (3.60, 1.10)
[frontier_explorer-1] [INFO] [1783342860.257219714] [frontier_explorer]: New frontier goal: (3.40, 4.05)
[frontier_explorer-1] [INFO] [1783342872.370000472] [frontier_explorer]: New frontier goal: (3.05, 3.40)
[frontier_explorer-1] [INFO] [1783342884.459336922] [frontier_explorer]: New frontier goal: (2.50, 1.20)
[frontier_explorer-1] [WARN] [1783342920.749732828] [frontier_explorer]: No progress for 32s - clearing costmaps and retrying goal (2.50, 1.20)
[frontier_explorer-1] [INFO] [1783342937.029085754] [frontier_explorer]: New frontier goal: (5.85, 4.50)
[frontier_explorer-1] [INFO] [1783342989.736614255] [frontier_explorer]: New frontier goal: (2.60, 6.35)
[frontier_explorer-1] [INFO] [1783343001.822761419] [frontier_explorer]: New frontier goal: (1.76, 6.00)
[frontier_explorer-1] [INFO] [1783343026.113353495] [frontier_explorer]: New frontier goal: (-4.82, 4.46)
[frontier_explorer-1] [INFO] [1783343050.751806503] [frontier_explorer]: New frontier goal: (-3.63, 5.56)
[frontier_explorer-1] [INFO] [1783343062.861222398] [frontier_explorer]: New frontier goal: (-6.60, -0.24)
[frontier_explorer-1] [INFO] [1783343115.568100599] [frontier_explorer]: New frontier goal: (-4.50, -5.63)
[frontier_explorer-1] [INFO] [1783343188.379372408] [frontier_explorer]: Exploration + sweep complete: camera coverage 43% (1161/2701 wall cells), items found: [] (0 confirmed, 0 seen)
[frontier_explorer-1] [INFO] [1783343188.415911929] [frontier_explorer]: Returning to initial pose...
[frontier_explorer-1] [INFO] [1783343263.446352834] [frontier_explorer]: Returned to initial pose.
[frontier_explorer-1] [INFO] [1783343263.493679486] [frontier_explorer]: Exploration finished.
[frontier_explorer-1] [INFO] [1783343268.817877293] [frontier_explorer]: Map saved to /ros2_ws/reports/collab_final/depot_world_single/map
