[INFO] [1783985966.418954196] [map_saver]: 
	map_saver lifecycle node launched. 
	Waiting on external lifecycle transitions to activate
	See https://design.ros2.org/articles/node_lifecycle.html for more information.
[INFO] [1783985966.419054220] [map_saver]: Creating
[INFO] [1783985966.419804326] [map_saver]: Configuring
[INFO] [1783985966.444218058] [map_saver]: Saving map from 'map' topic to '/ros2_ws/reports/overnight_2026-07-13/item_search/1robot_seedB/merged_map' file
[WARN] [1783985966.444254527] [map_saver]: Free threshold unspecified. Setting it to default value: 0.250000
[WARN] [1783985966.444261656] [map_saver]: Occupied threshold unspecified. Setting it to default value: 0.650000
[WARN] [1783985966.447427958] [map_io]: Image format unspecified. Setting it to: pgm
[INFO] [1783985966.447471509] [map_io]: Received a 491 X 320 map @ 0.05 m/pix
[INFO] [1783985966.517103038] [map_io]: Writing map occupancy data to /ros2_ws/reports/overnight_2026-07-13/item_search/1robot_seedB/merged_map.pgm
[INFO] [1783985966.536033149] [map_io]: Writing map metadata to /ros2_ws/reports/overnight_2026-07-13/item_search/1robot_seedB/merged_map.yaml
[INFO] [1783985966.537641015] [map_io]: Map saved
[INFO] [1783985966.537666778] [map_saver]: Map saved successfully
[INFO] [1783985966.539189452] [map_saver]: Destroying
[INFO] [1783985970.635421434] [map_saver]: 
	map_saver lifecycle node launched. 
	Waiting on external lifecycle transitions to activate
	See https://design.ros2.org/articles/node_lifecycle.html for more information.
[INFO] [1783985970.635501301] [map_saver]: Creating
[INFO] [1783985970.636298002] [map_saver]: Configuring
[INFO] [1783985970.661831970] [map_saver]: Saving map from 'map' topic to '/ros2_ws/reports/overnight_2026-07-13/item_search/1robot_seedB/leo1_map' file
[WARN] [1783985970.661864508] [map_saver]: Free threshold unspecified. Setting it to default value: 0.250000
[WARN] [1783985970.661879430] [map_saver]: Occupied threshold unspecified. Setting it to default value: 0.650000
[WARN] [1783985970.665123997] [map_io]: Image format unspecified. Setting it to: pgm
[INFO] [1783985970.665172124] [map_io]: Received a 491 X 320 map @ 0.05 m/pix
[INFO] [1783985970.752829295] [map_io]: Writing map occupancy data to /ros2_ws/reports/overnight_2026-07-13/item_search/1robot_seedB/leo1_map.pgm
[INFO] [1783985970.777713165] [map_io]: Writing map metadata to /ros2_ws/reports/overnight_2026-07-13/item_search/1robot_seedB/leo1_map.yaml
[INFO] [1783985970.779721670] [map_io]: Map saved
[INFO] [1783985970.779749261] [map_saver]: Map saved successfully
[INFO] [1783985970.781324110] [map_saver]: Destroying
