[wsl-exp 11:33:33] backend=wsl:Ubuntu stack=hybrid world=depot_world profile=realistic cap=25min out=reports/night/p6_post_depot_s2006
[wsl-exp 11:33:33] syncing src/ and scripts/ into /home/smirn/leo_ws
[wsl-exp 11:33:34] colcon build (leo_nav2_exploration, leo_rover_gazebo)
  1 package failed: leo_rover_gazebo
  1 package aborted: leo_nav2_exploration
  1 package had stderr output: leo_rover_gazebo
[wsl-exp 11:33:37] killing any previous sim
[wsl-exp 11:33:41] cleanup: 0 ROS processes still alive
[wsl-exp 11:33:46] starting simulator (GPU, headless)
[wsl-exp 11:33:47] waiting for /leo1/scan
[wsl-exp 11:33:58] scan: average rate: 58.830
[wsl-exp 11:33:59] renderer: 11:33:55: GL_RENDERER = D3D12 (NVIDIA GeForce RTX 4060 Ti)
[wsl-exp 11:34:02] wheel-odometry model (message only) + gyro + EKF
[wsl-exp 11:34:17] overlay stack: sim_navigation.launch.py
[wsl-exp 11:34:17] waiting for Nav2 planner action
[wsl-exp 11:34:40] camera/points (with stack up): average rate: 4.993
[wsl-exp 11:34:44] scan_filtered: average rate: 10.123
[wsl-exp 11:34:44] starting recorders
[wsl-exp 11:34:46] starting costmap recorder
[wsl-exp 11:34:52] bootstrap jog
[wsl-exp 11:35:10] explorer launched; polling (cap 25 min)
[wsl-exp 11:45:12] explorer reports completion
[wsl-exp 11:45:18] saving map
[wsl-exp 11:45:19] flushing recorders
[wsl-exp 11:45:39] cleanup: 0 ROS processes still alive
[wsl-exp 11:45:41] done -> reports/night/p6_post_depot_s2006
