[INFO] [launch]: All log files can be found below /home/smirn/.ros/log/2026-08-20-05-24-38-123871-Tornadosky-124230
[INFO] [launch]: Default logging verbosity is set to INFO
[INFO] [aruco_detector-1]: process started with pid [124231]
[aruco_detector-1] [INFO] [1787196278.769261666] [aruco_detector]: aruco_detector: dict=DICT_4X4_50 len=0.2 m image=/leo1/camera/image optical_frame=False map_frame=map cv2=4.5.4 allowed_ids=[1, 2, 3, 4, 5, 6, 7, 8]
[aruco_detector-1] [INFO] [1787196278.771337387] [aruco_detector]: frames=0 with_detections=0 confirmed=[] pending=[]
[aruco_detector-1] [INFO] [1787196278.947432726] [aruco_detector]: camera intrinsics: fx=554.4 fy=554.4 cx=320.0 cy=240.0 distortion=5 coeffs
[aruco_detector-1] [INFO] [1787196282.942989139] [aruco_detector]: frames=20 with_detections=0 confirmed=[] pending=[]
[aruco_detector-1] [INFO] [1787196292.968079029] [aruco_detector]: frames=70 with_detections=0 confirmed=[] pending=[]
[aruco_detector-1] [INFO] [1787196302.982248399] [aruco_detector]: frames=120 with_detections=40 confirmed=[] pending=[]
[aruco_detector-1] [INFO] [1787196312.982865761] [aruco_detector]: frames=170 with_detections=44 confirmed=[] pending=[]
[aruco_detector-1] [INFO] [1787196322.982896899] [aruco_detector]: frames=220 with_detections=44 confirmed=[] pending=[]
[aruco_detector-1] [INFO] [1787196326.416194098] [aruco_detector]: ArUco 4 CONFIRMED at map (-3.35, 3.79, 0.13) range 5.73 m, reproj 1.99 px
[aruco_detector-1] [INFO] [1787196332.982892918] [aruco_detector]: frames=270 with_detections=69 confirmed=[4] pending=[]
[aruco_detector-1] [INFO] [1787196342.983019703] [aruco_detector]: frames=320 with_detections=80 confirmed=[4] pending=[]
[aruco_detector-1] [INFO] [1787196352.982940569] [aruco_detector]: frames=370 with_detections=107 confirmed=[4] pending=[]
[aruco_detector-1] [INFO] [1787196362.984198359] [aruco_detector]: frames=420 with_detections=141 confirmed=[4] pending=[]
[aruco_detector-1] [INFO] [1787196372.984803956] [aruco_detector]: frames=470 with_detections=141 confirmed=[4] pending=[]
[aruco_detector-1] [INFO] [1787196382.984838582] [aruco_detector]: frames=520 with_detections=142 confirmed=[4] pending=[]
[aruco_detector-1] [INFO] [1787196388.217996116] [aruco_detector]: ArUco 1 CONFIRMED at map (-9.85, -0.22, 0.14) range 5.66 m, reproj 0.04 px
[aruco_detector-1] [INFO] [1787196392.984687108] [aruco_detector]: frames=570 with_detections=181 confirmed=[1, 4] pending=[]
[aruco_detector-1] [INFO] [1787196393.617211604] [aruco_detector]: ArUco 6 CONFIRMED at map (-10.34, -3.92, 0.14) range 5.79 m, reproj 0.03 px
[aruco_detector-1] [INFO] [1787196402.986388414] [aruco_detector]: frames=620 with_detections=211 confirmed=[1, 4, 6] pending=[]
[aruco_detector-1] [INFO] [1787196412.986406699] [aruco_detector]: frames=670 with_detections=211 confirmed=[1, 4, 6] pending=[]
[aruco_detector-1] [INFO] [1787196422.994291028] [aruco_detector]: frames=720 with_detections=211 confirmed=[1, 4, 6] pending=[]
[aruco_detector-1] [INFO] [1787196433.015281311] [aruco_detector]: frames=770 with_detections=211 confirmed=[1, 4, 6] pending=[]
