[wsl-exp 05:23:25] backend=wsl:Ubuntu stack=hybrid world=office_world profile=realistic cap=30min out=reports/night/n25_camtuned_s55
[wsl-exp 05:23:25] syncing src/ and scripts/ into /home/smirn/leo_ws
[wsl-exp 05:23:26] colcon build (leo_nav2_exploration, leo_rover_gazebo)
Summary: 1 package finished [1.65s]
  1 package failed: leo_rover_gazebo
  1 package had stderr output: leo_rover_gazebo
[wsl-exp 05:23:28] killing any previous sim
[wsl-exp 05:23:32] cleanup: 0 ROS processes still alive
[wsl-exp 05:23:37] starting simulator (GPU, headless)
[wsl-exp 05:23:38] waiting for /leo1/scan
[wsl-exp 05:23:50] scan: average rate: 60.191
[wsl-exp 05:23:50] renderer: 05:23:46: GL_RENDERER = D3D12 (NVIDIA GeForce RTX 4060 Ti)
[wsl-exp 05:23:53] wheel-odometry model (message only) + gyro + EKF
[wsl-exp 05:24:08] overlay stack: sim_navigation.launch.py
[wsl-exp 05:24:09] waiting for Nav2 planner action
[wsl-exp 05:24:31] camera/points (with stack up): average rate: 5.021
[wsl-exp 05:24:35] scan_filtered: average rate: 10.001
[wsl-exp 05:24:35] starting recorders
[wsl-exp 05:24:37] starting ArUco detector
[wsl-exp 05:24:43] bootstrap jog
[wsl-exp 05:25:01] explorer launched; polling (cap 30 min)
[wsl-exp 05:31:02] FATAL: no trajectory samples for 3 min -- simulator wedged
[wsl-exp 05:31:08] saving map
[wsl-exp 05:31:09] flushing recorders
[wsl-exp 05:31:29] cleanup: 0 ROS processes still alive
[wsl-exp 05:31:31] done -> reports/night/n25_camtuned_s55
