[INFO] [launch]: All log files can be found below /home/smirn/.ros/log/2026-08-20-01-11-00-097643-Tornadosky-69153
[INFO] [launch]: Default logging verbosity is set to INFO
[INFO] [aruco_detector-1]: process started with pid [69154]
[aruco_detector-1] [INFO] [1787181060.739034702] [aruco_detector]: aruco_detector: dict=DICT_4X4_50 len=0.2 m image=/leo1/camera/image optical_frame=False map_frame=map cv2=4.5.4 allowed_ids=[1, 2, 3, 4, 5, 6, 7, 8]
[aruco_detector-1] [INFO] [1787181060.740274402] [aruco_detector]: frames=0 with_detections=0 confirmed=[] pending=[]
[aruco_detector-1] [INFO] [1787181060.881949303] [aruco_detector]: camera intrinsics: fx=554.4 fy=554.4 cx=320.0 cy=240.0 distortion=5 coeffs
[aruco_detector-1] [INFO] [1787181061.276812081] [aruco_detector]: frames=2 with_detections=0 confirmed=[] pending=[]
[aruco_detector-1] [INFO] [1787181071.298970614] [aruco_detector]: frames=52 with_detections=0 confirmed=[] pending=[]
[aruco_detector-1] [INFO] [1787181081.353352966] [aruco_detector]: frames=102 with_detections=0 confirmed=[] pending=[]
[aruco_detector-1] [INFO] [1787181091.353303422] [aruco_detector]: frames=152 with_detections=2 confirmed=[] pending=[]
[aruco_detector-1] [INFO] [1787181101.348139422] [aruco_detector]: frames=202 with_detections=3 confirmed=[] pending=[]
[aruco_detector-1] [INFO] [1787181111.348197608] [aruco_detector]: frames=252 with_detections=3 confirmed=[] pending=[]
[aruco_detector-1] [INFO] [1787181115.384708090] [aruco_detector]: ArUco 4 CONFIRMED at map (-3.80, 3.97, 0.13) range 5.63 m, reproj 1.76 px
[aruco_detector-1] [WARN] [1787181115.783018561] [aruco_detector]: ignoring ArUco id 21: not in allowed_ids [1, 2, 3, 4, 5, 6, 7, 8]
[aruco_detector-1] [INFO] [1787181121.348109745] [aruco_detector]: frames=302 with_detections=29 confirmed=[4] pending=[]
[aruco_detector-1] [INFO] [1787181131.339528661] [aruco_detector]: frames=352 with_detections=48 confirmed=[4] pending=[]
[aruco_detector-1] [INFO] [1787181141.341926019] [aruco_detector]: frames=402 with_detections=48 confirmed=[4] pending=[]
[aruco_detector-1] [INFO] [1787181151.341834460] [aruco_detector]: frames=452 with_detections=88 confirmed=[4] pending=[]
[aruco_detector-1] [INFO] [1787181161.337003590] [aruco_detector]: frames=502 with_detections=108 confirmed=[4] pending=[]
[aruco_detector-1] [INFO] [1787181171.338119485] [aruco_detector]: frames=552 with_detections=108 confirmed=[4] pending=[]
[aruco_detector-1] [INFO] [1787181181.338384745] [aruco_detector]: frames=602 with_detections=108 confirmed=[4] pending=[]
[aruco_detector-1] [INFO] [1787181191.334579310] [aruco_detector]: frames=652 with_detections=118 confirmed=[4] pending=[]
[aruco_detector-1] [INFO] [1787181192.569156124] [aruco_detector]: ArUco 2 CONFIRMED at map (8.57, 0.35, 0.14) range 5.80 m, reproj 0.08 px
[aruco_detector-1] [INFO] [1787181201.334685692] [aruco_detector]: frames=702 with_detections=154 confirmed=[2, 4] pending=[]
[aruco_detector-1] [INFO] [1787181211.334623007] [aruco_detector]: frames=752 with_detections=154 confirmed=[2, 4] pending=[]
[aruco_detector-1] [INFO] [1787181221.329237298] [aruco_detector]: frames=802 with_detections=154 confirmed=[2, 4] pending=[]
[aruco_detector-1] [INFO] [1787181231.330216665] [aruco_detector]: frames=852 with_detections=154 confirmed=[2, 4] pending=[]
[aruco_detector-1] [INFO] [1787181237.970712992] [aruco_detector]: ArUco 5 CONFIRMED at map (9.61, 3.32, 0.13) range 5.61 m, reproj 0.31 px
[aruco_detector-1] [INFO] [1787181241.330528636] [aruco_detector]: frames=902 with_detections=172 confirmed=[2, 4, 5] pending=[]
[aruco_detector-1] [WARN] [1787181249.166132170] [aruco_detector]: ignoring ArUco id 25: not in allowed_ids [1, 2, 3, 4, 5, 6, 7, 8]
[aruco_detector-1] [INFO] [1787181251.321337701] [aruco_detector]: frames=952 with_detections=221 confirmed=[2, 4, 5] pending=[]
[aruco_detector-1] [INFO] [1787181261.321457486] [aruco_detector]: frames=1002 with_detections=237 confirmed=[2, 4, 5] pending=[]
[aruco_detector-1] [INFO] [1787181269.965586537] [aruco_detector]: ArUco 7 CONFIRMED at map (2.68, -4.85, 0.13) range 5.30 m, reproj 1.40 px
[aruco_detector-1] [INFO] [1787181271.322721894] [aruco_detector]: frames=1052 with_detections=242 confirmed=[2, 4, 5, 7] pending=[]
[aruco_detector-1] [INFO] [1787181281.313853735] [aruco_detector]: frames=1102 with_detections=269 confirmed=[2, 4, 5, 7] pending=[]
[aruco_detector-1] [INFO] [1787181291.313917432] [aruco_detector]: frames=1152 with_detections=269 confirmed=[2, 4, 5, 7] pending=[]
[aruco_detector-1] [INFO] [1787181301.314874922] [aruco_detector]: frames=1202 with_detections=269 confirmed=[2, 4, 5, 7] pending=[]
[aruco_detector-1] [INFO] [1787181311.309334191] [aruco_detector]: frames=1252 with_detections=269 confirmed=[2, 4, 5, 7] pending=[]
[aruco_detector-1] [INFO] [1787181321.309252404] [aruco_detector]: frames=1302 with_detections=271 confirmed=[2, 4, 5, 7] pending=[]
[aruco_detector-1] [INFO] [1787181331.309322930] [aruco_detector]: frames=1352 with_detections=295 confirmed=[2, 4, 5, 7] pending=[]
[aruco_detector-1] [INFO] [1787181341.304104129] [aruco_detector]: frames=1402 with_detections=324 confirmed=[2, 4, 5, 7] pending=[]
[aruco_detector-1] [INFO] [1787181351.304053516] [aruco_detector]: frames=1452 with_detections=324 confirmed=[2, 4, 5, 7] pending=[]
[aruco_detector-1] [INFO] [1787181361.304099152] [aruco_detector]: frames=1502 with_detections=324 confirmed=[2, 4, 5, 7] pending=[]
[aruco_detector-1] [INFO] [1787181371.299443979] [aruco_detector]: frames=1552 with_detections=357 confirmed=[2, 4, 5, 7] pending=[]
[aruco_detector-1] [INFO] [1787181381.299351055] [aruco_detector]: frames=1602 with_detections=387 confirmed=[2, 4, 5, 7] pending=[]
[aruco_detector-1] [INFO] [1787181391.299311531] [aruco_detector]: frames=1652 with_detections=431 confirmed=[2, 4, 5, 7] pending=[]
[aruco_detector-1] [INFO] [1787181401.290556860] [aruco_detector]: frames=1702 with_detections=431 confirmed=[2, 4, 5, 7] pending=[]
[aruco_detector-1] [INFO] [1787181411.295044373] [aruco_detector]: frames=1752 with_detections=436 confirmed=[2, 4, 5, 7] pending=[]
[aruco_detector-1] [INFO] [1787181421.324368628] [aruco_detector]: frames=1802 with_detections=485 confirmed=[2, 4, 5, 7] pending=[]
[aruco_detector-1] [INFO] [1787181431.316433545] [aruco_detector]: frames=1852 with_detections=491 confirmed=[2, 4, 5, 7] pending=[]
[aruco_detector-1] [INFO] [1787181441.316344988] [aruco_detector]: frames=1902 with_detections=517 confirmed=[2, 4, 5, 7] pending=[]
[aruco_detector-1] [INFO] [1787181451.316462161] [aruco_detector]: frames=1952 with_detections=539 confirmed=[2, 4, 5, 7] pending=[]
[aruco_detector-1] [INFO] [1787181461.309859088] [aruco_detector]: frames=2002 with_detections=539 confirmed=[2, 4, 5, 7] pending=[]
[aruco_detector-1] [INFO] [1787181471.312078732] [aruco_detector]: frames=2052 with_detections=567 confirmed=[2, 4, 5, 7] pending=[]
[aruco_detector-1] [INFO] [1787181481.313534565] [aruco_detector]: frames=2102 with_detections=617 confirmed=[2, 4, 5, 7] pending=[]
[aruco_detector-1] [INFO] [1787181491.307659121] [aruco_detector]: frames=2152 with_detections=667 confirmed=[2, 4, 5, 7] pending=[]
[aruco_detector-1] [INFO] [1787181501.307493766] [aruco_detector]: frames=2202 with_detections=717 confirmed=[2, 4, 5, 7] pending=[]
[aruco_detector-1] [INFO] [1787181511.307638295] [aruco_detector]: frames=2252 with_detections=767 confirmed=[2, 4, 5, 7] pending=[]
[aruco_detector-1] [INFO] [1787181521.301515057] [aruco_detector]: frames=2302 with_detections=817 confirmed=[2, 4, 5, 7] pending=[]
[aruco_detector-1] [INFO] [1787181531.301482998] [aruco_detector]: frames=2352 with_detections=867 confirmed=[2, 4, 5, 7] pending=[]
[aruco_detector-1] [INFO] [1787181541.302579340] [aruco_detector]: frames=2402 with_detections=917 confirmed=[2, 4, 5, 7] pending=[]
[aruco_detector-1] [INFO] [1787181551.296978438] [aruco_detector]: frames=2452 with_detections=967 confirmed=[2, 4, 5, 7] pending=[]
[aruco_detector-1] [INFO] [1787181561.298892342] [aruco_detector]: frames=2502 with_detections=1017 confirmed=[2, 4, 5, 7] pending=[]
[aruco_detector-1] [INFO] [1787181571.360906917] [aruco_detector]: frames=2552 with_detections=1067 confirmed=[2, 4, 5, 7] pending=[]
[aruco_detector-1] [INFO] [1787181581.374609491] [aruco_detector]: frames=2602 with_detections=1117 confirmed=[2, 4, 5, 7] pending=[]
