[wsl-exp 01:09:53] backend=wsl:Ubuntu stack=hybrid world=office_world profile=realistic cap=30min out=reports/night/n9_navfn_noekf_s21
[wsl-exp 01:09:53] syncing src/ and scripts/ into /home/smirn/leo_ws
[wsl-exp 01:09:54] colcon build (leo_nav2_exploration, leo_rover_gazebo)
Summary: 1 package finished [1.85s]
  1 package failed: leo_rover_gazebo
  1 package had stderr output: leo_rover_gazebo
[wsl-exp 01:09:56] killing any previous sim
[wsl-exp 01:10:01] cleanup: 0 ROS processes still alive
[wsl-exp 01:10:06] starting simulator (GPU, headless)
[wsl-exp 01:10:06] waiting for /leo1/scan
[wsl-exp 01:10:18] scan: average rate: 59.599
[wsl-exp 01:10:18] renderer: 01:10:15: GL_RENDERER = D3D12 (NVIDIA GeForce RTX 4060 Ti)
[wsl-exp 01:10:22] skid-steer wheel-odometry model (replaces ground-truth TF)
[wsl-exp 01:10:30] overlay stack: sim_navigation.launch.py
[wsl-exp 01:10:31] waiting for Nav2 planner action
[wsl-exp 01:10:53] camera/points (with stack up): average rate: 4.975
[wsl-exp 01:10:57] scan_filtered: average rate: 9.838
[wsl-exp 01:10:57] starting recorders
[wsl-exp 01:10:59] starting ArUco detector
[wsl-exp 01:11:05] bootstrap jog
[wsl-exp 01:11:23] explorer launched; polling (cap 30 min)
[wsl-exp 01:19:24] explorer reports completion
[wsl-exp 01:19:31] saving map
[wsl-exp 01:19:32] flushing recorders
[wsl-exp 01:19:52] cleanup: 0 ROS processes still alive
[wsl-exp 01:19:54] done -> reports/night/n9_navfn_noekf_s21
