[INFO] [1783979396.538474680] [map_saver]: 
	map_saver lifecycle node launched. 
	Waiting on external lifecycle transitions to activate
	See https://design.ros2.org/articles/node_lifecycle.html for more information.
[INFO] [1783979396.538829982] [map_saver]: Creating
[INFO] [1783979396.541173999] [map_saver]: Configuring
[INFO] [1783979396.587326208] [map_saver]: Saving map from 'map' topic to '/ros2_ws/reports/overnight_2026-07-13/item_search/2coord_seedA/merged_map' file
[WARN] [1783979396.587381509] [map_saver]: Free threshold unspecified. Setting it to default value: 0.250000
[WARN] [1783979396.587409140] [map_saver]: Occupied threshold unspecified. Setting it to default value: 0.650000
[WARN] [1783979396.604711350] [map_io]: Image format unspecified. Setting it to: pgm
[INFO] [1783979396.604854518] [map_io]: Received a 482 X 323 map @ 0.05 m/pix
[INFO] [1783979396.682621129] [map_io]: Writing map occupancy data to /ros2_ws/reports/overnight_2026-07-13/item_search/2coord_seedA/merged_map.pgm
[INFO] [1783979396.708295700] [map_io]: Writing map metadata to /ros2_ws/reports/overnight_2026-07-13/item_search/2coord_seedA/merged_map.yaml
[INFO] [1783979396.710406835] [map_io]: Map saved
[INFO] [1783979396.710439149] [map_saver]: Map saved successfully
[INFO] [1783979396.712454737] [map_saver]: Destroying
[INFO] [1783979402.476762851] [map_saver]: 
	map_saver lifecycle node launched. 
	Waiting on external lifecycle transitions to activate
	See https://design.ros2.org/articles/node_lifecycle.html for more information.
[INFO] [1783979402.476889359] [map_saver]: Creating
[INFO] [1783979402.478958124] [map_saver]: Configuring
[INFO] [1783979402.517895043] [map_saver]: Saving map from 'map' topic to '/ros2_ws/reports/overnight_2026-07-13/item_search/2coord_seedA/leo1_map' file
[WARN] [1783979402.517950838] [map_saver]: Free threshold unspecified. Setting it to default value: 0.250000
[WARN] [1783979402.517964783] [map_saver]: Occupied threshold unspecified. Setting it to default value: 0.650000
[WARN] [1783979402.546317261] [map_io]: Image format unspecified. Setting it to: pgm
[INFO] [1783979402.546391122] [map_io]: Received a 479 X 319 map @ 0.05 m/pix
[INFO] [1783979402.619431874] [map_io]: Writing map occupancy data to /ros2_ws/reports/overnight_2026-07-13/item_search/2coord_seedA/leo1_map.pgm
[INFO] [1783979402.650249106] [map_io]: Writing map metadata to /ros2_ws/reports/overnight_2026-07-13/item_search/2coord_seedA/leo1_map.yaml
[INFO] [1783979402.653605255] [map_io]: Map saved
[INFO] [1783979402.653639083] [map_saver]: Map saved successfully
[INFO] [1783979402.656019188] [map_saver]: Destroying
[INFO] [1783979408.171841067] [map_saver]: 
	map_saver lifecycle node launched. 
	Waiting on external lifecycle transitions to activate
	See https://design.ros2.org/articles/node_lifecycle.html for more information.
[INFO] [1783979408.171964557] [map_saver]: Creating
[INFO] [1783979408.173126200] [map_saver]: Configuring
[INFO] [1783979408.209567432] [map_saver]: Saving map from 'map' topic to '/ros2_ws/reports/overnight_2026-07-13/item_search/2coord_seedA/leo2_map' file
[WARN] [1783979408.209932819] [map_saver]: Free threshold unspecified. Setting it to default value: 0.250000
[WARN] [1783979408.210124310] [map_saver]: Occupied threshold unspecified. Setting it to default value: 0.650000
[WARN] [1783979408.215762472] [map_io]: Image format unspecified. Setting it to: pgm
[INFO] [1783979408.215868145] [map_io]: Received a 480 X 320 map @ 0.05 m/pix
[INFO] [1783979408.307870848] [map_io]: Writing map occupancy data to /ros2_ws/reports/overnight_2026-07-13/item_search/2coord_seedA/leo2_map.pgm
[INFO] [1783979408.334955540] [map_io]: Writing map metadata to /ros2_ws/reports/overnight_2026-07-13/item_search/2coord_seedA/leo2_map.yaml
[INFO] [1783979408.337327185] [map_io]: Map saved
[INFO] [1783979408.337355791] [map_saver]: Map saved successfully
[INFO] [1783979408.339189651] [map_saver]: Destroying
