[INFO] [launch]: All log files can be found below /root/.ros/log/2026-07-13-21-28-42-689330-98331c2f2e93-269
[INFO] [launch]: Default logging verbosity is set to INFO
[INFO] [python3-1]: process started with pid [372]
[INFO] [static_transform_publisher-2]: process started with pid [374]
[INFO] [static_transform_publisher-3]: process started with pid [376]
[static_transform_publisher-2] [INFO] [1783978122.935859504] [map_to_leo1_map]: Spinning until stopped - publishing transform
[static_transform_publisher-2] translation: ('0.000000', '0.000000', '0.000000')
[static_transform_publisher-2] rotation: ('0.000000', '0.000000', '0.000000', '1.000000')
[static_transform_publisher-2] from 'map' to 'leo1/map'
[static_transform_publisher-3] [INFO] [1783978122.959762534] [map_to_leo2_map]: Spinning until stopped - publishing transform
[static_transform_publisher-3] translation: ('0.000000', '0.000000', '0.000000')
[static_transform_publisher-3] rotation: ('0.000000', '0.000000', '0.000000', '1.000000')
[static_transform_publisher-3] from 'map' to 'leo2/map'
[python3-1] [INFO] [1783978233.847830504] [map_compositor]: registered leo2: offset (-0.025, -0.005, 0.05deg) score=0.399
[python3-1] [INFO] [1783978270.037580940] [map_compositor]: registered leo2: offset (-0.025, -0.040, -0.05deg) score=0.354
[python3-1] [INFO] [1783978307.175620931] [map_compositor]: registered leo2: offset (-0.025, -0.050, -0.00deg) score=0.353
[python3-1] [INFO] [1783978342.664165136] [map_compositor]: registered leo2: offset (-0.035, -0.015, -0.10deg) score=0.314
[python3-1] [INFO] [1783978378.138750079] [map_compositor]: registered leo2: offset (-0.035, 0.010, -0.15deg) score=0.252
[python3-1] [INFO] [1783978413.419179466] [map_compositor]: registered leo2: offset (-0.075, 0.000, 0.20deg) score=0.197
[python3-1] [INFO] [1783978449.325783682] [map_compositor]: registered leo2: offset (-0.035, 0.010, -0.25deg) score=0.202
[python3-1] [INFO] [1783978484.847009254] [map_compositor]: registered leo2: offset (-0.165, 0.010, -0.35deg) score=0.172
[python3-1] [INFO] [1783978519.979963332] [map_compositor]: registered leo2: offset (-0.235, 0.010, -0.15deg) score=0.165
[python3-1] [INFO] [1783978555.376464835] [map_compositor]: registered leo2: offset (-0.215, 0.010, -0.25deg) score=0.164
[python3-1] [INFO] [1783978592.589534089] [map_compositor]: registered leo2: offset (-0.195, 0.010, -0.35deg) score=0.163
[python3-1] [INFO] [1783978628.043363719] [map_compositor]: registered leo2: offset (-0.225, 0.005, -0.15deg) score=0.220
[python3-1] [INFO] [1783978663.277554198] [map_compositor]: registered leo2: offset (-0.230, 0.005, -0.10deg) score=0.222
[python3-1] [INFO] [1783978698.414307516] [map_compositor]: registered leo2: offset (-0.160, 0.000, -0.15deg) score=0.199
[python3-1] [INFO] [1783978733.848781614] [map_compositor]: registered leo2: offset (-0.095, 0.000, -0.40deg) score=0.231
[python3-1] [INFO] [1783978769.230135854] [map_compositor]: registered leo2: offset (-0.080, -0.005, -0.35deg) score=0.230
[python3-1] [INFO] [1783978804.455144147] [map_compositor]: registered leo2: offset (-0.040, -0.005, -0.45deg) score=0.245
[python3-1] [INFO] [1783978845.423551921] [map_compositor]: registered leo2: offset (-0.050, -0.005, -0.40deg) score=0.248
[python3-1] [INFO] [1783978884.958153426] [map_compositor]: registered leo2: offset (-0.035, -0.005, -0.35deg) score=0.252
[python3-1] [INFO] [1783978923.048021532] [map_compositor]: registered leo2: offset (-0.045, -0.010, -0.45deg) score=0.256
[python3-1] [INFO] [1783978961.830952069] [map_compositor]: registered leo2: offset (-0.030, -0.010, -0.40deg) score=0.275
[python3-1] [INFO] [1783979000.816614723] [map_compositor]: registered leo2: offset (-0.040, 0.000, -0.35deg) score=0.280
[python3-1] [INFO] [1783979035.578604000] [map_compositor]: registered leo2: offset (-0.030, -0.005, -0.30deg) score=0.354
[python3-1] [INFO] [1783979070.176946072] [map_compositor]: registered leo2: offset (-0.035, 0.000, -0.25deg) score=0.377
[python3-1] [INFO] [1783979105.162988082] [map_compositor]: registered leo2: offset (-0.030, -0.005, -0.35deg) score=0.438
[python3-1] [INFO] [1783979139.731583441] [map_compositor]: registered leo2: offset (-0.035, -0.010, -0.30deg) score=0.466
[python3-1] [INFO] [1783979174.407320306] [map_compositor]: registered leo2: offset (-0.025, -0.015, -0.25deg) score=0.492
[python3-1] [INFO] [1783979208.888806108] [map_compositor]: registered leo2: offset (-0.030, -0.010, -0.20deg) score=0.495
[python3-1] [INFO] [1783979243.596122971] [map_compositor]: registered leo2: offset (-0.030, -0.015, -0.30deg) score=0.494
[python3-1] [INFO] [1783979278.277469274] [map_compositor]: registered leo2: offset (-0.025, -0.010, -0.25deg) score=0.494
[python3-1] [INFO] [1783979313.141769344] [map_compositor]: registered leo2: offset (-0.030, -0.015, -0.20deg) score=0.479
[python3-1] [INFO] [1783979349.850853397] [map_compositor]: registered leo2: offset (-0.030, 0.000, -0.30deg) score=0.492
[python3-1] [INFO] [1783979384.767010042] [map_compositor]: registered leo2: offset (-0.030, -0.010, -0.25deg) score=0.497
[python3-1] [INFO] [1783979420.234433413] [map_compositor]: registered leo2: offset (-0.025, -0.010, -0.35deg) score=0.497
