[INFO] [launch]: All log files can be found below /root/.ros/log/2026-07-05-16-32-09-086065-a11b65105535-758
[INFO] [launch]: Default logging verbosity is set to INFO
[INFO] [frontier_explorer-1]: process started with pid [831]
[frontier_explorer-1] [INFO] [1783269132.266059837] [frontier_explorer]: Frontier explorer up for "leo1" (base_frame=leo1/base_link)
[frontier_explorer-1] [WARN] [1783269132.502425257] [frontier_explorer]: Watchdog: work exists but no goal active and robot stationary - clearing costmaps
[frontier_explorer-1] [WARN] [1783269133.052615484] [frontier_explorer]: Watchdog: work exists but no goal active and robot stationary - clearing costmaps
[frontier_explorer-1] [INFO] [1783269135.061292688] [frontier_explorer]: Initial pose recorded: (1.24, -0.00)
[frontier_explorer-1] [INFO] [1783269135.847116439] [frontier_explorer]: New frontier goal: (2.02, -1.80)
[frontier_explorer-1] [INFO] [1783269147.360421359] [frontier_explorer]: New frontier goal: (-5.19, -3.45)
[frontier_explorer-1] [INFO] [1783269159.419802164] [frontier_explorer]: New frontier goal: (5.81, 4.70)
[frontier_explorer-1] [INFO] [1783269171.393885491] [frontier_explorer]: New frontier goal: (6.61, 7.45)
[frontier_explorer-1] [WARN] [1783269181.091147959] [frontier_explorer]: frontier goal failed (status 6), blacklisted (6.61, 7.45)
[frontier_explorer-1] [INFO] [1783269183.482920746] [frontier_explorer]: New frontier goal: (-5.99, 7.19)
[frontier_explorer-1] [INFO] [1783269195.546505392] [frontier_explorer]: New frontier goal: (-7.09, 7.54)
[frontier_explorer-1] [INFO] [1783269207.730788072] [frontier_explorer]: New frontier goal: (-7.59, -4.83)
[frontier_explorer-1] [INFO] [1783269219.887091068] [frontier_explorer]: New frontier goal: (-2.19, 7.62)
[frontier_explorer-1] [INFO] [1783269239.928236187] [frontier_explorer]: No path to frontier goal (-0.49, 8.47), skipping
[frontier_explorer-1] [INFO] [1783269244.102662948] [frontier_explorer]: New frontier goal: (0.91, 8.02)
[frontier_explorer-1] [INFO] [1783269255.936532334] [frontier_explorer]: New frontier goal: (-8.24, 2.52)
[frontier_explorer-1] [INFO] [1783269276.088139792] [frontier_explorer]: New frontier goal: (-6.94, -5.43)
[frontier_explorer-1] [INFO] [1783269304.186833623] [frontier_explorer]: New frontier goal: (-7.24, -6.40)
[frontier_explorer-1] [INFO] [1783269316.259712544] [frontier_explorer]: New frontier goal: (-8.49, -7.72)
[frontier_explorer-1] [INFO] [1783269328.281549476] [frontier_explorer]: New frontier goal: (4.51, -7.97)
[frontier_explorer-1] [INFO] [1783269360.412977909] [frontier_explorer]: New frontier goal: (5.26, -7.74)
[frontier_explorer-1] [INFO] [1783269372.411499957] [frontier_explorer]: New frontier goal: (6.06, -7.49)
[frontier_explorer-1] [INFO] [1783269384.455169554] [frontier_explorer]: New frontier goal: (7.41, -7.95)
[frontier_explorer-1] [WARN] [1783269391.049515379] [frontier_explorer]: frontier goal failed (status 6), blacklisted (7.41, -7.95)
[frontier_explorer-1] [INFO] [1783269392.466853364] [frontier_explorer]: New frontier goal: (2.71, -8.90)
[frontier_explorer-1] [INFO] [1783269404.511450640] [frontier_explorer]: New frontier goal: (7.96, -7.05)
[frontier_explorer-1] [INFO] [1783269416.515799661] [frontier_explorer]: New frontier goal: (7.81, -4.75)
[frontier_explorer-1] [INFO] [1783269448.740686570] [frontier_explorer]: New frontier goal: (8.25, -3.95)
[frontier_explorer-1] [INFO] [1783269460.804328125] [frontier_explorer]: New frontier goal: (7.55, 1.10)
[frontier_explorer-1] [INFO] [1783269476.890234446] [frontier_explorer]: New frontier goal: (9.00, 4.45)
[frontier_explorer-1] [INFO] [1783269521.262702430] [frontier_explorer]: New frontier goal: (7.40, 7.55)
[frontier_explorer-1] [INFO] [1783269541.427151519] [frontier_explorer]: New frontier goal: (-4.15, 9.55)
[frontier_explorer-1] [INFO] [1783269601.826945232] [frontier_explorer]: New frontier goal: (-4.19, 7.01)
[frontier_explorer-1] [INFO] [1783269613.938360897] [frontier_explorer]: New frontier goal: (-7.57, 5.41)
[frontier_explorer-1] [INFO] [1783269638.107107214] [frontier_explorer]: New frontier goal: (-1.52, -7.10)
[frontier_explorer-1] [INFO] [1783269654.249603630] [frontier_explorer]: No path to frontier goal (-6.87, 10.02), skipping
[frontier_explorer-1] [INFO] [1783269666.380684636] [frontier_explorer]: New frontier goal: (-4.44, -9.13)
[frontier_explorer-1] [INFO] [1783269678.409129913] [frontier_explorer]: No path to frontier goal (-9.76, -10.74), skipping
[frontier_explorer-1] [INFO] [1783269682.445302995] [frontier_explorer]: New frontier goal: (-1.46, -6.31)
[frontier_explorer-1] [WARN] [1783269707.069574590] [frontier_explorer]: frontier goal failed (status 6), blacklisted (-1.46, -6.31)
[frontier_explorer-1] [INFO] [1783269710.692149511] [frontier_explorer]: New frontier goal: (-4.36, -6.32)
[frontier_explorer-1] [WARN] [1783269738.816124536] [frontier_explorer]: Frontier goal done but frontier survived at (-4.37, -6.17) - striking it
[frontier_explorer-1] [INFO] [1783269738.867725047] [frontier_explorer]: New frontier goal: (-4.42, -7.62)
[frontier_explorer-1] [WARN] [1783269754.981003485] [frontier_explorer]: Frontier goal done but frontier survived at (-4.42, -7.62) - striking it
[frontier_explorer-1] [INFO] [1783269755.032460241] [frontier_explorer]: No path to frontier goal (-4.12, -10.07), skipping
[frontier_explorer-1] [WARN] [1783269756.882822750] [frontier_explorer]: Watchdog: work exists but no goal active and robot stationary - clearing costmaps
[frontier_explorer-1] [WARN] [1783269756.917034435] [frontier_explorer]: Watchdog: resetting blacklist
[frontier_explorer-1] [INFO] [1783269759.052195540] [frontier_explorer]: New frontier goal: (-4.42, -7.62)
[frontier_explorer-1] [WARN] [1783269763.071254146] [frontier_explorer]: Frontier goal done but frontier survived at (-4.42, -7.62) - striking it
[frontier_explorer-1] [INFO] [1783269763.123489910] [frontier_explorer]: New frontier goal: (-4.37, -6.17)
[frontier_explorer-1] [WARN] [1783269791.338492754] [frontier_explorer]: Frontier goal done but frontier survived at (-4.37, -6.17) - striking it
[frontier_explorer-1] [INFO] [1783269791.449854992] [frontier_explorer]: No path to frontier goal (-4.12, -10.07), skipping
[frontier_explorer-1] [WARN] [1783269797.247468696] [frontier_explorer]: Watchdog: work exists but no goal active and robot stationary - clearing costmaps
[frontier_explorer-1] [INFO] [1783269811.550662081] [frontier_explorer]: No path to frontier goal (4.93, -11.02), skipping
[frontier_explorer-1] [WARN] [1783269815.543211643] [frontier_explorer]: Goal (-4.12, -10.07) planner-rejected 3 times - long-banning
[frontier_explorer-1] [WARN] [1783269817.415344975] [frontier_explorer]: Watchdog: all goals planner-rejected (7 skips) - blind reverse escape
[frontier_explorer-1] [WARN] [1783269823.602344709] [frontier_explorer]: Goal (-1.52, -10.37) planner-rejected 3 times - long-banning
[frontier_explorer-1] [INFO] [1783269831.686295801] [frontier_explorer]: No path to frontier goal (6.03, -10.92), skipping
[frontier_explorer-1] [WARN] [1783269837.551562063] [frontier_explorer]: Watchdog: work exists but no goal active and robot stationary - clearing costmaps
[frontier_explorer-1] [WARN] [1783269837.587460948] [frontier_explorer]: Watchdog: resetting blacklist
[frontier_explorer-1] [INFO] [1783269839.710127264] [frontier_explorer]: New frontier goal: (-4.37, -6.17)
[frontier_explorer-1] [WARN] [1783269847.770878889] [frontier_explorer]: Frontier goal done but frontier survived at (-4.37, -6.17) - striking it
[frontier_explorer-1] [INFO] [1783269847.820831523] [frontier_explorer]: New frontier goal: (-4.42, -7.62)
[frontier_explorer-1] [WARN] [1783269872.035426481] [frontier_explorer]: Frontier goal done but frontier survived at (-4.42, -7.62) - striking it
[frontier_explorer-1] [WARN] [1783269872.173138501] [frontier_explorer]: Goal (-1.02, -11.02) planner-rejected 3 times - long-banning
[frontier_explorer-1] [INFO] [1783269872.216829904] [frontier_explorer]: No path to frontier goal (-1.02, -11.02), skipping
[frontier_explorer-1] [WARN] [1783269876.086507716] [frontier_explorer]: Goal (6.03, -10.92) planner-rejected 3 times - long-banning
[frontier_explorer-1] [WARN] [1783269877.975280649] [frontier_explorer]: Watchdog: work exists but no goal active and robot stationary - clearing costmaps
[frontier_explorer-1] [WARN] [1783269880.145642369] [frontier_explorer]: Goal (4.33, -10.82) planner-rejected 3 times - long-banning
[frontier_explorer-1] [INFO] [1783269888.237187494] [frontier_explorer]: New frontier goal: (5.28, -9.72)
[frontier_explorer-1] [INFO] [1783269908.398722899] [frontier_explorer]: No path to frontier goal (-3.57, -10.37), skipping
[frontier_explorer-1] [INFO] [1783269916.437335323] [frontier_explorer]: New frontier goal: (5.23, 0.68)
[frontier_explorer-1] [INFO] [1783269928.468977751] [frontier_explorer]: No path to frontier goal (6.68, -11.02), skipping
[frontier_explorer-1] [INFO] [1783269948.581311297] [frontier_explorer]: No path to frontier goal (5.99, 0.98), skipping
[frontier_explorer-1] [INFO] [1783269952.675456742] [frontier_explorer]: New frontier goal: (5.49, 1.48)
[frontier_explorer-1] [WARN] [1783269964.737175375] [frontier_explorer]: Goal (-6.81, 10.03) planner-rejected 3 times - long-banning
[frontier_explorer-1] [INFO] [1783269968.758980761] [frontier_explorer]: No path to frontier goal (-4.21, 10.03), skipping
[frontier_explorer-1] [WARN] [1783269971.855468116] [frontier_explorer]: frontier goal failed (status 6), blacklisted (5.49, 1.48)
[frontier_explorer-1] [WARN] [1783269978.745405240] [frontier_explorer]: Watchdog: work exists but no goal active and robot stationary - clearing costmaps
[frontier_explorer-1] [INFO] [1783269988.916190576] [frontier_explorer]: No path to frontier goal (7.34, 6.88), skipping
[frontier_explorer-1] [WARN] [1783269993.019296154] [frontier_explorer]: Goal (-4.21, 10.03) planner-rejected 3 times - long-banning
[frontier_explorer-1] [WARN] [1783269996.993333922] [frontier_explorer]: Goal (-9.16, 10.38) planner-rejected 3 times - long-banning
[frontier_explorer-1] [WARN] [1783269998.912233334] [frontier_explorer]: Watchdog: all goals planner-rejected (9 skips) - blind rotate escape
[frontier_explorer-1] [WARN] [1783270001.033997057] [frontier_explorer]: Goal (5.99, 0.98) planner-rejected 3 times - long-banning
[frontier_explorer-1] [INFO] [1783270005.057316511] [frontier_explorer]: New frontier goal: (6.74, 1.43)
[frontier_explorer-1] [WARN] [1783270041.279544808] [frontier_explorer]: No progress for 32s - clearing costmaps and retrying goal (6.74, 1.43)
[frontier_explorer-1] [WARN] [1783270055.133860283] [frontier_explorer]: frontier goal failed (status 6), blacklisted (6.74, 1.43)
[frontier_explorer-1] [INFO] [1783270057.445547300] [frontier_explorer]: No path to frontier goal (7.24, 6.78), skipping
[frontier_explorer-1] [WARN] [1783270059.370804449] [frontier_explorer]: Watchdog: work exists but no goal active and robot stationary - clearing costmaps
[frontier_explorer-1] [INFO] [1783270077.633983602] [frontier_explorer]: No path to frontier goal (-1.46, -11.42), skipping
[frontier_explorer-1] [WARN] [1783270079.550056598] [frontier_explorer]: Watchdog: all goals planner-rejected (6 skips) - blind reverse escape
[frontier_explorer-1] [WARN] [1783270081.690411321] [frontier_explorer]: Goal (7.19, 6.88) planner-rejected 3 times - long-banning
[frontier_explorer-1] [INFO] [1783270097.869394576] [frontier_explorer]: No path to frontier goal (-2.31, -11.27), skipping
[frontier_explorer-1] [WARN] [1783270099.795625085] [frontier_explorer]: Watchdog: work exists but no goal active and robot stationary - clearing costmaps
[frontier_explorer-1] [WARN] [1783270099.829814458] [frontier_explorer]: Watchdog: resetting blacklist
[frontier_explorer-1] [WARN] [1783270101.912511481] [frontier_explorer]: Goal (5.49, 1.48) planner-rejected 3 times - long-banning
[frontier_explorer-1] [WARN] [1783270110.006870889] [frontier_explorer]: Goal (-2.16, -10.52) planner-rejected 3 times - long-banning
[frontier_explorer-1] [WARN] [1783270114.130821632] [frontier_explorer]: Goal (-2.96, -10.92) planner-rejected 3 times - long-banning
[frontier_explorer-1] [WARN] [1783270118.115395486] [frontier_explorer]: Goal (-2.31, -11.27) planner-rejected 3 times - long-banning
[frontier_explorer-1] [INFO] [1783270118.148491621] [frontier_explorer]: No path to frontier goal (-2.31, -11.27), skipping
[frontier_explorer-1] [WARN] [1783270120.040444125] [frontier_explorer]: Watchdog: all goals planner-rejected (9 skips) - blind rotate escape
[frontier_explorer-1] [WARN] [1783270126.200198315] [frontier_explorer]: Goal (6.74, 1.43) planner-rejected 3 times - long-banning
[frontier_explorer-1] [WARN] [1783270130.257354102] [frontier_explorer]: Goal (-1.46, -11.42) planner-rejected 3 times - long-banning
[frontier_explorer-1] [INFO] [1783270138.317158191] [frontier_explorer]: No path to frontier goal (8.84, -10.12), skipping
[frontier_explorer-1] [WARN] [1783270140.247289975] [frontier_explorer]: Watchdog: work exists but no goal active and robot stationary - clearing costmaps
[frontier_explorer-1] [INFO] [1783270150.471369825] [frontier_explorer]: Exploration + sweep complete: camera coverage 15% (909/6261 wall cells), items found: [] (0 confirmed, 0 seen)
[frontier_explorer-1] [INFO] [1783270150.504660699] [frontier_explorer]: Returning to initial pose...
[frontier_explorer-1] [INFO] [1783270178.607730583] [frontier_explorer]: Returned to initial pose.
[frontier_explorer-1] [INFO] [1783270178.638602744] [frontier_explorer]: Exploration finished.
[frontier_explorer-1] [INFO] [1783270182.717207930] [frontier_explorer]: Map saved to /ros2_ws/reports/comparison_run/custom/map
