[INFO] [launch]: All log files can be found below /home/smirn/.ros/log/2026-08-20-05-45-24-376456-Tornadosky-3054
[INFO] [launch]: Default logging verbosity is set to INFO
[INFO] [aruco_detector-1]: process started with pid [3055]
[aruco_detector-1] [INFO] [1787197524.985336359] [aruco_detector]: aruco_detector: dict=DICT_4X4_50 len=0.2 m image=/leo1/camera/image optical_frame=False map_frame=map cv2=4.5.4 allowed_ids=[1, 2, 3, 4, 5, 6, 7, 8]
[aruco_detector-1] [INFO] [1787197524.986464038] [aruco_detector]: frames=0 with_detections=0 confirmed=[] pending=[]
[aruco_detector-1] [INFO] [1787197525.158969985] [aruco_detector]: camera intrinsics: fx=554.4 fy=554.4 cx=320.0 cy=240.0 distortion=5 coeffs
[aruco_detector-1] [INFO] [1787197529.555618566] [aruco_detector]: frames=22 with_detections=0 confirmed=[] pending=[]
[aruco_detector-1] [INFO] [1787197539.602196296] [aruco_detector]: frames=72 with_detections=0 confirmed=[] pending=[]
[aruco_detector-1] [INFO] [1787197549.629204370] [aruco_detector]: frames=122 with_detections=0 confirmed=[] pending=[]
[aruco_detector-1] [INFO] [1787197559.630405959] [aruco_detector]: frames=172 with_detections=6 confirmed=[] pending=[]
[aruco_detector-1] [INFO] [1787197569.634069102] [aruco_detector]: frames=222 with_detections=6 confirmed=[] pending=[]
[aruco_detector-1] [INFO] [1787197572.468457109] [aruco_detector]: ArUco 4 CONFIRMED at map (-3.31, 4.22, 0.12) range 5.75 m, reproj 2.01 px
[aruco_detector-1] [INFO] [1787197579.633958228] [aruco_detector]: frames=272 with_detections=33 confirmed=[4] pending=[]
[aruco_detector-1] [INFO] [1787197589.634178343] [aruco_detector]: frames=322 with_detections=33 confirmed=[4] pending=[]
[aruco_detector-1] [INFO] [1787197599.635388045] [aruco_detector]: frames=372 with_detections=38 confirmed=[4] pending=[]
[aruco_detector-1] [INFO] [1787197609.635391857] [aruco_detector]: frames=422 with_detections=83 confirmed=[4] pending=[]
[aruco_detector-1] [INFO] [1787197619.635390309] [aruco_detector]: frames=472 with_detections=92 confirmed=[4] pending=[]
[aruco_detector-1] [INFO] [1787197629.638769857] [aruco_detector]: frames=522 with_detections=92 confirmed=[4] pending=[]
[aruco_detector-1] [INFO] [1787197639.638869865] [aruco_detector]: frames=572 with_detections=92 confirmed=[4] pending=[]
[aruco_detector-1] [INFO] [1787197649.638857150] [aruco_detector]: frames=622 with_detections=92 confirmed=[4] pending=[]
[aruco_detector-1] [INFO] [1787197659.641975866] [aruco_detector]: frames=672 with_detections=92 confirmed=[4] pending=[]
[aruco_detector-1] [INFO] [1787197669.646038946] [aruco_detector]: frames=722 with_detections=99 confirmed=[4] pending=[]
[aruco_detector-1] [INFO] [1787197679.645984995] [aruco_detector]: frames=772 with_detections=99 confirmed=[4] pending=[]
[aruco_detector-1] [INFO] [1787197689.649621154] [aruco_detector]: frames=822 with_detections=99 confirmed=[4] pending=[]
[aruco_detector-1] [INFO] [1787197699.649309884] [aruco_detector]: frames=872 with_detections=107 confirmed=[4] pending=[]
[aruco_detector-1] [INFO] [1787197709.649320146] [aruco_detector]: frames=922 with_detections=109 confirmed=[4] pending=[]
[aruco_detector-1] [INFO] [1787197719.088521742] [aruco_detector]: ArUco 1 CONFIRMED at map (-10.03, 0.25, 0.13) range 5.88 m, reproj 0.01 px
[aruco_detector-1] [INFO] [1787197719.651953762] [aruco_detector]: frames=972 with_detections=127 confirmed=[1, 4] pending=[]
[aruco_detector-1] [INFO] [1787197725.489534582] [aruco_detector]: ArUco 6 CONFIRMED at map (-10.55, -3.46, 0.14) range 5.67 m, reproj 0.37 px
[aruco_detector-1] [INFO] [1787197729.652993741] [aruco_detector]: frames=1022 with_detections=158 confirmed=[1, 4, 6] pending=[]
[aruco_detector-1] [INFO] [1787197739.652996303] [aruco_detector]: frames=1072 with_detections=162 confirmed=[1, 4, 6] pending=[]
[aruco_detector-1] [INFO] [1787197749.656289022] [aruco_detector]: frames=1122 with_detections=162 confirmed=[1, 4, 6] pending=[]
[aruco_detector-1] [INFO] [1787197759.656263440] [aruco_detector]: frames=1172 with_detections=162 confirmed=[1, 4, 6] pending=[]
[aruco_detector-1] [INFO] [1787197769.656401389] [aruco_detector]: frames=1222 with_detections=162 confirmed=[1, 4, 6] pending=[]
[aruco_detector-1] [INFO] [1787197779.659961992] [aruco_detector]: frames=1272 with_detections=162 confirmed=[1, 4, 6] pending=[]
[aruco_detector-1] [INFO] [1787197789.663529321] [aruco_detector]: frames=1322 with_detections=162 confirmed=[1, 4, 6] pending=[]
[aruco_detector-1] [INFO] [1787197799.663474172] [aruco_detector]: frames=1372 with_detections=162 confirmed=[1, 4, 6] pending=[]
[aruco_detector-1] [INFO] [1787197809.666992310] [aruco_detector]: frames=1422 with_detections=162 confirmed=[1, 4, 6] pending=[]
[aruco_detector-1] [INFO] [1787197819.667061874] [aruco_detector]: frames=1472 with_detections=162 confirmed=[1, 4, 6] pending=[]
[aruco_detector-1] [INFO] [1787197829.692455004] [aruco_detector]: frames=1522 with_detections=166 confirmed=[1, 4, 6] pending=[]
[aruco_detector-1] [INFO] [1787197837.525013551] [aruco_detector]: ArUco 2 CONFIRMED at map (8.79, -0.00, 0.14) range 5.83 m, reproj 0.14 px
[aruco_detector-1] [INFO] [1787197839.694908285] [aruco_detector]: frames=1572 with_detections=189 confirmed=[1, 2, 4, 6] pending=[]
[aruco_detector-1] [INFO] [1787197849.694963274] [aruco_detector]: frames=1622 with_detections=208 confirmed=[1, 2, 4, 6] pending=[]
[aruco_detector-1] [INFO] [1787197859.694898111] [aruco_detector]: frames=1672 with_detections=208 confirmed=[1, 2, 4, 6] pending=[]
[aruco_detector-1] [INFO] [1787197869.698309692] [aruco_detector]: frames=1722 with_detections=208 confirmed=[1, 2, 4, 6] pending=[]
[aruco_detector-1] [INFO] [1787197879.698226641] [aruco_detector]: frames=1772 with_detections=208 confirmed=[1, 2, 4, 6] pending=[]
[aruco_detector-1] [INFO] [1787197886.733544105] [aruco_detector]: ArUco 5 CONFIRMED at map (9.88, 3.16, 0.13) range 5.75 m, reproj 0.32 px
[aruco_detector-1] [INFO] [1787197889.698259681] [aruco_detector]: frames=1822 with_detections=218 confirmed=[1, 2, 4, 5, 6] pending=[]
[aruco_detector-1] [INFO] [1787197899.702600747] [aruco_detector]: frames=1872 with_detections=242 confirmed=[1, 2, 4, 5, 6] pending=[]
[aruco_detector-1] [INFO] [1787197909.702460850] [aruco_detector]: frames=1922 with_detections=291 confirmed=[1, 2, 4, 5, 6] pending=[]
[aruco_detector-1] [INFO] [1787197919.704696091] [aruco_detector]: frames=1972 with_detections=324 confirmed=[1, 2, 4, 5, 6] pending=[]
[aruco_detector-1] [INFO] [1787197929.705978103] [aruco_detector]: frames=2022 with_detections=346 confirmed=[1, 2, 4, 5, 6] pending=[]
[aruco_detector-1] [INFO] [1787197939.705924827] [aruco_detector]: frames=2072 with_detections=359 confirmed=[1, 2, 4, 5, 6] pending=[]
[aruco_detector-1] [INFO] [1787197949.728197215] [aruco_detector]: frames=2122 with_detections=393 confirmed=[1, 2, 4, 5, 6] pending=[]
[aruco_detector-1] [INFO] [1787197959.730783703] [aruco_detector]: frames=2172 with_detections=393 confirmed=[1, 2, 4, 5, 6] pending=[]
[aruco_detector-1] [INFO] [1787197969.731892704] [aruco_detector]: frames=2222 with_detections=393 confirmed=[1, 2, 4, 5, 6] pending=[]
[aruco_detector-1] [INFO] [1787197979.731877955] [aruco_detector]: frames=2272 with_detections=393 confirmed=[1, 2, 4, 5, 6] pending=[]
[aruco_detector-1] [INFO] [1787197989.732023464] [aruco_detector]: frames=2322 with_detections=393 confirmed=[1, 2, 4, 5, 6] pending=[]
[aruco_detector-1] [INFO] [1787197999.732059411] [aruco_detector]: frames=2372 with_detections=393 confirmed=[1, 2, 4, 5, 6] pending=[]
[aruco_detector-1] [INFO] [1787198009.765066415] [aruco_detector]: frames=2422 with_detections=393 confirmed=[1, 2, 4, 5, 6] pending=[]
[aruco_detector-1] [INFO] [1787198017.406374499] [aruco_detector]: ArUco 7 CONFIRMED at map (4.07, -5.71, 0.14) range 5.81 m, reproj 0.11 px
[aruco_detector-1] [INFO] [1787198019.766268589] [aruco_detector]: frames=2472 with_detections=407 confirmed=[1, 2, 4, 5, 6, 7] pending=[]
[aruco_detector-1] [INFO] [1787198029.766298823] [aruco_detector]: frames=2522 with_detections=419 confirmed=[1, 2, 4, 5, 6, 7] pending=[]
[aruco_detector-1] [INFO] [1787198039.766242818] [aruco_detector]: frames=2572 with_detections=423 confirmed=[1, 2, 4, 5, 6, 7] pending=[]
[aruco_detector-1] [INFO] [1787198049.767426050] [aruco_detector]: frames=2622 with_detections=467 confirmed=[1, 2, 4, 5, 6, 7] pending=[]
[aruco_detector-1] [INFO] [1787198059.767468568] [aruco_detector]: frames=2672 with_detections=468 confirmed=[1, 2, 4, 5, 6, 7] pending=[]
[aruco_detector-1] [INFO] [1787198069.767459965] [aruco_detector]: frames=2722 with_detections=468 confirmed=[1, 2, 4, 5, 6, 7] pending=[]
[aruco_detector-1] [INFO] [1787198079.769833455] [aruco_detector]: frames=2772 with_detections=468 confirmed=[1, 2, 4, 5, 6, 7] pending=[]
[aruco_detector-1] [INFO] [1787198089.772589501] [aruco_detector]: frames=2822 with_detections=468 confirmed=[1, 2, 4, 5, 6, 7] pending=[]
[aruco_detector-1] [INFO] [1787198099.774881403] [aruco_detector]: frames=2872 with_detections=468 confirmed=[1, 2, 4, 5, 6, 7] pending=[]
[aruco_detector-1] [INFO] [1787198109.775239816] [aruco_detector]: frames=2922 with_detections=468 confirmed=[1, 2, 4, 5, 6, 7] pending=[]
[aruco_detector-1] [INFO] [1787198119.791332598] [aruco_detector]: frames=2972 with_detections=469 confirmed=[1, 2, 4, 5, 6, 7] pending=[]
[aruco_detector-1] [INFO] [1787198129.791511388] [aruco_detector]: frames=3022 with_detections=474 confirmed=[1, 2, 4, 5, 6, 7] pending=[]
[aruco_detector-1] [INFO] [1787198139.799194852] [aruco_detector]: frames=3072 with_detections=493 confirmed=[1, 2, 4, 5, 6, 7] pending=[]
[aruco_detector-1] [INFO] [1787198149.800812206] [aruco_detector]: frames=3122 with_detections=528 confirmed=[1, 2, 4, 5, 6, 7] pending=[]
[aruco_detector-1] [INFO] [1787198159.803113319] [aruco_detector]: frames=3172 with_detections=567 confirmed=[1, 2, 4, 5, 6, 7] pending=[]
[aruco_detector-1] [INFO] [1787198169.804505671] [aruco_detector]: frames=3222 with_detections=567 confirmed=[1, 2, 4, 5, 6, 7] pending=[]
[aruco_detector-1] [INFO] [1787198179.804427166] [aruco_detector]: frames=3272 with_detections=567 confirmed=[1, 2, 4, 5, 6, 7] pending=[]
[aruco_detector-1] [INFO] [1787198189.804459367] [aruco_detector]: frames=3322 with_detections=584 confirmed=[1, 2, 4, 5, 6, 7] pending=[]
[aruco_detector-1] [INFO] [1787198199.809849708] [aruco_detector]: frames=3372 with_detections=626 confirmed=[1, 2, 4, 5, 6, 7] pending=[]
[aruco_detector-1] [INFO] [1787198209.809915852] [aruco_detector]: frames=3422 with_detections=626 confirmed=[1, 2, 4, 5, 6, 7] pending=[]
[aruco_detector-1] [INFO] [1787198219.810920144] [aruco_detector]: frames=3472 with_detections=626 confirmed=[1, 2, 4, 5, 6, 7] pending=[]
[aruco_detector-1] [INFO] [1787198229.814567062] [aruco_detector]: frames=3522 with_detections=653 confirmed=[1, 2, 4, 5, 6, 7] pending=[]
[aruco_detector-1] [INFO] [1787198239.814563489] [aruco_detector]: frames=3572 with_detections=685 confirmed=[1, 2, 4, 5, 6, 7] pending=[]
[aruco_detector-1] [INFO] [1787198249.814461097] [aruco_detector]: frames=3622 with_detections=685 confirmed=[1, 2, 4, 5, 6, 7] pending=[]
[aruco_detector-1] [INFO] [1787198259.815674941] [aruco_detector]: frames=3672 with_detections=685 confirmed=[1, 2, 4, 5, 6, 7] pending=[]
[aruco_detector-1] [INFO] [1787198269.817735416] [aruco_detector]: frames=3722 with_detections=717 confirmed=[1, 2, 4, 5, 6, 7] pending=[]
[aruco_detector-1] [INFO] [1787198279.818624480] [aruco_detector]: frames=3772 with_detections=717 confirmed=[1, 2, 4, 5, 6, 7] pending=[]
[aruco_detector-1] [INFO] [1787198289.822262567] [aruco_detector]: frames=3822 with_detections=717 confirmed=[1, 2, 4, 5, 6, 7] pending=[]
[aruco_detector-1] [INFO] [1787198299.822509440] [aruco_detector]: frames=3872 with_detections=717 confirmed=[1, 2, 4, 5, 6, 7] pending=[]
[aruco_detector-1] [INFO] [1787198309.823400563] [aruco_detector]: frames=3922 with_detections=717 confirmed=[1, 2, 4, 5, 6, 7] pending=[]
[aruco_detector-1] [INFO] [1787198313.259563547] [aruco_detector]: ArUco 8 CONFIRMED at map (-3.63, -1.31, 0.10) range 5.61 m, reproj 1.02 px
[aruco_detector-1] [INFO] [1787198319.826822400] [aruco_detector]: frames=3972 with_detections=740 confirmed=[1, 2, 4, 5, 6, 7, 8] pending=[]
[aruco_detector-1] [INFO] [1787198329.826893116] [aruco_detector]: frames=4022 with_detections=740 confirmed=[1, 2, 4, 5, 6, 7, 8] pending=[]
[aruco_detector-1] [INFO] [1787198339.843769631] [aruco_detector]: frames=4072 with_detections=740 confirmed=[1, 2, 4, 5, 6, 7, 8] pending=[]
[aruco_detector-1] [INFO] [1787198341.912070074] [aruco_detector]: ArUco 3 CONFIRMED at map (-8.34, 6.18, 0.13) range 4.84 m, reproj 0.19 px
[aruco_detector-1] [INFO] [1787198349.903688596] [aruco_detector]: frames=4122 with_detections=772 confirmed=[1, 2, 3, 4, 5, 6, 7, 8] pending=[]
[aruco_detector-1] [INFO] [1787198359.907126934] [aruco_detector]: frames=4172 with_detections=812 confirmed=[1, 2, 3, 4, 5, 6, 7, 8] pending=[]
[aruco_detector-1] [INFO] [1787198369.951720382] [aruco_detector]: frames=4222 with_detections=816 confirmed=[1, 2, 3, 4, 5, 6, 7, 8] pending=[]
[aruco_detector-1] [INFO] [1787198379.993556490] [aruco_detector]: frames=4272 with_detections=831 confirmed=[1, 2, 3, 4, 5, 6, 7, 8] pending=[]
[aruco_detector-1] [INFO] [1787198389.993358401] [aruco_detector]: frames=4322 with_detections=873 confirmed=[1, 2, 3, 4, 5, 6, 7, 8] pending=[]
[aruco_detector-1] [INFO] [1787198399.994592647] [aruco_detector]: frames=4372 with_detections=923 confirmed=[1, 2, 3, 4, 5, 6, 7, 8] pending=[]
[aruco_detector-1] [INFO] [1787198409.996457754] [aruco_detector]: frames=4422 with_detections=973 confirmed=[1, 2, 3, 4, 5, 6, 7, 8] pending=[]
[aruco_detector-1] [INFO] [1787198419.998656402] [aruco_detector]: frames=4472 with_detections=1023 confirmed=[1, 2, 3, 4, 5, 6, 7, 8] pending=[]
[aruco_detector-1] [INFO] [1787198429.998688209] [aruco_detector]: frames=4522 with_detections=1073 confirmed=[1, 2, 3, 4, 5, 6, 7, 8] pending=[]
[aruco_detector-1] [INFO] [1787198439.999277316] [aruco_detector]: frames=4572 with_detections=1123 confirmed=[1, 2, 3, 4, 5, 6, 7, 8] pending=[]
[aruco_detector-1] [INFO] [1787198449.999397036] [aruco_detector]: frames=4622 with_detections=1173 confirmed=[1, 2, 3, 4, 5, 6, 7, 8] pending=[]
[aruco_detector-1] [INFO] [1787198460.003467602] [aruco_detector]: frames=4672 with_detections=1223 confirmed=[1, 2, 3, 4, 5, 6, 7, 8] pending=[]
[aruco_detector-1] [INFO] [1787198470.004559828] [aruco_detector]: frames=4722 with_detections=1273 confirmed=[1, 2, 3, 4, 5, 6, 7, 8] pending=[]
[aruco_detector-1] [INFO] [1787198480.004640188] [aruco_detector]: frames=4772 with_detections=1323 confirmed=[1, 2, 3, 4, 5, 6, 7, 8] pending=[]
[aruco_detector-1] [INFO] [1787198490.006181765] [aruco_detector]: frames=4822 with_detections=1373 confirmed=[1, 2, 3, 4, 5, 6, 7, 8] pending=[]
[aruco_detector-1] [INFO] [1787198500.011817224] [aruco_detector]: frames=4872 with_detections=1423 confirmed=[1, 2, 3, 4, 5, 6, 7, 8] pending=[]
[aruco_detector-1] [INFO] [1787198510.013730561] [aruco_detector]: frames=4922 with_detections=1473 confirmed=[1, 2, 3, 4, 5, 6, 7, 8] pending=[]
[aruco_detector-1] [INFO] [1787198520.076961090] [aruco_detector]: frames=4972 with_detections=1523 confirmed=[1, 2, 3, 4, 5, 6, 7, 8] pending=[]
[aruco_detector-1] [INFO] [1787198530.079665104] [aruco_detector]: frames=5022 with_detections=1573 confirmed=[1, 2, 3, 4, 5, 6, 7, 8] pending=[]
