video written: /ros2_ws/reports/collab_clean/office_single/exploration.mp4 (50 frames, 482x324)
autosaved at 50 frames
video written: /ros2_ws/reports/collab_clean/office_single/exploration.mp4 (73 frames, 482x324)
Traceback (most recent call last):
  File "/ros2_ws/scripts/map_recorder.py", line 149, in <module>
    main()
  File "/ros2_ws/scripts/map_recorder.py", line 138, in main
    rclpy.spin(node)
  File "/opt/ros/humble/local/lib/python3.10/dist-packages/rclpy/__init__.py", line 229, in spin
    executor.spin_once()
  File "/opt/ros/humble/local/lib/python3.10/dist-packages/rclpy/executors.py", line 808, in spin_once
    self._spin_once_impl(timeout_sec)
  File "/opt/ros/humble/local/lib/python3.10/dist-packages/rclpy/executors.py", line 805, in _spin_once_impl
    raise handler.exception()
  File "/opt/ros/humble/local/lib/python3.10/dist-packages/rclpy/task.py", line 272, in _execute_coroutine_step
    result = coro.send(None)
  File "/opt/ros/humble/local/lib/python3.10/dist-packages/rclpy/executors.py", line 478, in handler
    arg = take_from_wait_list(entity)
  File "/opt/ros/humble/local/lib/python3.10/dist-packages/rclpy/executors.py", line 400, in _take_subscription
    msg_info = sub.handle.take_message(sub.msg_type, sub.raw)
RuntimeError: Unable to convert call argument to Python object (compile in debug mode for details)
