[INFO] [launch]: All log files can be found below /root/.ros/log/2026-07-06-14-37-37-440850-776bf9a88e10-206
[INFO] [launch]: Default logging verbosity is set to INFO
[INFO] [async_slam_toolbox_node-1]: process started with pid [377]
[async_slam_toolbox_node-1] [INFO] [1783348657.952540949] [slam_toolbox]: Node using stack size 40000000
[async_slam_toolbox_node-1] [INFO] [1783348658.702662761] [slam_toolbox]: Using solver plugin solver_plugins::CeresSolver
[async_slam_toolbox_node-1] [INFO] [1783348658.703810846] [slam_toolbox]: CeresSolver: Using SCHUR_JACOBI preconditioner.
[async_slam_toolbox_node-1] [WARN] [1783348658.716815434] [slam_toolbox]: minimum laser range setting (0.0 m) exceeds the capabilities of the used Lidar (0.1 m)
[async_slam_toolbox_node-1] Registering sensor: [Custom Described Lidar]
[async_slam_toolbox_node-1] WARNING: Logging before InitGoogleLogging() is written to STDERR
[async_slam_toolbox_node-1] W0706 14:42:47.963953   377 preprocessor.cc:62] Specified options.num_threads: 50 exceeds maximum available from the threading model Ceres was compiled with: 28.  Bounding to maximum number available.
[async_slam_toolbox_node-1] W0706 14:45:48.325289   377 preprocessor.cc:62] Specified options.num_threads: 50 exceeds maximum available from the threading model Ceres was compiled with: 28.  Bounding to maximum number available.
[async_slam_toolbox_node-1] W0706 14:47:10.214738   377 preprocessor.cc:62] Specified options.num_threads: 50 exceeds maximum available from the threading model Ceres was compiled with: 28.  Bounding to maximum number available.
[async_slam_toolbox_node-1] [INFO] [1783349395.097509944] [slam_toolbox]: SlamToolbox: Saving map as /ros2_ws/reports/collab_clean/office_single/map.
[async_slam_toolbox_node-1] [INFO] [1783349398.133885547] [map_saver]: 
[async_slam_toolbox_node-1] 	map_saver lifecycle node launched. 
[async_slam_toolbox_node-1] 	Waiting on external lifecycle transitions to activate
[async_slam_toolbox_node-1] 	See https://design.ros2.org/articles/node_lifecycle.html for more information.
[async_slam_toolbox_node-1] [INFO] [1783349398.133981306] [map_saver]: Creating
[async_slam_toolbox_node-1] [INFO] [1783349398.134556927] [map_saver]: Configuring
[async_slam_toolbox_node-1] [INFO] [1783349398.166950071] [map_saver]: Saving map from 'map' topic to '/ros2_ws/reports/collab_clean/office_single/map' file
[async_slam_toolbox_node-1] [WARN] [1783349398.167001447] [map_saver]: Free threshold unspecified. Setting it to default value: 0.250000
[async_slam_toolbox_node-1] [WARN] [1783349398.167013319] [map_saver]: Occupied threshold unspecified. Setting it to default value: 0.650000
[async_slam_toolbox_node-1] [WARN] [1783349398.170761740] [map_io]: Image format unspecified. Setting it to: pgm
[async_slam_toolbox_node-1] [INFO] [1783349398.170866765] [map_io]: Received a 480 X 320 map @ 0.05 m/pix
[async_slam_toolbox_node-1] [INFO] [1783349398.236544046] [map_io]: Writing map occupancy data to /ros2_ws/reports/collab_clean/office_single/map.pgm
[async_slam_toolbox_node-1] [INFO] [1783349398.261114917] [map_io]: Writing map metadata to /ros2_ws/reports/collab_clean/office_single/map.yaml
[async_slam_toolbox_node-1] [INFO] [1783349398.263305680] [map_io]: Map saved
[async_slam_toolbox_node-1] [INFO] [1783349398.263361830] [map_saver]: Map saved successfully
[async_slam_toolbox_node-1] [INFO] [1783349398.265028198] [map_saver]: Destroying
[async_slam_toolbox_node-1] Save To File /ros2_ws/reports/collab_clean/office_single/map.posegraph 
[async_slam_toolbox_node-1] Mapper <- Module
[async_slam_toolbox_node-1] Mapper <- m_pSequentialScanMatcher
[async_slam_toolbox_node-1] Mapper <- m_pGraph
[async_slam_toolbox_node-1] MapperGraph <- Graph; Graph <- m_Edges; Graph <- m_Vertices
[async_slam_toolbox_node-1] MapperGraph <- m_pMapper; MapperGraph <- m_pLoopScanMatcher; MapperGraph <- m_pTraversal
[async_slam_toolbox_node-1] Mapper <- m_pMapperSensorManager
[async_slam_toolbox_node-1] MapperSensorManager <- m_ScanManagers; MapperSensorManager <- m_Scans
[async_slam_toolbox_node-1] Mapper <- m_Listeners
[async_slam_toolbox_node-1] **Finished serializing Mapper**
[async_slam_toolbox_node-1] Save To File
[async_slam_toolbox_node-1] **Serializing Dataset**
[async_slam_toolbox_node-1] Dataset <- m_SensorNameLookup
[async_slam_toolbox_node-1] Dataset <- m_Data
[async_slam_toolbox_node-1] Dataset <- m_Lasers
[async_slam_toolbox_node-1] Dataset <- m_pDatasetInfo
[async_slam_toolbox_node-1] **Finished serializing Dataset**
