[INFO] [launch]: All log files can be found below /home/smirn/.ros/log/2026-08-20-05-36-49-236845-Tornadosky-131565
[INFO] [launch]: Default logging verbosity is set to INFO
[INFO] [aruco_detector-1]: process started with pid [131566]
[aruco_detector-1] [INFO] [1787197009.896302411] [aruco_detector]: aruco_detector: dict=DICT_4X4_50 len=0.2 m image=/leo1/camera/image optical_frame=False map_frame=map cv2=4.5.4 allowed_ids=[1, 2, 3, 4, 5, 6, 7, 8]
[aruco_detector-1] [INFO] [1787197009.897531426] [aruco_detector]: frames=0 with_detections=0 confirmed=[] pending=[]
[aruco_detector-1] [INFO] [1787197010.078176531] [aruco_detector]: camera intrinsics: fx=554.4 fy=554.4 cx=320.0 cy=240.0 distortion=5 coeffs
[aruco_detector-1] [INFO] [1787197014.474551999] [aruco_detector]: frames=22 with_detections=0 confirmed=[] pending=[]
[aruco_detector-1] [INFO] [1787197024.485709874] [aruco_detector]: frames=72 with_detections=0 confirmed=[] pending=[]
[aruco_detector-1] [INFO] [1787197034.493933560] [aruco_detector]: frames=122 with_detections=42 confirmed=[] pending=[]
[aruco_detector-1] [INFO] [1787197044.493920869] [aruco_detector]: frames=172 with_detections=46 confirmed=[] pending=[]
[aruco_detector-1] [INFO] [1787197054.494012531] [aruco_detector]: frames=222 with_detections=47 confirmed=[] pending=[]
[aruco_detector-1] [INFO] [1787197064.495871226] [aruco_detector]: frames=272 with_detections=47 confirmed=[] pending=[]
[aruco_detector-1] [INFO] [1787197067.727505083] [aruco_detector]: ArUco 4 CONFIRMED at map (-3.36, 3.62, 0.13) range 4.67 m, reproj 0.22 px
[aruco_detector-1] [INFO] [1787197074.495756057] [aruco_detector]: frames=322 with_detections=69 confirmed=[4] pending=[]
[aruco_detector-1] [INFO] [1787197084.495650596] [aruco_detector]: frames=372 with_detections=78 confirmed=[4] pending=[]
[aruco_detector-1] [INFO] [1787197094.496721314] [aruco_detector]: frames=422 with_detections=120 confirmed=[4] pending=[]
[aruco_detector-1] [INFO] [1787197104.496634350] [aruco_detector]: frames=472 with_detections=125 confirmed=[4] pending=[]
[aruco_detector-1] [INFO] [1787197114.496665065] [aruco_detector]: frames=522 with_detections=125 confirmed=[4] pending=[]
[aruco_detector-1] [INFO] [1787197124.501155258] [aruco_detector]: frames=572 with_detections=125 confirmed=[4] pending=[]
[aruco_detector-1] [INFO] [1787197134.501406434] [aruco_detector]: frames=622 with_detections=131 confirmed=[4] pending=[]
[aruco_detector-1] [INFO] [1787197138.134558920] [aruco_detector]: ArUco 2 CONFIRMED at map (8.64, 0.62, 0.14) range 5.96 m, reproj 0.05 px
[aruco_detector-1] [INFO] [1787197144.501167591] [aruco_detector]: frames=672 with_detections=146 confirmed=[2, 4] pending=[]
[aruco_detector-1] [INFO] [1787197154.548689642] [aruco_detector]: frames=722 with_detections=146 confirmed=[2, 4] pending=[]
[aruco_detector-1] [INFO] [1787197164.552165977] [aruco_detector]: frames=772 with_detections=146 confirmed=[2, 4] pending=[]
