[wsl-exp 05:35:36] backend=wsl:Ubuntu stack=hybrid world=office_world profile=realistic cap=30min out=reports/night/n29_ship_s505
[wsl-exp 05:35:36] syncing src/ and scripts/ into /home/smirn/leo_ws
[wsl-exp 05:35:37] colcon build (leo_nav2_exploration, leo_rover_gazebo)
Summary: 1 package finished [1.71s]
  1 package failed: leo_rover_gazebo
  1 package had stderr output: leo_rover_gazebo
[wsl-exp 05:35:40] killing any previous sim
[wsl-exp 05:35:44] cleanup: 0 ROS processes still alive
[wsl-exp 05:35:49] starting simulator (GPU, headless)
[wsl-exp 05:35:50] waiting for /leo1/scan
[wsl-exp 05:36:01] scan: average rate: 59.611
[wsl-exp 05:36:02] renderer: 05:35:58: GL_RENDERER = D3D12 (NVIDIA GeForce RTX 4060 Ti)
[wsl-exp 05:36:05] wheel-odometry model (message only) + gyro + EKF
[wsl-exp 05:36:20] overlay stack: sim_navigation.launch.py
[wsl-exp 05:36:20] waiting for Nav2 planner action
[wsl-exp 05:36:42] camera/points (with stack up): average rate: 4.995
[wsl-exp 05:36:46] scan_filtered: average rate: 9.834
[wsl-exp 05:36:46] starting recorders
[wsl-exp 05:36:48] starting ArUco detector
[wsl-exp 05:36:54] bootstrap jog
[wsl-exp 05:37:12] explorer launched; polling (cap 30 min)
[wsl-exp 05:43:13] FATAL: no trajectory samples for 3 min -- simulator wedged
