[INFO] [launch]: All log files can be found below /root/.ros/log/2026-06-11-19-42-50-402182-df9748d3e5d5-580
[INFO] [launch]: Default logging verbosity is set to INFO
[INFO] [frontier_explorer-1]: process started with pid [671]
[frontier_explorer-1] [INFO] [1781206974.470906460] [frontier_explorer]: Frontier explorer up for "leo1" (base_frame=leo1/base_link)
[frontier_explorer-1] [WARN] [1781206974.717640599] [frontier_explorer]: Watchdog: frontiers exist but no goal active and robot stationary - clearing costmaps
[frontier_explorer-1] [INFO] [1781206976.428451820] [frontier_explorer]: Initial pose recorded: (-0.00, 0.00)
[frontier_explorer-1] [INFO] [1781206976.484797504] [frontier_explorer]: New frontier goal: (-0.26, 0.45)
[frontier_explorer-1] [INFO] [1781206980.522313637] [frontier_explorer]: New frontier goal: (-0.26, 0.45)
[frontier_explorer-1] [INFO] [1781206984.846169561] [frontier_explorer]: New frontier goal: (-0.91, -0.61)
[frontier_explorer-1] [INFO] [1781206988.905345353] [frontier_explorer]: New frontier goal: (-0.91, -0.61)
[frontier_explorer-1] [INFO] [1781206997.137312970] [frontier_explorer]: New frontier goal: (4.68, -1.59)
[frontier_explorer-1] [INFO] [1781207009.067995317] [frontier_explorer]: New frontier goal: (-8.47, -4.49)
[frontier_explorer-1] [INFO] [1781207021.239451763] [frontier_explorer]: No path to frontier (7.83, 6.36), skipping
[frontier_explorer-1] [INFO] [1781207025.296985283] [frontier_explorer]: New frontier goal: (-6.57, 7.66)
[frontier_explorer-1] [INFO] [1781207045.878595068] [frontier_explorer]: New frontier goal: (-7.14, -6.56)
[frontier_explorer-1] [INFO] [1781207057.985707699] [frontier_explorer]: New frontier goal: (-7.04, -7.56)
[frontier_explorer-1] [INFO] [1781207070.193688001] [frontier_explorer]: New frontier goal: (5.06, -7.67)
[frontier_explorer-1] [INFO] [1781207082.389403428] [frontier_explorer]: New frontier goal: (6.91, -7.94)
[frontier_explorer-1] [INFO] [1781207094.484886321] [frontier_explorer]: New frontier goal: (7.26, -5.99)
[frontier_explorer-1] [INFO] [1781207106.651268738] [frontier_explorer]: New frontier goal: (8.56, 1.41)
[frontier_explorer-1] [INFO] [1781207135.222351435] [frontier_explorer]: No path to frontier (6.01, 6.51), skipping
[frontier_explorer-1] [INFO] [1781207139.297674617] [frontier_explorer]: New frontier goal: (7.61, 1.31)
[frontier_explorer-1] [INFO] [1781207151.540062031] [frontier_explorer]: New frontier goal: (4.86, 6.66)
[frontier_explorer-1] [INFO] [1781207163.829928870] [frontier_explorer]: New frontier goal: (1.96, 8.01)
[frontier_explorer-1] [INFO] [1781207176.098504210] [frontier_explorer]: No path to frontier (5.72, 7.96), skipping
[frontier_explorer-1] [INFO] [1781207180.121099836] [frontier_explorer]: New frontier goal: (0.37, 6.26)
[frontier_explorer-1] [INFO] [1781207192.374742207] [frontier_explorer]: New frontier goal: (-7.21, 6.36)
[frontier_explorer-1] [INFO] [1781207204.636690746] [frontier_explorer]: New frontier goal: (-7.91, 8.21)
[frontier_explorer-1] [INFO] [1781207221.047238835] [frontier_explorer]: New frontier goal: (-7.51, 3.41)
[frontier_explorer-1] [INFO] [1781207233.357848140] [frontier_explorer]: New frontier goal: (-8.51, 9.16)
[frontier_explorer-1] [INFO] [1781207245.748240370] [frontier_explorer]: New frontier goal: (-5.03, -7.49)
[frontier_explorer-1] [INFO] [1781207258.033388120] [frontier_explorer]: New frontier goal: (-8.83, 4.76)
[frontier_explorer-1] [INFO] [1781207274.337449583] [frontier_explorer]: New frontier goal: (-7.63, 5.86)
[frontier_explorer-1] [INFO] [1781207294.814829777] [frontier_explorer]: New frontier goal: (-1.08, -6.99)
[frontier_explorer-1] [INFO] [1781207391.600134026] [frontier_explorer]: New frontier goal: (7.53, 7.55)
[frontier_explorer-1] [INFO] [1781207497.707818211] [frontier_explorer]: No frontiers left - exploration complete.
[frontier_explorer-1] [INFO] [1781207497.744082534] [frontier_explorer]: Returning to initial pose...
[frontier_explorer-1] [INFO] [1781207556.220308821] [frontier_explorer]: Returned to initial pose.
[frontier_explorer-1] [INFO] [1781207556.255974248] [frontier_explorer]: Exploration finished.
[frontier_explorer-1] [INFO] [1781207560.902448318] [frontier_explorer]: Map saved to /ros2_ws/reports/pr1/leo_world_map
