[INFO] [launch]: All log files can be found below /root/.ros/log/2026-07-05-20-41-24-394988-4876c53c6761-897
[INFO] [launch]: Default logging verbosity is set to INFO
[INFO] [controller_server-1]: process started with pid [898]
[INFO] [planner_server-2]: process started with pid [900]
[INFO] [behavior_server-3]: process started with pid [902]
[INFO] [bt_navigator-4]: process started with pid [904]
[INFO] [waypoint_follower-5]: process started with pid [906]
[INFO] [lifecycle_manager-6]: process started with pid [908]
[INFO] [controller_server-7]: process started with pid [910]
[INFO] [planner_server-8]: process started with pid [912]
[INFO] [behavior_server-9]: process started with pid [914]
[INFO] [bt_navigator-10]: process started with pid [916]
[INFO] [waypoint_follower-11]: process started with pid [918]
[INFO] [lifecycle_manager-12]: process started with pid [920]
[lifecycle_manager-6] [INFO] [1783284085.659809062] [leo1.lifecycle_manager_navigation]: Creating
[waypoint_follower-5] [INFO] [1783284085.663953834] [leo1.waypoint_follower]: 
[waypoint_follower-5] 	waypoint_follower lifecycle node launched. 
[waypoint_follower-5] 	Waiting on external lifecycle transitions to activate
[waypoint_follower-5] 	See https://design.ros2.org/articles/node_lifecycle.html for more information.
[lifecycle_manager-6] [INFO] [1783284085.688047134] [leo1.lifecycle_manager_navigation]: [34m[1mCreating and initializing lifecycle service clients[0m[0m
[lifecycle_manager-12] [INFO] [1783284085.698962497] [leo2.lifecycle_manager_navigation]: Creating
[planner_server-2] [INFO] [1783284085.700625631] [leo1.planner_server]: 
[planner_server-2] 	planner_server lifecycle node launched. 
[planner_server-2] 	Waiting on external lifecycle transitions to activate
[planner_server-2] 	See https://design.ros2.org/articles/node_lifecycle.html for more information.
[waypoint_follower-11] [INFO] [1783284085.701558915] [leo2.waypoint_follower]: 
[waypoint_follower-11] 	waypoint_follower lifecycle node launched. 
[waypoint_follower-11] 	Waiting on external lifecycle transitions to activate
[waypoint_follower-11] 	See https://design.ros2.org/articles/node_lifecycle.html for more information.
[planner_server-8] [INFO] [1783284085.709140568] [leo2.planner_server]: 
[planner_server-8] 	planner_server lifecycle node launched. 
[planner_server-8] 	Waiting on external lifecycle transitions to activate
[planner_server-8] 	See https://design.ros2.org/articles/node_lifecycle.html for more information.
[controller_server-1] [INFO] [1783284085.720004638] [leo1.controller_server]: 
[controller_server-1] 	controller_server lifecycle node launched. 
[controller_server-1] 	Waiting on external lifecycle transitions to activate
[controller_server-1] 	See https://design.ros2.org/articles/node_lifecycle.html for more information.
[controller_server-7] [INFO] [1783284085.723485545] [leo2.controller_server]: 
[controller_server-7] 	controller_server lifecycle node launched. 
[controller_server-7] 	Waiting on external lifecycle transitions to activate
[controller_server-7] 	See https://design.ros2.org/articles/node_lifecycle.html for more information.
[lifecycle_manager-12] [INFO] [1783284085.729855943] [leo2.lifecycle_manager_navigation]: [34m[1mCreating and initializing lifecycle service clients[0m[0m
[behavior_server-9] [INFO] [1783284085.778766319] [leo2.behavior_server]: 
[behavior_server-9] 	behavior_server lifecycle node launched. 
[behavior_server-9] 	Waiting on external lifecycle transitions to activate
[behavior_server-9] 	See https://design.ros2.org/articles/node_lifecycle.html for more information.
[bt_navigator-4] [INFO] [1783284085.779997777] [leo1.bt_navigator]: 
[bt_navigator-4] 	bt_navigator lifecycle node launched. 
[bt_navigator-4] 	Waiting on external lifecycle transitions to activate
[bt_navigator-4] 	See https://design.ros2.org/articles/node_lifecycle.html for more information.
[bt_navigator-4] [INFO] [1783284085.780173937] [leo1.bt_navigator]: Creating
[bt_navigator-10] [INFO] [1783284085.785464606] [leo2.bt_navigator]: 
[bt_navigator-10] 	bt_navigator lifecycle node launched. 
[bt_navigator-10] 	Waiting on external lifecycle transitions to activate
[bt_navigator-10] 	See https://design.ros2.org/articles/node_lifecycle.html for more information.
[bt_navigator-10] [INFO] [1783284085.785629056] [leo2.bt_navigator]: Creating
[behavior_server-3] [INFO] [1783284085.806907588] [leo1.behavior_server]: 
[behavior_server-3] 	behavior_server lifecycle node launched. 
[behavior_server-3] 	Waiting on external lifecycle transitions to activate
[behavior_server-3] 	See https://design.ros2.org/articles/node_lifecycle.html for more information.
[lifecycle_manager-6] [INFO] [1783284085.824122828] [leo1.lifecycle_manager_navigation]: [34m[1mStarting managed nodes bringup...[0m[0m
[lifecycle_manager-6] [INFO] [1783284085.824179314] [leo1.lifecycle_manager_navigation]: [34m[1mConfiguring controller_server[0m[0m
[waypoint_follower-5] [INFO] [1783284085.857009904] [leo1.waypoint_follower]: Creating
[waypoint_follower-11] [INFO] [1783284085.862478339] [leo2.waypoint_follower]: Creating
[lifecycle_manager-12] [INFO] [1783284085.880034131] [leo2.lifecycle_manager_navigation]: [34m[1mStarting managed nodes bringup...[0m[0m
[lifecycle_manager-12] [INFO] [1783284085.880090600] [leo2.lifecycle_manager_navigation]: [34m[1mConfiguring controller_server[0m[0m
[planner_server-8] [INFO] [1783284086.230463607] [leo2.planner_server]: Creating
[planner_server-2] [INFO] [1783284086.230472294] [leo1.planner_server]: Creating
[planner_server-2] [INFO] [1783284086.244308710] [leo1.global_costmap.global_costmap]: 
[planner_server-2] 	global_costmap lifecycle node launched. 
[planner_server-2] 	Waiting on external lifecycle transitions to activate
[planner_server-2] 	See https://design.ros2.org/articles/node_lifecycle.html for more information.
[planner_server-8] [INFO] [1783284086.246068369] [leo2.global_costmap.global_costmap]: 
[planner_server-8] 	global_costmap lifecycle node launched. 
[planner_server-8] 	Waiting on external lifecycle transitions to activate
[planner_server-8] 	See https://design.ros2.org/articles/node_lifecycle.html for more information.
[planner_server-2] [INFO] [1783284086.353477926] [leo1.global_costmap.global_costmap]: Creating Costmap
[planner_server-8] [INFO] [1783284086.353487855] [leo2.global_costmap.global_costmap]: Creating Costmap
[controller_server-7] [INFO] [1783284087.006253994] [leo2.controller_server]: Creating controller server
[controller_server-1] [INFO] [1783284087.007201190] [leo1.controller_server]: Creating controller server
[controller_server-1] [INFO] [1783284087.022015726] [leo1.local_costmap.local_costmap]: 
[controller_server-1] 	local_costmap lifecycle node launched. 
[controller_server-1] 	Waiting on external lifecycle transitions to activate
[controller_server-1] 	See https://design.ros2.org/articles/node_lifecycle.html for more information.
[controller_server-7] [INFO] [1783284087.023921100] [leo2.local_costmap.local_costmap]: 
[controller_server-7] 	local_costmap lifecycle node launched. 
[controller_server-7] 	Waiting on external lifecycle transitions to activate
[controller_server-7] 	See https://design.ros2.org/articles/node_lifecycle.html for more information.
[controller_server-7] [INFO] [1783284087.109318221] [leo2.local_costmap.local_costmap]: Creating Costmap
[controller_server-1] [INFO] [1783284087.109878832] [leo1.local_costmap.local_costmap]: Creating Costmap
[controller_server-7] [INFO] [1783284087.114288901] [leo2.controller_server]: Configuring controller interface
[controller_server-7] [INFO] [1783284087.114464386] [leo2.controller_server]: getting goal checker plugins..
[controller_server-7] [INFO] [1783284087.114728456] [leo2.controller_server]: Controller frequency set to 20.0000Hz
[controller_server-7] [INFO] [1783284087.114765808] [leo2.local_costmap.local_costmap]: Configuring
[controller_server-1] [INFO] [1783284087.115258959] [leo1.controller_server]: Configuring controller interface
[controller_server-1] [INFO] [1783284087.115484037] [leo1.controller_server]: getting goal checker plugins..
[controller_server-1] [INFO] [1783284087.115612971] [leo1.controller_server]: Controller frequency set to 20.0000Hz
[controller_server-1] [INFO] [1783284087.115642497] [leo1.local_costmap.local_costmap]: Configuring
[controller_server-1] [INFO] [1783284087.131710569] [leo1.local_costmap.local_costmap]: Using plugin "obstacle_layer"
[controller_server-7] [INFO] [1783284087.131712412] [leo2.local_costmap.local_costmap]: Using plugin "obstacle_layer"
[controller_server-7] [INFO] [1783284087.178805508] [leo2.local_costmap.local_costmap]: Subscribed to Topics: scan camera
[controller_server-1] [INFO] [1783284087.179039356] [leo1.local_costmap.local_costmap]: Subscribed to Topics: scan camera
[controller_server-7] [INFO] [1783284087.190145304] [leo2.local_costmap.local_costmap]: Initialized plugin "obstacle_layer"
[controller_server-7] [INFO] [1783284087.190187062] [leo2.local_costmap.local_costmap]: Using plugin "inflation_layer"
[controller_server-7] [INFO] [1783284087.191356570] [leo2.local_costmap.local_costmap]: Initialized plugin "inflation_layer"
[controller_server-1] [INFO] [1783284087.191615381] [leo1.local_costmap.local_costmap]: Initialized plugin "obstacle_layer"
[controller_server-1] [INFO] [1783284087.191640995] [leo1.local_costmap.local_costmap]: Using plugin "inflation_layer"
[controller_server-1] [INFO] [1783284087.193111782] [leo1.local_costmap.local_costmap]: Initialized plugin "inflation_layer"
[controller_server-1] [INFO] [1783284087.256171782] [leo1.controller_server]: Created progress_checker : progress_checker of type nav2_controller::PoseProgressChecker
[controller_server-7] [INFO] [1783284087.256478969] [leo2.controller_server]: Created progress_checker : progress_checker of type nav2_controller::PoseProgressChecker
[controller_server-7] [INFO] [1783284087.296978769] [leo2.controller_server]: Created goal checker : general_goal_checker of type nav2_controller::SimpleGoalChecker
[controller_server-1] [INFO] [1783284087.297728023] [leo1.controller_server]: Created goal checker : general_goal_checker of type nav2_controller::SimpleGoalChecker
[controller_server-7] [INFO] [1783284087.298099524] [leo2.controller_server]: Controller Server has general_goal_checker  goal checkers available.
[controller_server-1] [INFO] [1783284087.298776279] [leo1.controller_server]: Controller Server has general_goal_checker  goal checkers available.
[controller_server-1] [INFO] [1783284087.709577444] [leo1.controller_server]: Created controller : FollowPath of type nav2_rotation_shim_controller::RotationShimController
[controller_server-7] [INFO] [1783284087.709684287] [leo2.controller_server]: Created controller : FollowPath of type nav2_rotation_shim_controller::RotationShimController
[controller_server-7] [INFO] [1783284087.750690839] [leo2.controller_server]: Created internal controller for rotation shimming: FollowPath of type nav2_regulated_pure_pursuit_controller::RegulatedPurePursuitController
[controller_server-1] [INFO] [1783284087.751462054] [leo1.controller_server]: Created internal controller for rotation shimming: FollowPath of type nav2_regulated_pure_pursuit_controller::RegulatedPurePursuitController
[controller_server-7] [INFO] [1783284087.758111166] [leo2.controller_server]: Controller Server has FollowPath  controllers available.
[controller_server-1] [INFO] [1783284087.758838024] [leo1.controller_server]: Controller Server has FollowPath  controllers available.
[lifecycle_manager-6] [INFO] [1783284087.766189461] [leo1.lifecycle_manager_navigation]: [34m[1mConfiguring planner_server[0m[0m
[lifecycle_manager-12] [INFO] [1783284087.766239459] [leo2.lifecycle_manager_navigation]: [34m[1mConfiguring planner_server[0m[0m
[planner_server-2] [INFO] [1783284087.766453226] [leo1.planner_server]: Configuring
[planner_server-2] [INFO] [1783284087.766479623] [leo1.global_costmap.global_costmap]: Configuring
[planner_server-8] [INFO] [1783284087.766468809] [leo2.planner_server]: Configuring
[planner_server-8] [INFO] [1783284087.766495415] [leo2.global_costmap.global_costmap]: Configuring
[planner_server-2] [INFO] [1783284087.784527647] [leo1.global_costmap.global_costmap]: Using plugin "static_layer"
[planner_server-8] [INFO] [1783284087.785560414] [leo2.global_costmap.global_costmap]: Using plugin "static_layer"
[planner_server-8] [INFO] [1783284087.842651236] [leo2.global_costmap.global_costmap]: Subscribing to the map topic (/map) with transient local durability
[planner_server-2] [INFO] [1783284087.842937634] [leo1.global_costmap.global_costmap]: Subscribing to the map topic (/map) with transient local durability
[planner_server-8] [INFO] [1783284087.846266067] [leo2.global_costmap.global_costmap]: Subscribing to updates
[planner_server-2] [INFO] [1783284087.846606377] [leo1.global_costmap.global_costmap]: Subscribing to updates
[planner_server-2] [INFO] [1783284087.853319677] [leo1.global_costmap.global_costmap]: Initialized plugin "static_layer"
[planner_server-2] [INFO] [1783284087.853380099] [leo1.global_costmap.global_costmap]: Using plugin "obstacle_layer"
[planner_server-8] [INFO] [1783284087.853646168] [leo2.global_costmap.global_costmap]: Initialized plugin "static_layer"
[planner_server-8] [INFO] [1783284087.853672908] [leo2.global_costmap.global_costmap]: Using plugin "obstacle_layer"
[planner_server-2] [INFO] [1783284087.854791672] [leo1.global_costmap.global_costmap]: Subscribed to Topics: scan camera
[planner_server-8] [INFO] [1783284087.855078119] [leo2.global_costmap.global_costmap]: Subscribed to Topics: scan camera
[planner_server-2] [INFO] [1783284087.864302413] [leo1.global_costmap.global_costmap]: Initialized plugin "obstacle_layer"
[planner_server-2] [INFO] [1783284087.864341473] [leo1.global_costmap.global_costmap]: Using plugin "inflation_layer"
[planner_server-8] [INFO] [1783284087.865597578] [leo2.global_costmap.global_costmap]: Initialized plugin "obstacle_layer"
[planner_server-8] [INFO] [1783284087.865632135] [leo2.global_costmap.global_costmap]: Using plugin "inflation_layer"
[planner_server-2] [INFO] [1783284087.866311302] [leo1.global_costmap.global_costmap]: Initialized plugin "inflation_layer"
[planner_server-8] [INFO] [1783284087.867588086] [leo2.global_costmap.global_costmap]: Initialized plugin "inflation_layer"
[planner_server-2] [INFO] [1783284087.877320565] [leo1.global_costmap.global_costmap]: StaticLayer: Resizing costmap to 476 X 206 at 0.050000 m/pix
[planner_server-8] [INFO] [1783284087.878172180] [leo2.global_costmap.global_costmap]: StaticLayer: Resizing costmap to 476 X 206 at 0.050000 m/pix
[planner_server-8] [INFO] [1783284087.915309301] [leo2.planner_server]: Created global planner plugin GridBased of type nav2_navfn_planner/NavfnPlanner
[planner_server-8] [INFO] [1783284087.915402241] [leo2.planner_server]: Configuring plugin GridBased of type NavfnPlanner
[planner_server-2] [INFO] [1783284087.915956325] [leo1.planner_server]: Created global planner plugin GridBased of type nav2_navfn_planner/NavfnPlanner
[planner_server-2] [INFO] [1783284087.915998446] [leo1.planner_server]: Configuring plugin GridBased of type NavfnPlanner
[planner_server-8] [INFO] [1783284087.916707488] [leo2.planner_server]: Planner Server has GridBased  planners available.
[planner_server-2] [INFO] [1783284087.917097537] [leo1.planner_server]: Planner Server has GridBased  planners available.
[lifecycle_manager-6] [INFO] [1783284087.926890932] [leo1.lifecycle_manager_navigation]: [34m[1mConfiguring behavior_server[0m[0m
[behavior_server-3] [INFO] [1783284087.927139050] [leo1.behavior_server]: Configuring
[lifecycle_manager-12] [INFO] [1783284087.927475891] [leo2.lifecycle_manager_navigation]: [34m[1mConfiguring behavior_server[0m[0m
[behavior_server-9] [INFO] [1783284087.927783515] [leo2.behavior_server]: Configuring
[behavior_server-3] [INFO] [1783284087.951707229] [leo1.behavior_server]: Creating behavior plugin spin of type nav2_behaviors/Spin
[behavior_server-9] [INFO] [1783284087.952004482] [leo2.behavior_server]: Creating behavior plugin spin of type nav2_behaviors/Spin
[behavior_server-9] [INFO] [1783284087.986143656] [leo2.behavior_server]: Configuring spin
[behavior_server-3] [INFO] [1783284087.986762749] [leo1.behavior_server]: Configuring spin
[behavior_server-9] [INFO] [1783284087.993234241] [leo2.behavior_server]: Creating behavior plugin backup of type nav2_behaviors/BackUp
[behavior_server-3] [INFO] [1783284087.993304800] [leo1.behavior_server]: Creating behavior plugin backup of type nav2_behaviors/BackUp
[behavior_server-3] [INFO] [1783284088.036395706] [leo1.behavior_server]: Configuring backup
[behavior_server-9] [INFO] [1783284088.037242022] [leo2.behavior_server]: Configuring backup
[behavior_server-3] [INFO] [1783284088.040758016] [leo1.behavior_server]: Creating behavior plugin drive_on_heading of type nav2_behaviors/DriveOnHeading
[behavior_server-9] [INFO] [1783284088.041445000] [leo2.behavior_server]: Creating behavior plugin drive_on_heading of type nav2_behaviors/DriveOnHeading
[behavior_server-9] [INFO] [1783284088.083291291] [leo2.behavior_server]: Configuring drive_on_heading
[behavior_server-3] [INFO] [1783284088.083753680] [leo1.behavior_server]: Configuring drive_on_heading
[behavior_server-3] [INFO] [1783284088.087373932] [leo1.behavior_server]: Creating behavior plugin wait of type nav2_behaviors/Wait
[behavior_server-9] [INFO] [1783284088.088160238] [leo2.behavior_server]: Creating behavior plugin wait of type nav2_behaviors/Wait
[behavior_server-3] [INFO] [1783284088.120806839] [leo1.behavior_server]: Configuring wait
[behavior_server-9] [INFO] [1783284088.121101930] [leo2.behavior_server]: Configuring wait
[lifecycle_manager-12] [INFO] [1783284088.123765289] [leo2.lifecycle_manager_navigation]: [34m[1mConfiguring bt_navigator[0m[0m
[bt_navigator-10] [INFO] [1783284088.124022093] [leo2.bt_navigator]: Configuring
[lifecycle_manager-6] [INFO] [1783284088.124247453] [leo1.lifecycle_manager_navigation]: [34m[1mConfiguring bt_navigator[0m[0m
[bt_navigator-4] [INFO] [1783284088.124492987] [leo1.bt_navigator]: Configuring
[lifecycle_manager-6] [INFO] [1783284088.435586897] [leo1.lifecycle_manager_navigation]: [34m[1mConfiguring waypoint_follower[0m[0m
[waypoint_follower-5] [INFO] [1783284088.435873972] [leo1.waypoint_follower]: Configuring
[lifecycle_manager-12] [INFO] [1783284088.439543628] [leo2.lifecycle_manager_navigation]: [34m[1mConfiguring waypoint_follower[0m[0m
[waypoint_follower-11] [INFO] [1783284088.439835559] [leo2.waypoint_follower]: Configuring
[waypoint_follower-5] [INFO] [1783284088.515591775] [leo1.waypoint_follower]: Created waypoint_task_executor : wait_at_waypoint of type nav2_waypoint_follower::WaitAtWaypoint
[waypoint_follower-5] [INFO] [1783284088.516226600] [leo1.waypoint_follower]: Waypoint pause duration is set to zero, disabling task executor plugin.
[lifecycle_manager-6] [INFO] [1783284088.516619117] [leo1.lifecycle_manager_navigation]: [34m[1mActivating controller_server[0m[0m
[controller_server-1] [INFO] [1783284088.516790406] [leo1.controller_server]: Activating
[controller_server-1] [INFO] [1783284088.516818540] [leo1.local_costmap.local_costmap]: Activating
[controller_server-1] [INFO] [1783284088.516827262] [leo1.local_costmap.local_costmap]: Checking transform
[controller_server-1] [INFO] [1783284088.516939017] [leo1.local_costmap.local_costmap]: start
[waypoint_follower-11] [INFO] [1783284088.519804888] [leo2.waypoint_follower]: Created waypoint_task_executor : wait_at_waypoint of type nav2_waypoint_follower::WaitAtWaypoint
[waypoint_follower-11] [INFO] [1783284088.520489911] [leo2.waypoint_follower]: Waypoint pause duration is set to zero, disabling task executor plugin.
[lifecycle_manager-12] [INFO] [1783284088.521039187] [leo2.lifecycle_manager_navigation]: [34m[1mActivating controller_server[0m[0m
[controller_server-7] [INFO] [1783284088.521258261] [leo2.controller_server]: Activating
[controller_server-7] [INFO] [1783284088.521370502] [leo2.local_costmap.local_costmap]: Activating
[controller_server-7] [INFO] [1783284088.521384133] [leo2.local_costmap.local_costmap]: Checking transform
[controller_server-7] [INFO] [1783284088.521491209] [leo2.local_costmap.local_costmap]: start
[controller_server-1] [INFO] [1783284088.717964568] [leo1.controller_server]: Activating controller: FollowPath of type nav2_rotation_shim_controller::RotationShimController
[controller_server-1] [INFO] [1783284088.718029858] [leo1.controller_server]: Activating controller: FollowPath of type regulated_pure_pursuit_controller::RegulatedPurePursuitController
[controller_server-1] [INFO] [1783284088.718056865] [leo1.controller_server]: Creating bond (controller_server) to lifecycle manager.
[controller_server-7] [INFO] [1783284088.722468283] [leo2.controller_server]: Activating controller: FollowPath of type nav2_rotation_shim_controller::RotationShimController
[controller_server-7] [INFO] [1783284088.722501147] [leo2.controller_server]: Activating controller: FollowPath of type regulated_pure_pursuit_controller::RegulatedPurePursuitController
[controller_server-7] [INFO] [1783284088.722514695] [leo2.controller_server]: Creating bond (controller_server) to lifecycle manager.
[lifecycle_manager-6] [INFO] [1783284088.829500780] [leo1.lifecycle_manager_navigation]: Server controller_server connected with bond.
[lifecycle_manager-6] [INFO] [1783284088.829546250] [leo1.lifecycle_manager_navigation]: [34m[1mActivating planner_server[0m[0m
[planner_server-2] [INFO] [1783284088.829791189] [leo1.planner_server]: Activating
[planner_server-2] [INFO] [1783284088.829844141] [leo1.global_costmap.global_costmap]: Activating
[planner_server-2] [INFO] [1783284088.829861231] [leo1.global_costmap.global_costmap]: Checking transform
[planner_server-2] [INFO] [1783284088.830053726] [leo1.global_costmap.global_costmap]: start
[lifecycle_manager-12] [INFO] [1783284088.833754569] [leo2.lifecycle_manager_navigation]: Server controller_server connected with bond.
[lifecycle_manager-12] [INFO] [1783284088.833821918] [leo2.lifecycle_manager_navigation]: [34m[1mActivating planner_server[0m[0m
[planner_server-8] [INFO] [1783284088.834089602] [leo2.planner_server]: Activating
[planner_server-8] [INFO] [1783284088.834121071] [leo2.global_costmap.global_costmap]: Activating
[planner_server-8] [INFO] [1783284088.834129365] [leo2.global_costmap.global_costmap]: Checking transform
[planner_server-8] [INFO] [1783284088.834254397] [leo2.global_costmap.global_costmap]: start
[planner_server-2] [INFO] [1783284089.031501735] [leo1.planner_server]: Activating plugin GridBased of type NavfnPlanner
[planner_server-2] [INFO] [1783284089.032035324] [leo1.planner_server]: Creating bond (planner_server) to lifecycle manager.
[planner_server-8] [INFO] [1783284089.085515741] [leo2.planner_server]: Activating plugin GridBased of type NavfnPlanner
[planner_server-8] [INFO] [1783284089.086048451] [leo2.planner_server]: Creating bond (planner_server) to lifecycle manager.
[lifecycle_manager-6] [INFO] [1783284089.139489460] [leo1.lifecycle_manager_navigation]: Server planner_server connected with bond.
[lifecycle_manager-6] [INFO] [1783284089.139536048] [leo1.lifecycle_manager_navigation]: [34m[1mActivating behavior_server[0m[0m
[behavior_server-3] [INFO] [1783284089.139739438] [leo1.behavior_server]: Activating
[behavior_server-3] [INFO] [1783284089.139761145] [leo1.behavior_server]: Activating spin
[behavior_server-3] [INFO] [1783284089.139769555] [leo1.behavior_server]: Activating backup
[behavior_server-3] [INFO] [1783284089.139776146] [leo1.behavior_server]: Activating drive_on_heading
[behavior_server-3] [INFO] [1783284089.139786055] [leo1.behavior_server]: Activating wait
[behavior_server-3] [INFO] [1783284089.139793928] [leo1.behavior_server]: Creating bond (behavior_server) to lifecycle manager.
[lifecycle_manager-12] [INFO] [1783284089.194146298] [leo2.lifecycle_manager_navigation]: Server planner_server connected with bond.
[lifecycle_manager-12] [INFO] [1783284089.194194590] [leo2.lifecycle_manager_navigation]: [34m[1mActivating behavior_server[0m[0m
[behavior_server-9] [INFO] [1783284089.194398738] [leo2.behavior_server]: Activating
[behavior_server-9] [INFO] [1783284089.194419811] [leo2.behavior_server]: Activating spin
[behavior_server-9] [INFO] [1783284089.194427870] [leo2.behavior_server]: Activating backup
[behavior_server-9] [INFO] [1783284089.194434600] [leo2.behavior_server]: Activating drive_on_heading
[behavior_server-9] [INFO] [1783284089.194440643] [leo2.behavior_server]: Activating wait
[behavior_server-9] [INFO] [1783284089.194448949] [leo2.behavior_server]: Creating bond (behavior_server) to lifecycle manager.
[lifecycle_manager-6] [INFO] [1783284089.247280117] [leo1.lifecycle_manager_navigation]: Server behavior_server connected with bond.
[lifecycle_manager-6] [INFO] [1783284089.247355355] [leo1.lifecycle_manager_navigation]: [34m[1mActivating bt_navigator[0m[0m
[bt_navigator-4] [INFO] [1783284089.247664677] [leo1.bt_navigator]: Activating
[bt_navigator-4] [INFO] [1783284089.292726482] [leo1.bt_navigator]: Creating bond (bt_navigator) to lifecycle manager.
[lifecycle_manager-12] [INFO] [1783284089.302636961] [leo2.lifecycle_manager_navigation]: Server behavior_server connected with bond.
[lifecycle_manager-12] [INFO] [1783284089.302713706] [leo2.lifecycle_manager_navigation]: [34m[1mActivating bt_navigator[0m[0m
[bt_navigator-10] [INFO] [1783284089.303017397] [leo2.bt_navigator]: Activating
[bt_navigator-10] [INFO] [1783284089.338239776] [leo2.bt_navigator]: Creating bond (bt_navigator) to lifecycle manager.
[lifecycle_manager-6] [INFO] [1783284089.401983159] [leo1.lifecycle_manager_navigation]: Server bt_navigator connected with bond.
[lifecycle_manager-6] [INFO] [1783284089.402038019] [leo1.lifecycle_manager_navigation]: [34m[1mActivating waypoint_follower[0m[0m
[waypoint_follower-5] [INFO] [1783284089.402285780] [leo1.waypoint_follower]: Activating
[waypoint_follower-5] [INFO] [1783284089.402317071] [leo1.waypoint_follower]: Creating bond (waypoint_follower) to lifecycle manager.
[lifecycle_manager-12] [INFO] [1783284089.447512634] [leo2.lifecycle_manager_navigation]: Server bt_navigator connected with bond.
[lifecycle_manager-12] [INFO] [1783284089.447558271] [leo2.lifecycle_manager_navigation]: [34m[1mActivating waypoint_follower[0m[0m
[waypoint_follower-11] [INFO] [1783284089.447781900] [leo2.waypoint_follower]: Activating
[waypoint_follower-11] [INFO] [1783284089.447825059] [leo2.waypoint_follower]: Creating bond (waypoint_follower) to lifecycle manager.
[lifecycle_manager-6] [INFO] [1783284089.510835385] [leo1.lifecycle_manager_navigation]: Server waypoint_follower connected with bond.
[lifecycle_manager-6] [INFO] [1783284089.510890175] [leo1.lifecycle_manager_navigation]: [34m[1mManaged nodes are active[0m[0m
[lifecycle_manager-6] [INFO] [1783284089.510900151] [leo1.lifecycle_manager_navigation]: [34m[1mCreating bond timer...[0m[0m
[lifecycle_manager-12] [INFO] [1783284089.555292457] [leo2.lifecycle_manager_navigation]: Server waypoint_follower connected with bond.
[lifecycle_manager-12] [INFO] [1783284089.555335112] [leo2.lifecycle_manager_navigation]: [34m[1mManaged nodes are active[0m[0m
[lifecycle_manager-12] [INFO] [1783284089.555342587] [leo2.lifecycle_manager_navigation]: [34m[1mCreating bond timer...[0m[0m
[planner_server-2] [INFO] [1783284094.430195428] [leo1.global_costmap.global_costmap]: StaticLayer: Resizing costmap to 477 X 194 at 0.050000 m/pix
[planner_server-8] [INFO] [1783284094.434395129] [leo2.global_costmap.global_costmap]: StaticLayer: Resizing costmap to 477 X 194 at 0.050000 m/pix
[bt_navigator-4] [INFO] [1783284155.561483295] [leo1.bt_navigator]: Begin navigating from current location (0.75, -0.00) to (1.95, -0.00)
[controller_server-1] [INFO] [1783284155.582259969] [leo1.controller_server]: Received a goal, begin computing control effort.
[controller_server-1] [WARN] [1783284155.582373343] [leo1.controller_server]: No goal checker was specified in parameter 'current_goal_checker'. Server will use only plugin loaded general_goal_checker . This warning will appear once.
[controller_server-1] [WARN] [1783284155.754785327] [leo1.controller_server]: Control loop missed its desired rate of 20.0000Hz
[controller_server-1] [INFO] [1783284156.614204155] [leo1.controller_server]: Passing new path to controller.
[controller_server-1] [INFO] [1783284157.682314179] [leo1.controller_server]: Passing new path to controller.
[controller_server-1] [INFO] [1783284158.699883465] [leo1.controller_server]: Passing new path to controller.
[controller_server-1] [WARN] [1783284158.846797929] [leo1.controller_server]: Control loop missed its desired rate of 20.0000Hz
[controller_server-1] [INFO] [1783284159.705969435] [leo1.controller_server]: Passing new path to controller.
[bt_navigator-10] [INFO] [1783284160.049598214] [leo2.bt_navigator]: Begin navigating from current location (4.11, -0.00) to (5.31, -0.00)
[controller_server-7] [INFO] [1783284160.070526036] [leo2.controller_server]: Received a goal, begin computing control effort.
[controller_server-7] [WARN] [1783284160.070598085] [leo2.controller_server]: No goal checker was specified in parameter 'current_goal_checker'. Server will use only plugin loaded general_goal_checker . This warning will appear once.
[controller_server-1] [INFO] [1783284160.732888391] [leo1.controller_server]: Passing new path to controller.
[controller_server-7] [INFO] [1783284161.120704241] [leo2.controller_server]: Passing new path to controller.
[controller_server-7] [WARN] [1783284161.202082854] [leo2.controller_server]: Control loop missed its desired rate of 20.0000Hz
[controller_server-1] [INFO] [1783284161.788424536] [leo1.controller_server]: Passing new path to controller.
[controller_server-1] [INFO] [1783284162.040067049] [leo1.controller_server]: Reached the goal!
[bt_navigator-4] [INFO] [1783284162.072330080] [leo1.bt_navigator]: Goal succeeded
[controller_server-7] [INFO] [1783284162.170706388] [leo2.controller_server]: Passing new path to controller.
[controller_server-7] [ERROR] [1783284162.322556615] [transformPoseInTargetFrame]: Extrapolation Error looking up target frame: Lookup would require extrapolation into the future.  Requested time 343.100000 but the latest data is at time 343.085000, when looking up transform from frame [map] to frame [leo2/base_link]
[controller_server-7] 
[controller_server-7] [WARN] [1783284162.323031817] [leo2.controller_server]: Control loop missed its desired rate of 20.0000Hz
[controller_server-7] [INFO] [1783284163.179586609] [leo2.controller_server]: Passing new path to controller.
[controller_server-7] [INFO] [1783284164.198975171] [leo2.controller_server]: Passing new path to controller.
[planner_server-2] [INFO] [1783284164.466146894] [leo1.global_costmap.global_costmap]: StaticLayer: Resizing costmap to 477 X 218 at 0.050000 m/pix
[planner_server-8] [INFO] [1783284164.470366073] [leo2.global_costmap.global_costmap]: StaticLayer: Resizing costmap to 477 X 218 at 0.050000 m/pix
[controller_server-7] [INFO] [1783284165.255787582] [leo2.controller_server]: Passing new path to controller.
[controller_server-7] [INFO] [1783284166.011861287] [leo2.controller_server]: Reached the goal!
[bt_navigator-10] [INFO] [1783284166.050454242] [leo2.bt_navigator]: Goal succeeded
