coverage: no map yet
coverage: t=60s known=3.6m2 free=3.6m2 occ=0.0m2 (397x397)
coverage: t=90s known=82.4m2 free=81.0m2 occ=1.4m2 (398x398)
coverage: t=120s known=151.3m2 free=147.7m2 occ=3.6m2 (399x399)
coverage: t=150s known=181.2m2 free=176.3m2 occ=4.9m2 (399x399)
coverage: t=180s known=229.1m2 free=222.5m2 occ=6.5m2 (399x400)
coverage: t=210s known=297.1m2 free=288.8m2 occ=8.3m2 (399x400)
coverage: t=240s known=301.6m2 free=292.9m2 occ=8.7m2 (399x400)
coverage: t=270s known=307.5m2 free=298.4m2 occ=9.1m2 (400x400)
coverage: t=300s known=315.3m2 free=305.7m2 occ=9.6m2 (400x400)
coverage: t=330s known=330.0m2 free=319.6m2 occ=10.4m2 (400x400)
coverage: t=360s known=333.1m2 free=322.3m2 occ=10.8m2 (400x401)
coverage: t=390s known=338.2m2 free=327.0m2 occ=11.2m2 (400x401)
coverage: t=420s known=340.9m2 free=329.5m2 occ=11.4m2 (400x401)
coverage: t=450s known=343.0m2 free=331.7m2 occ=11.3m2 (400x401)
coverage: t=480s known=362.4m2 free=350.0m2 occ=12.4m2 (400x400)
coverage: t=510s known=386.7m2 free=373.1m2 occ=13.6m2 (400x400)
coverage: t=540s known=387.6m2 free=373.6m2 occ=13.9m2 (400x400)
coverage: t=570s known=387.9m2 free=373.9m2 occ=14.0m2 (400x400)
coverage: t=600s known=387.9m2 free=373.9m2 occ=14.0m2 (400x400)
coverage: t=630s known=388.0m2 free=374.2m2 occ=13.8m2 (401x400)
coverage: t=660s known=388.1m2 free=374.2m2 occ=13.9m2 (401x400)
coverage: t=690s known=388.3m2 free=374.1m2 occ=14.2m2 (400x401)
coverage: t=720s known=388.6m2 free=374.2m2 occ=14.3m2 (400x401)
coverage: t=750s known=388.6m2 free=374.2m2 occ=14.5m2 (400x401)
coverage: t=780s known=389.3m2 free=374.5m2 occ=14.8m2 (400x401)
coverage: t=810s known=389.5m2 free=374.6m2 occ=15.0m2 (400x401)
coverage: t=840s known=389.6m2 free=374.5m2 occ=15.1m2 (402x401)
coverage: t=870s known=389.6m2 free=374.6m2 occ=15.0m2 (402x401)
coverage: t=900s known=389.8m2 free=374.7m2 occ=15.1m2 (402x401)
coverage: t=930s known=389.9m2 free=374.7m2 occ=15.2m2 (402x401)
coverage: t=960s known=390.1m2 free=374.7m2 occ=15.4m2 (402x401)
coverage: t=990s known=390.2m2 free=374.7m2 occ=15.5m2 (402x401)
coverage: t=1020s known=390.3m2 free=374.7m2 occ=15.6m2 (402x401)
coverage: t=1050s known=390.7m2 free=374.6m2 occ=16.1m2 (402x401)
coverage: t=1080s known=390.7m2 free=374.6m2 occ=16.1m2 (402x401)
coverage: t=1110s known=390.7m2 free=374.6m2 occ=16.1m2 (402x401)
coverage: t=1140s known=390.8m2 free=374.6m2 occ=16.1m2 (402x401)
coverage: t=1170s known=390.8m2 free=374.7m2 occ=16.2m2 (402x401)
coverage: t=1200s known=390.8m2 free=374.7m2 occ=16.2m2 (402x401)
coverage: t=1230s known=390.8m2 free=374.7m2 occ=16.2m2 (402x401)
coverage: t=1260s known=390.8m2 free=374.7m2 occ=16.2m2 (402x401)
coverage: t=1290s known=390.9m2 free=374.7m2 occ=16.2m2 (402x401)
coverage: t=1320s known=390.9m2 free=374.6m2 occ=16.3m2 (402x401)
coverage: t=1350s known=391.0m2 free=374.7m2 occ=16.4m2 (402x401)
coverage: t=1380s known=391.1m2 free=374.7m2 occ=16.4m2 (402x401)
coverage: t=1410s known=391.1m2 free=374.6m2 occ=16.5m2 (402x401)
coverage: t=1440s known=391.2m2 free=374.6m2 occ=16.6m2 (402x401)
coverage: t=1470s known=391.2m2 free=374.7m2 occ=16.6m2 (402x401)
coverage: t=1500s known=391.3m2 free=374.7m2 occ=16.6m2 (402x401)
coverage: t=1530s known=391.3m2 free=374.7m2 occ=16.6m2 (402x401)
coverage: t=1560s known=391.2m2 free=374.7m2 occ=16.6m2 (402x401)
coverage: t=1590s known=391.4m2 free=374.7m2 occ=16.7m2 (402x401)
coverage: t=1620s known=391.5m2 free=374.7m2 occ=16.8m2 (402x401)
coverage: t=1650s known=391.5m2 free=374.8m2 occ=16.7m2 (402x401)
coverage: t=1680s known=391.6m2 free=374.8m2 occ=16.7m2 (402x401)
coverage: t=1710s known=391.8m2 free=374.9m2 occ=16.9m2 (402x401)
coverage: t=1740s known=391.8m2 free=374.9m2 occ=16.9m2 (402x401)
coverage: t=1770s known=391.9m2 free=374.9m2 occ=17.0m2 (402x401)
coverage: t=1800s known=391.9m2 free=374.9m2 occ=17.0m2 (402x401)
coverage: t=1830s known=392.0m2 free=374.9m2 occ=17.0m2 (402x401)
coverage: t=1860s known=392.1m2 free=374.9m2 occ=17.2m2 (402x401)
coverage: t=1890s known=392.1m2 free=374.9m2 occ=17.3m2 (402x401)
coverage: t=1920s known=392.2m2 free=374.8m2 occ=17.3m2 (402x401)
coverage: t=1950s known=392.2m2 free=374.8m2 occ=17.4m2 (402x401)
coverage: t=1980s known=392.2m2 free=374.8m2 occ=17.4m2 (402x401)
coverage: t=2010s known=392.2m2 free=374.8m2 occ=17.4m2 (402x401)
coverage: t=2040s known=392.0m2 free=374.8m2 occ=17.3m2 (402x401)
coverage: t=2070s known=392.1m2 free=374.8m2 occ=17.3m2 (402x401)
coverage: t=2100s known=392.2m2 free=374.8m2 occ=17.4m2 (402x401)
coverage: t=2130s known=392.3m2 free=374.9m2 occ=17.4m2 (402x401)
coverage: t=2160s known=392.3m2 free=375.1m2 occ=17.1m2 (402x401)
coverage: t=2190s known=392.3m2 free=375.1m2 occ=17.2m2 (402x401)
coverage: t=2220s known=392.3m2 free=375.1m2 occ=17.1m2 (402x401)
coverage: t=2250s known=392.3m2 free=375.1m2 occ=17.2m2 (402x401)
coverage: t=2280s known=392.3m2 free=375.1m2 occ=17.2m2 (402x401)
coverage: t=2310s known=392.4m2 free=375.4m2 occ=17.0m2 (402x401)
coverage: t=2340s known=392.4m2 free=375.4m2 occ=17.0m2 (402x401)
coverage: t=2370s known=392.4m2 free=375.4m2 occ=17.0m2 (402x401)
coverage: t=2400s known=392.4m2 free=375.4m2 occ=17.0m2 (402x401)
coverage: t=2430s known=392.5m2 free=375.4m2 occ=17.1m2 (402x401)
coverage: t=2460s known=392.5m2 free=375.4m2 occ=17.1m2 (402x401)
coverage: t=2490s known=392.5m2 free=375.4m2 occ=17.1m2 (402x401)
coverage: t=2520s known=392.5m2 free=375.4m2 occ=17.2m2 (402x401)
coverage: t=2550s known=392.6m2 free=375.4m2 occ=17.2m2 (402x401)
coverage: t=2580s known=392.6m2 free=375.4m2 occ=17.3m2 (402x401)
coverage: t=2610s known=392.7m2 free=375.4m2 occ=17.3m2 (402x401)
coverage: t=2640s known=392.8m2 free=375.4m2 occ=17.4m2 (402x401)
coverage: t=2670s known=392.9m2 free=375.4m2 occ=17.5m2 (402x401)
coverage: t=2700s known=392.9m2 free=375.4m2 occ=17.5m2 (402x401)
coverage: t=2730s known=392.9m2 free=375.4m2 occ=17.5m2 (402x401)
coverage: t=2760s known=392.9m2 free=375.4m2 occ=17.5m2 (402x401)
coverage: t=2790s known=392.9m2 free=375.4m2 occ=17.6m2 (402x401)
coverage: t=2820s known=392.9m2 free=375.4m2 occ=17.5m2 (402x401)
coverage: t=2850s known=392.9m2 free=375.4m2 occ=17.5m2 (402x401)
coverage: t=2880s known=393.0m2 free=375.4m2 occ=17.6m2 (402x401)
coverage: t=2910s known=393.0m2 free=375.4m2 occ=17.6m2 (402x401)
coverage: t=2940s known=393.0m2 free=375.4m2 occ=17.6m2 (402x401)
coverage: t=2970s known=393.0m2 free=375.4m2 occ=17.6m2 (402x401)
coverage: t=3000s known=393.0m2 free=375.4m2 occ=17.6m2 (402x401)
coverage: t=3030s known=393.0m2 free=375.4m2 occ=17.6m2 (402x401)
coverage: t=3060s known=393.0m2 free=375.5m2 occ=17.6m2 (402x401)
coverage: t=3090s known=393.1m2 free=375.5m2 occ=17.6m2 (402x401)
coverage: t=3120s known=393.1m2 free=375.5m2 occ=17.6m2 (402x401)
coverage: t=3150s known=393.1m2 free=375.5m2 occ=17.6m2 (402x401)
coverage: t=3180s known=393.1m2 free=375.5m2 occ=17.6m2 (402x401)
coverage: t=3210s known=393.1m2 free=375.5m2 occ=17.6m2 (402x401)
coverage: t=3240s known=393.1m2 free=375.5m2 occ=17.6m2 (402x401)
coverage: t=3270s known=393.2m2 free=375.5m2 occ=17.7m2 (402x401)
coverage: t=3300s known=393.2m2 free=375.5m2 occ=17.7m2 (402x401)
coverage: t=3330s known=393.2m2 free=375.5m2 occ=17.7m2 (402x401)
coverage: t=3360s known=393.2m2 free=375.5m2 occ=17.7m2 (402x401)
coverage: t=3390s known=393.3m2 free=375.5m2 occ=17.7m2 (402x401)
coverage: t=3420s known=393.3m2 free=375.5m2 occ=17.7m2 (402x401)
coverage: t=3450s known=393.3m2 free=375.5m2 occ=17.8m2 (402x401)
coverage: t=3480s known=393.1m2 free=373.8m2 occ=19.3m2 (402x401)
coverage: t=3510s known=393.1m2 free=373.7m2 occ=19.4m2 (402x401)
coverage: t=3540s known=393.1m2 free=374.0m2 occ=19.1m2 (402x401)
coverage: t=3570s known=393.1m2 free=374.0m2 occ=19.1m2 (402x401)
coverage: t=3600s known=393.2m2 free=374.0m2 occ=19.1m2 (402x401)
coverage: t=3630s known=393.2m2 free=374.0m2 occ=19.2m2 (402x401)
coverage: t=3660s known=393.2m2 free=374.0m2 occ=19.2m2 (402x401)
coverage: t=3690s known=393.2m2 free=374.0m2 occ=19.3m2 (402x401)
coverage: t=3720s known=393.3m2 free=374.0m2 occ=19.3m2 (402x401)
coverage: t=3750s known=393.3m2 free=373.9m2 occ=19.4m2 (402x401)
coverage: t=3780s known=393.3m2 free=374.1m2 occ=19.2m2 (402x401)
coverage: t=3810s known=393.3m2 free=374.2m2 occ=19.1m2 (402x401)
coverage: t=3840s known=393.3m2 free=374.2m2 occ=19.1m2 (402x401)
coverage: t=3870s known=393.3m2 free=374.3m2 occ=19.1m2 (402x401)
coverage: t=3900s known=393.3m2 free=374.3m2 occ=19.1m2 (402x401)
coverage: t=3930s known=393.3m2 free=374.3m2 occ=19.1m2 (402x401)
coverage: t=3960s known=393.3m2 free=374.3m2 occ=19.1m2 (402x401)
coverage: t=3990s known=393.3m2 free=374.2m2 occ=19.1m2 (402x401)
coverage: t=4020s known=393.4m2 free=374.2m2 occ=19.1m2 (402x401)
coverage: t=4050s known=393.4m2 free=374.2m2 occ=19.1m2 (402x401)
coverage: t=4080s known=393.4m2 free=374.2m2 occ=19.2m2 (402x401)
coverage: t=4110s known=393.4m2 free=374.2m2 occ=19.2m2 (402x401)
coverage: t=4140s known=393.4m2 free=374.2m2 occ=19.2m2 (402x401)
coverage: t=4170s known=393.4m2 free=374.2m2 occ=19.2m2 (402x401)
coverage: t=4200s known=393.4m2 free=374.6m2 occ=18.8m2 (402x401)
coverage: t=4230s known=393.5m2 free=374.6m2 occ=18.8m2 (402x401)
coverage: t=4260s known=393.5m2 free=374.6m2 occ=18.8m2 (402x401)
coverage: t=4290s known=393.5m2 free=374.6m2 occ=18.9m2 (403x401)
coverage: t=4320s known=393.5m2 free=374.6m2 occ=18.9m2 (403x401)
coverage: t=4350s known=393.5m2 free=374.7m2 occ=18.8m2 (403x401)
coverage: t=4380s known=393.5m2 free=374.7m2 occ=18.8m2 (403x401)
coverage: t=4410s known=393.5m2 free=374.7m2 occ=18.8m2 (403x401)
coverage: t=4440s known=393.5m2 free=374.7m2 occ=18.8m2 (403x401)
coverage: t=4470s known=393.5m2 free=374.7m2 occ=18.9m2 (403x401)
Traceback (most recent call last):
  File "/ros2_ws/scripts/map_coverage.py", line 61, in <module>
    main()
  File "/ros2_ws/scripts/map_coverage.py", line 55, in main
    rclpy.spin(node)
  File "/opt/ros/humble/local/lib/python3.10/dist-packages/rclpy/__init__.py", line 229, in spin
    executor.spin_once()
  File "/opt/ros/humble/local/lib/python3.10/dist-packages/rclpy/executors.py", line 808, in spin_once
    self._spin_once_impl(timeout_sec)
  File "/opt/ros/humble/local/lib/python3.10/dist-packages/rclpy/executors.py", line 797, in _spin_once_impl
    handler, entity, node = self.wait_for_ready_callbacks(timeout_sec=timeout_sec)
  File "/opt/ros/humble/local/lib/python3.10/dist-packages/rclpy/executors.py", line 780, in wait_for_ready_callbacks
    return next(self._cb_iter)
  File "/opt/ros/humble/local/lib/python3.10/dist-packages/rclpy/executors.py", line 681, in _wait_for_ready_callbacks
    raise ExternalShutdownException()
rclpy.executors.ExternalShutdownException
