[INFO] [launch]: All log files can be found below /root/.ros/log/2026-06-12-13-21-16-906120-0cbb187b1678-649
[INFO] [launch]: Default logging verbosity is set to INFO
[INFO] [frontier_explorer-1]: process started with pid [650]
[INFO] [mock_aruco_detector-2]: process started with pid [652]
[mock_aruco_detector-2] [INFO] [1781270479.629886736] [mock_aruco_detector]: Mock detector: 6 ground-truth markers
[frontier_explorer-1] [INFO] [1781270479.866426286] [frontier_explorer]: Frontier explorer up for "leo1" (base_frame=leo1/base_link)
[frontier_explorer-1] [WARN] [1781270480.113282169] [frontier_explorer]: Watchdog: work exists but no goal active and robot stationary - clearing costmaps
[frontier_explorer-1] [INFO] [1781270482.412809740] [frontier_explorer]: Initial pose recorded: (-0.00, 0.00)
[frontier_explorer-1] [INFO] [1781270482.457949172] [frontier_explorer]: Map has (almost) no walls yet - warmup drive for SLAM
[frontier_explorer-1] [WARN] [1781270484.434138047] [frontier_explorer]: Watchdog: work exists but no goal active and robot stationary - clearing costmaps
[frontier_explorer-1] [INFO] [1781270490.760615857] [frontier_explorer]: New frontier goal: (-0.76, 0.70)
[frontier_explorer-1] [INFO] [1781270503.881184238] [frontier_explorer]: New frontier goal: (0.97, -1.85)
[frontier_explorer-1] [WARN] [1781270507.794810276] [frontier_explorer]: Frontier goal done but frontier survived at (1.21, -1.80) - striking it
[frontier_explorer-1] [WARN] [1781270507.837358471] [frontier_explorer]: Frontier goal done but frontier survived at (1.36, -1.50) - striking it
[frontier_explorer-1] [INFO] [1781270507.907894944] [frontier_explorer]: New frontier goal: (-3.09, 3.75)
[frontier_explorer-1] [INFO] [1781270519.435244178] [frontier_explorer]: New frontier goal: (7.00, -2.34)
[frontier_explorer-1] [INFO] [1781270531.733019687] [frontier_explorer]: Item candidate id=4 at (0.02, 3.90) - queued for verification
[frontier_explorer-1] [INFO] [1781270531.955674771] [frontier_explorer]: Item id=4 CONFIRMED at (0.03, 3.88) after 2 views
[frontier_explorer-1] [INFO] [1781270543.911306907] [frontier_explorer]: No path to frontier goal (8.19, -2.29), skipping
[frontier_explorer-1] [INFO] [1781270547.952060440] [frontier_explorer]: New frontier goal: (-6.91, -5.54)
[frontier_explorer-1] [INFO] [1781270560.166780424] [frontier_explorer]: New frontier goal: (-7.76, -5.79)
[frontier_explorer-1] [INFO] [1781270580.453855276] [frontier_explorer]: New frontier goal: (-8.06, -3.51)
[frontier_explorer-1] [INFO] [1781270592.702964262] [frontier_explorer]: New frontier goal: (-8.41, -1.87)
[frontier_explorer-1] [INFO] [1781270605.055869014] [frontier_explorer]: New frontier goal: (-7.86, 0.60)
[frontier_explorer-1] [INFO] [1781270617.084260220] [frontier_explorer]: No path to frontier goal (-7.61, 4.69), skipping
[frontier_explorer-1] [INFO] [1781270625.180685597] [frontier_explorer]: New frontier goal: (-8.56, 6.74)
[frontier_explorer-1] [INFO] [1781270633.349062535] [frontier_explorer]: Item candidate id=3 at (-4.08, 1.99) - queued for verification
[frontier_explorer-1] [INFO] [1781270633.760570412] [frontier_explorer]: Item id=3 CONFIRMED at (-4.10, 1.98) after 2 views
[frontier_explorer-1] [INFO] [1781270637.417402892] [frontier_explorer]: New frontier goal: (7.78, -7.76)
[frontier_explorer-1] [INFO] [1781270661.877256939] [frontier_explorer]: New frontier goal: (7.53, -6.87)
[frontier_explorer-1] [INFO] [1781270674.113340592] [frontier_explorer]: New frontier goal: (-1.22, -8.52)
[frontier_explorer-1] [INFO] [1781270706.618008048] [frontier_explorer]: New frontier goal: (0.03, -8.52)
[frontier_explorer-1] [INFO] [1781270718.864351361] [frontier_explorer]: New frontier goal: (6.83, -5.82)
[frontier_explorer-1] [INFO] [1781270731.016886531] [frontier_explorer]: New frontier goal: (7.93, -5.12)
[frontier_explorer-1] [INFO] [1781270743.186135643] [frontier_explorer]: New frontier goal: (-0.52, -7.72)
[frontier_explorer-1] [INFO] [1781270763.600802474] [frontier_explorer]: New frontier goal: (6.28, 7.33)
[frontier_explorer-1] [INFO] [1781270804.371302324] [frontier_explorer]: New frontier goal: (6.28, 8.03)
[frontier_explorer-1] [INFO] [1781270816.617353244] [frontier_explorer]: No path to frontier goal (8.93, 8.43), skipping
[frontier_explorer-1] [INFO] [1781270820.665182468] [frontier_explorer]: New frontier goal: (-1.32, 7.63)
[frontier_explorer-1] [INFO] [1781270894.484156232] [frontier_explorer]: New frontier goal: (0.38, 7.10)
[frontier_explorer-1] [INFO] [1781270906.532466427] [frontier_explorer]: New frontier goal: (2.48, 7.35)
[frontier_explorer-1] [INFO] [1781270918.729942069] [frontier_explorer]: New frontier goal: (4.48, 8.90)
[frontier_explorer-1] [INFO] [1781270930.870084138] [frontier_explorer]: New frontier goal: (5.33, 8.15)
[frontier_explorer-1] [INFO] [1781270943.094929083] [frontier_explorer]: New frontier goal: (7.73, 7.35)
[frontier_explorer-1] [INFO] [1781270996.284009344] [frontier_explorer]: New frontier goal: (7.03, 1.40)
[frontier_explorer-1] [INFO] [1781271061.614443119] [frontier_explorer]: New frontier goal: (2.32, -8.45)
[frontier_explorer-1] [INFO] [1781271113.210767640] [frontier_explorer]: Item candidate id=6 at (5.00, -3.87) - queued for verification
[frontier_explorer-1] [INFO] [1781271113.727010604] [frontier_explorer]: Item id=6 CONFIRMED at (5.01, -3.88) after 2 views
[frontier_explorer-1] [INFO] [1781271192.500288594] [frontier_explorer]: New frontier goal: (-1.42, -7.05)
[frontier_explorer-1] [INFO] [1781271229.341693912] [frontier_explorer]: New frontier goal: (-7.37, 5.55)
[frontier_explorer-1] [INFO] [1781271409.049842513] [frontier_explorer]: New frontier goal: (7.51, 7.20)
[frontier_explorer-1] [WARN] [1781271645.976886552] [frontier_explorer]: No progress for 32s - clearing costmaps and retrying goal (7.51, 7.20)
[frontier_explorer-1] [WARN] [1781271682.758783820] [frontier_explorer]: Still no progress after costmap clear, blacklisting goal (7.51, 7.20)
[frontier_explorer-1] [INFO] [1781271686.881519370] [frontier_explorer]: Frontiers done - SWEEPING for camera coverage (38% of walls observed)
[frontier_explorer-1] [INFO] [1781271686.969599211] [frontier_explorer]: New sweep goal: (8.01, -1.95)
[frontier_explorer-1] [INFO] [1781271842.026450039] [frontier_explorer]: New sweep goal: (-1.93, 8.45)
[frontier_explorer-1] [INFO] [1781271989.241665130] [frontier_explorer]: New sweep goal: (-8.74, -4.20)
[frontier_explorer-1] [INFO] [1781272105.817401121] [frontier_explorer]: Item candidate id=1 at (-9.88, -6.01) - queued for verification
[frontier_explorer-1] [INFO] [1781272106.332921308] [frontier_explorer]: Item id=1 CONFIRMED at (-9.88, -6.02) after 2 views
[frontier_explorer-1] [WARN] [1781272119.624785448] [frontier_explorer]: Sweep goal done but target (-9.84, -6.10) still unobserved - striking it
[frontier_explorer-1] [INFO] [1781272119.731506828] [frontier_explorer]: New sweep goal: (-7.14, -7.95)
[frontier_explorer-1] [INFO] [1781272164.697384701] [frontier_explorer]: New sweep goal: (5.81, -8.71)
[frontier_explorer-1] [INFO] [1781272331.750409569] [frontier_explorer]: New sweep goal: (-6.29, 7.99)
[frontier_explorer-1] [INFO] [1781272509.885694882] [frontier_explorer]: Item candidate id=2 at (-7.00, 9.89) - queued for verification
[frontier_explorer-1] [INFO] [1781272510.390034104] [frontier_explorer]: Item id=2 CONFIRMED at (-6.99, 9.89) after 2 views
[frontier_explorer-1] [WARN] [1781272525.725816025] [frontier_explorer]: Watchdog: work exists but no goal active and robot stationary - clearing costmaps
[frontier_explorer-1] [INFO] [1781272527.852909480] [frontier_explorer]: New sweep goal: (7.98, -6.55)
[frontier_explorer-1] [INFO] [1781272717.367336639] [frontier_explorer]: Item candidate id=5 at (9.89, -7.01) - queued for verification
[frontier_explorer-1] [INFO] [1781272717.885818211] [frontier_explorer]: Item id=5 CONFIRMED at (9.87, -7.00) after 2 views
[frontier_explorer-1] [WARN] [1781272735.762659961] [frontier_explorer]: Sweep goal done but target (9.89, -7.65) still unobserved - striking it
[frontier_explorer-1] [INFO] [1781272735.923582764] [frontier_explorer]: New sweep goal: (3.43, 8.00)
[frontier_explorer-1] [INFO] [1781272911.586164346] [frontier_explorer]: New sweep goal: (-7.97, 1.81)
[frontier_explorer-1] [INFO] [1781273029.998412080] [frontier_explorer]: New sweep goal: (-8.72, 7.31)
[frontier_explorer-1] [WARN] [1781273097.443345885] [frontier_explorer]: Watchdog: work exists but no goal active and robot stationary - clearing costmaps
[frontier_explorer-1] [INFO] [1781273099.599009110] [frontier_explorer]: New sweep goal: (0.33, -7.93)
[frontier_explorer-1] [INFO] [1781273299.996942813] [frontier_explorer]: New sweep goal: (-4.59, -9.14)
[frontier_explorer-1] [WARN] [1781273336.738215943] [frontier_explorer]: No progress for 32s - clearing costmaps and retrying goal (-4.59, -9.14)
[frontier_explorer-1] [WARN] [1781273393.822014489] [frontier_explorer]: Still no progress after costmap clear, blacklisting goal (-4.59, -9.14)
[frontier_explorer-1] [WARN] [1781273397.875219145] [frontier_explorer]: Sweep goal done but target (-4.07, -9.44) still unobserved - striking it
[frontier_explorer-1] [INFO] [1781273398.031155803] [frontier_explorer]: New sweep goal: (7.57, -8.74)
[frontier_explorer-1] [INFO] [1781273516.101136438] [frontier_explorer]: New sweep goal: (-4.59, -9.14)
[frontier_explorer-1] [WARN] [1781273659.042079802] [frontier_explorer]: No progress for 32s - clearing costmaps and retrying goal (-4.59, -9.14)
[frontier_explorer-1] [INFO] [1781273774.216132046] [frontier_explorer]: New sweep goal: (-7.67, -9.44)
[frontier_explorer-1] [INFO] [1781273819.412249359] [frontier_explorer]: New sweep goal: (1.58, 2.01)
[frontier_explorer-1] [INFO] [1781273953.928748593] [frontier_explorer]: New sweep goal: (-1.95, 8.21)
[frontier_explorer-1] [INFO] [1781274060.444664479] [frontier_explorer]: New sweep goal: (-4.62, 8.56)
[frontier_explorer-1] [WARN] [1781274113.506411080] [frontier_explorer]: No progress for 32s - clearing costmaps and retrying goal (-4.62, 8.56)
[frontier_explorer-1] [WARN] [1781274160.760700063] [frontier_explorer]: Watchdog: work exists but no goal active and robot stationary - clearing costmaps
[frontier_explorer-1] [INFO] [1781274162.962907219] [frontier_explorer]: New sweep goal: (7.99, -5.24)
[frontier_explorer-1] [INFO] [1781274371.312196057] [frontier_explorer]: New sweep goal: (-7.65, -1.34)
[frontier_explorer-1] [INFO] [1781274575.566912271] [frontier_explorer]: New sweep goal: (8.65, 2.01)
[frontier_explorer-1] [INFO] [1781274755.085967861] [frontier_explorer]: New sweep goal: (0.84, 6.02)
[frontier_explorer-1] [INFO] [1781274869.558809972] [frontier_explorer]: Exploration + sweep complete: camera coverage 90% (3222/3570 wall cells), items found: [1, 2, 3, 4, 5, 6] (6 confirmed, 6 seen)
[frontier_explorer-1] [INFO] [1781274869.597232355] [frontier_explorer]: Returning to initial pose...
[frontier_explorer-1] [INFO] [1781274970.242603212] [frontier_explorer]: Returned to initial pose.
[frontier_explorer-1] [INFO] [1781274970.305720704] [frontier_explorer]: Exploration finished.
[frontier_explorer-1] [INFO] [1781274980.157956303] [frontier_explorer]: Map saved to /ros2_ws/reports/pr4/leo_world_map
