[INFO] [launch]: All log files can be found below /home/smirn/.ros/log/2026-08-20-00-17-40-660607-Tornadosky-40025
[INFO] [launch]: Default logging verbosity is set to INFO
[INFO] [aruco_detector-1]: process started with pid [40026]
[aruco_detector-1] [INFO] [1787177861.296539086] [aruco_detector]: aruco_detector: dict=DICT_4X4_50 len=0.2 m image=/leo1/camera/image optical_frame=False map_frame=map cv2=4.5.4
[aruco_detector-1] [INFO] [1787177861.299084959] [aruco_detector]: frames=0 with_detections=0 confirmed=[] pending=[]
[aruco_detector-1] [INFO] [1787177861.461913866] [aruco_detector]: camera intrinsics: fx=554.4 fy=554.4 cx=320.0 cy=240.0 distortion=5 coeffs
[aruco_detector-1] [INFO] [1787177865.056724132] [aruco_detector]: frames=18 with_detections=0 confirmed=[] pending=[]
[aruco_detector-1] [INFO] [1787177875.076493480] [aruco_detector]: frames=68 with_detections=0 confirmed=[] pending=[]
[aruco_detector-1] [INFO] [1787177885.114542854] [aruco_detector]: frames=118 with_detections=38 confirmed=[] pending=[]
[aruco_detector-1] [INFO] [1787177895.106968629] [aruco_detector]: frames=168 with_detections=48 confirmed=[] pending=[]
[aruco_detector-1] [INFO] [1787177905.107252717] [aruco_detector]: frames=218 with_detections=48 confirmed=[] pending=[]
[aruco_detector-1] [INFO] [1787177915.109786546] [aruco_detector]: frames=268 with_detections=48 confirmed=[] pending=[]
[aruco_detector-1] [INFO] [1787177925.106466107] [aruco_detector]: frames=318 with_detections=65 confirmed=[] pending=[]
[aruco_detector-1] [INFO] [1787177929.140503954] [aruco_detector]: ArUco 2 CONFIRMED at map (8.88, 0.21, 0.14) range 5.82 m, reproj 0.22 px
[aruco_detector-1] [INFO] [1787177935.106170578] [aruco_detector]: frames=368 with_detections=98 confirmed=[2] pending=[]
[aruco_detector-1] [INFO] [1787177945.111494390] [aruco_detector]: frames=418 with_detections=102 confirmed=[2] pending=[]
[aruco_detector-1] [INFO] [1787177955.106754165] [aruco_detector]: frames=468 with_detections=102 confirmed=[2] pending=[]
[aruco_detector-1] [INFO] [1787177965.107427009] [aruco_detector]: frames=518 with_detections=102 confirmed=[2] pending=[]
[aruco_detector-1] [INFO] [1787177975.114456014] [aruco_detector]: frames=568 with_detections=109 confirmed=[2] pending=[5]
[aruco_detector-1] [INFO] [1787177985.111787504] [aruco_detector]: frames=618 with_detections=109 confirmed=[2] pending=[5]
[aruco_detector-1] [INFO] [1787177995.115276247] [aruco_detector]: frames=668 with_detections=109 confirmed=[2] pending=[5]
[aruco_detector-1] [INFO] [1787178005.115536162] [aruco_detector]: frames=718 with_detections=114 confirmed=[2] pending=[5]
[aruco_detector-1] [INFO] [1787178015.109582114] [aruco_detector]: frames=768 with_detections=114 confirmed=[2] pending=[5]
[aruco_detector-1] [INFO] [1787178025.112497993] [aruco_detector]: frames=818 with_detections=114 confirmed=[2] pending=[5]
[aruco_detector-1] [INFO] [1787178035.115513916] [aruco_detector]: frames=868 with_detections=114 confirmed=[2] pending=[5]
[aruco_detector-1] [INFO] [1787178045.120227978] [aruco_detector]: frames=918 with_detections=114 confirmed=[2] pending=[5]
[aruco_detector-1] [INFO] [1787178046.358821995] [aruco_detector]: ArUco 4 CONFIRMED at map (-4.11, 5.10, 0.11) range 4.93 m, reproj 1.22 px
[aruco_detector-1] [INFO] [1787178055.123825946] [aruco_detector]: frames=968 with_detections=158 confirmed=[2, 4] pending=[5]
[aruco_detector-1] [INFO] [1787178065.127501383] [aruco_detector]: frames=1018 with_detections=174 confirmed=[2, 4] pending=[5]
[aruco_detector-1] [INFO] [1787178075.122771427] [aruco_detector]: frames=1068 with_detections=174 confirmed=[2, 4] pending=[5]
[aruco_detector-1] [INFO] [1787178084.366736918] [aruco_detector]: ArUco 1 CONFIRMED at map (-9.88, 0.10, 0.14) range 5.97 m, reproj 0.17 px
[aruco_detector-1] [INFO] [1787178085.130341167] [aruco_detector]: frames=1118 with_detections=192 confirmed=[1, 2, 4] pending=[5]
[aruco_detector-1] [INFO] [1787178090.965318736] [aruco_detector]: ArUco 6 CONFIRMED at map (-10.48, -3.64, 0.14) range 5.65 m, reproj 0.04 px
[aruco_detector-1] [INFO] [1787178095.130440526] [aruco_detector]: frames=1168 with_detections=230 confirmed=[1, 2, 4, 6] pending=[5]
[aruco_detector-1] [INFO] [1787178105.138142228] [aruco_detector]: frames=1218 with_detections=238 confirmed=[1, 2, 4, 6] pending=[5, 32]
[aruco_detector-1] [INFO] [1787178115.139542447] [aruco_detector]: frames=1268 with_detections=266 confirmed=[1, 2, 4, 6] pending=[5, 32]
[aruco_detector-1] [INFO] [1787178125.140569150] [aruco_detector]: frames=1318 with_detections=298 confirmed=[1, 2, 4, 6] pending=[5, 32]
[aruco_detector-1] [INFO] [1787178135.136414548] [aruco_detector]: frames=1368 with_detections=313 confirmed=[1, 2, 4, 6] pending=[5, 32]
[aruco_detector-1] [INFO] [1787178145.136402038] [aruco_detector]: frames=1418 with_detections=318 confirmed=[1, 2, 4, 6] pending=[5, 32]
[aruco_detector-1] [INFO] [1787178155.140172368] [aruco_detector]: frames=1468 with_detections=318 confirmed=[1, 2, 4, 6] pending=[5, 32]
[aruco_detector-1] [INFO] [1787178165.134439559] [aruco_detector]: frames=1518 with_detections=362 confirmed=[1, 2, 4, 6] pending=[5, 32]
[aruco_detector-1] [INFO] [1787178175.136031161] [aruco_detector]: frames=1568 with_detections=369 confirmed=[1, 2, 4, 6] pending=[5, 32]
[aruco_detector-1] [INFO] [1787178185.136079521] [aruco_detector]: frames=1618 with_detections=369 confirmed=[1, 2, 4, 6] pending=[5, 32]
[aruco_detector-1] [INFO] [1787178195.133176578] [aruco_detector]: frames=1668 with_detections=369 confirmed=[1, 2, 4, 6] pending=[5, 32]
[aruco_detector-1] [INFO] [1787178205.134684963] [aruco_detector]: frames=1718 with_detections=369 confirmed=[1, 2, 4, 6] pending=[5, 32]
[aruco_detector-1] [INFO] [1787178215.134545937] [aruco_detector]: frames=1768 with_detections=416 confirmed=[1, 2, 4, 6] pending=[5, 32]
[aruco_detector-1] [INFO] [1787178225.130029891] [aruco_detector]: frames=1818 with_detections=466 confirmed=[1, 2, 4, 6] pending=[5, 32]
[aruco_detector-1] [INFO] [1787178235.131136092] [aruco_detector]: frames=1868 with_detections=467 confirmed=[1, 2, 4, 6] pending=[5, 32]
[aruco_detector-1] [INFO] [1787178245.131098332] [aruco_detector]: frames=1918 with_detections=467 confirmed=[1, 2, 4, 6] pending=[5, 32]
[aruco_detector-1] [INFO] [1787178255.125853458] [aruco_detector]: frames=1968 with_detections=467 confirmed=[1, 2, 4, 6] pending=[5, 32]
[aruco_detector-1] [INFO] [1787178265.130008546] [aruco_detector]: frames=2018 with_detections=467 confirmed=[1, 2, 4, 6] pending=[5, 32]
[aruco_detector-1] [INFO] [1787178275.132189487] [aruco_detector]: frames=2068 with_detections=467 confirmed=[1, 2, 4, 6] pending=[5, 32]
[aruco_detector-1] [INFO] [1787178285.133251460] [aruco_detector]: frames=2118 with_detections=499 confirmed=[1, 2, 4, 6] pending=[5, 32]
[aruco_detector-1] [INFO] [1787178295.134080301] [aruco_detector]: frames=2168 with_detections=525 confirmed=[1, 2, 4, 6] pending=[5, 32]
[aruco_detector-1] [INFO] [1787178305.135363401] [aruco_detector]: frames=2218 with_detections=525 confirmed=[1, 2, 4, 6] pending=[5, 32]
[aruco_detector-1] [INFO] [1787178306.570087994] [aruco_detector]: ArUco 8 CONFIRMED at map (-3.32, -0.96, 0.10) range 5.75 m, reproj 0.54 px
[aruco_detector-1] [INFO] [1787178315.130552575] [aruco_detector]: frames=2268 with_detections=553 confirmed=[1, 2, 4, 6, 8] pending=[5, 32]
[aruco_detector-1] [INFO] [1787178325.131497768] [aruco_detector]: frames=2318 with_detections=569 confirmed=[1, 2, 4, 6, 8] pending=[5, 32]
[aruco_detector-1] [INFO] [1787178335.131535526] [aruco_detector]: frames=2368 with_detections=569 confirmed=[1, 2, 4, 6, 8] pending=[5, 32]
[aruco_detector-1] [INFO] [1787178345.128386418] [aruco_detector]: frames=2418 with_detections=569 confirmed=[1, 2, 4, 6, 8] pending=[5, 32]
[aruco_detector-1] [INFO] [1787178351.363465874] [aruco_detector]: ArUco 3 CONFIRMED at map (-8.44, 6.67, 0.12) range 5.63 m, reproj 1.76 px
[aruco_detector-1] [INFO] [1787178355.129992564] [aruco_detector]: frames=2468 with_detections=590 confirmed=[1, 2, 3, 4, 6, 8] pending=[5, 32]
[aruco_detector-1] [INFO] [1787178365.133233058] [aruco_detector]: frames=2518 with_detections=598 confirmed=[1, 2, 3, 4, 6, 8] pending=[5, 32]
[aruco_detector-1] [INFO] [1787178375.120138065] [aruco_detector]: frames=2568 with_detections=638 confirmed=[1, 2, 3, 4, 6, 8] pending=[5, 32]
[aruco_detector-1] [INFO] [1787178385.125275131] [aruco_detector]: frames=2618 with_detections=674 confirmed=[1, 2, 3, 4, 6, 8] pending=[5, 32]
[aruco_detector-1] [INFO] [1787178395.131037118] [aruco_detector]: frames=2668 with_detections=674 confirmed=[1, 2, 3, 4, 6, 8] pending=[5, 32]
[aruco_detector-1] [INFO] [1787178405.141270291] [aruco_detector]: frames=2718 with_detections=674 confirmed=[1, 2, 3, 4, 6, 8] pending=[5, 32]
[aruco_detector-1] [INFO] [1787178415.141182896] [aruco_detector]: frames=2768 with_detections=705 confirmed=[1, 2, 3, 4, 6, 8] pending=[5, 32]
[aruco_detector-1] [INFO] [1787178425.142557952] [aruco_detector]: frames=2818 with_detections=726 confirmed=[1, 2, 3, 4, 6, 8] pending=[5, 32]
[aruco_detector-1] [INFO] [1787178435.133808207] [aruco_detector]: frames=2868 with_detections=726 confirmed=[1, 2, 3, 4, 6, 8] pending=[5, 32]
[aruco_detector-1] [INFO] [1787178445.135149700] [aruco_detector]: frames=2918 with_detections=726 confirmed=[1, 2, 3, 4, 6, 8] pending=[5, 32]
[aruco_detector-1] [INFO] [1787178455.138569852] [aruco_detector]: frames=2968 with_detections=726 confirmed=[1, 2, 3, 4, 6, 8] pending=[5, 32]
[aruco_detector-1] [INFO] [1787178465.148929606] [aruco_detector]: frames=3018 with_detections=726 confirmed=[1, 2, 3, 4, 6, 8] pending=[5, 32]
[aruco_detector-1] [INFO] [1787178475.151923864] [aruco_detector]: frames=3068 with_detections=726 confirmed=[1, 2, 3, 4, 6, 8] pending=[5, 32]
[aruco_detector-1] [INFO] [1787178485.152166247] [aruco_detector]: frames=3118 with_detections=726 confirmed=[1, 2, 3, 4, 6, 8] pending=[5, 32]
[aruco_detector-1] [INFO] [1787178495.158182489] [aruco_detector]: frames=3168 with_detections=728 confirmed=[1, 2, 3, 4, 6, 8] pending=[5, 32]
[aruco_detector-1] [INFO] [1787178505.190172179] [aruco_detector]: frames=3218 with_detections=739 confirmed=[1, 2, 3, 4, 6, 8] pending=[5, 32]
[aruco_detector-1] [INFO] [1787178515.190213881] [aruco_detector]: frames=3268 with_detections=776 confirmed=[1, 2, 3, 4, 6, 8] pending=[5, 32]
[aruco_detector-1] [INFO] [1787178525.183535656] [aruco_detector]: frames=3318 with_detections=807 confirmed=[1, 2, 3, 4, 6, 8] pending=[5, 32]
[aruco_detector-1] [INFO] [1787178534.617522750] [aruco_detector]: ArUco 7 CONFIRMED at map (4.05, -5.58, 0.14) range 5.90 m, reproj 0.22 px
[aruco_detector-1] [INFO] [1787178535.183220775] [aruco_detector]: frames=3368 with_detections=813 confirmed=[1, 2, 3, 4, 6, 7, 8] pending=[5, 32]
[aruco_detector-1] [INFO] [1787178545.184695020] [aruco_detector]: frames=3418 with_detections=815 confirmed=[1, 2, 3, 4, 6, 7, 8] pending=[5, 32]
[aruco_detector-1] [INFO] [1787178555.180291701] [aruco_detector]: frames=3468 with_detections=839 confirmed=[1, 2, 3, 4, 6, 7, 8] pending=[5, 32]
[aruco_detector-1] [INFO] [1787178556.617352669] [aruco_detector]: ArUco 5 CONFIRMED at map (9.91, 3.36, 0.13) range 5.32 m, reproj 0.11 px
[aruco_detector-1] [INFO] [1787178565.179956278] [aruco_detector]: frames=3518 with_detections=882 confirmed=[1, 2, 3, 4, 5, 6, 7, 8] pending=[32]
[aruco_detector-1] [INFO] [1787178575.184465854] [aruco_detector]: frames=3568 with_detections=917 confirmed=[1, 2, 3, 4, 5, 6, 7, 8] pending=[32]
[aruco_detector-1] [INFO] [1787178585.231949025] [aruco_detector]: frames=3618 with_detections=943 confirmed=[1, 2, 3, 4, 5, 6, 7, 8] pending=[32]
[aruco_detector-1] [INFO] [1787178595.232574294] [aruco_detector]: frames=3668 with_detections=960 confirmed=[1, 2, 3, 4, 5, 6, 7, 8] pending=[32]
[aruco_detector-1] [INFO] [1787178605.232526837] [aruco_detector]: frames=3718 with_detections=960 confirmed=[1, 2, 3, 4, 5, 6, 7, 8] pending=[32]
[aruco_detector-1] [INFO] [1787178615.221902697] [aruco_detector]: frames=3768 with_detections=960 confirmed=[1, 2, 3, 4, 5, 6, 7, 8] pending=[32]
[aruco_detector-1] [INFO] [1787178625.222335760] [aruco_detector]: frames=3818 with_detections=960 confirmed=[1, 2, 3, 4, 5, 6, 7, 8] pending=[32]
[aruco_detector-1] [INFO] [1787178635.224322804] [aruco_detector]: frames=3868 with_detections=960 confirmed=[1, 2, 3, 4, 5, 6, 7, 8] pending=[32]
[aruco_detector-1] [INFO] [1787178645.220901639] [aruco_detector]: frames=3918 with_detections=960 confirmed=[1, 2, 3, 4, 5, 6, 7, 8] pending=[32]
[aruco_detector-1] [INFO] [1787178655.222245163] [aruco_detector]: frames=3968 with_detections=960 confirmed=[1, 2, 3, 4, 5, 6, 7, 8] pending=[32]
[aruco_detector-1] [INFO] [1787178665.225244095] [aruco_detector]: frames=4018 with_detections=960 confirmed=[1, 2, 3, 4, 5, 6, 7, 8] pending=[32]
[aruco_detector-1] [INFO] [1787178675.223015786] [aruco_detector]: frames=4068 with_detections=960 confirmed=[1, 2, 3, 4, 5, 6, 7, 8] pending=[32]
[aruco_detector-1] [INFO] [1787178685.223077207] [aruco_detector]: frames=4118 with_detections=960 confirmed=[1, 2, 3, 4, 5, 6, 7, 8] pending=[32]
[aruco_detector-1] [INFO] [1787178695.223065201] [aruco_detector]: frames=4168 with_detections=960 confirmed=[1, 2, 3, 4, 5, 6, 7, 8] pending=[32]
[aruco_detector-1] [INFO] [1787178705.223851131] [aruco_detector]: frames=4218 with_detections=960 confirmed=[1, 2, 3, 4, 5, 6, 7, 8] pending=[32]
[aruco_detector-1] [INFO] [1787178715.231097031] [aruco_detector]: frames=4268 with_detections=960 confirmed=[1, 2, 3, 4, 5, 6, 7, 8] pending=[32]
[aruco_detector-1] [INFO] [1787178725.233065575] [aruco_detector]: frames=4318 with_detections=960 confirmed=[1, 2, 3, 4, 5, 6, 7, 8] pending=[32]
[aruco_detector-1] [INFO] [1787178735.228037445] [aruco_detector]: frames=4368 with_detections=960 confirmed=[1, 2, 3, 4, 5, 6, 7, 8] pending=[32]
[aruco_detector-1] [INFO] [1787178745.228968897] [aruco_detector]: frames=4418 with_detections=960 confirmed=[1, 2, 3, 4, 5, 6, 7, 8] pending=[32]
[aruco_detector-1] [INFO] [1787178755.276393109] [aruco_detector]: frames=4468 with_detections=960 confirmed=[1, 2, 3, 4, 5, 6, 7, 8] pending=[32]
[aruco_detector-1] [INFO] [1787178765.290171920] [aruco_detector]: frames=4518 with_detections=990 confirmed=[1, 2, 3, 4, 5, 6, 7, 8] pending=[32]
[aruco_detector-1] [INFO] [1787178775.315443580] [aruco_detector]: frames=4568 with_detections=1040 confirmed=[1, 2, 3, 4, 5, 6, 7, 8] pending=[32]
[aruco_detector-1] [INFO] [1787178785.332050773] [aruco_detector]: frames=4618 with_detections=1043 confirmed=[1, 2, 3, 4, 5, 6, 7, 8] pending=[32]
[aruco_detector-1] [INFO] [1787178795.321692249] [aruco_detector]: frames=4668 with_detections=1051 confirmed=[1, 2, 3, 4, 5, 6, 7, 8] pending=[32]
[aruco_detector-1] [INFO] [1787178805.323015611] [aruco_detector]: frames=4718 with_detections=1061 confirmed=[1, 2, 3, 4, 5, 6, 7, 8] pending=[32]
[aruco_detector-1] [INFO] [1787178815.353546932] [aruco_detector]: frames=4768 with_detections=1061 confirmed=[1, 2, 3, 4, 5, 6, 7, 8] pending=[32]
[aruco_detector-1] [INFO] [1787178825.349610151] [aruco_detector]: frames=4818 with_detections=1061 confirmed=[1, 2, 3, 4, 5, 6, 7, 8] pending=[32]
[aruco_detector-1] [INFO] [1787178835.406054101] [aruco_detector]: frames=4868 with_detections=1061 confirmed=[1, 2, 3, 4, 5, 6, 7, 8] pending=[32]
[aruco_detector-1] [INFO] [1787178845.424809591] [aruco_detector]: frames=4918 with_detections=1069 confirmed=[1, 2, 3, 4, 5, 6, 7, 8] pending=[32]
[aruco_detector-1] [INFO] [1787178855.432124219] [aruco_detector]: frames=4968 with_detections=1089 confirmed=[1, 2, 3, 4, 5, 6, 7, 8] pending=[32]
[aruco_detector-1] [INFO] [1787178865.431897960] [aruco_detector]: frames=5018 with_detections=1119 confirmed=[1, 2, 3, 4, 5, 6, 7, 8] pending=[32]
[aruco_detector-1] [INFO] [1787178875.438968473] [aruco_detector]: frames=5068 with_detections=1119 confirmed=[1, 2, 3, 4, 5, 6, 7, 8] pending=[32]
[aruco_detector-1] [INFO] [1787178885.439423697] [aruco_detector]: frames=5118 with_detections=1119 confirmed=[1, 2, 3, 4, 5, 6, 7, 8] pending=[32]
[aruco_detector-1] [INFO] [1787178895.442280989] [aruco_detector]: frames=5168 with_detections=1119 confirmed=[1, 2, 3, 4, 5, 6, 7, 8] pending=[32]
[aruco_detector-1] [INFO] [1787178905.443588945] [aruco_detector]: frames=5218 with_detections=1119 confirmed=[1, 2, 3, 4, 5, 6, 7, 8] pending=[32]
[aruco_detector-1] [INFO] [1787178915.436451320] [aruco_detector]: frames=5268 with_detections=1119 confirmed=[1, 2, 3, 4, 5, 6, 7, 8] pending=[32]
[aruco_detector-1] [INFO] [1787178925.442461602] [aruco_detector]: frames=5318 with_detections=1119 confirmed=[1, 2, 3, 4, 5, 6, 7, 8] pending=[32]
[aruco_detector-1] [INFO] [1787178935.445374162] [aruco_detector]: frames=5368 with_detections=1119 confirmed=[1, 2, 3, 4, 5, 6, 7, 8] pending=[32]
[aruco_detector-1] [INFO] [1787178945.448487769] [aruco_detector]: frames=5418 with_detections=1119 confirmed=[1, 2, 3, 4, 5, 6, 7, 8] pending=[32]
[aruco_detector-1] [INFO] [1787178955.448536625] [aruco_detector]: frames=5468 with_detections=1119 confirmed=[1, 2, 3, 4, 5, 6, 7, 8] pending=[32]
[aruco_detector-1] [INFO] [1787178965.451480700] [aruco_detector]: frames=5518 with_detections=1119 confirmed=[1, 2, 3, 4, 5, 6, 7, 8] pending=[32]
[aruco_detector-1] [INFO] [1787178975.448650389] [aruco_detector]: frames=5568 with_detections=1119 confirmed=[1, 2, 3, 4, 5, 6, 7, 8] pending=[32]
[aruco_detector-1] [INFO] [1787178985.450076208] [aruco_detector]: frames=5618 with_detections=1119 confirmed=[1, 2, 3, 4, 5, 6, 7, 8] pending=[32]
[aruco_detector-1] [INFO] [1787178995.457557230] [aruco_detector]: frames=5668 with_detections=1119 confirmed=[1, 2, 3, 4, 5, 6, 7, 8] pending=[32]
[aruco_detector-1] [INFO] [1787179005.459696837] [aruco_detector]: frames=5718 with_detections=1119 confirmed=[1, 2, 3, 4, 5, 6, 7, 8] pending=[32]
[aruco_detector-1] [INFO] [1787179015.465835595] [aruco_detector]: frames=5768 with_detections=1119 confirmed=[1, 2, 3, 4, 5, 6, 7, 8] pending=[32]
[aruco_detector-1] [INFO] [1787179025.477023002] [aruco_detector]: frames=5818 with_detections=1119 confirmed=[1, 2, 3, 4, 5, 6, 7, 8] pending=[32]
[aruco_detector-1] [INFO] [1787179035.476796051] [aruco_detector]: frames=5868 with_detections=1119 confirmed=[1, 2, 3, 4, 5, 6, 7, 8] pending=[32]
[aruco_detector-1] [INFO] [1787179045.491175484] [aruco_detector]: frames=5918 with_detections=1119 confirmed=[1, 2, 3, 4, 5, 6, 7, 8] pending=[32]
[aruco_detector-1] [INFO] [1787179055.492465376] [aruco_detector]: frames=5968 with_detections=1119 confirmed=[1, 2, 3, 4, 5, 6, 7, 8] pending=[32]
[aruco_detector-1] [INFO] [1787179065.492760267] [aruco_detector]: frames=6018 with_detections=1119 confirmed=[1, 2, 3, 4, 5, 6, 7, 8] pending=[32]
[aruco_detector-1] [INFO] [1787179075.496661931] [aruco_detector]: frames=6068 with_detections=1119 confirmed=[1, 2, 3, 4, 5, 6, 7, 8] pending=[32]
[aruco_detector-1] [INFO] [1787179085.496779917] [aruco_detector]: frames=6118 with_detections=1119 confirmed=[1, 2, 3, 4, 5, 6, 7, 8] pending=[32]
[aruco_detector-1] [INFO] [1787179095.490699768] [aruco_detector]: frames=6168 with_detections=1119 confirmed=[1, 2, 3, 4, 5, 6, 7, 8] pending=[32]
[aruco_detector-1] [INFO] [1787179105.496558407] [aruco_detector]: frames=6218 with_detections=1119 confirmed=[1, 2, 3, 4, 5, 6, 7, 8] pending=[32]
[aruco_detector-1] [INFO] [1787179115.504373411] [aruco_detector]: frames=6268 with_detections=1119 confirmed=[1, 2, 3, 4, 5, 6, 7, 8] pending=[32]
[aruco_detector-1] [INFO] [1787179125.513984067] [aruco_detector]: frames=6318 with_detections=1119 confirmed=[1, 2, 3, 4, 5, 6, 7, 8] pending=[32]
[aruco_detector-1] [INFO] [1787179135.518457229] [aruco_detector]: frames=6368 with_detections=1119 confirmed=[1, 2, 3, 4, 5, 6, 7, 8] pending=[32]
[aruco_detector-1] [INFO] [1787179145.522284350] [aruco_detector]: frames=6418 with_detections=1119 confirmed=[1, 2, 3, 4, 5, 6, 7, 8] pending=[32]
[aruco_detector-1] [INFO] [1787179155.518495505] [aruco_detector]: frames=6468 with_detections=1119 confirmed=[1, 2, 3, 4, 5, 6, 7, 8] pending=[32]
[aruco_detector-1] [INFO] [1787179165.525755652] [aruco_detector]: frames=6518 with_detections=1119 confirmed=[1, 2, 3, 4, 5, 6, 7, 8] pending=[32]
[aruco_detector-1] [INFO] [1787179175.527455119] [aruco_detector]: frames=6568 with_detections=1119 confirmed=[1, 2, 3, 4, 5, 6, 7, 8] pending=[32]
[aruco_detector-1] [INFO] [1787179185.526360808] [aruco_detector]: frames=6618 with_detections=1119 confirmed=[1, 2, 3, 4, 5, 6, 7, 8] pending=[32]
[aruco_detector-1] [INFO] [1787179195.532340655] [aruco_detector]: frames=6668 with_detections=1119 confirmed=[1, 2, 3, 4, 5, 6, 7, 8] pending=[32]
[aruco_detector-1] [INFO] [1787179205.535117446] [aruco_detector]: frames=6718 with_detections=1119 confirmed=[1, 2, 3, 4, 5, 6, 7, 8] pending=[32]
[aruco_detector-1] [INFO] [1787179215.533774639] [aruco_detector]: frames=6768 with_detections=1119 confirmed=[1, 2, 3, 4, 5, 6, 7, 8] pending=[32]
[aruco_detector-1] [INFO] [1787179225.535077165] [aruco_detector]: frames=6818 with_detections=1119 confirmed=[1, 2, 3, 4, 5, 6, 7, 8] pending=[32]
[aruco_detector-1] [INFO] [1787179235.537197268] [aruco_detector]: frames=6868 with_detections=1119 confirmed=[1, 2, 3, 4, 5, 6, 7, 8] pending=[32]
[aruco_detector-1] [INFO] [1787179245.539228450] [aruco_detector]: frames=6918 with_detections=1119 confirmed=[1, 2, 3, 4, 5, 6, 7, 8] pending=[32]
[aruco_detector-1] [INFO] [1787179255.546586854] [aruco_detector]: frames=6968 with_detections=1119 confirmed=[1, 2, 3, 4, 5, 6, 7, 8] pending=[32]
[aruco_detector-1] [INFO] [1787179265.548459569] [aruco_detector]: frames=7018 with_detections=1119 confirmed=[1, 2, 3, 4, 5, 6, 7, 8] pending=[32]
[aruco_detector-1] [INFO] [1787179275.542809705] [aruco_detector]: frames=7068 with_detections=1119 confirmed=[1, 2, 3, 4, 5, 6, 7, 8] pending=[32]
[aruco_detector-1] [INFO] [1787179285.549689832] [aruco_detector]: frames=7118 with_detections=1119 confirmed=[1, 2, 3, 4, 5, 6, 7, 8] pending=[32]
[aruco_detector-1] [INFO] [1787179295.559462730] [aruco_detector]: frames=7168 with_detections=1119 confirmed=[1, 2, 3, 4, 5, 6, 7, 8] pending=[32]
[aruco_detector-1] [INFO] [1787179305.562760278] [aruco_detector]: frames=7218 with_detections=1119 confirmed=[1, 2, 3, 4, 5, 6, 7, 8] pending=[32]
[aruco_detector-1] [INFO] [1787179315.565860239] [aruco_detector]: frames=7268 with_detections=1119 confirmed=[1, 2, 3, 4, 5, 6, 7, 8] pending=[32]
[aruco_detector-1] [INFO] [1787179325.571816413] [aruco_detector]: frames=7318 with_detections=1119 confirmed=[1, 2, 3, 4, 5, 6, 7, 8] pending=[32]
[aruco_detector-1] [INFO] [1787179335.567243698] [aruco_detector]: frames=7368 with_detections=1119 confirmed=[1, 2, 3, 4, 5, 6, 7, 8] pending=[32]
[aruco_detector-1] [INFO] [1787179345.572409417] [aruco_detector]: frames=7418 with_detections=1119 confirmed=[1, 2, 3, 4, 5, 6, 7, 8] pending=[32]
[aruco_detector-1] [INFO] [1787179355.580352721] [aruco_detector]: frames=7468 with_detections=1119 confirmed=[1, 2, 3, 4, 5, 6, 7, 8] pending=[32]
[aruco_detector-1] [INFO] [1787179365.577782602] [aruco_detector]: frames=7518 with_detections=1119 confirmed=[1, 2, 3, 4, 5, 6, 7, 8] pending=[32]
[aruco_detector-1] [INFO] [1787179375.577846039] [aruco_detector]: frames=7568 with_detections=1119 confirmed=[1, 2, 3, 4, 5, 6, 7, 8] pending=[32]
[aruco_detector-1] [INFO] [1787179385.584388440] [aruco_detector]: frames=7618 with_detections=1119 confirmed=[1, 2, 3, 4, 5, 6, 7, 8] pending=[32]
[aruco_detector-1] [INFO] [1787179395.580900919] [aruco_detector]: frames=7668 with_detections=1119 confirmed=[1, 2, 3, 4, 5, 6, 7, 8] pending=[32]
[aruco_detector-1] [INFO] [1787179405.584527204] [aruco_detector]: frames=7718 with_detections=1119 confirmed=[1, 2, 3, 4, 5, 6, 7, 8] pending=[32]
[aruco_detector-1] [INFO] [1787179415.595945133] [aruco_detector]: frames=7768 with_detections=1119 confirmed=[1, 2, 3, 4, 5, 6, 7, 8] pending=[32]
[aruco_detector-1] [INFO] [1787179425.592257477] [aruco_detector]: frames=7818 with_detections=1119 confirmed=[1, 2, 3, 4, 5, 6, 7, 8] pending=[32]
[aruco_detector-1] [INFO] [1787179435.609786766] [aruco_detector]: frames=7868 with_detections=1119 confirmed=[1, 2, 3, 4, 5, 6, 7, 8] pending=[32]
[aruco_detector-1] [INFO] [1787179445.626240722] [aruco_detector]: frames=7918 with_detections=1119 confirmed=[1, 2, 3, 4, 5, 6, 7, 8] pending=[32]
[aruco_detector-1] [INFO] [1787179455.626488625] [aruco_detector]: frames=7968 with_detections=1119 confirmed=[1, 2, 3, 4, 5, 6, 7, 8] pending=[32]
[aruco_detector-1] [INFO] [1787179465.636378273] [aruco_detector]: frames=8018 with_detections=1119 confirmed=[1, 2, 3, 4, 5, 6, 7, 8] pending=[32]
[aruco_detector-1] [INFO] [1787179475.642599226] [aruco_detector]: frames=8068 with_detections=1119 confirmed=[1, 2, 3, 4, 5, 6, 7, 8] pending=[32]
[aruco_detector-1] [INFO] [1787179485.640525404] [aruco_detector]: frames=8118 with_detections=1119 confirmed=[1, 2, 3, 4, 5, 6, 7, 8] pending=[32]
[aruco_detector-1] [INFO] [1787179495.644248619] [aruco_detector]: frames=8168 with_detections=1119 confirmed=[1, 2, 3, 4, 5, 6, 7, 8] pending=[32]
[aruco_detector-1] [INFO] [1787179505.652557070] [aruco_detector]: frames=8218 with_detections=1119 confirmed=[1, 2, 3, 4, 5, 6, 7, 8] pending=[32]
[aruco_detector-1] [INFO] [1787179515.649891420] [aruco_detector]: frames=8268 with_detections=1119 confirmed=[1, 2, 3, 4, 5, 6, 7, 8] pending=[32]
[aruco_detector-1] [INFO] [1787179525.659480900] [aruco_detector]: frames=8318 with_detections=1119 confirmed=[1, 2, 3, 4, 5, 6, 7, 8] pending=[32]
[aruco_detector-1] [INFO] [1787179535.663700900] [aruco_detector]: frames=8368 with_detections=1119 confirmed=[1, 2, 3, 4, 5, 6, 7, 8] pending=[32]
[aruco_detector-1] [INFO] [1787179545.666527722] [aruco_detector]: frames=8418 with_detections=1119 confirmed=[1, 2, 3, 4, 5, 6, 7, 8] pending=[32]
[aruco_detector-1] [INFO] [1787179555.669010640] [aruco_detector]: frames=8468 with_detections=1119 confirmed=[1, 2, 3, 4, 5, 6, 7, 8] pending=[32]
[aruco_detector-1] [INFO] [1787179565.686058228] [aruco_detector]: frames=8518 with_detections=1119 confirmed=[1, 2, 3, 4, 5, 6, 7, 8] pending=[32]
[aruco_detector-1] [INFO] [1787179575.682123079] [aruco_detector]: frames=8568 with_detections=1119 confirmed=[1, 2, 3, 4, 5, 6, 7, 8] pending=[32]
[aruco_detector-1] [INFO] [1787179585.694021867] [aruco_detector]: frames=8618 with_detections=1119 confirmed=[1, 2, 3, 4, 5, 6, 7, 8] pending=[32]
[aruco_detector-1] [INFO] [1787179595.697317913] [aruco_detector]: frames=8668 with_detections=1119 confirmed=[1, 2, 3, 4, 5, 6, 7, 8] pending=[32]
[aruco_detector-1] [INFO] [1787179605.702471266] [aruco_detector]: frames=8718 with_detections=1119 confirmed=[1, 2, 3, 4, 5, 6, 7, 8] pending=[32]
[aruco_detector-1] [INFO] [1787179615.705426470] [aruco_detector]: frames=8768 with_detections=1119 confirmed=[1, 2, 3, 4, 5, 6, 7, 8] pending=[32]
[aruco_detector-1] [INFO] [1787179625.710469036] [aruco_detector]: frames=8818 with_detections=1119 confirmed=[1, 2, 3, 4, 5, 6, 7, 8] pending=[32]
[aruco_detector-1] [INFO] [1787179635.705763332] [aruco_detector]: frames=8868 with_detections=1119 confirmed=[1, 2, 3, 4, 5, 6, 7, 8] pending=[32]
[aruco_detector-1] [INFO] [1787179645.719617690] [aruco_detector]: frames=8918 with_detections=1119 confirmed=[1, 2, 3, 4, 5, 6, 7, 8] pending=[32]
[aruco_detector-1] [INFO] [1787179655.725189357] [aruco_detector]: frames=8968 with_detections=1119 confirmed=[1, 2, 3, 4, 5, 6, 7, 8] pending=[32]
[aruco_detector-1] [INFO] [1787179665.726021001] [aruco_detector]: frames=9018 with_detections=1119 confirmed=[1, 2, 3, 4, 5, 6, 7, 8] pending=[32]
[aruco_detector-1] [INFO] [1787179675.733019836] [aruco_detector]: frames=9068 with_detections=1119 confirmed=[1, 2, 3, 4, 5, 6, 7, 8] pending=[32]
[aruco_detector-1] [INFO] [1787179685.739291958] [aruco_detector]: frames=9118 with_detections=1119 confirmed=[1, 2, 3, 4, 5, 6, 7, 8] pending=[32]
[aruco_detector-1] [INFO] [1787179695.791417088] [aruco_detector]: frames=9168 with_detections=1119 confirmed=[1, 2, 3, 4, 5, 6, 7, 8] pending=[32]
[aruco_detector-1] [INFO] [1787179705.820407516] [aruco_detector]: frames=9218 with_detections=1119 confirmed=[1, 2, 3, 4, 5, 6, 7, 8] pending=[32]
