[wsl-exp 00:16:26] backend=wsl:Ubuntu stack=hybrid world=office_world profile=realistic cap=30min out=reports/night/n5_navfn_s7
[wsl-exp 00:16:27] syncing src/ and scripts/ into /home/smirn/leo_ws
[wsl-exp 00:16:28] colcon build (leo_nav2_exploration, leo_rover_gazebo)
Summary: 1 package finished [1.70s]
  1 package failed: leo_rover_gazebo
  1 package had stderr output: leo_rover_gazebo
[wsl-exp 00:16:30] killing any previous sim
[wsl-exp 00:16:34] cleanup: 0 ROS processes still alive
[wsl-exp 00:16:39] starting simulator (GPU, headless)
[wsl-exp 00:16:40] waiting for /leo1/scan
[wsl-exp 00:16:52] scan: average rate: 59.615
[wsl-exp 00:16:52] renderer: 00:16:48: GL_RENDERER = D3D12 (NVIDIA GeForce RTX 4060 Ti)
[wsl-exp 00:16:55] wheel-odometry model (message only) + gyro + EKF
[wsl-exp 00:17:10] overlay stack: sim_navigation.launch.py
[wsl-exp 00:17:11] waiting for Nav2 planner action
[wsl-exp 00:17:33] camera/points (with stack up): average rate: 5.007
[wsl-exp 00:17:37] scan_filtered: average rate: 10.001
[wsl-exp 00:17:37] starting recorders
[wsl-exp 00:17:40] starting ArUco detector
[wsl-exp 00:17:45] bootstrap jog
[wsl-exp 00:18:03] explorer launched; polling (cap 30 min)
[wsl-exp 00:48:09] cap reached; collecting artefacts anyway
[wsl-exp 00:48:16] saving map
[wsl-exp 00:48:17] flushing recorders
[wsl-exp 00:48:37] cleanup: 0 ROS processes still alive
[wsl-exp 00:48:39] done -> reports/night/n5_navfn_s7
