[INFO] [launch]: All log files can be found below /home/smirn/.ros/log/2026-08-20-00-16-40-318855-Tornadosky-38469
[INFO] [launch]: Default logging verbosity is set to INFO
[INFO] [ign-1]: process started with pid [38471]
[INFO] [parameter_bridge-2]: process started with pid [38473]
[INFO] [robot_state_publisher-3]: process started with pid [38475]
[INFO] [parameter_bridge-4]: process started with pid [38477]
[INFO] [static_transform_publisher-5]: process started with pid [38479]
[static_transform_publisher-5] [WARN] [1787177800.414011357] []: Old-style arguments are deprecated; see --help for new-style arguments
[static_transform_publisher-5] [INFO] [1787177800.417329800] [gpu_lidar_tf_leo1]: Spinning until stopped - publishing transform
[static_transform_publisher-5] translation: ('0.000000', '0.000000', '0.000000')
[static_transform_publisher-5] rotation: ('0.000000', '0.000000', '0.000000', '1.000000')
[static_transform_publisher-5] from 'leo1/sensor_lidar_link' to 'leo1/base_footprint/gpu_lidar'
[robot_state_publisher-3] [INFO] [1787177800.430576427] [leo1.robot_state_publisher]: got segment leo1/antenna_link
[robot_state_publisher-3] [INFO] [1787177800.430630863] [leo1.robot_state_publisher]: got segment leo1/base_footprint
[robot_state_publisher-3] [INFO] [1787177800.430635598] [leo1.robot_state_publisher]: got segment leo1/base_link
[robot_state_publisher-3] [INFO] [1787177800.430638415] [leo1.robot_state_publisher]: got segment leo1/camera_frame
[robot_state_publisher-3] [INFO] [1787177800.430640962] [leo1.robot_state_publisher]: got segment leo1/camera_optical_frame
[robot_state_publisher-3] [INFO] [1787177800.430643632] [leo1.robot_state_publisher]: got segment leo1/imu_frame
[robot_state_publisher-3] [INFO] [1787177800.430646116] [leo1.robot_state_publisher]: got segment leo1/rocker_L_link
[robot_state_publisher-3] [INFO] [1787177800.430648666] [leo1.robot_state_publisher]: got segment leo1/rocker_R_link
[robot_state_publisher-3] [INFO] [1787177800.430651169] [leo1.robot_state_publisher]: got segment leo1/sensor_camera_link
[robot_state_publisher-3] [INFO] [1787177800.430653675] [leo1.robot_state_publisher]: got segment leo1/sensor_imu_link
[robot_state_publisher-3] [INFO] [1787177800.430656128] [leo1.robot_state_publisher]: got segment leo1/sensor_lidar_link
[robot_state_publisher-3] [INFO] [1787177800.430658549] [leo1.robot_state_publisher]: got segment leo1/wheel_FL_link
[robot_state_publisher-3] [INFO] [1787177800.430661004] [leo1.robot_state_publisher]: got segment leo1/wheel_FR_link
[robot_state_publisher-3] [INFO] [1787177800.430663321] [leo1.robot_state_publisher]: got segment leo1/wheel_RL_link
[robot_state_publisher-3] [INFO] [1787177800.430665613] [leo1.robot_state_publisher]: got segment leo1/wheel_RR_link
[parameter_bridge-2] [INFO] [1787177800.431369169] [clock_bridge]: Creating GZ->ROS Bridge: [/clock (gz.msgs.Clock) -> /clock (rosgraph_msgs/msg/Clock)] (Lazy 0)
[parameter_bridge-4] [INFO] [1787177800.432928241] [leo1.bridge_leo1]: Creating GZ->ROS Bridge: [/leo1/scan (gz.msgs.LaserScan) -> /leo1/scan (sensor_msgs/msg/LaserScan)] (Lazy 0)
[parameter_bridge-4] [INFO] [1787177800.433618083] [leo1.bridge_leo1]: Creating GZ->ROS Bridge: [/leo1/imu/data (gz.msgs.IMU) -> /leo1/imu/data (sensor_msgs/msg/Imu)] (Lazy 0)
[parameter_bridge-4] [INFO] [1787177800.433780882] [leo1.bridge_leo1]: Creating GZ->ROS Bridge: [/leo1/odom (gz.msgs.Odometry) -> /leo1/odom (nav_msgs/msg/Odometry)] (Lazy 0)
[parameter_bridge-4] [INFO] [1787177800.434048830] [leo1.bridge_leo1]: Creating ROS->GZ Bridge: [/leo1/cmd_vel (geometry_msgs/msg/Twist) -> /leo1/cmd_vel (gz.msgs.Twist)] (Lazy 0)
[parameter_bridge-4] [INFO] [1787177800.434285327] [leo1.bridge_leo1]: Creating GZ->ROS Bridge: [/leo1/camera/image (gz.msgs.Image) -> /leo1/camera/image (sensor_msgs/msg/Image)] (Lazy 0)
[parameter_bridge-4] [INFO] [1787177800.434423517] [leo1.bridge_leo1]: Creating GZ->ROS Bridge: [/leo1/camera/camera_info (gz.msgs.CameraInfo) -> /leo1/camera/camera_info (sensor_msgs/msg/CameraInfo)] (Lazy 0)
[parameter_bridge-4] [INFO] [1787177800.434555688] [leo1.bridge_leo1]: Creating GZ->ROS Bridge: [/leo1/camera/points (gz.msgs.PointCloudPacked) -> /leo1/camera/points (sensor_msgs/msg/PointCloud2)] (Lazy 0)
[parameter_bridge-4] [INFO] [1787177800.434676599] [leo1.bridge_leo1]: Creating GZ->ROS Bridge: [/model/leo1/pose (gz.msgs.Pose) -> /model/leo1/pose (geometry_msgs/msg/Pose)] (Lazy 0)
[parameter_bridge-4] [INFO] [1787177800.434790606] [leo1.bridge_leo1]: Creating GZ->ROS Bridge: [/model/leo1/tf (gz.msgs.Pose_V) -> /model/leo1/tf (tf2_msgs/msg/TFMessage)] (Lazy 0)
[parameter_bridge-4] [INFO] [1787177800.435105095] [leo1.bridge_leo1]: Creating GZ->ROS Bridge: [/leo1/joint_states (gz.msgs.Model) -> /leo1/joint_states (sensor_msgs/msg/JointState)] (Lazy 0)
[INFO] [create-6]: process started with pid [38738]
[create-6] [INFO] [1787177808.428206951] [spawn_leo1]: Requesting list of world names.
[create-6] [INFO] [1787177808.629370572] [spawn_leo1]: Waiting messages on topic [/leo1/robot_description].
[create-6] [INFO] [1787177808.631346661] [spawn_leo1]: Requested creation of entity.
[create-6] [INFO] [1787177808.631370459] [spawn_leo1]: OK creation of entity.
[INFO] [create-6]: process has finished cleanly [pid 38738]
[parameter_bridge-4] [INFO] [1787177831.633286824] [leo1.bridge_leo1]: Passing message from ROS geometry_msgs/msg/Twist to Gazebo gz.msgs.Twist (showing msg only once per type)
[ign-1] NodeShared::Publish() Error: Interrupted system call
[ign-1] NodeShared::Publish() Error: Interrupted system call
[ign-1] NodeShared::Publish() Error: Interrupted system call
[ign-1] NodeShared::Publish() Error: Interrupted system call
[ign-1] NodeShared::Publish() Error: Interrupted system call
[ign-1] NodeShared::Publish() Error: Interrupted system call
[ign-1] NodeShared::Publish() Error: Interrupted system call
[ign-1] NodeShared::Publish() Error: Interrupted system call
[ign-1] NodeShared::Publish() Error: Interrupted system call
[ign-1] NodeShared::Publish() Error: Interrupted system call
[ERROR] [robot_state_publisher-3]: process has died [pid 38475, exit code -9, cmd '/opt/ros/humble/lib/robot_state_publisher/robot_state_publisher --ros-args -r __node:=robot_state_publisher -r __ns:=/leo1 --params-file /tmp/launch_params_yykfi8t0 -r /tf:=/tf -r tf_static:=/tf_static'].
[ERROR] [parameter_bridge-2]: process has died [pid 38473, exit code -9, cmd '/opt/ros/humble/lib/ros_gz_bridge/parameter_bridge /clock@rosgraph_msgs/msg/Clock[gz.msgs.Clock --ros-args -r __node:=clock_bridge --params-file /tmp/launch_params_rty08b8c'].
[ERROR] [static_transform_publisher-5]: process has died [pid 38479, exit code -9, cmd '/opt/ros/humble/lib/tf2_ros/static_transform_publisher 0 0 0 0 0 0 leo1/sensor_lidar_link leo1/base_footprint/gpu_lidar --ros-args -r __node:=gpu_lidar_tf_leo1 --params-file /tmp/launch_params_rsbfhn9w'].
