[INFO] [launch]: All log files can be found below /home/smirn/.ros/log/2026-08-20-03-19-00-472177-Tornadosky-96412
[INFO] [launch]: Default logging verbosity is set to INFO
[INFO] [aruco_detector-1]: process started with pid [96413]
[aruco_detector-1] [INFO] [1787188741.152033641] [aruco_detector]: aruco_detector: dict=DICT_4X4_50 len=0.2 m image=/leo1/camera/image optical_frame=False map_frame=map cv2=4.5.4 allowed_ids=[1, 2, 3, 4, 5, 6, 7, 8]
[aruco_detector-1] [INFO] [1787188741.154431918] [aruco_detector]: frames=0 with_detections=0 confirmed=[] pending=[]
[aruco_detector-1] [INFO] [1787188741.313322340] [aruco_detector]: camera intrinsics: fx=554.4 fy=554.4 cx=320.0 cy=240.0 distortion=5 coeffs
[aruco_detector-1] [INFO] [1787188745.108284796] [aruco_detector]: frames=19 with_detections=0 confirmed=[] pending=[]
[aruco_detector-1] [INFO] [1787188755.139583335] [aruco_detector]: frames=69 with_detections=0 confirmed=[] pending=[]
[aruco_detector-1] [INFO] [1787188765.195145293] [aruco_detector]: frames=119 with_detections=0 confirmed=[] pending=[]
[aruco_detector-1] [INFO] [1787188775.195132047] [aruco_detector]: frames=169 with_detections=2 confirmed=[] pending=[]
[aruco_detector-1] [INFO] [1787188785.193419025] [aruco_detector]: frames=219 with_detections=2 confirmed=[] pending=[]
[aruco_detector-1] [INFO] [1787188788.634035288] [aruco_detector]: ArUco 4 CONFIRMED at map (-3.25, 4.09, 0.12) range 5.78 m, reproj 1.99 px
[aruco_detector-1] [WARN] [1787188788.828929478] [aruco_detector]: ignoring ArUco id 21: not in allowed_ids [1, 2, 3, 4, 5, 6, 7, 8]
[aruco_detector-1] [INFO] [1787188795.193454187] [aruco_detector]: frames=269 with_detections=30 confirmed=[4] pending=[]
[aruco_detector-1] [INFO] [1787188805.193563068] [aruco_detector]: frames=319 with_detections=33 confirmed=[4] pending=[]
[aruco_detector-1] [INFO] [1787188815.191342979] [aruco_detector]: frames=369 with_detections=33 confirmed=[4] pending=[]
[aruco_detector-1] [WARN] [1787188817.225467992] [aruco_detector]: no TF map <- leo1/sensor_camera_link: Lookup would require extrapolation into the future.  Requested time 131.800000 but the latest data is at time 131.784000, when looking up transform from frame [leo1/sensor_camera_link] to frame [map]
[aruco_detector-1] [WARN] [1787188822.225603313] [aruco_detector]: no TF map <- leo1/sensor_camera_link: Lookup would require extrapolation into the future.  Requested time 136.800000 but the latest data is at time 136.784000, when looking up transform from frame [leo1/sensor_camera_link] to frame [map]
[aruco_detector-1] [INFO] [1787188825.191374176] [aruco_detector]: frames=419 with_detections=70 confirmed=[4] pending=[]
[aruco_detector-1] [WARN] [1787188831.226858594] [aruco_detector]: no TF map <- leo1/sensor_camera_link: Lookup would require extrapolation into the future.  Requested time 145.800000 but the latest data is at time 145.784000, when looking up transform from frame [leo1/sensor_camera_link] to frame [map]
[aruco_detector-1] [INFO] [1787188835.525609651] [aruco_detector]: frames=470 with_detections=117 confirmed=[4] pending=[]
[aruco_detector-1] [WARN] [1787188836.348950693] [aruco_detector]: no TF map <- leo1/sensor_camera_link: Lookup would require extrapolation into the future.  Requested time 150.800000 but the latest data is at time 149.584000, when looking up transform from frame [leo1/sensor_camera_link] to frame [map]
[aruco_detector-1] [INFO] [1787188845.194413572] [aruco_detector]: frames=519 with_detections=133 confirmed=[4] pending=[]
[aruco_detector-1] [INFO] [1787188855.194374190] [aruco_detector]: frames=569 with_detections=133 confirmed=[4] pending=[]
[aruco_detector-1] [INFO] [1787188865.194295469] [aruco_detector]: frames=619 with_detections=133 confirmed=[4] pending=[]
[aruco_detector-1] [INFO] [1787188875.196232845] [aruco_detector]: frames=669 with_detections=133 confirmed=[4] pending=[]
[aruco_detector-1] [INFO] [1787188885.196149016] [aruco_detector]: frames=719 with_detections=135 confirmed=[4] pending=[]
[aruco_detector-1] [INFO] [1787188895.196159653] [aruco_detector]: frames=769 with_detections=153 confirmed=[4] pending=[]
[aruco_detector-1] [INFO] [1787188904.834941777] [aruco_detector]: ArUco 2 CONFIRMED at map (8.90, 0.20, 0.14) range 5.63 m, reproj 0.09 px
[aruco_detector-1] [INFO] [1787188905.194431014] [aruco_detector]: frames=819 with_detections=162 confirmed=[2, 4] pending=[]
[aruco_detector-1] [INFO] [1787188915.194404618] [aruco_detector]: frames=869 with_detections=193 confirmed=[2, 4] pending=[]
[aruco_detector-1] [INFO] [1787188925.194529898] [aruco_detector]: frames=919 with_detections=216 confirmed=[2, 4] pending=[]
[aruco_detector-1] [INFO] [1787188935.198380473] [aruco_detector]: frames=969 with_detections=216 confirmed=[2, 4] pending=[]
[aruco_detector-1] [INFO] [1787188945.198320113] [aruco_detector]: frames=1019 with_detections=216 confirmed=[2, 4] pending=[]
[aruco_detector-1] [INFO] [1787188955.198336861] [aruco_detector]: frames=1069 with_detections=239 confirmed=[2, 4] pending=[]
[aruco_detector-1] [INFO] [1787188965.195856770] [aruco_detector]: frames=1119 with_detections=256 confirmed=[2, 4] pending=[]
[aruco_detector-1] [INFO] [1787188975.195949624] [aruco_detector]: frames=1169 with_detections=256 confirmed=[2, 4] pending=[]
[aruco_detector-1] [INFO] [1787188978.232002003] [aruco_detector]: ArUco 7 CONFIRMED at map (3.92, -6.30, 0.12) range 5.52 m, reproj 2.50 px
[aruco_detector-1] [INFO] [1787188985.195672562] [aruco_detector]: frames=1219 with_detections=285 confirmed=[2, 4, 7] pending=[]
[aruco_detector-1] [INFO] [1787188995.194963315] [aruco_detector]: frames=1269 with_detections=294 confirmed=[2, 4, 7] pending=[]
[aruco_detector-1] [WARN] [1787188998.630234526] [aruco_detector]: no TF map <- leo1/sensor_camera_link: Lookup would require extrapolation into the future.  Requested time 313.200000 but the latest data is at time 313.184000, when looking up transform from frame [leo1/sensor_camera_link] to frame [map]
[aruco_detector-1] [INFO] [1787189005.195036973] [aruco_detector]: frames=1319 with_detections=305 confirmed=[2, 4, 7] pending=[]
[aruco_detector-1] [INFO] [1787189015.195046133] [aruco_detector]: frames=1369 with_detections=305 confirmed=[2, 4, 7] pending=[]
[aruco_detector-1] [INFO] [1787189025.192848463] [aruco_detector]: frames=1419 with_detections=305 confirmed=[2, 4, 7] pending=[]
[aruco_detector-1] [INFO] [1787189035.193454786] [aruco_detector]: frames=1469 with_detections=305 confirmed=[2, 4, 7] pending=[]
[aruco_detector-1] [INFO] [1787189045.192918701] [aruco_detector]: frames=1519 with_detections=305 confirmed=[2, 4, 7] pending=[]
[aruco_detector-1] [INFO] [1787189055.194876947] [aruco_detector]: frames=1569 with_detections=305 confirmed=[2, 4, 7] pending=[]
[aruco_detector-1] [INFO] [1787189060.833819860] [aruco_detector]: ArUco 5 CONFIRMED at map (9.95, 3.33, 0.13) range 5.79 m, reproj 0.28 px
[aruco_detector-1] [WARN] [1787189061.429230140] [aruco_detector]: no TF map <- leo1/sensor_camera_link: Lookup would require extrapolation into the future.  Requested time 376.000000 but the latest data is at time 375.984000, when looking up transform from frame [leo1/sensor_camera_link] to frame [map]
[aruco_detector-1] [INFO] [1787189065.195258607] [aruco_detector]: frames=1619 with_detections=320 confirmed=[2, 4, 5, 7] pending=[]
[aruco_detector-1] [WARN] [1787189071.428784266] [aruco_detector]: no TF map <- leo1/sensor_camera_link: Lookup would require extrapolation into the future.  Requested time 386.000000 but the latest data is at time 385.984000, when looking up transform from frame [leo1/sensor_camera_link] to frame [map]
[aruco_detector-1] [INFO] [1787189075.195025680] [aruco_detector]: frames=1669 with_detections=358 confirmed=[2, 4, 5, 7] pending=[]
[aruco_detector-1] [INFO] [1787189085.192975663] [aruco_detector]: frames=1719 with_detections=364 confirmed=[2, 4, 5, 7] pending=[]
[aruco_detector-1] [INFO] [1787189095.192961193] [aruco_detector]: frames=1769 with_detections=364 confirmed=[2, 4, 5, 7] pending=[]
[aruco_detector-1] [INFO] [1787189105.208456303] [aruco_detector]: frames=1819 with_detections=364 confirmed=[2, 4, 5, 7] pending=[]
[aruco_detector-1] [WARN] [1787189114.483150410] [aruco_detector]: no TF map <- leo1/sensor_camera_link: Lookup would require extrapolation into the future.  Requested time 429.000000 but the latest data is at time 428.984000, when looking up transform from frame [leo1/sensor_camera_link] to frame [map]
[aruco_detector-1] [INFO] [1787189115.508700400] [aruco_detector]: frames=1870 with_detections=377 confirmed=[2, 4, 5, 7] pending=[]
[aruco_detector-1] [INFO] [1787189125.252288752] [aruco_detector]: frames=1919 with_detections=389 confirmed=[2, 4, 5, 7] pending=[]
[aruco_detector-1] [INFO] [1787189135.266026247] [aruco_detector]: frames=1969 with_detections=389 confirmed=[2, 4, 5, 7] pending=[]
[aruco_detector-1] [WARN] [1787189142.501451714] [aruco_detector]: no TF map <- leo1/sensor_camera_link: Lookup would require extrapolation into the future.  Requested time 457.000000 but the latest data is at time 456.984000, when looking up transform from frame [leo1/sensor_camera_link] to frame [map]
[aruco_detector-1] [INFO] [1787189145.266991471] [aruco_detector]: frames=2019 with_detections=399 confirmed=[2, 4, 5, 7] pending=[]
[aruco_detector-1] [INFO] [1787189155.266900960] [aruco_detector]: frames=2069 with_detections=399 confirmed=[2, 4, 5, 7] pending=[]
[aruco_detector-1] [INFO] [1787189165.269931507] [aruco_detector]: frames=2119 with_detections=399 confirmed=[2, 4, 5, 7] pending=[]
[aruco_detector-1] [INFO] [1787189175.273720725] [aruco_detector]: frames=2169 with_detections=399 confirmed=[2, 4, 5, 7] pending=[]
[aruco_detector-1] [INFO] [1787189185.294462877] [aruco_detector]: frames=2219 with_detections=402 confirmed=[2, 4, 5, 7] pending=[]
[aruco_detector-1] [INFO] [1787189195.333515514] [aruco_detector]: frames=2269 with_detections=413 confirmed=[2, 4, 5, 7] pending=[]
[aruco_detector-1] [WARN] [1787189197.968929289] [aruco_detector]: no TF map <- leo1/sensor_camera_link: Lookup would require extrapolation into the future.  Requested time 512.400000 but the latest data is at time 512.384000, when looking up transform from frame [leo1/sensor_camera_link] to frame [map]
[aruco_detector-1] [INFO] [1787189198.768623823] [aruco_detector]: ArUco 1 CONFIRMED at map (-9.65, 0.10, 0.14) range 5.72 m, reproj 0.12 px
[aruco_detector-1] [WARN] [1787189202.979828045] [aruco_detector]: no TF map <- leo1/sensor_camera_link: Lookup would require extrapolation into the future.  Requested time 517.400000 but the latest data is at time 516.824000, when looking up transform from frame [leo1/sensor_camera_link] to frame [map]
[aruco_detector-1] [INFO] [1787189205.642628321] [aruco_detector]: frames=2318 with_detections=448 confirmed=[1, 2, 4, 5, 7] pending=[]
[aruco_detector-1] [WARN] [1787189208.362974450] [aruco_detector]: no TF map <- leo1/sensor_camera_link: Lookup would require extrapolation into the future.  Requested time 522.800000 but the latest data is at time 522.784000, when looking up transform from frame [leo1/sensor_camera_link] to frame [map]
[aruco_detector-1] [INFO] [1787189215.329573419] [aruco_detector]: frames=2367 with_detections=463 confirmed=[1, 2, 4, 5, 7] pending=[6]
[aruco_detector-1] [INFO] [1787189221.167383105] [aruco_detector]: ArUco 6 CONFIRMED at map (-10.71, -3.93, 0.13) range 5.26 m, reproj 2.23 px
[aruco_detector-1] [WARN] [1787189222.363491569] [aruco_detector]: no TF map <- leo1/sensor_camera_link: Lookup would require extrapolation into the future.  Requested time 536.800000 but the latest data is at time 536.784000, when looking up transform from frame [leo1/sensor_camera_link] to frame [map]
[aruco_detector-1] [INFO] [1787189225.329484632] [aruco_detector]: frames=2417 with_detections=480 confirmed=[1, 2, 4, 5, 6, 7] pending=[]
[aruco_detector-1] [WARN] [1787189227.364062295] [aruco_detector]: no TF map <- leo1/sensor_camera_link: Lookup would require extrapolation into the future.  Requested time 541.800000 but the latest data is at time 541.784000, when looking up transform from frame [leo1/sensor_camera_link] to frame [map]
[aruco_detector-1] [WARN] [1787189232.566642005] [aruco_detector]: no TF map <- leo1/sensor_camera_link: Lookup would require extrapolation into the future.  Requested time 547.000000 but the latest data is at time 546.824000, when looking up transform from frame [leo1/sensor_camera_link] to frame [map]
[aruco_detector-1] [INFO] [1787189235.440087516] [aruco_detector]: frames=2468 with_detections=515 confirmed=[1, 2, 4, 5, 6, 7] pending=[]
[aruco_detector-1] [INFO] [1787189245.329162924] [aruco_detector]: frames=2517 with_detections=515 confirmed=[1, 2, 4, 5, 6, 7] pending=[]
[aruco_detector-1] [INFO] [1787189255.329171734] [aruco_detector]: frames=2567 with_detections=515 confirmed=[1, 2, 4, 5, 6, 7] pending=[]
[aruco_detector-1] [INFO] [1787189263.778298173] [aruco_detector]: ArUco 3 CONFIRMED at map (-8.22, 6.16, 0.14) range 4.47 m, reproj 1.41 px
[aruco_detector-1] [WARN] [1787189264.367696331] [aruco_detector]: no TF map <- leo1/sensor_camera_link: Lookup would require extrapolation into the future.  Requested time 578.800000 but the latest data is at time 578.784000, when looking up transform from frame [leo1/sensor_camera_link] to frame [map]
[aruco_detector-1] [INFO] [1787189265.596529987] [aruco_detector]: frames=2618 with_detections=527 confirmed=[1, 2, 3, 4, 5, 6, 7] pending=[]
[aruco_detector-1] [WARN] [1787189269.381102614] [aruco_detector]: no TF map <- leo1/sensor_camera_link: Lookup would require extrapolation into the future.  Requested time 583.800000 but the latest data is at time 583.224000, when looking up transform from frame [leo1/sensor_camera_link] to frame [map]
[aruco_detector-1] [INFO] [1787189275.333684795] [aruco_detector]: frames=2667 with_detections=547 confirmed=[1, 2, 3, 4, 5, 6, 7] pending=[]
[aruco_detector-1] [INFO] [1787189285.333669369] [aruco_detector]: frames=2717 with_detections=547 confirmed=[1, 2, 3, 4, 5, 6, 7] pending=[]
[aruco_detector-1] [INFO] [1787189295.331502919] [aruco_detector]: frames=2767 with_detections=547 confirmed=[1, 2, 3, 4, 5, 6, 7] pending=[]
[aruco_detector-1] [INFO] [1787189305.331511983] [aruco_detector]: frames=2817 with_detections=547 confirmed=[1, 2, 3, 4, 5, 6, 7] pending=[]
[aruco_detector-1] [INFO] [1787189315.331519974] [aruco_detector]: frames=2867 with_detections=547 confirmed=[1, 2, 3, 4, 5, 6, 7] pending=[]
[aruco_detector-1] [INFO] [1787189325.331624044] [aruco_detector]: frames=2917 with_detections=547 confirmed=[1, 2, 3, 4, 5, 6, 7] pending=[]
[aruco_detector-1] [INFO] [1787189335.331945986] [aruco_detector]: frames=2967 with_detections=547 confirmed=[1, 2, 3, 4, 5, 6, 7] pending=[]
[aruco_detector-1] [WARN] [1787189342.366768023] [aruco_detector]: no TF map <- leo1/sensor_camera_link: Lookup would require extrapolation into the future.  Requested time 656.800000 but the latest data is at time 656.784000, when looking up transform from frame [leo1/sensor_camera_link] to frame [map]
[aruco_detector-1] [INFO] [1787189345.331743843] [aruco_detector]: frames=3017 with_detections=563 confirmed=[1, 2, 3, 4, 5, 6, 7] pending=[]
[aruco_detector-1] [WARN] [1787189347.371612404] [aruco_detector]: no TF map <- leo1/sensor_camera_link: Lookup would require extrapolation into the future.  Requested time 661.800000 but the latest data is at time 661.604000, when looking up transform from frame [leo1/sensor_camera_link] to frame [map]
[aruco_detector-1] [WARN] [1787189352.565729370] [aruco_detector]: no TF map <- leo1/sensor_camera_link: Lookup would require extrapolation into the future.  Requested time 667.000000 but the latest data is at time 666.984000, when looking up transform from frame [leo1/sensor_camera_link] to frame [map]
[aruco_detector-1] [INFO] [1787189355.341116936] [aruco_detector]: frames=3067 with_detections=600 confirmed=[1, 2, 3, 4, 5, 6, 7] pending=[]
[aruco_detector-1] [INFO] [1787189365.341158558] [aruco_detector]: frames=3117 with_detections=600 confirmed=[1, 2, 3, 4, 5, 6, 7] pending=[]
[aruco_detector-1] [WARN] [1787189370.575896968] [aruco_detector]: no TF map <- leo1/sensor_camera_link: Lookup would require extrapolation into the future.  Requested time 685.000000 but the latest data is at time 684.984000, when looking up transform from frame [leo1/sensor_camera_link] to frame [map]
[aruco_detector-1] [WARN] [1787189375.698938730] [aruco_detector]: no TF map <- leo1/sensor_camera_link: Lookup would require extrapolation into the future.  Requested time 690.000000 but the latest data is at time 689.184000, when looking up transform from frame [leo1/sensor_camera_link] to frame [map]
[aruco_detector-1] [INFO] [1787189375.699779551] [aruco_detector]: frames=3168 with_detections=626 confirmed=[1, 2, 3, 4, 5, 6, 7] pending=[]
[aruco_detector-1] [WARN] [1787189380.826429457] [aruco_detector]: no TF map <- leo1/sensor_camera_link: Lookup would require extrapolation into the future.  Requested time 695.200000 but the latest data is at time 692.684000, when looking up transform from frame [leo1/sensor_camera_link] to frame [map]
[aruco_detector-1] [INFO] [1787189385.341813922] [aruco_detector]: frames=3216 with_detections=652 confirmed=[1, 2, 3, 4, 5, 6, 7] pending=[]
[aruco_detector-1] [INFO] [1787189395.341568221] [aruco_detector]: frames=3266 with_detections=652 confirmed=[1, 2, 3, 4, 5, 6, 7] pending=[]
[aruco_detector-1] [INFO] [1787189405.341779578] [aruco_detector]: frames=3316 with_detections=652 confirmed=[1, 2, 3, 4, 5, 6, 7] pending=[]
[aruco_detector-1] [INFO] [1787189415.340532948] [aruco_detector]: frames=3366 with_detections=652 confirmed=[1, 2, 3, 4, 5, 6, 7] pending=[]
[aruco_detector-1] [INFO] [1787189425.341840991] [aruco_detector]: frames=3416 with_detections=652 confirmed=[1, 2, 3, 4, 5, 6, 7] pending=[]
[aruco_detector-1] [INFO] [1787189435.357448183] [aruco_detector]: frames=3466 with_detections=652 confirmed=[1, 2, 3, 4, 5, 6, 7] pending=[]
[aruco_detector-1] [INFO] [1787189445.355807058] [aruco_detector]: frames=3516 with_detections=652 confirmed=[1, 2, 3, 4, 5, 6, 7] pending=[]
[aruco_detector-1] [INFO] [1787189455.360732485] [aruco_detector]: frames=3566 with_detections=652 confirmed=[1, 2, 3, 4, 5, 6, 7] pending=[]
[aruco_detector-1] [INFO] [1787189465.368236586] [aruco_detector]: frames=3616 with_detections=652 confirmed=[1, 2, 3, 4, 5, 6, 7] pending=[]
[aruco_detector-1] [WARN] [1787189472.401983106] [aruco_detector]: no TF map <- leo1/sensor_camera_link: Lookup would require extrapolation into the future.  Requested time 786.800000 but the latest data is at time 786.784000, when looking up transform from frame [leo1/sensor_camera_link] to frame [map]
[aruco_detector-1] [INFO] [1787189475.626190487] [aruco_detector]: frames=3667 with_detections=666 confirmed=[1, 2, 3, 4, 5, 6, 7] pending=[]
[aruco_detector-1] [WARN] [1787189477.601876459] [aruco_detector]: no TF map <- leo1/sensor_camera_link: Lookup would require extrapolation into the future.  Requested time 792.000000 but the latest data is at time 791.984000, when looking up transform from frame [leo1/sensor_camera_link] to frame [map]
[aruco_detector-1] [WARN] [1787189482.805664315] [aruco_detector]: no TF map <- leo1/sensor_camera_link: Lookup would require extrapolation into the future.  Requested time 797.200000 but the latest data is at time 797.024000, when looking up transform from frame [leo1/sensor_camera_link] to frame [map]
[aruco_detector-1] [INFO] [1787189485.366703776] [aruco_detector]: frames=3716 with_detections=704 confirmed=[1, 2, 3, 4, 5, 6, 7] pending=[]
[aruco_detector-1] [INFO] [1787189495.366691296] [aruco_detector]: frames=3766 with_detections=709 confirmed=[1, 2, 3, 4, 5, 6, 7] pending=[]
[aruco_detector-1] [INFO] [1787189505.366008780] [aruco_detector]: frames=3816 with_detections=709 confirmed=[1, 2, 3, 4, 5, 6, 7] pending=[]
[aruco_detector-1] [INFO] [1787189515.366083384] [aruco_detector]: frames=3866 with_detections=709 confirmed=[1, 2, 3, 4, 5, 6, 7] pending=[]
[aruco_detector-1] [INFO] [1787189525.366109588] [aruco_detector]: frames=3916 with_detections=709 confirmed=[1, 2, 3, 4, 5, 6, 7] pending=[]
[aruco_detector-1] [INFO] [1787189535.364292651] [aruco_detector]: frames=3966 with_detections=709 confirmed=[1, 2, 3, 4, 5, 6, 7] pending=[]
[aruco_detector-1] [INFO] [1787189545.363944060] [aruco_detector]: frames=4016 with_detections=709 confirmed=[1, 2, 3, 4, 5, 6, 7] pending=[]
[aruco_detector-1] [INFO] [1787189555.397695098] [aruco_detector]: frames=4066 with_detections=709 confirmed=[1, 2, 3, 4, 5, 6, 7] pending=[]
[aruco_detector-1] [INFO] [1787189565.399470256] [aruco_detector]: frames=4116 with_detections=709 confirmed=[1, 2, 3, 4, 5, 6, 7] pending=[]
