[wsl-exp 03:17:46] backend=wsl:Ubuntu stack=hybrid world=office_world profile=realistic cap=30min out=reports/night/n17_navfn_tol05_s7
[wsl-exp 03:17:46] syncing src/ and scripts/ into /home/smirn/leo_ws
[wsl-exp 03:17:48] colcon build (leo_nav2_exploration, leo_rover_gazebo)
Summary: 1 package finished [1.79s]
  1 package failed: leo_rover_gazebo
  1 package had stderr output: leo_rover_gazebo
[wsl-exp 03:17:50] killing any previous sim
[wsl-exp 03:17:54] cleanup: 0 ROS processes still alive
[wsl-exp 03:17:59] starting simulator (GPU, headless)
[wsl-exp 03:18:00] waiting for /leo1/scan
[wsl-exp 03:18:12] scan: average rate: 59.888
[wsl-exp 03:18:12] renderer: 03:18:08: GL_RENDERER = D3D12 (NVIDIA GeForce RTX 4060 Ti)
[wsl-exp 03:18:15] wheel-odometry model (message only) + gyro + EKF
[wsl-exp 03:18:30] overlay stack: sim_navigation.launch.py
[wsl-exp 03:18:31] waiting for Nav2 planner action
[wsl-exp 03:18:53] camera/points (with stack up): average rate: 5.006
[wsl-exp 03:18:57] scan_filtered: average rate: 10.008
[wsl-exp 03:18:57] starting recorders
[wsl-exp 03:18:59] starting ArUco detector
[wsl-exp 03:19:05] bootstrap jog
[wsl-exp 03:19:23] explorer launched; polling (cap 30 min)
[wsl-exp 03:32:25] explorer reports completion
[wsl-exp 03:32:32] saving map
[wsl-exp 03:32:33] flushing recorders
[wsl-exp 03:32:53] cleanup: 0 ROS processes still alive
[wsl-exp 03:32:55] done -> reports/night/n17_navfn_tol05_s7
