data: '{"robot": "leo1", "sim_time": 52.0, "state": "exploring", "frontiers": 24, "coverage_m2": 66.5, "camera_coverage": 0.0, "items_c...'
---
data: '{"robot": "leo1", "sim_time": 56.0, "state": "exploring", "frontiers": 24, "coverage_m2": 66.5, "camera_coverage": 0.047, "items...'
---
data: '{"robot": "leo1", "sim_time": 60.0, "state": "exploring", "frontiers": 24, "coverage_m2": 66.5, "camera_coverage": 0.167, "items...'
---
data: '{"robot": "leo1", "sim_time": 64.0, "state": "exploring", "frontiers": 23, "coverage_m2": 71.3, "camera_coverage": 0.155, "items...'
---
data: '{"robot": "leo1", "sim_time": 68.0, "state": "exploring", "frontiers": 26, "coverage_m2": 75.0, "camera_coverage": 0.155, "items...'
---
data: '{"robot": "leo1", "sim_time": 72.0, "state": "exploring", "frontiers": 22, "coverage_m2": 77.7, "camera_coverage": 0.128, "items...'
---
data: '{"robot": "leo1", "sim_time": 76.0, "state": "exploring", "frontiers": 22, "coverage_m2": 77.7, "camera_coverage": 0.147, "items...'
---
data: '{"robot": "leo1", "sim_time": 80.0, "state": "exploring", "frontiers": 29, "coverage_m2": 92.0, "camera_coverage": 0.112, "items...'
---
data: '{"robot": "leo1", "sim_time": 84.0, "state": "exploring", "frontiers": 30, "coverage_m2": 92.3, "camera_coverage": 0.099, "items...'
---
data: '{"robot": "leo1", "sim_time": 88.0, "state": "exploring", "frontiers": 30, "coverage_m2": 92.3, "camera_coverage": 0.099, "items...'
---
data: '{"robot": "leo1", "sim_time": 92.0, "state": "exploring", "frontiers": 30, "coverage_m2": 92.3, "camera_coverage": 0.101, "items...'
---
data: '{"robot": "leo1", "sim_time": 96.0, "state": "exploring", "frontiers": 15, "coverage_m2": 93.8, "camera_coverage": 0.099, "items...'
---
data: '{"robot": "leo1", "sim_time": 100.0, "state": "exploring", "frontiers": 15, "coverage_m2": 95.3, "camera_coverage": 0.103, "item...'
---
data: '{"robot": "leo1", "sim_time": 104.0, "state": "exploring", "frontiers": 12, "coverage_m2": 98.1, "camera_coverage": 0.098, "item...'
---
data: '{"robot": "leo1", "sim_time": 108.0, "state": "exploring", "frontiers": 12, "coverage_m2": 107.0, "camera_coverage": 0.098, "ite...'
---
data: '{"robot": "leo1", "sim_time": 112.0, "state": "exploring", "frontiers": 12, "coverage_m2": 113.3, "camera_coverage": 0.084, "ite...'
---
data: '{"robot": "leo1", "sim_time": 116.0, "state": "exploring", "frontiers": 14, "coverage_m2": 120.0, "camera_coverage": 0.136, "ite...'
---
data: '{"robot": "leo1", "sim_time": 120.0, "state": "exploring", "frontiers": 11, "coverage_m2": 122.3, "camera_coverage": 0.126, "ite...'
---
data: '{"robot": "leo1", "sim_time": 124.0, "state": "exploring", "frontiers": 11, "coverage_m2": 122.3, "camera_coverage": 0.149, "ite...'
---
data: '{"robot": "leo1", "sim_time": 128.0, "state": "exploring", "frontiers": 12, "coverage_m2": 122.7, "camera_coverage": 0.149, "ite...'
---
data: '{"robot": "leo1", "sim_time": 132.0, "state": "exploring", "frontiers": 15, "coverage_m2": 123.9, "camera_coverage": 0.153, "ite...'
---
data: '{"robot": "leo1", "sim_time": 136.0, "state": "exploring", "frontiers": 13, "coverage_m2": 124.5, "camera_coverage": 0.153, "ite...'
---
data: '{"robot": "leo1", "sim_time": 140.0, "state": "exploring", "frontiers": 13, "coverage_m2": 124.5, "camera_coverage": 0.158, "ite...'
---
data: '{"robot": "leo1", "sim_time": 144.0, "state": "exploring", "frontiers": 16, "coverage_m2": 126.2, "camera_coverage": 0.169, "ite...'
---
data: '{"robot": "leo1", "sim_time": 148.0, "state": "exploring", "frontiers": 17, "coverage_m2": 134.0, "camera_coverage": 0.169, "ite...'
---
data: '{"robot": "leo1", "sim_time": 152.0, "state": "exploring", "frontiers": 16, "coverage_m2": 134.7, "camera_coverage": 0.165, "ite...'
---
data: '{"robot": "leo1", "sim_time": 156.0, "state": "exploring", "frontiers": 16, "coverage_m2": 134.7, "camera_coverage": 0.174, "ite...'
---
data: '{"robot": "leo1", "sim_time": 160.0, "state": "exploring", "frontiers": 15, "coverage_m2": 136.0, "camera_coverage": 0.181, "ite...'
---
data: '{"robot": "leo1", "sim_time": 164.0, "state": "exploring", "frontiers": 22, "coverage_m2": 137.9, "camera_coverage": 0.181, "ite...'
---
data: '{"robot": "leo1", "sim_time": 168.0, "state": "exploring", "frontiers": 14, "coverage_m2": 138.7, "camera_coverage": 0.181, "ite...'
---
data: '{"robot": "leo1", "sim_time": 172.0, "state": "exploring", "frontiers": 14, "coverage_m2": 139.2, "camera_coverage": 0.182, "ite...'
---
data: '{"robot": "leo1", "sim_time": 176.0, "state": "exploring", "frontiers": 12, "coverage_m2": 139.2, "camera_coverage": 0.183, "ite...'
---
data: '{"robot": "leo1", "sim_time": 180.0, "state": "exploring", "frontiers": 12, "coverage_m2": 139.2, "camera_coverage": 0.192, "ite...'
---
data: '{"robot": "leo1", "sim_time": 184.0, "state": "exploring", "frontiers": 11, "coverage_m2": 139.4, "camera_coverage": 0.197, "ite...'
---
data: '{"robot": "leo1", "sim_time": 188.0, "state": "exploring", "frontiers": 10, "coverage_m2": 140.0, "camera_coverage": 0.197, "ite...'
---
data: '{"robot": "leo1", "sim_time": 192.0, "state": "exploring", "frontiers": 9, "coverage_m2": 140.8, "camera_coverage": 0.218, "item...'
---
data: '{"robot": "leo1", "sim_time": 196.0, "state": "exploring", "frontiers": 9, "coverage_m2": 141.0, "camera_coverage": 0.225, "item...'
---
data: '{"robot": "leo1", "sim_time": 200.0, "state": "exploring", "frontiers": 9, "coverage_m2": 142.6, "camera_coverage": 0.227, "item...'
---
data: '{"robot": "leo1", "sim_time": 204.0, "state": "exploring", "frontiers": 10, "coverage_m2": 143.3, "camera_coverage": 0.22, "item...'
---
data: '{"robot": "leo1", "sim_time": 208.0, "state": "exploring", "frontiers": 7, "coverage_m2": 143.5, "camera_coverage": 0.22, "items...'
---
data: '{"robot": "leo1", "sim_time": 212.0, "state": "exploring", "frontiers": 7, "coverage_m2": 143.6, "camera_coverage": 0.216, "item...'
---
data: '{"robot": "leo1", "sim_time": 216.0, "state": "exploring", "frontiers": 7, "coverage_m2": 143.7, "camera_coverage": 0.227, "item...'
---
data: '{"robot": "leo1", "sim_time": 220.0, "state": "exploring", "frontiers": 6, "coverage_m2": 144.0, "camera_coverage": 0.207, "item...'
---
data: '{"robot": "leo1", "sim_time": 224.0, "state": "exploring", "frontiers": 6, "coverage_m2": 144.2, "camera_coverage": 0.202, "item...'
---
data: '{"robot": "leo1", "sim_time": 228.0, "state": "exploring", "frontiers": 6, "coverage_m2": 144.3, "camera_coverage": 0.202, "item...'
---
data: '{"robot": "leo1", "sim_time": 232.0, "state": "exploring", "frontiers": 5, "coverage_m2": 144.3, "camera_coverage": 0.215, "item...'
---
data: '{"robot": "leo1", "sim_time": 236.0, "state": "exploring", "frontiers": 5, "coverage_m2": 144.3, "camera_coverage": 0.249, "item...'
---
data: '{"robot": "leo1", "sim_time": 240.0, "state": "exploring", "frontiers": 5, "coverage_m2": 144.3, "camera_coverage": 0.26, "items...'
---
data: '{"robot": "leo1", "sim_time": 244.0, "state": "exploring", "frontiers": 5, "coverage_m2": 144.3, "camera_coverage": 0.275, "item...'
---
data: '{"robot": "leo1", "sim_time": 248.0, "state": "exploring", "frontiers": 5, "coverage_m2": 144.3, "camera_coverage": 0.275, "item...'
---
data: '{"robot": "leo1", "sim_time": 252.0, "state": "exploring", "frontiers": 5, "coverage_m2": 144.4, "camera_coverage": 0.281, "item...'
---
data: '{"robot": "leo1", "sim_time": 256.0, "state": "exploring", "frontiers": 5, "coverage_m2": 144.4, "camera_coverage": 0.288, "item...'
---
data: '{"robot": "leo1", "sim_time": 260.0, "state": "exploring", "frontiers": 5, "coverage_m2": 144.4, "camera_coverage": 0.281, "item...'
---
data: '{"robot": "leo1", "sim_time": 264.0, "state": "exploring", "frontiers": 5, "coverage_m2": 144.6, "camera_coverage": 0.321, "item...'
---
data: '{"robot": "leo1", "sim_time": 268.0, "state": "exploring", "frontiers": 5, "coverage_m2": 144.7, "camera_coverage": 0.321, "item...'
---
data: '{"robot": "leo1", "sim_time": 272.0, "state": "exploring", "frontiers": 5, "coverage_m2": 144.7, "camera_coverage": 0.321, "item...'
---
data: '{"robot": "leo1", "sim_time": 276.0, "state": "exploring", "frontiers": 5, "coverage_m2": 144.7, "camera_coverage": 0.325, "item...'
---
data: '{"robot": "leo1", "sim_time": 280.0, "state": "exploring", "frontiers": 4, "coverage_m2": 144.9, "camera_coverage": 0.346, "item...'
---
data: '{"robot": "leo1", "sim_time": 284.0, "state": "exploring", "frontiers": 4, "coverage_m2": 145.0, "camera_coverage": 0.37, "items...'
---
data: '{"robot": "leo1", "sim_time": 288.0, "state": "exploring", "frontiers": 4, "coverage_m2": 145.1, "camera_coverage": 0.37, "items...'
---
data: '{"robot": "leo1", "sim_time": 292.0, "state": "exploring", "frontiers": 4, "coverage_m2": 145.2, "camera_coverage": 0.382, "item...'
---
data: '{"robot": "leo1", "sim_time": 296.0, "state": "exploring", "frontiers": 4, "coverage_m2": 145.2, "camera_coverage": 0.381, "item...'
---
data: '{"robot": "leo1", "sim_time": 300.0, "state": "exploring", "frontiers": 4, "coverage_m2": 145.3, "camera_coverage": 0.338, "item...'
---
data: '{"robot": "leo1", "sim_time": 304.0, "state": "exploring", "frontiers": 4, "coverage_m2": 145.9, "camera_coverage": 0.367, "item...'
---
data: '{"robot": "leo1", "sim_time": 308.0, "state": "exploring", "frontiers": 6, "coverage_m2": 147.9, "camera_coverage": 0.367, "item...'
---
data: '{"robot": "leo1", "sim_time": 312.0, "state": "exploring", "frontiers": 5, "coverage_m2": 150.2, "camera_coverage": 0.381, "item...'
---
data: '{"robot": "leo1", "sim_time": 316.0, "state": "exploring", "frontiers": 4, "coverage_m2": 150.4, "camera_coverage": 0.389, "item...'
---
data: '{"robot": "leo1", "sim_time": 320.0, "state": "exploring", "frontiers": 4, "coverage_m2": 150.4, "camera_coverage": 0.391, "item...'
---
data: '{"robot": "leo1", "sim_time": 324.0, "state": "exploring", "frontiers": 4, "coverage_m2": 151.0, "camera_coverage": 0.396, "item...'
---
data: '{"robot": "leo1", "sim_time": 328.0, "state": "exploring", "frontiers": 10, "coverage_m2": 170.5, "camera_coverage": 0.396, "ite...'
---
data: '{"robot": "leo1", "sim_time": 332.0, "state": "exploring", "frontiers": 10, "coverage_m2": 170.5, "camera_coverage": 0.072, "ite...'
---
data: '{"robot": "leo1", "sim_time": 336.0, "state": "exploring", "frontiers": 13, "coverage_m2": 171.3, "camera_coverage": 0.079, "ite...'
---
data: '{"robot": "leo1", "sim_time": 340.0, "state": "exploring", "frontiers": 13, "coverage_m2": 172.0, "camera_coverage": 0.074, "ite...'
---
data: '{"robot": "leo1", "sim_time": 344.0, "state": "exploring", "frontiers": 13, "coverage_m2": 172.1, "camera_coverage": 0.074, "ite...'
---
data: '{"robot": "leo1", "sim_time": 348.0, "state": "exploring", "frontiers": 13, "coverage_m2": 172.1, "camera_coverage": 0.074, "ite...'
---
data: '{"robot": "leo1", "sim_time": 352.0, "state": "exploring", "frontiers": 14, "coverage_m2": 172.2, "camera_coverage": 0.074, "ite...'
---
data: '{"robot": "leo1", "sim_time": 356.0, "state": "exploring", "frontiers": 14, "coverage_m2": 172.2, "camera_coverage": 0.074, "ite...'
---
data: '{"robot": "leo1", "sim_time": 360.0, "state": "exploring", "frontiers": 14, "coverage_m2": 172.2, "camera_coverage": 0.074, "ite...'
---
data: '{"robot": "leo1", "sim_time": 364.0, "state": "exploring", "frontiers": 15, "coverage_m2": 172.3, "camera_coverage": 0.075, "ite...'
---
data: '{"robot": "leo1", "sim_time": 368.0, "state": "exploring", "frontiers": 14, "coverage_m2": 172.4, "camera_coverage": 0.075, "ite...'
---
data: '{"robot": "leo1", "sim_time": 372.0, "state": "exploring", "frontiers": 15, "coverage_m2": 172.4, "camera_coverage": 0.075, "ite...'
---
data: '{"robot": "leo1", "sim_time": 376.0, "state": "exploring", "frontiers": 14, "coverage_m2": 172.4, "camera_coverage": 0.075, "ite...'
---
data: '{"robot": "leo1", "sim_time": 380.0, "state": "exploring", "frontiers": 13, "coverage_m2": 172.4, "camera_coverage": 0.075, "ite...'
---
data: '{"robot": "leo1", "sim_time": 384.0, "state": "exploring", "frontiers": 11, "coverage_m2": 172.4, "camera_coverage": 0.075, "ite...'
---
data: '{"robot": "leo1", "sim_time": 388.0, "state": "exploring", "frontiers": 10, "coverage_m2": 172.4, "camera_coverage": 0.075, "ite...'
---
data: '{"robot": "leo1", "sim_time": 392.0, "state": "exploring", "frontiers": 7, "coverage_m2": 172.6, "camera_coverage": 0.075, "item...'
---
data: '{"robot": "leo1", "sim_time": 396.0, "state": "exploring", "frontiers": 13, "coverage_m2": 173.1, "camera_coverage": 0.076, "ite...'
---
data: '{"robot": "leo1", "sim_time": 400.0, "state": "exploring", "frontiers": 12, "coverage_m2": 173.1, "camera_coverage": 0.077, "ite...'
---
data: '{"robot": "leo1", "sim_time": 404.0, "state": "exploring", "frontiers": 11, "coverage_m2": 173.1, "camera_coverage": 0.077, "ite...'
---
data: '{"robot": "leo1", "sim_time": 408.0, "state": "exploring", "frontiers": 10, "coverage_m2": 173.1, "camera_coverage": 0.077, "ite...'
---
data: '{"robot": "leo1", "sim_time": 412.0, "state": "exploring", "frontiers": 8, "coverage_m2": 173.1, "camera_coverage": 0.077, "item...'
---
data: '{"robot": "leo1", "sim_time": 416.0, "state": "exploring", "frontiers": 7, "coverage_m2": 173.1, "camera_coverage": 0.077, "item...'
---
data: '{"robot": "leo1", "sim_time": 420.0, "state": "exploring", "frontiers": 7, "coverage_m2": 173.1, "camera_coverage": 0.077, "item...'
---
data: '{"robot": "leo1", "sim_time": 424.0, "state": "exploring", "frontiers": 6, "coverage_m2": 173.1, "camera_coverage": 0.077, "item...'
---
data: '{"robot": "leo1", "sim_time": 428.0, "state": "exploring", "frontiers": 6, "coverage_m2": 173.1, "camera_coverage": 0.077, "item...'
---
data: '{"robot": "leo1", "sim_time": 432.0, "state": "exploring", "frontiers": 7, "coverage_m2": 173.1, "camera_coverage": 0.077, "item...'
---
data: '{"robot": "leo1", "sim_time": 436.0, "state": "exploring", "frontiers": 9, "coverage_m2": 173.2, "camera_coverage": 0.086, "item...'
---
data: '{"robot": "leo1", "sim_time": 440.0, "state": "exploring", "frontiers": 8, "coverage_m2": 173.2, "camera_coverage": 0.086, "item...'
---
data: '{"robot": "leo1", "sim_time": 444.0, "state": "exploring", "frontiers": 7, "coverage_m2": 173.2, "camera_coverage": 0.086, "item...'
---
data: '{"robot": "leo1", "sim_time": 448.0, "state": "exploring", "frontiers": 5, "coverage_m2": 173.2, "camera_coverage": 0.086, "item...'
---
data: '{"robot": "leo1", "sim_time": 452.0, "state": "exploring", "frontiers": 4, "coverage_m2": 173.2, "camera_coverage": 0.086, "item...'
---
data: '{"robot": "leo1", "sim_time": 456.0, "state": "exploring", "frontiers": 3, "coverage_m2": 173.2, "camera_coverage": 0.086, "item...'
---
data: '{"robot": "leo1", "sim_time": 460.0, "state": "exploring", "frontiers": 2, "coverage_m2": 173.2, "camera_coverage": 0.086, "item...'
---
data: '{"robot": "leo1", "sim_time": 464.0, "state": "exploring", "frontiers": 2, "coverage_m2": 173.2, "camera_coverage": 0.086, "item...'
---
data: '{"robot": "leo1", "sim_time": 468.0, "state": "exploring", "frontiers": 3, "coverage_m2": 173.2, "camera_coverage": 0.086, "item...'
---
data: '{"robot": "leo1", "sim_time": 472.0, "state": "exploring", "frontiers": 2, "coverage_m2": 173.3, "camera_coverage": 0.086, "item...'
---
data: '{"robot": "leo1", "sim_time": 476.0, "state": "exploring", "frontiers": 5, "coverage_m2": 173.3, "camera_coverage": 0.085, "item...'
---
data: '{"robot": "leo1", "sim_time": 480.0, "state": "exploring", "frontiers": 4, "coverage_m2": 173.3, "camera_coverage": 0.085, "item...'
---
data: '{"robot": "leo1", "sim_time": 484.0, "state": "exploring", "frontiers": 3, "coverage_m2": 173.3, "camera_coverage": 0.085, "item...'
---
data: '{"robot": "leo1", "sim_time": 488.0, "state": "exploring", "frontiers": 2, "coverage_m2": 173.3, "camera_coverage": 0.085, "item...'
---
data: '{"robot": "leo1", "sim_time": 492.0, "state": "exploring", "frontiers": 4, "coverage_m2": 173.3, "camera_coverage": 0.085, "item...'
---
data: '{"robot": "leo1", "sim_time": 496.0, "state": "exploring", "frontiers": 3, "coverage_m2": 173.3, "camera_coverage": 0.085, "item...'
---
data: '{"robot": "leo1", "sim_time": 500.0, "state": "exploring", "frontiers": 2, "coverage_m2": 173.3, "camera_coverage": 0.085, "item...'
---
data: '{"robot": "leo1", "sim_time": 504.0, "state": "exploring", "frontiers": 1, "coverage_m2": 173.3, "camera_coverage": 0.085, "item...'
---
data: '{"robot": "leo1", "sim_time": 508.0, "state": "exploring", "frontiers": 0, "coverage_m2": 173.3, "camera_coverage": 0.085, "item...'
---
data: '{"robot": "leo1", "sim_time": 512.0, "state": "sweeping", "frontiers": 0, "coverage_m2": 173.3, "camera_coverage": 0.085, "items...'
---
data: '{"robot": "leo1", "sim_time": 516.0, "state": "sweeping", "frontiers": 0, "coverage_m2": 173.3, "camera_coverage": 0.085, "items...'
---
