[INFO] [1781282767.486133053] [frontier_explorer]: Frontier explorer up for "leo1" (base_frame=leo1/base_link)
[WARN] [1781282767.750067311] [frontier_explorer]: Watchdog: work exists but no goal active and robot stationary - clearing costmaps
[WARN] [1781282767.815052787] [frontier_explorer]: Watchdog: work exists but no goal active and robot stationary - clearing costmaps
[INFO] [1781282769.833174732] [frontier_explorer]: Initial pose recorded: (-0.00, 0.00)
[INFO] [1781282769.890453827] [frontier_explorer]: Map has (almost) no walls yet - warmup drive for SLAM
[INFO] [1781282779.877674892] [frontier_explorer]: No path to frontier goal (0.89, 1.25), skipping
[WARN] [1781282789.263873444] [frontier_explorer]: Watchdog: work exists but no goal active and robot stationary - clearing costmaps
[WARN] [1781282789.323041641] [frontier_explorer]: Watchdog: resetting blacklist
[INFO] [1781282802.313443373] [frontier_explorer]: No path to frontier goal (-1.91, -3.55), skipping
[WARN] [1781282811.377840505] [frontier_explorer]: Watchdog: all goals planner-rejected (8 skips) - blind rotate escape
[INFO] [1781282825.505287156] [frontier_explorer]: No path to frontier goal (-1.51, 1.40), skipping
[WARN] [1781282836.734197415] [frontier_explorer]: Watchdog: work exists but no goal active and robot stationary - clearing costmaps
[INFO] [1781282846.012960159] [frontier_explorer]: No path to frontier goal (0.09, -3.30), skipping
[INFO] [1781282856.077342213] [frontier_explorer]: New frontier goal: (-1.51, 1.40)
[INFO] [1781282871.579813433] [frontier_explorer]: New frontier goal: (1.17, -1.81)
[INFO] [1781282885.139002749] [frontier_explorer]: New frontier goal: (-3.85, -4.36)
[INFO] [1781282914.876824846] [frontier_explorer]: New frontier goal: (7.40, -2.03)
Traceback (most recent call last):
  File "/ros2_ws/install/leo_rover_exploration/lib/leo_rover_exploration/frontier_explorer", line 33, in <module>
    sys.exit(load_entry_point('leo-rover-exploration', 'console_scripts', 'frontier_explorer')())
  File "/ros2_ws/build/leo_rover_exploration/leo_rover_exploration/frontier_explorer.py", line 1022, in main
    rclpy.shutdown()
  File "/opt/ros/humble/local/lib/python3.10/dist-packages/rclpy/__init__.py", line 130, in shutdown
    _shutdown(context=context)
  File "/opt/ros/humble/local/lib/python3.10/dist-packages/rclpy/utilities.py", line 58, in shutdown
    return context.shutdown()
  File "/opt/ros/humble/local/lib/python3.10/dist-packages/rclpy/context.py", line 102, in shutdown
    self.__context.shutdown()
rclpy._rclpy_pybind11.RCLError: failed to shutdown: rcl_shutdown already called on the given context, at ./src/rcl/init.c:241
