data: '{"robot": "leo1", "state": "exploring", "frontiers": 61, "coverage_m2": 42.9, "camera_coverage": 1.0, "items_confirmed": 0, "ite...'
---
data: '{"robot": "leo1", "state": "exploring", "frontiers": 60, "coverage_m2": 42.9, "camera_coverage": 0.0, "items_confirmed": 0, "ite...'
---
data: '{"robot": "leo1", "state": "exploring", "frontiers": 59, "coverage_m2": 42.9, "camera_coverage": 0.0, "items_confirmed": 0, "ite...'
---
data: '{"robot": "leo1", "state": "exploring", "frontiers": 61, "coverage_m2": 42.9, "camera_coverage": 0.0, "items_confirmed": 0, "ite...'
---
data: '{"robot": "leo1", "state": "exploring", "frontiers": 60, "coverage_m2": 42.9, "camera_coverage": 0.0, "items_confirmed": 0, "ite...'
---
data: '{"robot": "leo1", "state": "exploring", "frontiers": 59, "coverage_m2": 42.9, "camera_coverage": 0.0, "items_confirmed": 0, "ite...'
---
data: '{"robot": "leo1", "state": "exploring", "frontiers": 57, "coverage_m2": 42.9, "camera_coverage": 0.0, "items_confirmed": 0, "ite...'
---
data: '{"robot": "leo1", "state": "exploring", "frontiers": 56, "coverage_m2": 42.9, "camera_coverage": 0.0, "items_confirmed": 0, "ite...'
---
data: '{"robot": "leo1", "state": "exploring", "frontiers": 54, "coverage_m2": 42.9, "camera_coverage": 0.0, "items_confirmed": 0, "ite...'
---
data: '{"robot": "leo1", "state": "exploring", "frontiers": 61, "coverage_m2": 42.9, "camera_coverage": 0.0, "items_confirmed": 0, "ite...'
---
data: '{"robot": "leo1", "state": "exploring", "frontiers": 60, "coverage_m2": 42.9, "camera_coverage": 0.0, "items_confirmed": 0, "ite...'
---
data: '{"robot": "leo1", "state": "exploring", "frontiers": 59, "coverage_m2": 42.9, "camera_coverage": 0.224, "items_confirmed": 0, "i...'
---
data: '{"robot": "leo1", "state": "exploring", "frontiers": 57, "coverage_m2": 42.9, "camera_coverage": 0.224, "items_confirmed": 0, "i...'
---
data: '{"robot": "leo1", "state": "exploring", "frontiers": 56, "coverage_m2": 42.9, "camera_coverage": 0.224, "items_confirmed": 0, "i...'
---
data: '{"robot": "leo1", "state": "exploring", "frontiers": 54, "coverage_m2": 42.9, "camera_coverage": 0.224, "items_confirmed": 0, "i...'
---
data: '{"robot": "leo1", "state": "exploring", "frontiers": 54, "coverage_m2": 42.9, "camera_coverage": 0.224, "items_confirmed": 0, "i...'
---
data: '{"robot": "leo1", "state": "exploring", "frontiers": 54, "coverage_m2": 42.9, "camera_coverage": 0.224, "items_confirmed": 0, "i...'
---
data: '{"robot": "leo1", "state": "exploring", "frontiers": 56, "coverage_m2": 42.9, "camera_coverage": 0.224, "items_confirmed": 0, "i...'
---
data: '{"robot": "leo1", "state": "exploring", "frontiers": 57, "coverage_m2": 42.9, "camera_coverage": 0.241, "items_confirmed": 0, "i...'
---
data: '{"robot": "leo1", "state": "exploring", "frontiers": 117, "coverage_m2": 82.2, "camera_coverage": 0.129, "items_confirmed": 0, "...'
---
data: '{"robot": "leo1", "state": "exploring", "frontiers": 110, "coverage_m2": 110.4, "camera_coverage": 0.129, "items_confirmed": 0, ...'
---
data: '{"robot": "leo1", "state": "exploring", "frontiers": 110, "coverage_m2": 110.4, "camera_coverage": 0.111, "items_confirmed": 0, ...'
---
data: '{"robot": "leo1", "state": "exploring", "frontiers": 110, "coverage_m2": 110.4, "camera_coverage": 0.114, "items_confirmed": 0, ...'
---
data: '{"robot": "leo1", "state": "exploring", "frontiers": 110, "coverage_m2": 110.4, "camera_coverage": 0.116, "items_confirmed": 0, ...'
---
data: '{"robot": "leo1", "state": "exploring", "frontiers": 110, "coverage_m2": 110.4, "camera_coverage": 0.116, "items_confirmed": 0, ...'
---
data: '{"robot": "leo1", "state": "exploring", "frontiers": 110, "coverage_m2": 110.4, "camera_coverage": 0.116, "items_confirmed": 0, ...'
---
data: '{"robot": "leo1", "state": "exploring", "frontiers": 110, "coverage_m2": 110.4, "camera_coverage": 0.116, "items_confirmed": 0, ...'
---
data: '{"robot": "leo1", "state": "exploring", "frontiers": 90, "coverage_m2": 122.7, "camera_coverage": 0.116, "items_confirmed": 0, "...'
---
data: '{"robot": "leo1", "state": "exploring", "frontiers": 68, "coverage_m2": 139.9, "camera_coverage": 0.082, "items_confirmed": 0, "...'
---
data: '{"robot": "leo1", "state": "exploring", "frontiers": 73, "coverage_m2": 153.9, "camera_coverage": 0.082, "items_confirmed": 0, "...'
---
data: '{"robot": "leo1", "state": "exploring", "frontiers": 73, "coverage_m2": 153.9, "camera_coverage": 0.069, "items_confirmed": 0, "...'
---
