[wsl-exp 05:03:07] backend=wsl:Ubuntu stack=hybrid world=depot_world profile=realistic cap=30min out=reports/night/n23_nocam_depot_s7
[wsl-exp 05:03:07] syncing src/ and scripts/ into /home/smirn/leo_ws
[wsl-exp 05:03:08] colcon build (leo_nav2_exploration, leo_rover_gazebo)
Summary: 1 package finished [1.65s]
  1 package failed: leo_rover_gazebo
  1 package had stderr output: leo_rover_gazebo
[wsl-exp 05:03:10] killing any previous sim
[wsl-exp 05:03:14] cleanup: 0 ROS processes still alive
[wsl-exp 05:03:19] starting simulator (GPU, headless)
[wsl-exp 05:03:20] waiting for /leo1/scan
[wsl-exp 05:03:32] scan: average rate: 57.800
[wsl-exp 05:03:32] renderer: 05:03:28: GL_RENDERER = D3D12 (NVIDIA GeForce RTX 4060 Ti)
[wsl-exp 05:03:35] wheel-odometry model (message only) + gyro + EKF
[wsl-exp 05:03:50] overlay stack: sim_navigation.launch.py
[wsl-exp 05:03:51] waiting for Nav2 planner action
[wsl-exp 05:04:24] camera/points (with stack up): none
[wsl-exp 05:04:28] scan_filtered: average rate: 10.023
[wsl-exp 05:04:28] starting recorders
[wsl-exp 05:04:35] bootstrap jog
[wsl-exp 05:04:53] explorer launched; polling (cap 30 min)
[wsl-exp 05:16:55] explorer reports completion
[wsl-exp 05:17:01] saving map
[wsl-exp 05:17:03] flushing recorders
[wsl-exp 05:17:22] cleanup: 0 ROS processes still alive
[wsl-exp 05:17:24] done -> reports/night/n23_nocam_depot_s7
