[INFO] [launch]: All log files can be found below /home/smirn/.ros/log/2026-08-20-08-02-19-378991-Tornadosky-6211
[INFO] [launch]: Default logging verbosity is set to INFO
[INFO] [aruco_detector-1]: process started with pid [6212]
[aruco_detector-1] [INFO] [1787205739.997198309] [aruco_detector]: aruco_detector: dict=DICT_4X4_50 len=0.2 m image=/leo1/camera/image optical_frame=False map_frame=map cv2=4.5.4 allowed_ids=[1, 2, 3, 4, 5, 6, 7, 8]
[aruco_detector-1] [INFO] [1787205739.998869591] [aruco_detector]: frames=0 with_detections=0 confirmed=[] pending=[]
[aruco_detector-1] [INFO] [1787205740.172210978] [aruco_detector]: camera intrinsics: fx=554.4 fy=554.4 cx=320.0 cy=240.0 distortion=5 coeffs
[aruco_detector-1] [INFO] [1787205744.367082961] [aruco_detector]: frames=21 with_detections=0 confirmed=[] pending=[]
[aruco_detector-1] [INFO] [1787205754.402698656] [aruco_detector]: frames=71 with_detections=0 confirmed=[] pending=[]
[aruco_detector-1] [INFO] [1787205764.420354064] [aruco_detector]: frames=121 with_detections=41 confirmed=[] pending=[]
[aruco_detector-1] [INFO] [1787205774.420380219] [aruco_detector]: frames=171 with_detections=43 confirmed=[] pending=[]
[aruco_detector-1] [INFO] [1787205784.421677953] [aruco_detector]: frames=221 with_detections=43 confirmed=[] pending=[]
[aruco_detector-1] [WARN] [1787205787.256223798] [aruco_detector]: no TF map <- leo1/sensor_camera_link: Lookup would require extrapolation into the future.  Requested time 102.600000 but the latest data is at time 102.596000, when looking up transform from frame [leo1/sensor_camera_link] to frame [map]
[aruco_detector-1] [WARN] [1787205792.463784535] [aruco_detector]: no TF map <- leo1/sensor_camera_link: Lookup would require extrapolation into the future.  Requested time 107.800000 but the latest data is at time 107.796000, when looking up transform from frame [leo1/sensor_camera_link] to frame [map]
[aruco_detector-1] [INFO] [1787205794.428229805] [aruco_detector]: frames=271 with_detections=67 confirmed=[] pending=[]
[aruco_detector-1] [WARN] [1787205801.863668167] [aruco_detector]: no TF map <- leo1/sensor_camera_link: Lookup would require extrapolation into the future.  Requested time 117.200000 but the latest data is at time 117.196000, when looking up transform from frame [leo1/sensor_camera_link] to frame [map]
[aruco_detector-1] [INFO] [1787205804.677404242] [aruco_detector]: frames=322 with_detections=81 confirmed=[] pending=[]
[aruco_detector-1] [WARN] [1787205806.935861704] [aruco_detector]: no TF map <- leo1/sensor_camera_link: Lookup would require extrapolation into the future.  Requested time 122.200000 but the latest data is at time 121.356000, when looking up transform from frame [leo1/sensor_camera_link] to frame [map]
[aruco_detector-1] [INFO] [1787205809.267382064] [aruco_detector]: ArUco 4 CONFIRMED at map (-4.03, 5.17, 0.10) range 5.29 m, reproj 0.79 px
[aruco_detector-1] [WARN] [1787205812.070177123] [aruco_detector]: no TF map <- leo1/sensor_camera_link: Lookup would require extrapolation into the future.  Requested time 127.400000 but the latest data is at time 127.016000, when looking up transform from frame [leo1/sensor_camera_link] to frame [map]
[aruco_detector-1] [INFO] [1787205814.494362415] [aruco_detector]: frames=372 with_detections=126 confirmed=[4] pending=[]
[aruco_detector-1] [INFO] [1787205824.432464863] [aruco_detector]: frames=421 with_detections=126 confirmed=[4] pending=[]
[aruco_detector-1] [INFO] [1787205834.432313681] [aruco_detector]: frames=471 with_detections=126 confirmed=[4] pending=[]
[aruco_detector-1] [INFO] [1787205844.432275708] [aruco_detector]: frames=521 with_detections=142 confirmed=[4] pending=[]
[aruco_detector-1] [INFO] [1787205854.437199799] [aruco_detector]: frames=571 with_detections=158 confirmed=[4] pending=[]
[aruco_detector-1] [WARN] [1787205860.672766298] [aruco_detector]: no TF map <- leo1/sensor_camera_link: Lookup would require extrapolation into the future.  Requested time 176.000000 but the latest data is at time 175.996000, when looking up transform from frame [leo1/sensor_camera_link] to frame [map]
[aruco_detector-1] [INFO] [1787205864.437298720] [aruco_detector]: frames=621 with_detections=172 confirmed=[4] pending=[]
[aruco_detector-1] [WARN] [1787205865.693934899] [aruco_detector]: no TF map <- leo1/sensor_camera_link: Lookup would require extrapolation into the future.  Requested time 181.000000 but the latest data is at time 180.216000, when looking up transform from frame [leo1/sensor_camera_link] to frame [map]
[aruco_detector-1] [WARN] [1787205872.272725499] [aruco_detector]: no TF map <- leo1/sensor_camera_link: Lookup would require extrapolation into the future.  Requested time 187.600000 but the latest data is at time 187.596000, when looking up transform from frame [leo1/sensor_camera_link] to frame [map]
[aruco_detector-1] [INFO] [1787205874.487563021] [aruco_detector]: frames=669 with_detections=205 confirmed=[4] pending=[1]
[aruco_detector-1] [INFO] [1787205884.440716837] [aruco_detector]: frames=718 with_detections=211 confirmed=[4] pending=[1]
[aruco_detector-1] [INFO] [1787205894.440749170] [aruco_detector]: frames=768 with_detections=211 confirmed=[4] pending=[1]
[aruco_detector-1] [INFO] [1787205904.440780477] [aruco_detector]: frames=818 with_detections=211 confirmed=[4] pending=[1]
[aruco_detector-1] [INFO] [1787205914.441794356] [aruco_detector]: frames=868 with_detections=211 confirmed=[4] pending=[1]
[aruco_detector-1] [INFO] [1787205924.446035187] [aruco_detector]: frames=918 with_detections=211 confirmed=[4] pending=[1]
[aruco_detector-1] [INFO] [1787205934.446036811] [aruco_detector]: frames=968 with_detections=214 confirmed=[4] pending=[1]
[aruco_detector-1] [INFO] [1787205944.457330155] [aruco_detector]: frames=1018 with_detections=215 confirmed=[4] pending=[1]
[aruco_detector-1] [INFO] [1787205954.457352744] [aruco_detector]: frames=1068 with_detections=232 confirmed=[4] pending=[1]
[aruco_detector-1] [WARN] [1787205957.895704455] [aruco_detector]: no TF map <- leo1/sensor_camera_link: Lookup would require extrapolation into the future.  Requested time 273.200000 but the latest data is at time 273.196000, when looking up transform from frame [leo1/sensor_camera_link] to frame [map]
[aruco_detector-1] [WARN] [1787205963.295375596] [aruco_detector]: no TF map <- leo1/sensor_camera_link: Lookup would require extrapolation into the future.  Requested time 278.600000 but the latest data is at time 278.596000, when looking up transform from frame [leo1/sensor_camera_link] to frame [map]
[aruco_detector-1] [INFO] [1787205964.714905820] [aruco_detector]: frames=1119 with_detections=267 confirmed=[4] pending=[1]
[aruco_detector-1] [INFO] [1787205974.461990283] [aruco_detector]: frames=1168 with_detections=267 confirmed=[4] pending=[1]
[aruco_detector-1] [INFO] [1787205984.461927137] [aruco_detector]: frames=1218 with_detections=267 confirmed=[4] pending=[1]
[aruco_detector-1] [INFO] [1787205994.461974781] [aruco_detector]: frames=1268 with_detections=267 confirmed=[4] pending=[1]
[aruco_detector-1] [WARN] [1787205998.296730102] [aruco_detector]: no TF map <- leo1/sensor_camera_link: Lookup would require extrapolation into the future.  Requested time 313.600000 but the latest data is at time 313.596000, when looking up transform from frame [leo1/sensor_camera_link] to frame [map]
[aruco_detector-1] [WARN] [1787206003.306335600] [aruco_detector]: no TF map <- leo1/sensor_camera_link: Lookup would require extrapolation into the future.  Requested time 318.600000 but the latest data is at time 318.216000, when looking up transform from frame [leo1/sensor_camera_link] to frame [map]
[aruco_detector-1] [INFO] [1787206004.463133108] [aruco_detector]: frames=1318 with_detections=281 confirmed=[4] pending=[1, 5]
[aruco_detector-1] [INFO] [1787206008.899992920] [aruco_detector]: ArUco 5 CONFIRMED at map (10.51, 3.45, 0.13) range 5.65 m, reproj 1.69 px
[aruco_detector-1] [WARN] [1787206009.498280157] [aruco_detector]: no TF map <- leo1/sensor_camera_link: Lookup would require extrapolation into the future.  Requested time 324.800000 but the latest data is at time 324.796000, when looking up transform from frame [leo1/sensor_camera_link] to frame [map]
[aruco_detector-1] [WARN] [1787206014.498582426] [aruco_detector]: no TF map <- leo1/sensor_camera_link: Lookup would require extrapolation into the future.  Requested time 329.800000 but the latest data is at time 329.796000, when looking up transform from frame [leo1/sensor_camera_link] to frame [map]
[aruco_detector-1] [INFO] [1787206014.704272835] [aruco_detector]: frames=1369 with_detections=318 confirmed=[4, 5] pending=[1]
[aruco_detector-1] [WARN] [1787206019.698678364] [aruco_detector]: no TF map <- leo1/sensor_camera_link: Lookup would require extrapolation into the future.  Requested time 335.000000 but the latest data is at time 334.996000, when looking up transform from frame [leo1/sensor_camera_link] to frame [map]
[aruco_detector-1] [WARN] [1787206024.763993015] [aruco_detector]: no TF map <- leo1/sensor_camera_link: Lookup would require extrapolation into the future.  Requested time 340.000000 but the latest data is at time 338.916000, when looking up transform from frame [leo1/sensor_camera_link] to frame [map]
[aruco_detector-1] [INFO] [1787206024.764539406] [aruco_detector]: frames=1419 with_detections=354 confirmed=[4, 5] pending=[1]
[aruco_detector-1] [INFO] [1787206034.465817354] [aruco_detector]: frames=1468 with_detections=357 confirmed=[4, 5] pending=[1]
[aruco_detector-1] [WARN] [1787206043.301503250] [aruco_detector]: no TF map <- leo1/sensor_camera_link: Lookup would require extrapolation into the future.  Requested time 358.600000 but the latest data is at time 358.596000, when looking up transform from frame [leo1/sensor_camera_link] to frame [map]
[aruco_detector-1] [INFO] [1787206044.734784982] [aruco_detector]: frames=1519 with_detections=365 confirmed=[4, 5] pending=[1]
[aruco_detector-1] [WARN] [1787206048.426257571] [aruco_detector]: no TF map <- leo1/sensor_camera_link: Lookup would require extrapolation into the future.  Requested time 363.600000 but the latest data is at time 362.596000, when looking up transform from frame [leo1/sensor_camera_link] to frame [map]
[aruco_detector-1] [WARN] [1787206053.602672390] [aruco_detector]: no TF map <- leo1/sensor_camera_link: Lookup would require extrapolation into the future.  Requested time 368.800000 but the latest data is at time 366.956000, when looking up transform from frame [leo1/sensor_camera_link] to frame [map]
[aruco_detector-1] [INFO] [1787206054.829834143] [aruco_detector]: frames=1569 with_detections=413 confirmed=[4, 5] pending=[1]
[aruco_detector-1] [INFO] [1787206064.473446072] [aruco_detector]: frames=1618 with_detections=416 confirmed=[4, 5] pending=[1]
[aruco_detector-1] [WARN] [1787206074.108428755] [aruco_detector]: no TF map <- leo1/sensor_camera_link: Lookup would require extrapolation into the future.  Requested time 389.400000 but the latest data is at time 389.396000, when looking up transform from frame [leo1/sensor_camera_link] to frame [map]
[aruco_detector-1] [INFO] [1787206074.723441492] [aruco_detector]: frames=1669 with_detections=420 confirmed=[4, 5] pending=[1]
[aruco_detector-1] [WARN] [1787206079.230975717] [aruco_detector]: no TF map <- leo1/sensor_camera_link: Lookup would require extrapolation into the future.  Requested time 394.400000 but the latest data is at time 393.396000, when looking up transform from frame [leo1/sensor_camera_link] to frame [map]
[aruco_detector-1] [INFO] [1787206084.473186783] [aruco_detector]: frames=1717 with_detections=460 confirmed=[4, 5] pending=[1]
[aruco_detector-1] [INFO] [1787206094.476568170] [aruco_detector]: frames=1767 with_detections=460 confirmed=[4, 5] pending=[1]
[aruco_detector-1] [INFO] [1787206104.479975070] [aruco_detector]: frames=1817 with_detections=460 confirmed=[4, 5] pending=[1]
[aruco_detector-1] [INFO] [1787206114.487505060] [aruco_detector]: frames=1867 with_detections=460 confirmed=[4, 5] pending=[1]
[aruco_detector-1] [WARN] [1787206116.723335912] [aruco_detector]: no TF map <- leo1/sensor_camera_link: Lookup would require extrapolation into the future.  Requested time 432.000000 but the latest data is at time 431.996000, when looking up transform from frame [leo1/sensor_camera_link] to frame [map]
[aruco_detector-1] [WARN] [1787206122.524793595] [aruco_detector]: no TF map <- leo1/sensor_camera_link: Lookup would require extrapolation into the future.  Requested time 437.800000 but the latest data is at time 437.796000, when looking up transform from frame [leo1/sensor_camera_link] to frame [map]
[aruco_detector-1] [INFO] [1787206124.491449255] [aruco_detector]: frames=1917 with_detections=488 confirmed=[4, 5] pending=[1, 7]
[aruco_detector-1] [INFO] [1787206134.491531531] [aruco_detector]: frames=1967 with_detections=488 confirmed=[4, 5] pending=[1, 7]
[aruco_detector-1] [WARN] [1787206138.527571585] [aruco_detector]: no TF map <- leo1/sensor_camera_link: Lookup would require extrapolation into the future.  Requested time 453.800000 but the latest data is at time 453.796000, when looking up transform from frame [leo1/sensor_camera_link] to frame [map]
[aruco_detector-1] [WARN] [1787206143.647390902] [aruco_detector]: no TF map <- leo1/sensor_camera_link: Lookup would require extrapolation into the future.  Requested time 458.800000 but the latest data is at time 456.556000, when looking up transform from frame [leo1/sensor_camera_link] to frame [map]
[aruco_detector-1] [INFO] [1787206144.746693817] [aruco_detector]: frames=2018 with_detections=518 confirmed=[4, 5] pending=[1, 7]
[aruco_detector-1] [INFO] [1787206154.500747924] [aruco_detector]: frames=2067 with_detections=518 confirmed=[4, 5] pending=[1, 7]
[aruco_detector-1] [INFO] [1787206164.501062762] [aruco_detector]: frames=2117 with_detections=518 confirmed=[4, 5] pending=[1, 7]
[aruco_detector-1] [INFO] [1787206174.501868363] [aruco_detector]: frames=2167 with_detections=518 confirmed=[4, 5] pending=[1, 7]
[aruco_detector-1] [INFO] [1787206184.505690962] [aruco_detector]: frames=2217 with_detections=518 confirmed=[4, 5] pending=[1, 7]
[aruco_detector-1] [INFO] [1787206194.505767482] [aruco_detector]: frames=2267 with_detections=518 confirmed=[4, 5] pending=[1, 7]
[aruco_detector-1] [INFO] [1787206204.505869152] [aruco_detector]: frames=2317 with_detections=518 confirmed=[4, 5] pending=[1, 7]
[aruco_detector-1] [INFO] [1787206214.513558323] [aruco_detector]: frames=2367 with_detections=519 confirmed=[4, 5] pending=[1, 7]
[aruco_detector-1] [INFO] [1787206224.539120710] [aruco_detector]: frames=2417 with_detections=519 confirmed=[4, 5] pending=[1, 7]
[aruco_detector-1] [INFO] [1787206234.559806583] [aruco_detector]: frames=2467 with_detections=524 confirmed=[4, 5] pending=[1, 7]
[aruco_detector-1] [WARN] [1787206241.596542120] [aruco_detector]: no TF map <- leo1/sensor_camera_link: Lookup would require extrapolation into the future.  Requested time 556.800000 but the latest data is at time 556.796000, when looking up transform from frame [leo1/sensor_camera_link] to frame [map]
[aruco_detector-1] [INFO] [1787206244.560568312] [aruco_detector]: frames=2517 with_detections=546 confirmed=[4, 5] pending=[1, 7]
[aruco_detector-1] [WARN] [1787206246.619954065] [aruco_detector]: no TF map <- leo1/sensor_camera_link: Lookup would require extrapolation into the future.  Requested time 561.800000 but the latest data is at time 560.816000, when looking up transform from frame [leo1/sensor_camera_link] to frame [map]
[aruco_detector-1] [WARN] [1787206252.995806886] [aruco_detector]: no TF map <- leo1/sensor_camera_link: Lookup would require extrapolation into the future.  Requested time 568.200000 but the latest data is at time 568.196000, when looking up transform from frame [leo1/sensor_camera_link] to frame [map]
[aruco_detector-1] [INFO] [1787206254.808254717] [aruco_detector]: frames=2568 with_detections=577 confirmed=[4, 5] pending=[1, 7]
[aruco_detector-1] [WARN] [1787206258.059993269] [aruco_detector]: no TF map <- leo1/sensor_camera_link: Lookup would require extrapolation into the future.  Requested time 573.200000 but the latest data is at time 571.916000, when looking up transform from frame [leo1/sensor_camera_link] to frame [map]
[aruco_detector-1] [INFO] [1787206264.560618346] [aruco_detector]: frames=2617 with_detections=608 confirmed=[4, 5] pending=[1, 7]
[aruco_detector-1] [INFO] [1787206274.566951566] [aruco_detector]: frames=2667 with_detections=608 confirmed=[4, 5] pending=[1, 7]
[aruco_detector-1] [WARN] [1787206284.403248220] [aruco_detector]: no TF map <- leo1/sensor_camera_link: Lookup would require extrapolation into the future.  Requested time 599.600000 but the latest data is at time 599.596000, when looking up transform from frame [leo1/sensor_camera_link] to frame [map]
[aruco_detector-1] [INFO] [1787206284.813749895] [aruco_detector]: frames=2718 with_detections=614 confirmed=[4, 5] pending=[1, 6, 7]
[aruco_detector-1] [WARN] [1787206289.413091666] [aruco_detector]: no TF map <- leo1/sensor_camera_link: Lookup would require extrapolation into the future.  Requested time 604.600000 but the latest data is at time 604.216000, when looking up transform from frame [leo1/sensor_camera_link] to frame [map]
[aruco_detector-1] [INFO] [1787206294.566735099] [aruco_detector]: frames=2767 with_detections=657 confirmed=[4, 5] pending=[1, 6, 7]
[aruco_detector-1] [WARN] [1787206295.004312304] [aruco_detector]: no TF map <- leo1/sensor_camera_link: Lookup would require extrapolation into the future.  Requested time 610.200000 but the latest data is at time 610.196000, when looking up transform from frame [leo1/sensor_camera_link] to frame [map]
[aruco_detector-1] [INFO] [1787206304.567974308] [aruco_detector]: frames=2817 with_detections=667 confirmed=[4, 5] pending=[1, 6, 7]
[aruco_detector-1] [INFO] [1787206314.567946036] [aruco_detector]: frames=2867 with_detections=667 confirmed=[4, 5] pending=[1, 6, 7]
[aruco_detector-1] [INFO] [1787206324.568004516] [aruco_detector]: frames=2917 with_detections=667 confirmed=[4, 5] pending=[1, 6, 7]
[aruco_detector-1] [WARN] [1787206329.805121918] [aruco_detector]: no TF map <- leo1/sensor_camera_link: Lookup would require extrapolation into the future.  Requested time 645.000000 but the latest data is at time 644.996000, when looking up transform from frame [leo1/sensor_camera_link] to frame [map]
[aruco_detector-1] [INFO] [1787206331.210335696] [aruco_detector]: ArUco 6 CONFIRMED at map (-11.69, -4.36, 0.12) range 4.57 m, reproj 2.28 px
[aruco_detector-1] [WARN] [1787206334.877299552] [aruco_detector]: no TF map <- leo1/sensor_camera_link: Lookup would require extrapolation into the future.  Requested time 650.000000 but the latest data is at time 648.116000, when looking up transform from frame [leo1/sensor_camera_link] to frame [map]
[aruco_detector-1] [INFO] [1787206334.877921381] [aruco_detector]: frames=2968 with_detections=691 confirmed=[4, 5, 6] pending=[1, 7]
[aruco_detector-1] [INFO] [1787206344.573545567] [aruco_detector]: frames=3017 with_detections=704 confirmed=[4, 5, 6] pending=[1, 7]
[aruco_detector-1] [INFO] [1787206354.576105041] [aruco_detector]: frames=3067 with_detections=704 confirmed=[4, 5, 6] pending=[1, 7]
[aruco_detector-1] [INFO] [1787206364.582205733] [aruco_detector]: frames=3117 with_detections=704 confirmed=[4, 5, 6] pending=[1, 7]
[aruco_detector-1] [INFO] [1787206374.582098428] [aruco_detector]: frames=3167 with_detections=704 confirmed=[4, 5, 6] pending=[1, 7]
[aruco_detector-1] [INFO] [1787206384.582121624] [aruco_detector]: frames=3217 with_detections=704 confirmed=[4, 5, 6] pending=[1, 7]
[aruco_detector-1] [INFO] [1787206394.585235599] [aruco_detector]: frames=3267 with_detections=704 confirmed=[4, 5, 6] pending=[1, 7]
[aruco_detector-1] [INFO] [1787206404.585926851] [aruco_detector]: frames=3317 with_detections=704 confirmed=[4, 5, 6] pending=[1, 7]
[aruco_detector-1] [INFO] [1787206414.587767358] [aruco_detector]: frames=3367 with_detections=704 confirmed=[4, 5, 6] pending=[1, 7]
[aruco_detector-1] [WARN] [1787206416.824414608] [aruco_detector]: no TF map <- leo1/sensor_camera_link: Lookup would require extrapolation into the future.  Requested time 732.000000 but the latest data is at time 731.996000, when looking up transform from frame [leo1/sensor_camera_link] to frame [map]
[aruco_detector-1] [INFO] [1787206424.591788450] [aruco_detector]: frames=3417 with_detections=712 confirmed=[4, 5, 6] pending=[1, 7]
[aruco_detector-1] [WARN] [1787206424.630542131] [aruco_detector]: ignoring ArUco id 21: not in allowed_ids [1, 2, 3, 4, 5, 6, 7, 8]
[aruco_detector-1] [INFO] [1787206425.429767920] [aruco_detector]: ArUco 3 CONFIRMED at map (-8.11, 6.69, 0.12) range 4.79 m, reproj 0.22 px
[aruco_detector-1] [WARN] [1787206426.626392118] [aruco_detector]: no TF map <- leo1/sensor_camera_link: Lookup would require extrapolation into the future.  Requested time 741.800000 but the latest data is at time 741.796000, when looking up transform from frame [leo1/sensor_camera_link] to frame [map]
[aruco_detector-1] [INFO] [1787206434.592840381] [aruco_detector]: frames=3467 with_detections=737 confirmed=[3, 4, 5, 6] pending=[1, 7]
[aruco_detector-1] [WARN] [1787206444.026436126] [aruco_detector]: no TF map <- leo1/sensor_camera_link: Lookup would require extrapolation into the future.  Requested time 759.200000 but the latest data is at time 759.196000, when looking up transform from frame [leo1/sensor_camera_link] to frame [map]
[aruco_detector-1] [INFO] [1787206444.849045634] [aruco_detector]: frames=3518 with_detections=742 confirmed=[3, 4, 5, 6] pending=[1, 7]
[aruco_detector-1] [WARN] [1787206449.228238422] [aruco_detector]: no TF map <- leo1/sensor_camera_link: Lookup would require extrapolation into the future.  Requested time 764.400000 but the latest data is at time 764.396000, when looking up transform from frame [leo1/sensor_camera_link] to frame [map]
[aruco_detector-1] [WARN] [1787206454.327969825] [aruco_detector]: no TF map <- leo1/sensor_camera_link: Lookup would require extrapolation into the future.  Requested time 769.400000 but the latest data is at time 767.756000, when looking up transform from frame [leo1/sensor_camera_link] to frame [map]
[aruco_detector-1] [INFO] [1787206454.943507398] [aruco_detector]: frames=3568 with_detections=791 confirmed=[3, 4, 5, 6] pending=[1, 7]
[aruco_detector-1] [WARN] [1787206459.456364133] [aruco_detector]: no TF map <- leo1/sensor_camera_link: Lookup would require extrapolation into the future.  Requested time 774.600000 but the latest data is at time 771.856000, when looking up transform from frame [leo1/sensor_camera_link] to frame [map]
[aruco_detector-1] [WARN] [1787206464.569619530] [aruco_detector]: no TF map <- leo1/sensor_camera_link: Lookup would require extrapolation into the future.  Requested time 779.600000 but the latest data is at time 777.796000, when looking up transform from frame [leo1/sensor_camera_link] to frame [map]
[aruco_detector-1] [INFO] [1787206464.978208605] [aruco_detector]: frames=3617 with_detections=840 confirmed=[3, 4, 5, 6] pending=[1, 7]
[aruco_detector-1] [INFO] [1787206474.621823573] [aruco_detector]: frames=3666 with_detections=843 confirmed=[3, 4, 5, 6] pending=[1, 7]
[aruco_detector-1] [INFO] [1787206484.623016305] [aruco_detector]: frames=3716 with_detections=843 confirmed=[3, 4, 5, 6] pending=[1, 7]
[aruco_detector-1] [WARN] [1787206487.060313003] [aruco_detector]: no TF map <- leo1/sensor_camera_link: Lookup would require extrapolation into the future.  Requested time 802.200000 but the latest data is at time 802.196000, when looking up transform from frame [leo1/sensor_camera_link] to frame [map]
[aruco_detector-1] [WARN] [1787206492.188050116] [aruco_detector]: no TF map <- leo1/sensor_camera_link: Lookup would require extrapolation into the future.  Requested time 807.200000 but the latest data is at time 805.996000, when looking up transform from frame [leo1/sensor_camera_link] to frame [map]
[aruco_detector-1] [INFO] [1787206494.850043949] [aruco_detector]: frames=3766 with_detections=882 confirmed=[3, 4, 5, 6] pending=[1, 7]
[aruco_detector-1] [INFO] [1787206504.622624367] [aruco_detector]: frames=3815 with_detections=893 confirmed=[3, 4, 5, 6] pending=[1, 7]
[aruco_detector-1] [INFO] [1787206514.658036460] [aruco_detector]: frames=3865 with_detections=893 confirmed=[3, 4, 5, 6] pending=[1, 7]
[aruco_detector-1] [INFO] [1787206524.668926345] [aruco_detector]: frames=3915 with_detections=893 confirmed=[3, 4, 5, 6] pending=[1, 7]
[aruco_detector-1] [INFO] [1787206534.670034358] [aruco_detector]: frames=3965 with_detections=893 confirmed=[3, 4, 5, 6] pending=[1, 7]
[aruco_detector-1] [INFO] [1787206544.673654621] [aruco_detector]: frames=4015 with_detections=893 confirmed=[3, 4, 5, 6] pending=[1, 7]
[aruco_detector-1] [INFO] [1787206554.674694387] [aruco_detector]: frames=4065 with_detections=893 confirmed=[3, 4, 5, 6] pending=[1, 7]
[aruco_detector-1] [INFO] [1787206564.676560338] [aruco_detector]: frames=4115 with_detections=893 confirmed=[3, 4, 5, 6] pending=[1, 7]
[aruco_detector-1] [INFO] [1787206574.680745516] [aruco_detector]: frames=4165 with_detections=893 confirmed=[3, 4, 5, 6] pending=[1, 7]
[aruco_detector-1] [INFO] [1787206584.680815338] [aruco_detector]: frames=4215 with_detections=893 confirmed=[3, 4, 5, 6] pending=[1, 7]
[aruco_detector-1] [INFO] [1787206594.680839415] [aruco_detector]: frames=4265 with_detections=893 confirmed=[3, 4, 5, 6] pending=[1, 7]
[aruco_detector-1] [INFO] [1787206604.677447595] [aruco_detector]: frames=4315 with_detections=893 confirmed=[3, 4, 5, 6] pending=[1, 7]
[aruco_detector-1] [INFO] [1787206614.677443027] [aruco_detector]: frames=4365 with_detections=893 confirmed=[3, 4, 5, 6] pending=[1, 7]
[aruco_detector-1] [INFO] [1787206624.677585886] [aruco_detector]: frames=4415 with_detections=893 confirmed=[3, 4, 5, 6] pending=[1, 7]
[aruco_detector-1] [INFO] [1787206634.687016884] [aruco_detector]: frames=4465 with_detections=893 confirmed=[3, 4, 5, 6] pending=[1, 7]
[aruco_detector-1] [INFO] [1787206644.687200882] [aruco_detector]: frames=4515 with_detections=893 confirmed=[3, 4, 5, 6] pending=[1, 7]
[aruco_detector-1] [INFO] [1787206654.687054584] [aruco_detector]: frames=4565 with_detections=893 confirmed=[3, 4, 5, 6] pending=[1, 7]
[aruco_detector-1] [INFO] [1787206664.692621330] [aruco_detector]: frames=4615 with_detections=893 confirmed=[3, 4, 5, 6] pending=[1, 7]
[aruco_detector-1] [INFO] [1787206674.734297979] [aruco_detector]: frames=4665 with_detections=893 confirmed=[3, 4, 5, 6] pending=[1, 7]
[aruco_detector-1] [INFO] [1787206684.734261258] [aruco_detector]: frames=4715 with_detections=893 confirmed=[3, 4, 5, 6] pending=[1, 7]
