[INFO] [launch]: All log files can be found below /home/smirn/.ros/log/2026-08-20-08-01-19-721938-Tornadosky-4658
[INFO] [launch]: Default logging verbosity is set to INFO
[INFO] [ign-1]: process started with pid [4660]
[INFO] [parameter_bridge-2]: process started with pid [4662]
[INFO] [robot_state_publisher-3]: process started with pid [4664]
[INFO] [parameter_bridge-4]: process started with pid [4666]
[INFO] [static_transform_publisher-5]: process started with pid [4668]
[static_transform_publisher-5] [WARN] [1787205679.816550989] []: Old-style arguments are deprecated; see --help for new-style arguments
[static_transform_publisher-5] [INFO] [1787205679.819762459] [gpu_lidar_tf_leo1]: Spinning until stopped - publishing transform
[static_transform_publisher-5] translation: ('0.000000', '0.000000', '0.000000')
[static_transform_publisher-5] rotation: ('0.000000', '0.000000', '0.000000', '1.000000')
[static_transform_publisher-5] from 'leo1/sensor_lidar_link' to 'leo1/base_footprint/gpu_lidar'
[robot_state_publisher-3] [INFO] [1787205679.834506337] [leo1.robot_state_publisher]: got segment leo1/antenna_link
[robot_state_publisher-3] [INFO] [1787205679.834566626] [leo1.robot_state_publisher]: got segment leo1/base_footprint
[robot_state_publisher-3] [INFO] [1787205679.834571791] [leo1.robot_state_publisher]: got segment leo1/base_link
[robot_state_publisher-3] [INFO] [1787205679.834574709] [leo1.robot_state_publisher]: got segment leo1/camera_frame
[robot_state_publisher-3] [INFO] [1787205679.834577613] [leo1.robot_state_publisher]: got segment leo1/camera_optical_frame
[robot_state_publisher-3] [INFO] [1787205679.834580273] [leo1.robot_state_publisher]: got segment leo1/imu_frame
[robot_state_publisher-3] [INFO] [1787205679.834582753] [leo1.robot_state_publisher]: got segment leo1/rocker_L_link
[robot_state_publisher-3] [INFO] [1787205679.834585321] [leo1.robot_state_publisher]: got segment leo1/rocker_R_link
[robot_state_publisher-3] [INFO] [1787205679.834587646] [leo1.robot_state_publisher]: got segment leo1/sensor_camera_link
[robot_state_publisher-3] [INFO] [1787205679.834590135] [leo1.robot_state_publisher]: got segment leo1/sensor_imu_link
[robot_state_publisher-3] [INFO] [1787205679.834592882] [leo1.robot_state_publisher]: got segment leo1/sensor_lidar_link
[robot_state_publisher-3] [INFO] [1787205679.834595363] [leo1.robot_state_publisher]: got segment leo1/wheel_FL_link
[robot_state_publisher-3] [INFO] [1787205679.834597771] [leo1.robot_state_publisher]: got segment leo1/wheel_FR_link
[robot_state_publisher-3] [INFO] [1787205679.834600069] [leo1.robot_state_publisher]: got segment leo1/wheel_RL_link
[robot_state_publisher-3] [INFO] [1787205679.834602357] [leo1.robot_state_publisher]: got segment leo1/wheel_RR_link
[parameter_bridge-4] [INFO] [1787205679.836437994] [leo1.bridge_leo1]: Creating GZ->ROS Bridge: [/leo1/scan (gz.msgs.LaserScan) -> /leo1/scan (sensor_msgs/msg/LaserScan)] (Lazy 0)
[parameter_bridge-4] [INFO] [1787205679.837143071] [leo1.bridge_leo1]: Creating GZ->ROS Bridge: [/leo1/imu/data (gz.msgs.IMU) -> /leo1/imu/data (sensor_msgs/msg/Imu)] (Lazy 0)
[parameter_bridge-4] [INFO] [1787205679.837353799] [leo1.bridge_leo1]: Creating GZ->ROS Bridge: [/leo1/odom (gz.msgs.Odometry) -> /leo1/odom (nav_msgs/msg/Odometry)] (Lazy 0)
[parameter_bridge-4] [INFO] [1787205679.837654556] [leo1.bridge_leo1]: Creating ROS->GZ Bridge: [/leo1/cmd_vel (geometry_msgs/msg/Twist) -> /leo1/cmd_vel (gz.msgs.Twist)] (Lazy 0)
[parameter_bridge-4] [INFO] [1787205679.837973438] [leo1.bridge_leo1]: Creating GZ->ROS Bridge: [/leo1/camera/image (gz.msgs.Image) -> /leo1/camera/image (sensor_msgs/msg/Image)] (Lazy 0)
[parameter_bridge-4] [INFO] [1787205679.838178178] [leo1.bridge_leo1]: Creating GZ->ROS Bridge: [/leo1/camera/camera_info (gz.msgs.CameraInfo) -> /leo1/camera/camera_info (sensor_msgs/msg/CameraInfo)] (Lazy 0)
[parameter_bridge-4] [INFO] [1787205679.838349451] [leo1.bridge_leo1]: Creating GZ->ROS Bridge: [/leo1/camera/points (gz.msgs.PointCloudPacked) -> /leo1/camera/points (sensor_msgs/msg/PointCloud2)] (Lazy 0)
[parameter_bridge-4] [INFO] [1787205679.838510395] [leo1.bridge_leo1]: Creating GZ->ROS Bridge: [/model/leo1/pose (gz.msgs.Pose) -> /model/leo1/pose (geometry_msgs/msg/Pose)] (Lazy 0)
[parameter_bridge-4] [INFO] [1787205679.838662011] [leo1.bridge_leo1]: Creating GZ->ROS Bridge: [/model/leo1/tf (gz.msgs.Pose_V) -> /model/leo1/tf (tf2_msgs/msg/TFMessage)] (Lazy 0)
[parameter_bridge-4] [INFO] [1787205679.838994831] [leo1.bridge_leo1]: Creating GZ->ROS Bridge: [/leo1/joint_states (gz.msgs.Model) -> /leo1/joint_states (sensor_msgs/msg/JointState)] (Lazy 0)
[parameter_bridge-2] [INFO] [1787205679.836452863] [clock_bridge]: Creating GZ->ROS Bridge: [/clock (gz.msgs.Clock) -> /clock (rosgraph_msgs/msg/Clock)] (Lazy 0)
[INFO] [create-6]: process started with pid [4928]
[create-6] [INFO] [1787205687.830283685] [spawn_leo1]: Requesting list of world names.
[create-6] [INFO] [1787205688.032758223] [spawn_leo1]: Waiting messages on topic [/leo1/robot_description].
[create-6] [INFO] [1787205688.036679926] [spawn_leo1]: Requested creation of entity.
[create-6] [INFO] [1787205688.036717490] [spawn_leo1]: OK creation of entity.
[INFO] [create-6]: process has finished cleanly [pid 4928]
[parameter_bridge-4] [INFO] [1787205710.804820600] [leo1.bridge_leo1]: Passing message from ROS geometry_msgs/msg/Twist to Gazebo gz.msgs.Twist (showing msg only once per type)
[ign-1] NodeShared::Publish() Error: Interrupted system call
[ign-1] NodeShared::Publish() Error: Interrupted system call
[ign-1] NodeShared::Publish() Error: Interrupted system call
[ign-1] NodeShared::Publish() Error: Interrupted system call
[ign-1] NodeShared::Publish() Error: Interrupted system call
[ign-1] NodeShared::Publish() Error: Interrupted system call
[ign-1] NodeShared::Publish() Error: Interrupted system call
