[wsl-exp 10:22:53] backend=wsl:Ubuntu stack=hybrid world=office_world profile=realistic cap=25min out=reports/night/p2_post_s2002
[wsl-exp 10:22:53] syncing src/ and scripts/ into /home/smirn/leo_ws
[wsl-exp 10:22:54] colcon build (leo_nav2_exploration, leo_rover_gazebo)
  1 package failed: leo_rover_gazebo
  1 package aborted: leo_nav2_exploration
  1 package had stderr output: leo_rover_gazebo
[wsl-exp 10:22:56] killing any previous sim
[wsl-exp 10:23:00] cleanup: 0 ROS processes still alive
[wsl-exp 10:23:05] starting simulator (GPU, headless)
[wsl-exp 10:23:06] waiting for /leo1/scan
[wsl-exp 10:23:18] scan: average rate: 59.707
[wsl-exp 10:23:18] renderer: 10:23:14: GL_RENDERER = D3D12 (NVIDIA GeForce RTX 4060 Ti)
[wsl-exp 10:23:21] wheel-odometry model (message only) + gyro + EKF
[wsl-exp 10:23:36] overlay stack: sim_navigation.launch.py
[wsl-exp 10:23:37] waiting for Nav2 planner action
[wsl-exp 10:23:59] camera/points (with stack up): average rate: 5.010
[wsl-exp 10:24:02] scan_filtered: average rate: 9.860
[wsl-exp 10:24:02] starting recorders
[wsl-exp 10:24:05] starting costmap recorder
[wsl-exp 10:24:10] bootstrap jog
[wsl-exp 10:24:28] explorer launched; polling (cap 25 min)
[wsl-exp 10:39:31] explorer reports completion
[wsl-exp 10:39:37] saving map
[wsl-exp 10:39:38] flushing recorders
[wsl-exp 10:39:58] cleanup: 0 ROS processes still alive
[wsl-exp 10:40:00] done -> reports/night/p2_post_s2002
