[INFO] [1783978070.098855514] [map_saver]: 
	map_saver lifecycle node launched. 
	Waiting on external lifecycle transitions to activate
	See https://design.ros2.org/articles/node_lifecycle.html for more information.
[INFO] [1783978070.098960450] [map_saver]: Creating
[INFO] [1783978070.099346114] [map_saver]: Configuring
[INFO] [1783978070.135703176] [map_saver]: Saving map from 'map' topic to '/ros2_ws/reports/overnight_2026-07-13/runs/item_smoke/merged_map' file
[WARN] [1783978070.136114486] [map_saver]: Free threshold unspecified. Setting it to default value: 0.250000
[WARN] [1783978070.136166565] [map_saver]: Occupied threshold unspecified. Setting it to default value: 0.650000
[WARN] [1783978070.141142155] [map_io]: Image format unspecified. Setting it to: pgm
[INFO] [1783978070.141241068] [map_io]: Received a 479 X 320 map @ 0.05 m/pix
[INFO] [1783978070.216234350] [map_io]: Writing map occupancy data to /ros2_ws/reports/overnight_2026-07-13/runs/item_smoke/merged_map.pgm
[INFO] [1783978070.239550461] [map_io]: Writing map metadata to /ros2_ws/reports/overnight_2026-07-13/runs/item_smoke/merged_map.yaml
[INFO] [1783978070.241634006] [map_io]: Map saved
[INFO] [1783978070.241661834] [map_saver]: Map saved successfully
[INFO] [1783978070.243405058] [map_saver]: Destroying
[INFO] [1783978075.990865551] [map_saver]: 
	map_saver lifecycle node launched. 
	Waiting on external lifecycle transitions to activate
	See https://design.ros2.org/articles/node_lifecycle.html for more information.
[INFO] [1783978075.991085973] [map_saver]: Creating
[INFO] [1783978075.992478956] [map_saver]: Configuring
[INFO] [1783978076.029308540] [map_saver]: Saving map from 'map' topic to '/ros2_ws/reports/overnight_2026-07-13/runs/item_smoke/leo1_map' file
[WARN] [1783978076.029353155] [map_saver]: Free threshold unspecified. Setting it to default value: 0.250000
[WARN] [1783978076.029365516] [map_saver]: Occupied threshold unspecified. Setting it to default value: 0.650000
[WARN] [1783978076.034452607] [map_io]: Image format unspecified. Setting it to: pgm
[INFO] [1783978076.034534881] [map_io]: Received a 478 X 317 map @ 0.05 m/pix
[INFO] [1783978076.125814218] [map_io]: Writing map occupancy data to /ros2_ws/reports/overnight_2026-07-13/runs/item_smoke/leo1_map.pgm
[INFO] [1783978076.153805080] [map_io]: Writing map metadata to /ros2_ws/reports/overnight_2026-07-13/runs/item_smoke/leo1_map.yaml
[INFO] [1783978076.156715614] [map_io]: Map saved
[INFO] [1783978076.156755752] [map_saver]: Map saved successfully
[INFO] [1783978076.158584556] [map_saver]: Destroying
[INFO] [1783978081.857764078] [map_saver]: 
	map_saver lifecycle node launched. 
	Waiting on external lifecycle transitions to activate
	See https://design.ros2.org/articles/node_lifecycle.html for more information.
[INFO] [1783978081.857936978] [map_saver]: Creating
[INFO] [1783978081.859299721] [map_saver]: Configuring
[INFO] [1783978082.469265557] [map_saver]: Saving map from 'map' topic to '/ros2_ws/reports/overnight_2026-07-13/runs/item_smoke/leo2_map' file
[WARN] [1783978082.469308663] [map_saver]: Free threshold unspecified. Setting it to default value: 0.250000
[WARN] [1783978082.469321458] [map_saver]: Occupied threshold unspecified. Setting it to default value: 0.650000
[WARN] [1783978082.474107896] [map_io]: Image format unspecified. Setting it to: pgm
[INFO] [1783978082.474165728] [map_io]: Received a 478 X 319 map @ 0.05 m/pix
[INFO] [1783978083.717864273] [map_io]: Writing map occupancy data to /ros2_ws/reports/overnight_2026-07-13/runs/item_smoke/leo2_map.pgm
[INFO] [1783978083.744375784] [map_io]: Writing map metadata to /ros2_ws/reports/overnight_2026-07-13/runs/item_smoke/leo2_map.yaml
[INFO] [1783978083.746553503] [map_io]: Map saved
[INFO] [1783978083.746584472] [map_saver]: Map saved successfully
[INFO] [1783978083.748565013] [map_saver]: Destroying
