[INFO] [1783983336.192904896] [map_saver]: 
	map_saver lifecycle node launched. 
	Waiting on external lifecycle transitions to activate
	See https://design.ros2.org/articles/node_lifecycle.html for more information.
[INFO] [1783983336.193008908] [map_saver]: Creating
[INFO] [1783983336.194525700] [map_saver]: Configuring
[INFO] [1783983336.223589305] [map_saver]: Saving map from 'map' topic to '/ros2_ws/reports/overnight_2026-07-13/item_search/2coord_seedB/merged_map' file
[WARN] [1783983336.223639467] [map_saver]: Free threshold unspecified. Setting it to default value: 0.250000
[WARN] [1783983336.223658529] [map_saver]: Occupied threshold unspecified. Setting it to default value: 0.650000
[WARN] [1783983336.227569865] [map_io]: Image format unspecified. Setting it to: pgm
[INFO] [1783983336.227627949] [map_io]: Received a 480 X 320 map @ 0.05 m/pix
[INFO] [1783983336.292358818] [map_io]: Writing map occupancy data to /ros2_ws/reports/overnight_2026-07-13/item_search/2coord_seedB/merged_map.pgm
[INFO] [1783983336.318675554] [map_io]: Writing map metadata to /ros2_ws/reports/overnight_2026-07-13/item_search/2coord_seedB/merged_map.yaml
[INFO] [1783983336.321107073] [map_io]: Map saved
[INFO] [1783983336.321150799] [map_saver]: Map saved successfully
[INFO] [1783983336.322880723] [map_saver]: Destroying
[INFO] [1783983341.243946249] [map_saver]: 
	map_saver lifecycle node launched. 
	Waiting on external lifecycle transitions to activate
	See https://design.ros2.org/articles/node_lifecycle.html for more information.
[INFO] [1783983341.244039561] [map_saver]: Creating
[INFO] [1783983341.245425936] [map_saver]: Configuring
[INFO] [1783983341.270725375] [map_saver]: Saving map from 'map' topic to '/ros2_ws/reports/overnight_2026-07-13/item_search/2coord_seedB/leo1_map' file
[WARN] [1783983341.270759590] [map_saver]: Free threshold unspecified. Setting it to default value: 0.250000
[WARN] [1783983341.270769776] [map_saver]: Occupied threshold unspecified. Setting it to default value: 0.650000
[WARN] [1783983341.274798297] [map_io]: Image format unspecified. Setting it to: pgm
[INFO] [1783983341.274893591] [map_io]: Received a 478 X 319 map @ 0.05 m/pix
[INFO] [1783983341.341334626] [map_io]: Writing map occupancy data to /ros2_ws/reports/overnight_2026-07-13/item_search/2coord_seedB/leo1_map.pgm
[INFO] [1783983341.363330702] [map_io]: Writing map metadata to /ros2_ws/reports/overnight_2026-07-13/item_search/2coord_seedB/leo1_map.yaml
[INFO] [1783983341.365288889] [map_io]: Map saved
[INFO] [1783983341.365316333] [map_saver]: Map saved successfully
[INFO] [1783983341.366933573] [map_saver]: Destroying
[INFO] [1783983346.565163286] [map_saver]: 
	map_saver lifecycle node launched. 
	Waiting on external lifecycle transitions to activate
	See https://design.ros2.org/articles/node_lifecycle.html for more information.
[INFO] [1783983346.565391579] [map_saver]: Creating
[INFO] [1783983346.566163410] [map_saver]: Configuring
[INFO] [1783983346.596770443] [map_saver]: Saving map from 'map' topic to '/ros2_ws/reports/overnight_2026-07-13/item_search/2coord_seedB/leo2_map' file
[WARN] [1783983346.597014068] [map_saver]: Free threshold unspecified. Setting it to default value: 0.250000
[WARN] [1783983346.597047648] [map_saver]: Occupied threshold unspecified. Setting it to default value: 0.650000
[WARN] [1783983346.601294971] [map_io]: Image format unspecified. Setting it to: pgm
[INFO] [1783983346.601349804] [map_io]: Received a 479 X 318 map @ 0.05 m/pix
[INFO] [1783983346.687532723] [map_io]: Writing map occupancy data to /ros2_ws/reports/overnight_2026-07-13/item_search/2coord_seedB/leo2_map.pgm
[INFO] [1783983346.713684173] [map_io]: Writing map metadata to /ros2_ws/reports/overnight_2026-07-13/item_search/2coord_seedB/leo2_map.yaml
[INFO] [1783983346.715626904] [map_io]: Map saved
[INFO] [1783983346.715654445] [map_saver]: Map saved successfully
[INFO] [1783983346.717330828] [map_saver]: Destroying
