[INFO] [launch]: All log files can be found below /root/.ros/log/2026-07-13-22-34-23-190372-3c37441ba1cf-269
[INFO] [launch]: Default logging verbosity is set to INFO
[INFO] [python3-1]: process started with pid [358]
[INFO] [static_transform_publisher-2]: process started with pid [360]
[INFO] [static_transform_publisher-3]: process started with pid [362]
[static_transform_publisher-3] [INFO] [1783982063.443945966] [map_to_leo2_map]: Spinning until stopped - publishing transform
[static_transform_publisher-3] translation: ('0.000000', '0.000000', '0.000000')
[static_transform_publisher-3] rotation: ('0.000000', '0.000000', '0.000000', '1.000000')
[static_transform_publisher-3] from 'map' to 'leo2/map'
[static_transform_publisher-2] [INFO] [1783982063.471930774] [map_to_leo1_map]: Spinning until stopped - publishing transform
[static_transform_publisher-2] translation: ('0.000000', '0.000000', '0.000000')
[static_transform_publisher-2] rotation: ('0.000000', '0.000000', '0.000000', '1.000000')
[static_transform_publisher-2] from 'map' to 'leo1/map'
[python3-1] [INFO] [1783982165.777563695] [map_compositor]: registered leo2: offset (-0.010, 0.000, -0.10deg) score=0.397
[python3-1] [INFO] [1783982200.501923022] [map_compositor]: registered leo2: offset (-0.050, -0.005, 0.10deg) score=0.353
[python3-1] [INFO] [1783982235.448369930] [map_compositor]: registered leo2: offset (-0.050, -0.025, 0.05deg) score=0.324
[python3-1] [INFO] [1783982270.321332310] [map_compositor]: registered leo2: offset (-0.065, -0.010, -0.15deg) score=0.226
[python3-1] [INFO] [1783982304.897437896] [map_compositor]: registered leo2: offset (-0.175, -0.010, -0.10deg) score=0.209
[python3-1] [INFO] [1783982339.798853945] [map_compositor]: registered leo2: offset (-0.075, -0.010, -0.15deg) score=0.181
[python3-1] [INFO] [1783982374.624535945] [map_compositor]: registered leo2: offset (-0.215, -0.010, -0.10deg) score=0.180
[python3-1] [INFO] [1783982409.210307105] [map_compositor]: registered leo2: offset (-0.075, -0.010, -0.15deg) score=0.152
[python3-1] [INFO] [1783982443.806676958] [map_compositor]: registered leo2: offset (-0.075, -0.010, -0.20deg) score=0.134
[python3-1] [INFO] [1783982480.400532149] [map_compositor]: registered leo2: offset (-0.075, -0.010, -0.15deg) score=0.132
[python3-1] [INFO] [1783982520.177644086] [map_compositor]: registered leo2: offset (-0.085, -0.010, -0.10deg) score=0.156
[python3-1] [INFO] [1783982570.291821275] [map_compositor]: registered leo2: offset (-0.085, -0.005, -0.10deg) score=0.157
[python3-1] [INFO] [1783982611.237054439] [map_compositor]: registered leo2: offset (-0.085, -0.010, -0.10deg) score=0.158
[python3-1] [INFO] [1783982648.357718504] [map_compositor]: registered leo2: offset (-0.085, -0.005, -0.10deg) score=0.158
[python3-1] [INFO] [1783982685.329136549] [map_compositor]: registered leo2: offset (-0.085, -0.010, -0.10deg) score=0.158
[python3-1] [INFO] [1783982723.546795555] [map_compositor]: registered leo2: offset (-0.085, -0.005, -0.10deg) score=0.158
[python3-1] [INFO] [1783982760.350727628] [map_compositor]: registered leo2: offset (-0.120, -0.010, -0.20deg) score=0.161
[python3-1] [INFO] [1783982798.264815258] [map_compositor]: registered leo2: offset (-0.205, -0.025, 0.25deg) score=0.175
[python3-1] [INFO] [1783982836.031081724] [map_compositor]: registered leo2: offset (-0.105, -0.015, -0.15deg) score=0.177
[python3-1] [INFO] [1783982870.851470670] [map_compositor]: registered leo2: offset (-0.105, -0.010, -0.15deg) score=0.180
[python3-1] [INFO] [1783982905.694012976] [map_compositor]: registered leo2: offset (-0.105, -0.015, -0.15deg) score=0.169
[python3-1] [INFO] [1783982940.353165735] [map_compositor]: registered leo2: offset (-0.105, -0.010, -0.15deg) score=0.169
[python3-1] [INFO] [1783982975.284495503] [map_compositor]: registered leo2: offset (-0.105, -0.015, -0.15deg) score=0.168
[python3-1] [INFO] [1783983013.429358919] [map_compositor]: registered leo2: offset (-0.105, -0.020, -0.15deg) score=0.178
[python3-1] [INFO] [1783983062.685679897] [map_compositor]: registered leo2: offset (-0.105, -0.015, -0.15deg) score=0.177
[python3-1] [INFO] [1783983109.174148684] [map_compositor]: registered leo2: offset (-0.105, -0.020, -0.15deg) score=0.177
[python3-1] [INFO] [1783983159.305804636] [map_compositor]: registered leo2: offset (-0.105, -0.015, -0.15deg) score=0.177
[python3-1] [INFO] [1783983211.290491322] [map_compositor]: registered leo2: offset (-0.105, -0.020, -0.15deg) score=0.177
[python3-1] [INFO] [1783983261.163353102] [map_compositor]: registered leo2: offset (-0.105, -0.015, -0.15deg) score=0.178
[python3-1] [INFO] [1783983312.989241297] [map_compositor]: registered leo2: offset (-0.105, -0.020, -0.15deg) score=0.182
[python3-1] [INFO] [1783983359.400025642] [map_compositor]: registered leo2: offset (-0.105, -0.015, -0.15deg) score=0.182
