[INFO] [launch]: All log files can be found below /root/.ros/log/2026-07-06-16-13-57-437276-0186986e6756-663
[INFO] [launch]: Default logging verbosity is set to INFO
[INFO] [frontier_explorer-1]: process started with pid [737]
[frontier_explorer-1] [INFO] [1783354440.769983830] [frontier_explorer]: Frontier explorer up for "leo1" (base_frame=leo1/base_link); coordination=coordinated, peers=none
[frontier_explorer-1] [WARN] [1783354441.012784289] [frontier_explorer]: Watchdog: work exists but no goal active and robot stationary - clearing costmaps
[frontier_explorer-1] [INFO] [1783354442.397456096] [frontier_explorer]: Initial pose recorded: (2.45, 0.01)
[frontier_explorer-1] [INFO] [1783354442.651007075] [frontier_explorer]: New frontier goal: (11.96, -0.24)
[frontier_explorer-1] [INFO] [1783354449.356179140] [frontier_explorer]: New frontier goal: (-1.79, -9.91)
[frontier_explorer-1] [INFO] [1783354480.126094470] [frontier_explorer]: New frontier goal: (-1.04, -9.60)
[frontier_explorer-1] [INFO] [1783354487.530564422] [frontier_explorer]: No path to frontier goal (8.92, -10.40), skipping
[frontier_explorer-1] [INFO] [1783354489.928481801] [frontier_explorer]: New frontier goal: (11.67, -9.50)
[frontier_explorer-1] [INFO] [1783354499.071897884] [frontier_explorer]: New frontier goal: (11.82, -8.75)
[frontier_explorer-1] [INFO] [1783354508.480432227] [frontier_explorer]: New frontier goal: (9.32, -6.05)
[frontier_explorer-1] [INFO] [1783354515.721945435] [frontier_explorer]: New frontier goal: (-6.33, 8.95)
[frontier_explorer-1] [INFO] [1783354549.254931891] [frontier_explorer]: New frontier goal: (-11.89, 5.21)
[frontier_explorer-1] [INFO] [1783354586.174196158] [frontier_explorer]: New frontier goal: (6.16, 8.26)
[frontier_explorer-1] [INFO] [1783354615.780082560] [frontier_explorer]: New frontier goal: (-8.74, 9.81)
[frontier_explorer-1] [INFO] [1783354634.304045845] [frontier_explorer]: New frontier goal: (-9.99, 10.41)
[frontier_explorer-1] [INFO] [1783354641.793449308] [frontier_explorer]: No path to frontier goal (-12.14, 9.06), skipping
[frontier_explorer-1] [INFO] [1783354644.469921787] [frontier_explorer]: New frontier goal: (-8.74, 5.66)
[frontier_explorer-1] [INFO] [1783354652.284114628] [frontier_explorer]: New frontier goal: (-9.39, -6.94)
[frontier_explorer-1] [INFO] [1783354662.713560560] [frontier_explorer]: New frontier goal: (-9.34, -5.99)
[frontier_explorer-1] [INFO] [1783354670.867546337] [frontier_explorer]: New frontier goal: (-8.04, -6.97)
[frontier_explorer-1] [INFO] [1783354681.716954258] [frontier_explorer]: New frontier goal: (-8.06, -6.17)
[frontier_explorer-1] [INFO] [1783354690.188962200] [frontier_explorer]: New frontier goal: (7.74, 7.08)
[frontier_explorer-1] [INFO] [1783354757.059130099] [frontier_explorer]: New frontier goal: (7.47, 5.29)
[frontier_explorer-1] [INFO] [1783354770.162019688] [frontier_explorer]: Exploration + sweep complete: camera coverage 11% (621/5505 wall cells), items found: [] (0 confirmed, 0 seen)
[frontier_explorer-1] [INFO] [1783354770.201564780] [frontier_explorer]: Returning to initial pose...
[frontier_explorer-1] [INFO] [1783354803.951921485] [frontier_explorer]: Returned to initial pose.
[frontier_explorer-1] [INFO] [1783354803.990965798] [frontier_explorer]: Exploration finished.
[frontier_explorer-1] [INFO] [1783354810.961044191] [frontier_explorer]: Map saved to /ros2_ws/reports/collab_big/big_single/map
