[INFO] [launch]: All log files can be found below /home/smirn/.ros/log/2026-08-20-05-28-41-872969-Tornadosky-126715
[INFO] [launch]: Default logging verbosity is set to INFO
[INFO] [aruco_detector-1]: process started with pid [126716]
[aruco_detector-1] [INFO] [1787196522.457534876] [aruco_detector]: aruco_detector: dict=DICT_4X4_50 len=0.2 m image=/leo1/camera/image optical_frame=False map_frame=map cv2=4.5.4 allowed_ids=[1, 2, 3, 4, 5, 6, 7, 8]
[aruco_detector-1] [INFO] [1787196522.458837542] [aruco_detector]: frames=0 with_detections=0 confirmed=[] pending=[]
[aruco_detector-1] [INFO] [1787196522.591252626] [aruco_detector]: camera intrinsics: fx=554.4 fy=554.4 cx=320.0 cy=240.0 distortion=5 coeffs
[aruco_detector-1] [INFO] [1787196526.786675797] [aruco_detector]: frames=21 with_detections=0 confirmed=[] pending=[]
[aruco_detector-1] [INFO] [1787196536.811654635] [aruco_detector]: frames=71 with_detections=0 confirmed=[] pending=[]
[aruco_detector-1] [INFO] [1787196546.818113665] [aruco_detector]: frames=121 with_detections=41 confirmed=[] pending=[]
[aruco_detector-1] [INFO] [1787196556.817299761] [aruco_detector]: frames=171 with_detections=47 confirmed=[] pending=[]
[aruco_detector-1] [INFO] [1787196566.817315098] [aruco_detector]: frames=221 with_detections=47 confirmed=[] pending=[]
[aruco_detector-1] [WARN] [1787196570.050483937] [aruco_detector]: ignoring ArUco id 21: not in allowed_ids [1, 2, 3, 4, 5, 6, 7, 8]
[aruco_detector-1] [INFO] [1787196570.652310599] [aruco_detector]: ArUco 4 CONFIRMED at map (-3.23, 3.80, 0.13) range 4.73 m, reproj 0.20 px
[aruco_detector-1] [INFO] [1787196576.817755576] [aruco_detector]: frames=271 with_detections=70 confirmed=[4] pending=[]
[aruco_detector-1] [INFO] [1787196586.817426150] [aruco_detector]: frames=321 with_detections=92 confirmed=[4] pending=[]
[aruco_detector-1] [INFO] [1787196596.817209813] [aruco_detector]: frames=371 with_detections=103 confirmed=[4] pending=[]
[aruco_detector-1] [INFO] [1787196606.818430152] [aruco_detector]: frames=421 with_detections=148 confirmed=[4] pending=[]
[aruco_detector-1] [INFO] [1787196616.818690685] [aruco_detector]: frames=471 with_detections=151 confirmed=[4] pending=[]
[aruco_detector-1] [INFO] [1787196626.818605684] [aruco_detector]: frames=521 with_detections=151 confirmed=[4] pending=[]
[aruco_detector-1] [INFO] [1787196636.818565876] [aruco_detector]: frames=571 with_detections=151 confirmed=[4] pending=[]
[aruco_detector-1] [INFO] [1787196646.819569247] [aruco_detector]: frames=621 with_detections=151 confirmed=[4] pending=[]
[aruco_detector-1] [INFO] [1787196656.819553755] [aruco_detector]: frames=671 with_detections=152 confirmed=[4] pending=[]
[aruco_detector-1] [INFO] [1787196663.474551133] [aruco_detector]: ArUco 1 CONFIRMED at map (-9.84, -0.14, 0.14) range 5.93 m, reproj 0.01 px
[aruco_detector-1] [INFO] [1787196666.838594524] [aruco_detector]: frames=721 with_detections=176 confirmed=[1, 4] pending=[]
[aruco_detector-1] [INFO] [1787196676.856614398] [aruco_detector]: frames=771 with_detections=197 confirmed=[1, 4] pending=[]
[aruco_detector-1] [INFO] [1787196681.489883100] [aruco_detector]: ArUco 6 CONFIRMED at map (-10.71, -3.99, 0.13) range 5.13 m, reproj 0.27 px
