[INFO] [launch]: All log files can be found below /root/.ros/log/2026-07-06-11-34-56-766200-f56909e76310-1060
[INFO] [launch]: Default logging verbosity is set to INFO
[INFO] [frontier_explorer-1]: process started with pid [1153]
[INFO] [frontier_explorer-2]: process started with pid [1155]
[frontier_explorer-2] [INFO] [1783337699.744693805] [leo2.frontier_explorer]: Frontier explorer up for "leo2" (base_frame=leo2/base_link); coordination=coordinated, peers=['leo1']
[frontier_explorer-1] [INFO] [1783337699.745662668] [leo1.frontier_explorer]: Frontier explorer up for "leo1" (base_frame=leo1/base_link); coordination=coordinated, peers=['leo2']
[frontier_explorer-2] [WARN] [1783337699.961730766] [leo2.frontier_explorer]: Watchdog: work exists but no goal active and robot stationary - clearing costmaps
[frontier_explorer-1] [WARN] [1783337699.963211150] [leo1.frontier_explorer]: Watchdog: work exists but no goal active and robot stationary - clearing costmaps
[frontier_explorer-1] [INFO] [1783337701.324638241] [leo1.frontier_explorer]: Initial pose recorded: (0.82, -0.00)
[frontier_explorer-2] [INFO] [1783337701.325957145] [leo2.frontier_explorer]: Initial pose recorded: (2.67, -0.00)
[frontier_explorer-1] [INFO] [1783337701.424342186] [leo1.frontier_explorer]: New frontier goal: (0.17, -0.47)
[frontier_explorer-2] [INFO] [1783337701.462499018] [leo2.frontier_explorer]: New frontier goal: (4.07, -0.00)
[frontier_explorer-2] [INFO] [1783337713.074700556] [leo2.frontier_explorer]: New frontier goal: (5.76, -0.08)
[frontier_explorer-1] [WARN] [1783337718.362830463] [leo1.frontier_explorer]: Frontier goal done but frontier survived at (0.17, -0.47) - striking it
[frontier_explorer-2] [INFO] [1783337724.166707555] [leo2.frontier_explorer]: New frontier goal: (-3.69, 0.04)
[frontier_explorer-1] [WARN] [1783337729.557292933] [leo1.frontier_explorer]: Idle at 0.5 m explored (< 4.0 m) - warmup drive to break startup livelock
[frontier_explorer-1] [INFO] [1783337747.928756272] [leo1.frontier_explorer]: New frontier goal: (2.31, 0.06)
[frontier_explorer-2] [INFO] [1783337755.020842885] [leo2.frontier_explorer]: New frontier goal: (-5.49, 0.34)
[frontier_explorer-1] [INFO] [1783337767.409249826] [leo1.frontier_explorer]: New frontier goal: (4.06, -0.08)
[frontier_explorer-2] [INFO] [1783337773.236546101] [leo2.frontier_explorer]: New frontier goal: (-7.49, 0.34)
[frontier_explorer-1] [INFO] [1783337796.238936727] [leo1.frontier_explorer]: New frontier goal: (7.31, 0.07)
[frontier_explorer-2] [INFO] [1783337815.750693800] [leo2.frontier_explorer]: New frontier goal: (-8.39, 0.34)
[frontier_explorer-1] [INFO] [1783337833.398156147] [leo1.frontier_explorer]: New frontier goal: (10.41, 0.10)
[frontier_explorer-2] [WARN] [1783337867.930426059] [leo2.frontier_explorer]: No progress for 32s - clearing costmaps and retrying goal (-8.39, 0.34)
[frontier_explorer-2] [WARN] [1783337920.112204766] [leo2.frontier_explorer]: Still no progress after costmap clear, blacklisting goal (-8.39, 0.34)
[frontier_explorer-2] [INFO] [1783337925.873502831] [leo2.frontier_explorer]: New frontier goal: (8.15, -2.86)
[frontier_explorer-2] [WARN] [1783337977.820431809] [leo2.frontier_explorer]: No progress for 32s - clearing costmaps and retrying goal (8.15, -2.86)
[frontier_explorer-1] [INFO] [1783338006.749033349] [leo1.frontier_explorer]: New frontier goal: (-7.54, 0.25)
[frontier_explorer-2] [WARN] [1783338031.908789616] [leo2.frontier_explorer]: Still no progress after costmap clear, blacklisting goal (8.15, -2.86)
[frontier_explorer-2] [WARN] [1783338034.551370915] [leo2.frontier_explorer]: Watchdog: work exists but no goal active and robot stationary - clearing costmaps
[frontier_explorer-2] [INFO] [1783338037.790676882] [leo2.frontier_explorer]: New frontier goal: (8.75, 1.89)
[frontier_explorer-2] [INFO] [1783338063.030720521] [leo2.frontier_explorer]: New frontier goal: (7.15, -3.01)
[frontier_explorer-2] [INFO] [1783338098.439574062] [leo2.frontier_explorer]: New frontier goal: (6.55, -3.57)
[frontier_explorer-1] [INFO] [1783338098.501650010] [leo1.frontier_explorer]: New frontier goal: (-8.59, -0.27)
[frontier_explorer-2] [INFO] [1783338114.932881877] [leo2.frontier_explorer]: New frontier goal: (3.50, -5.49)
[frontier_explorer-2] [INFO] [1783338137.358315804] [leo2.frontier_explorer]: No path to frontier goal (10.45, -5.19), skipping
[frontier_explorer-2] [INFO] [1783338142.887827551] [leo2.frontier_explorer]: New frontier goal: (10.15, 4.56)
[frontier_explorer-1] [INFO] [1783338166.494406339] [leo1.frontier_explorer]: New frontier goal: (5.54, -3.77)
[frontier_explorer-2] [INFO] [1783338183.382754185] [leo2.frontier_explorer]: New frontier goal: (10.90, 4.56)
[frontier_explorer-2] [INFO] [1783338226.449689176] [leo2.frontier_explorer]: New frontier goal: (5.90, 4.87)
[frontier_explorer-2] [INFO] [1783338246.106270266] [leo2.frontier_explorer]: New frontier goal: (6.45, 5.52)
[frontier_explorer-1] [INFO] [1783338254.180015239] [leo1.frontier_explorer]: New frontier goal: (-0.81, 4.43)
[frontier_explorer-2] [INFO] [1783338265.938679282] [leo2.frontier_explorer]: New frontier goal: (6.45, 6.62)
[frontier_explorer-2] [INFO] [1783338285.843145068] [leo2.frontier_explorer]: New frontier goal: (8.55, 5.47)
[frontier_explorer-2] [INFO] [1783338305.305129406] [leo2.frontier_explorer]: New frontier goal: (11.15, -6.48)
[frontier_explorer-1] [INFO] [1783338306.200746172] [leo1.frontier_explorer]: New frontier goal: (-0.82, 5.18)
[frontier_explorer-1] [INFO] [1783338327.242531419] [leo1.frontier_explorer]: No path to frontier goal (4.43, -5.07), skipping
[frontier_explorer-1] [INFO] [1783338333.790265082] [leo1.frontier_explorer]: New frontier goal: (9.28, -3.77)
[frontier_explorer-1] [INFO] [1783338415.219831395] [leo1.frontier_explorer]: New frontier goal: (4.48, -4.98)
[frontier_explorer-2] [INFO] [1783338434.463734715] [leo2.frontier_explorer]: New frontier goal: (-5.40, -0.04)
[frontier_explorer-1] [INFO] [1783338447.680086118] [leo1.frontier_explorer]: New frontier goal: (2.28, -5.19)
[frontier_explorer-1] [INFO] [1783338467.701314531] [leo1.frontier_explorer]: New frontier goal: (10.88, 4.65)
[frontier_explorer-2] [INFO] [1783338507.142611145] [leo2.frontier_explorer]: No path to frontier goal (-3.51, 3.41), skipping
[frontier_explorer-2] [INFO] [1783338513.182843804] [leo2.frontier_explorer]: New frontier goal: (-6.01, -1.09)
[frontier_explorer-1] [WARN] [1783338542.259785853] [leo1.frontier_explorer]: frontier goal failed (status 6), blacklisted (10.88, 4.65)
[frontier_explorer-1] [INFO] [1783338544.366440676] [leo1.frontier_explorer]: No path to frontier goal (7.43, 3.90), skipping
[frontier_explorer-1] [INFO] [1783338550.254166346] [leo1.frontier_explorer]: New frontier goal: (8.18, -7.25)
[frontier_explorer-2] [INFO] [1783338573.497204326] [leo2.frontier_explorer]: New frontier goal: (-1.64, 2.39)
[frontier_explorer-1] [WARN] [1783338603.869005771] [leo1.frontier_explorer]: frontier goal failed (status 6), blacklisted (8.18, -7.25)
[frontier_explorer-1] [INFO] [1783338605.128973979] [leo1.frontier_explorer]: New frontier goal: (-6.97, -3.15)
