[INFO] [launch]: All log files can be found below /home/smirn/.ros/log/2026-08-19-23-59-29-182627-Tornadosky-36548
[INFO] [launch]: Default logging verbosity is set to INFO
[INFO] [aruco_detector-1]: process started with pid [36549]
[aruco_detector-1] [INFO] [1787176769.827128641] [aruco_detector]: aruco_detector: dict=DICT_4X4_50 len=0.2 m image=/leo1/camera/image optical_frame=False map_frame=map cv2=4.5.4
[aruco_detector-1] [INFO] [1787176769.828543436] [aruco_detector]: camera intrinsics: fx=554.4 fy=554.4 cx=320.0 cy=240.0 distortion=5 coeffs
[aruco_detector-1] [INFO] [1787176769.829071202] [aruco_detector]: frames=0 with_detections=0 confirmed=[] pending=[]
[aruco_detector-1] [INFO] [1787176774.210800327] [aruco_detector]: frames=22 with_detections=0 confirmed=[] pending=[]
[aruco_detector-1] [INFO] [1787176784.244435938] [aruco_detector]: frames=72 with_detections=0 confirmed=[] pending=[]
[aruco_detector-1] [INFO] [1787176794.305326040] [aruco_detector]: frames=122 with_detections=0 confirmed=[] pending=[]
[aruco_detector-1] [INFO] [1787176804.308651052] [aruco_detector]: frames=172 with_detections=6 confirmed=[] pending=[]
[aruco_detector-1] [INFO] [1787176814.297118797] [aruco_detector]: frames=222 with_detections=6 confirmed=[] pending=[]
[aruco_detector-1] [INFO] [1787176817.333039928] [aruco_detector]: ArUco 4 CONFIRMED at map (-3.48, 4.23, 0.12) range 5.75 m, reproj 2.00 px
[aruco_detector-1] [INFO] [1787176824.297113624] [aruco_detector]: frames=272 with_detections=31 confirmed=[4] pending=[]
[aruco_detector-1] [INFO] [1787176834.300088105] [aruco_detector]: frames=322 with_detections=33 confirmed=[4] pending=[]
[aruco_detector-1] [INFO] [1787176844.289526577] [aruco_detector]: frames=372 with_detections=48 confirmed=[4] pending=[]
[aruco_detector-1] [INFO] [1787176854.289167282] [aruco_detector]: frames=422 with_detections=91 confirmed=[4] pending=[]
[aruco_detector-1] [INFO] [1787176864.289498695] [aruco_detector]: frames=472 with_detections=91 confirmed=[4] pending=[]
[aruco_detector-1] [INFO] [1787176874.282146722] [aruco_detector]: frames=522 with_detections=91 confirmed=[4] pending=[]
[aruco_detector-1] [INFO] [1787176884.282053680] [aruco_detector]: frames=572 with_detections=91 confirmed=[4] pending=[]
[aruco_detector-1] [INFO] [1787176894.281944680] [aruco_detector]: frames=622 with_detections=91 confirmed=[4] pending=[]
[aruco_detector-1] [INFO] [1787176904.273802683] [aruco_detector]: frames=672 with_detections=91 confirmed=[4] pending=[]
[aruco_detector-1] [INFO] [1787176914.273157227] [aruco_detector]: frames=722 with_detections=100 confirmed=[4] pending=[]
[aruco_detector-1] [INFO] [1787176919.307323598] [aruco_detector]: ArUco 2 CONFIRMED at map (9.15, 0.39, 0.14) range 5.95 m, reproj 0.15 px
[aruco_detector-1] [INFO] [1787176924.273451706] [aruco_detector]: frames=772 with_detections=125 confirmed=[2, 4] pending=[]
[aruco_detector-1] [INFO] [1787176934.266248515] [aruco_detector]: frames=822 with_detections=130 confirmed=[2, 4] pending=[]
[aruco_detector-1] [INFO] [1787176934.900248383] [aruco_detector]: ArUco 7 CONFIRMED at map (3.99, -6.95, 0.11) range 5.80 m, reproj 1.89 px
[aruco_detector-1] [INFO] [1787176944.266184630] [aruco_detector]: frames=872 with_detections=137 confirmed=[2, 4, 7] pending=[]
[aruco_detector-1] [INFO] [1787176954.266413307] [aruco_detector]: frames=922 with_detections=139 confirmed=[2, 4, 7] pending=[]
[aruco_detector-1] [INFO] [1787176960.100773949] [aruco_detector]: ArUco 5 CONFIRMED at map (9.87, 3.31, 0.14) range 5.98 m, reproj 0.19 px
[aruco_detector-1] [INFO] [1787176964.260449796] [aruco_detector]: frames=972 with_detections=179 confirmed=[2, 4, 5, 7] pending=[]
[aruco_detector-1] [INFO] [1787176974.262009240] [aruco_detector]: frames=1022 with_detections=213 confirmed=[2, 4, 5, 7] pending=[]
[aruco_detector-1] [INFO] [1787176984.261426457] [aruco_detector]: frames=1072 with_detections=254 confirmed=[2, 4, 5, 7] pending=[]
[aruco_detector-1] [INFO] [1787176994.251707652] [aruco_detector]: frames=1122 with_detections=277 confirmed=[2, 4, 5, 7] pending=[]
[aruco_detector-1] [INFO] [1787177004.254779329] [aruco_detector]: frames=1172 with_detections=277 confirmed=[2, 4, 5, 7] pending=[]
[aruco_detector-1] [INFO] [1787177014.254229908] [aruco_detector]: frames=1222 with_detections=277 confirmed=[2, 4, 5, 7] pending=[]
[aruco_detector-1] [INFO] [1787177024.246420641] [aruco_detector]: frames=1272 with_detections=277 confirmed=[2, 4, 5, 7] pending=[]
[aruco_detector-1] [INFO] [1787177034.246307057] [aruco_detector]: frames=1322 with_detections=287 confirmed=[2, 4, 5, 7] pending=[]
[aruco_detector-1] [INFO] [1787177044.246896860] [aruco_detector]: frames=1372 with_detections=287 confirmed=[2, 4, 5, 7] pending=[]
[aruco_detector-1] [INFO] [1787177054.241176580] [aruco_detector]: frames=1422 with_detections=287 confirmed=[2, 4, 5, 7] pending=[]
[aruco_detector-1] [INFO] [1787177064.240779126] [aruco_detector]: frames=1472 with_detections=287 confirmed=[2, 4, 5, 7] pending=[]
[aruco_detector-1] [INFO] [1787177074.269199219] [aruco_detector]: frames=1522 with_detections=300 confirmed=[2, 4, 5, 7] pending=[]
[aruco_detector-1] [INFO] [1787177084.265684885] [aruco_detector]: frames=1572 with_detections=300 confirmed=[2, 4, 5, 7] pending=[]
[aruco_detector-1] [INFO] [1787177094.265195888] [aruco_detector]: frames=1622 with_detections=300 confirmed=[2, 4, 5, 7] pending=[]
[aruco_detector-1] [INFO] [1787177104.268330294] [aruco_detector]: frames=1672 with_detections=300 confirmed=[2, 4, 5, 7] pending=[]
[aruco_detector-1] [INFO] [1787177114.260380105] [aruco_detector]: frames=1722 with_detections=300 confirmed=[2, 4, 5, 7] pending=[]
[aruco_detector-1] [INFO] [1787177124.260291943] [aruco_detector]: frames=1772 with_detections=308 confirmed=[2, 4, 5, 7] pending=[]
[aruco_detector-1] [INFO] [1787177134.263069697] [aruco_detector]: frames=1822 with_detections=347 confirmed=[2, 4, 5, 7] pending=[]
[aruco_detector-1] [INFO] [1787177144.255963347] [aruco_detector]: frames=1872 with_detections=353 confirmed=[2, 4, 5, 7] pending=[]
[aruco_detector-1] [INFO] [1787177154.255584662] [aruco_detector]: frames=1922 with_detections=395 confirmed=[2, 4, 5, 7] pending=[]
[aruco_detector-1] [INFO] [1787177164.259689700] [aruco_detector]: frames=1972 with_detections=408 confirmed=[2, 4, 5, 7] pending=[]
[aruco_detector-1] [INFO] [1787177174.258461019] [aruco_detector]: frames=2022 with_detections=408 confirmed=[2, 4, 5, 7] pending=[]
[aruco_detector-1] [INFO] [1787177184.258177048] [aruco_detector]: frames=2072 with_detections=408 confirmed=[2, 4, 5, 7] pending=[]
[aruco_detector-1] [INFO] [1787177194.257653497] [aruco_detector]: frames=2122 with_detections=408 confirmed=[2, 4, 5, 7] pending=[]
[aruco_detector-1] [INFO] [1787177204.251567371] [aruco_detector]: frames=2172 with_detections=408 confirmed=[2, 4, 5, 7] pending=[]
[aruco_detector-1] [INFO] [1787177214.253403583] [aruco_detector]: frames=2222 with_detections=408 confirmed=[2, 4, 5, 7] pending=[]
[aruco_detector-1] [INFO] [1787177224.254500159] [aruco_detector]: frames=2272 with_detections=436 confirmed=[2, 4, 5, 7] pending=[]
[aruco_detector-1] [INFO] [1787177234.268025263] [aruco_detector]: frames=2322 with_detections=480 confirmed=[2, 4, 5, 7] pending=[]
[aruco_detector-1] [INFO] [1787177244.279061089] [aruco_detector]: frames=2372 with_detections=501 confirmed=[2, 4, 5, 7] pending=[]
[aruco_detector-1] [INFO] [1787177254.356612343] [aruco_detector]: frames=2422 with_detections=501 confirmed=[2, 4, 5, 7] pending=[]
[aruco_detector-1] [INFO] [1787177264.353550726] [aruco_detector]: frames=2472 with_detections=501 confirmed=[2, 4, 5, 7] pending=[]
[aruco_detector-1] [INFO] [1787177274.353536711] [aruco_detector]: frames=2522 with_detections=501 confirmed=[2, 4, 5, 7] pending=[]
[aruco_detector-1] [INFO] [1787177284.357052794] [aruco_detector]: frames=2572 with_detections=533 confirmed=[2, 4, 5, 7] pending=[]
[aruco_detector-1] [INFO] [1787177294.351109165] [aruco_detector]: frames=2622 with_detections=582 confirmed=[2, 4, 5, 7] pending=[]
[aruco_detector-1] [INFO] [1787177304.350864545] [aruco_detector]: frames=2672 with_detections=587 confirmed=[2, 4, 5, 7] pending=[]
[aruco_detector-1] [INFO] [1787177314.354661689] [aruco_detector]: frames=2722 with_detections=587 confirmed=[2, 4, 5, 7] pending=[]
[aruco_detector-1] [INFO] [1787177324.347111226] [aruco_detector]: frames=2772 with_detections=587 confirmed=[2, 4, 5, 7] pending=[]
[aruco_detector-1] [INFO] [1787177334.348409876] [aruco_detector]: frames=2822 with_detections=587 confirmed=[2, 4, 5, 7] pending=[]
[aruco_detector-1] [INFO] [1787177344.349849070] [aruco_detector]: frames=2872 with_detections=587 confirmed=[2, 4, 5, 7] pending=[]
[aruco_detector-1] [INFO] [1787177354.344506984] [aruco_detector]: frames=2922 with_detections=587 confirmed=[2, 4, 5, 7] pending=[]
[aruco_detector-1] [INFO] [1787177364.344425190] [aruco_detector]: frames=2972 with_detections=587 confirmed=[2, 4, 5, 7] pending=[]
[aruco_detector-1] [INFO] [1787177374.348246494] [aruco_detector]: frames=3022 with_detections=587 confirmed=[2, 4, 5, 7] pending=[]
[aruco_detector-1] [INFO] [1787177384.424212543] [aruco_detector]: frames=3072 with_detections=590 confirmed=[2, 4, 5, 7] pending=[]
[aruco_detector-1] [INFO] [1787177390.460162146] [aruco_detector]: ArUco 1 CONFIRMED at map (-9.75, -0.07, 0.14) range 5.89 m, reproj 0.15 px
[aruco_detector-1] [INFO] [1787177394.425440257] [aruco_detector]: frames=3122 with_detections=620 confirmed=[1, 2, 4, 5, 7] pending=[]
[aruco_detector-1] [INFO] [1787177396.263217986] [aruco_detector]: ArUco 6 CONFIRMED at map (-10.29, -3.81, 0.14) range 5.94 m, reproj 0.16 px
[aruco_detector-1] [INFO] [1787177404.425477291] [aruco_detector]: frames=3172 with_detections=652 confirmed=[1, 2, 4, 5, 6, 7] pending=[]
[aruco_detector-1] [INFO] [1787177414.420971138] [aruco_detector]: frames=3222 with_detections=652 confirmed=[1, 2, 4, 5, 6, 7] pending=[]
[aruco_detector-1] [INFO] [1787177424.420833145] [aruco_detector]: frames=3272 with_detections=666 confirmed=[1, 2, 4, 5, 6, 7] pending=[]
[aruco_detector-1] [INFO] [1787177434.424495771] [aruco_detector]: frames=3322 with_detections=666 confirmed=[1, 2, 4, 5, 6, 7] pending=[]
[aruco_detector-1] [INFO] [1787177444.417478186] [aruco_detector]: frames=3372 with_detections=666 confirmed=[1, 2, 4, 5, 6, 7] pending=[]
[aruco_detector-1] [INFO] [1787177454.417907515] [aruco_detector]: frames=3422 with_detections=666 confirmed=[1, 2, 4, 5, 6, 7] pending=[]
[aruco_detector-1] [INFO] [1787177464.417457369] [aruco_detector]: frames=3472 with_detections=666 confirmed=[1, 2, 4, 5, 6, 7] pending=[]
[aruco_detector-1] [INFO] [1787177474.414467212] [aruco_detector]: frames=3522 with_detections=666 confirmed=[1, 2, 4, 5, 6, 7] pending=[]
[aruco_detector-1] [INFO] [1787177484.414485190] [aruco_detector]: frames=3572 with_detections=711 confirmed=[1, 2, 4, 5, 6, 7] pending=[]
[aruco_detector-1] [INFO] [1787177494.418258744] [aruco_detector]: frames=3622 with_detections=717 confirmed=[1, 2, 4, 5, 6, 7] pending=[]
[aruco_detector-1] [INFO] [1787177504.413297076] [aruco_detector]: frames=3672 with_detections=732 confirmed=[1, 2, 4, 5, 6, 7] pending=[]
[aruco_detector-1] [INFO] [1787177514.413928507] [aruco_detector]: frames=3722 with_detections=768 confirmed=[1, 2, 4, 5, 6, 7] pending=[]
[aruco_detector-1] [INFO] [1787177519.199136169] [aruco_detector]: ArUco 3 CONFIRMED at map (-8.32, 5.75, 0.14) range 4.50 m, reproj 1.41 px
[aruco_detector-1] [INFO] [1787177524.795564652] [aruco_detector]: frames=3772 with_detections=777 confirmed=[1, 2, 3, 4, 5, 6, 7] pending=[]
[aruco_detector-1] [INFO] [1787177534.797781014] [aruco_detector]: frames=3822 with_detections=777 confirmed=[1, 2, 3, 4, 5, 6, 7] pending=[]
[aruco_detector-1] [INFO] [1787177544.797999640] [aruco_detector]: frames=3872 with_detections=777 confirmed=[1, 2, 3, 4, 5, 6, 7] pending=[]
[aruco_detector-1] [INFO] [1787177554.797722285] [aruco_detector]: frames=3922 with_detections=777 confirmed=[1, 2, 3, 4, 5, 6, 7] pending=[]
[aruco_detector-1] [INFO] [1787177564.803640407] [aruco_detector]: frames=3972 with_detections=777 confirmed=[1, 2, 3, 4, 5, 6, 7] pending=[]
[aruco_detector-1] [INFO] [1787177574.812925233] [aruco_detector]: frames=4022 with_detections=777 confirmed=[1, 2, 3, 4, 5, 6, 7] pending=[]
[aruco_detector-1] [INFO] [1787177584.972226354] [aruco_detector]: frames=4072 with_detections=777 confirmed=[1, 2, 3, 4, 5, 6, 7] pending=[]
[aruco_detector-1] [INFO] [1787177594.967996191] [aruco_detector]: frames=4122 with_detections=777 confirmed=[1, 2, 3, 4, 5, 6, 7] pending=[]
[aruco_detector-1] [INFO] [1787177604.967588943] [aruco_detector]: frames=4172 with_detections=789 confirmed=[1, 2, 3, 4, 5, 6, 7] pending=[]
[aruco_detector-1] [INFO] [1787177614.974119955] [aruco_detector]: frames=4222 with_detections=789 confirmed=[1, 2, 3, 4, 5, 6, 7] pending=[]
[aruco_detector-1] [INFO] [1787177624.965854777] [aruco_detector]: frames=4272 with_detections=789 confirmed=[1, 2, 3, 4, 5, 6, 7] pending=[]
[aruco_detector-1] [INFO] [1787177634.969981223] [aruco_detector]: frames=4322 with_detections=789 confirmed=[1, 2, 3, 4, 5, 6, 7] pending=[]
[aruco_detector-1] [INFO] [1787177644.970189732] [aruco_detector]: frames=4372 with_detections=789 confirmed=[1, 2, 3, 4, 5, 6, 7] pending=[]
[aruco_detector-1] [INFO] [1787177654.966060772] [aruco_detector]: frames=4422 with_detections=789 confirmed=[1, 2, 3, 4, 5, 6, 7] pending=[]
[aruco_detector-1] [INFO] [1787177664.967192662] [aruco_detector]: frames=4472 with_detections=789 confirmed=[1, 2, 3, 4, 5, 6, 7] pending=[]
[aruco_detector-1] [INFO] [1787177674.968151618] [aruco_detector]: frames=4522 with_detections=789 confirmed=[1, 2, 3, 4, 5, 6, 7] pending=[]
[aruco_detector-1] [INFO] [1787177685.200598352] [aruco_detector]: frames=4572 with_detections=789 confirmed=[1, 2, 3, 4, 5, 6, 7] pending=[]
[aruco_detector-1] [INFO] [1787177695.303183287] [aruco_detector]: frames=4622 with_detections=789 confirmed=[1, 2, 3, 4, 5, 6, 7] pending=[]
[aruco_detector-1] [INFO] [1787177705.303529182] [aruco_detector]: frames=4672 with_detections=789 confirmed=[1, 2, 3, 4, 5, 6, 7] pending=[]
[aruco_detector-1] [INFO] [1787177715.298660817] [aruco_detector]: frames=4722 with_detections=814 confirmed=[1, 2, 3, 4, 5, 6, 7] pending=[]
[aruco_detector-1] [INFO] [1787177725.299087239] [aruco_detector]: frames=4772 with_detections=821 confirmed=[1, 2, 3, 4, 5, 6, 7] pending=[]
[aruco_detector-1] [INFO] [1787177735.299866837] [aruco_detector]: frames=4822 with_detections=821 confirmed=[1, 2, 3, 4, 5, 6, 7] pending=[]
[aruco_detector-1] [INFO] [1787177745.294855741] [aruco_detector]: frames=4872 with_detections=821 confirmed=[1, 2, 3, 4, 5, 6, 7] pending=[]
[aruco_detector-1] [INFO] [1787177755.295526538] [aruco_detector]: frames=4922 with_detections=821 confirmed=[1, 2, 3, 4, 5, 6, 7] pending=[]
[aruco_detector-1] [INFO] [1787177765.347083676] [aruco_detector]: frames=4972 with_detections=821 confirmed=[1, 2, 3, 4, 5, 6, 7] pending=[]
[aruco_detector-1] [INFO] [1787177775.343421141] [aruco_detector]: frames=5022 with_detections=821 confirmed=[1, 2, 3, 4, 5, 6, 7] pending=[]
