[wsl-exp 23:58:14] backend=wsl:Ubuntu stack=hybrid world=office_world profile=realistic cap=30min out=reports/night/n10_navfn_s21b
[wsl-exp 23:58:14] syncing src/ and scripts/ into /home/smirn/leo_ws
[wsl-exp 23:58:16] colcon build (leo_nav2_exploration, leo_rover_gazebo)
Summary: 1 package finished [2.24s]
  1 package failed: leo_rover_gazebo
  1 package had stderr output: leo_rover_gazebo
[wsl-exp 23:58:19] killing any previous sim
[wsl-exp 23:58:23] cleanup: 0 ROS processes still alive
[wsl-exp 23:58:28] starting simulator (GPU, headless)
[wsl-exp 23:58:29] waiting for /leo1/scan
[wsl-exp 23:58:41] scan: average rate: 55.982
[wsl-exp 23:58:41] renderer: 23:58:37: GL_RENDERER = D3D12 (NVIDIA GeForce RTX 4060 Ti)
[wsl-exp 23:58:44] wheel-odometry model (message only) + gyro + EKF
[wsl-exp 23:58:59] overlay stack: sim_navigation.launch.py
[wsl-exp 23:59:00] waiting for Nav2 planner action
[wsl-exp 23:59:22] camera/points (with stack up): average rate: 5.011
[wsl-exp 23:59:26] scan_filtered: average rate: 10.003
[wsl-exp 23:59:26] starting recorders
[wsl-exp 23:59:28] starting ArUco detector
[wsl-exp 23:59:34] bootstrap jog
[wsl-exp 23:59:52] explorer launched; polling (cap 30 min)
[wsl-exp 00:15:55] explorer reports completion
[wsl-exp 00:16:02] saving map
[wsl-exp 00:16:03] flushing recorders
[wsl-exp 00:16:22] cleanup: 0 ROS processes still alive
[wsl-exp 00:16:24] done -> reports/night/n10_navfn_s21b
