[INFO] [launch]: All log files can be found below /home/smirn/.ros/log/2026-08-20-05-19-33-549973-Tornadosky-121488
[INFO] [launch]: Default logging verbosity is set to INFO
[INFO] [aruco_detector-1]: process started with pid [121489]
[aruco_detector-1] [INFO] [1787195974.220087844] [aruco_detector]: aruco_detector: dict=DICT_4X4_50 len=0.2 m image=/leo1/camera/image optical_frame=False map_frame=map cv2=4.5.4 allowed_ids=[1, 2, 3, 4, 5, 6, 7, 8]
[aruco_detector-1] [INFO] [1787195974.221470326] [aruco_detector]: frames=0 with_detections=0 confirmed=[] pending=[]
[aruco_detector-1] [INFO] [1787195974.307506484] [aruco_detector]: camera intrinsics: fx=554.4 fy=554.4 cx=320.0 cy=240.0 distortion=5 coeffs
[aruco_detector-1] [INFO] [1787195977.522766206] [aruco_detector]: frames=16 with_detections=0 confirmed=[] pending=[]
[aruco_detector-1] [INFO] [1787195987.596726794] [aruco_detector]: frames=66 with_detections=2 confirmed=[] pending=[]
[aruco_detector-1] [INFO] [1787195997.623966138] [aruco_detector]: frames=116 with_detections=3 confirmed=[] pending=[]
[aruco_detector-1] [INFO] [1787196007.627394229] [aruco_detector]: frames=166 with_detections=37 confirmed=[] pending=[]
[aruco_detector-1] [INFO] [1787196017.634971951] [aruco_detector]: frames=216 with_detections=49 confirmed=[] pending=[]
[aruco_detector-1] [INFO] [1787196027.640180615] [aruco_detector]: frames=266 with_detections=59 confirmed=[] pending=[]
[aruco_detector-1] [INFO] [1787196037.643031106] [aruco_detector]: frames=316 with_detections=68 confirmed=[] pending=[]
[aruco_detector-1] [INFO] [1787196047.660068095] [aruco_detector]: frames=366 with_detections=68 confirmed=[] pending=[]
[aruco_detector-1] [INFO] [1787196057.662356789] [aruco_detector]: frames=416 with_detections=68 confirmed=[] pending=[]
[aruco_detector-1] [INFO] [1787196060.518582854] [aruco_detector]: ArUco 4 CONFIRMED at map (-3.06, 4.20, 0.12) range 5.13 m, reproj 1.39 px
[aruco_detector-1] [INFO] [1787196067.663591557] [aruco_detector]: frames=466 with_detections=85 confirmed=[4] pending=[]
[aruco_detector-1] [INFO] [1787196077.672610614] [aruco_detector]: frames=516 with_detections=112 confirmed=[4] pending=[]
[aruco_detector-1] [WARN] [1787196077.731740404] [aruco_detector]: ignoring ArUco id 21: not in allowed_ids [1, 2, 3, 4, 5, 6, 7, 8]
[aruco_detector-1] [INFO] [1787196087.676336894] [aruco_detector]: frames=566 with_detections=141 confirmed=[4] pending=[]
[aruco_detector-1] [INFO] [1787196097.678765824] [aruco_detector]: frames=616 with_detections=141 confirmed=[4] pending=[]
[aruco_detector-1] [INFO] [1787196107.694016726] [aruco_detector]: frames=666 with_detections=141 confirmed=[4] pending=[]
[aruco_detector-1] [INFO] [1787196117.695772987] [aruco_detector]: frames=716 with_detections=141 confirmed=[4] pending=[]
[aruco_detector-1] [INFO] [1787196127.699445905] [aruco_detector]: frames=766 with_detections=141 confirmed=[4] pending=[]
[aruco_detector-1] [INFO] [1787196137.698131393] [aruco_detector]: frames=816 with_detections=147 confirmed=[4] pending=[]
[aruco_detector-1] [INFO] [1787196147.711366347] [aruco_detector]: frames=866 with_detections=174 confirmed=[4] pending=[]
[aruco_detector-1] [INFO] [1787196157.716820395] [aruco_detector]: frames=916 with_detections=179 confirmed=[4] pending=[]
[aruco_detector-1] [INFO] [1787196167.727154090] [aruco_detector]: frames=966 with_detections=179 confirmed=[4] pending=[]
[aruco_detector-1] [INFO] [1787196177.756503906] [aruco_detector]: frames=1016 with_detections=179 confirmed=[4] pending=[]
[aruco_detector-1] [INFO] [1787196187.776019184] [aruco_detector]: frames=1066 with_detections=183 confirmed=[4] pending=[]
[aruco_detector-1] [INFO] [1787196191.823909667] [aruco_detector]: ArUco 2 CONFIRMED at map (8.82, 0.10, 0.14) range 5.94 m, reproj 0.15 px
