[INFO] [launch]: All log files can be found below /home/smirn/.ros/log/2026-08-20-05-19-30-045618-Tornadosky-121155
[INFO] [launch]: Default logging verbosity is set to INFO
[INFO] [aruco_detector-1]: process started with pid [121156]
[aruco_detector-1] [INFO] [1787195970.692280331] [aruco_detector]: aruco_detector: dict=DICT_4X4_50 len=0.2 m image=/leo1/camera/image optical_frame=False map_frame=map cv2=4.5.4 allowed_ids=[1, 2, 3, 4, 5, 6, 7, 8]
[aruco_detector-1] [INFO] [1787195970.694028423] [aruco_detector]: frames=0 with_detections=0 confirmed=[] pending=[]
[aruco_detector-1] [INFO] [1787195970.815146235] [aruco_detector]: camera intrinsics: fx=554.4 fy=554.4 cx=320.0 cy=240.0 distortion=5 coeffs
[aruco_detector-1] [INFO] [1787195977.523095900] [aruco_detector]: frames=33 with_detections=0 confirmed=[] pending=[]
[aruco_detector-1] [INFO] [1787195987.597281122] [aruco_detector]: frames=83 with_detections=2 confirmed=[] pending=[]
[aruco_detector-1] [INFO] [1787195997.624032272] [aruco_detector]: frames=133 with_detections=3 confirmed=[] pending=[]
[aruco_detector-1] [INFO] [1787196007.627615367] [aruco_detector]: frames=183 with_detections=37 confirmed=[] pending=[]
[aruco_detector-1] [INFO] [1787196017.634887728] [aruco_detector]: frames=233 with_detections=49 confirmed=[] pending=[]
[aruco_detector-1] [INFO] [1787196027.639966575] [aruco_detector]: frames=283 with_detections=59 confirmed=[] pending=[]
[aruco_detector-1] [INFO] [1787196037.642846406] [aruco_detector]: frames=333 with_detections=68 confirmed=[] pending=[]
[aruco_detector-1] [INFO] [1787196047.660232068] [aruco_detector]: frames=383 with_detections=68 confirmed=[] pending=[]
[aruco_detector-1] [INFO] [1787196057.662896490] [aruco_detector]: frames=433 with_detections=68 confirmed=[] pending=[]
[aruco_detector-1] [INFO] [1787196060.518594096] [aruco_detector]: ArUco 4 CONFIRMED at map (-3.06, 4.20, 0.12) range 5.13 m, reproj 1.39 px
[aruco_detector-1] [INFO] [1787196067.663859160] [aruco_detector]: frames=483 with_detections=85 confirmed=[4] pending=[]
[aruco_detector-1] [INFO] [1787196077.672606624] [aruco_detector]: frames=533 with_detections=112 confirmed=[4] pending=[]
[aruco_detector-1] [WARN] [1787196077.731519465] [aruco_detector]: ignoring ArUco id 21: not in allowed_ids [1, 2, 3, 4, 5, 6, 7, 8]
[aruco_detector-1] [INFO] [1787196087.675969404] [aruco_detector]: frames=583 with_detections=141 confirmed=[4] pending=[]
[aruco_detector-1] [INFO] [1787196097.678686024] [aruco_detector]: frames=633 with_detections=141 confirmed=[4] pending=[]
[aruco_detector-1] [INFO] [1787196107.693691354] [aruco_detector]: frames=683 with_detections=141 confirmed=[4] pending=[]
[aruco_detector-1] [INFO] [1787196117.696088424] [aruco_detector]: frames=733 with_detections=141 confirmed=[4] pending=[]
[aruco_detector-1] [INFO] [1787196127.699370886] [aruco_detector]: frames=783 with_detections=141 confirmed=[4] pending=[]
[aruco_detector-1] [INFO] [1787196137.697999144] [aruco_detector]: frames=833 with_detections=147 confirmed=[4] pending=[]
[aruco_detector-1] [INFO] [1787196147.711446962] [aruco_detector]: frames=883 with_detections=174 confirmed=[4] pending=[]
[aruco_detector-1] [INFO] [1787196157.716955110] [aruco_detector]: frames=933 with_detections=179 confirmed=[4] pending=[]
[aruco_detector-1] [INFO] [1787196167.727219893] [aruco_detector]: frames=983 with_detections=179 confirmed=[4] pending=[]
[aruco_detector-1] [INFO] [1787196177.757141036] [aruco_detector]: frames=1033 with_detections=179 confirmed=[4] pending=[]
[aruco_detector-1] [INFO] [1787196187.776148449] [aruco_detector]: frames=1083 with_detections=183 confirmed=[4] pending=[]
[aruco_detector-1] [INFO] [1787196191.823923821] [aruco_detector]: ArUco 2 CONFIRMED at map (8.82, 0.10, 0.14) range 5.94 m, reproj 0.15 px
