[INFO] [launch]: All log files can be found below /home/smirn/.ros/log/2026-08-20-05-18-16-730014-Tornadosky-117974
[INFO] [launch]: Default logging verbosity is set to INFO
[INFO] [scan_to_scan_filter_chain-1]: process started with pid [117975]
[INFO] [async_slam_toolbox_node-2]: process started with pid [117977]
[INFO] [velocity_guard-3]: process started with pid [117979]
[INFO] [collision_monitor-4]: process started with pid [117981]
[INFO] [lifecycle_manager-5]: process started with pid [117983]
[lifecycle_manager-5] [INFO] [1787195896.803701767] [lifecycle_manager_collision_monitor]: Creating
[scan_to_scan_filter_chain-1] [WARN] [1787195896.805532603] [rcl.logging_rosout]: Publisher already registered for provided node name. If this is due to multiple nodes with the same name then all logs for that logger name will go out over the existing publisher. As soon as any node with that name is destructed it will unregister the publisher, preventing any further logs for that name from being published on the rosout topic.
[lifecycle_manager-5] [INFO] [1787195896.807165937] [lifecycle_manager_collision_monitor]: [34m[1mCreating and initializing lifecycle service clients[0m[0m
[lifecycle_manager-5] [INFO] [1787195896.809250719] [lifecycle_manager_collision_monitor]: [34m[1mStarting managed nodes bringup...[0m[0m
[lifecycle_manager-5] [INFO] [1787195896.809303432] [lifecycle_manager_collision_monitor]: [34m[1mConfiguring collision_monitor[0m[0m
[async_slam_toolbox_node-2] [INFO] [1787195896.809282538] [slam_toolbox]: Node using stack size 40000000
[collision_monitor-4] [INFO] [1787195896.809973563] [collision_monitor]: 
[collision_monitor-4] 	collision_monitor lifecycle node launched. 
[collision_monitor-4] 	Waiting on external lifecycle transitions to activate
[collision_monitor-4] 	See https://design.ros2.org/articles/node_lifecycle.html for more information.
[collision_monitor-4] [INFO] [1787195896.828868625] [collision_monitor]: Configuring
[collision_monitor-4] [INFO] [1787195896.832794229] [collision_monitor]: [StopZone]: Creating Polygon
[collision_monitor-4] [INFO] [1787195896.834228972] [collision_monitor]: [FootprintApproach]: Creating Polygon
[collision_monitor-4] [INFO] [1787195896.836035747] [collision_monitor]: [SlowdownZone]: Creating Polygon
[collision_monitor-4] [INFO] [1787195896.837425205] [collision_monitor]: [scan]: Creating Scan
[lifecycle_manager-5] [INFO] [1787195896.839141051] [lifecycle_manager_collision_monitor]: [34m[1mActivating collision_monitor[0m[0m
[collision_monitor-4] [INFO] [1787195896.839293023] [collision_monitor]: Activating
[collision_monitor-4] [INFO] [1787195896.839353281] [collision_monitor]: Creating bond (collision_monitor) to lifecycle manager.
[lifecycle_manager-5] [INFO] [1787195896.942288475] [lifecycle_manager_collision_monitor]: Server collision_monitor connected with bond.
[lifecycle_manager-5] [INFO] [1787195896.942340153] [lifecycle_manager_collision_monitor]: [34m[1mManaged nodes are active[0m[0m
[lifecycle_manager-5] [INFO] [1787195896.942357134] [lifecycle_manager_collision_monitor]: [34m[1mCreating bond timer...[0m[0m
[async_slam_toolbox_node-2] [INFO] [1787195897.111778551] [slam_toolbox]: Using solver plugin solver_plugins::CeresSolver
[async_slam_toolbox_node-2] [INFO] [1787195897.112493654] [slam_toolbox]: CeresSolver: Using HuberLoss loss function.
[async_slam_toolbox_node-2] [INFO] [1787195897.112537476] [slam_toolbox]: CeresSolver: Using SCHUR_JACOBI preconditioner.
[velocity_guard-3] [INFO] [1787195897.175068540] [velocity_guard]: Guarding /leo1/cmd_vel_smoothed -> /leo1/cmd_vel_guarded; scan=/leo1/scan_filtered, odom=/leo1/odom, battery_required=False
[velocity_guard-3] [WARN] [1787195897.177775526] [velocity_guard]: velocity guard state: command_missing
[async_slam_toolbox_node-2] [WARN] [1787195897.217643934] [slam_toolbox]: minimum laser range setting (0.1 m) exceeds the capabilities of the used Lidar (0.1 m)
[async_slam_toolbox_node-2] Registering sensor: [Custom Described Lidar]
[scan_to_scan_filter_chain-1] [WARN] [1787195897.869556633] [scan_to_scan_filter_chain]: diagnostic_updater: No HW_ID was set. This is probably a bug. Please report it. For devices that do not have a HW_ID, set this value to 'none'. This warning only occurs once all diagnostics are OK. It is okay to wait until the device is open before calling setHardwareID.
[INFO] [controller_server-6]: process started with pid [118308]
[INFO] [smoother_server-7]: process started with pid [118310]
[INFO] [planner_server-8]: process started with pid [118312]
[INFO] [behavior_server-9]: process started with pid [118314]
[INFO] [bt_navigator-10]: process started with pid [118316]
[INFO] [waypoint_follower-11]: process started with pid [118318]
[INFO] [velocity_smoother-12]: process started with pid [118320]
[INFO] [lifecycle_manager-13]: process started with pid [118322]
[waypoint_follower-11] [INFO] [1787195899.813869114] [waypoint_follower]: 
[waypoint_follower-11] 	waypoint_follower lifecycle node launched. 
[waypoint_follower-11] 	Waiting on external lifecycle transitions to activate
[waypoint_follower-11] 	See https://design.ros2.org/articles/node_lifecycle.html for more information.
[planner_server-8] [INFO] [1787195899.814037611] [planner_server]: 
[planner_server-8] 	planner_server lifecycle node launched. 
[planner_server-8] 	Waiting on external lifecycle transitions to activate
[planner_server-8] 	See https://design.ros2.org/articles/node_lifecycle.html for more information.
[waypoint_follower-11] [INFO] [1787195899.814336559] [waypoint_follower]: Creating
[planner_server-8] [INFO] [1787195899.815509194] [planner_server]: Creating
[velocity_smoother-12] [INFO] [1787195899.815683780] [velocity_smoother]: 
[velocity_smoother-12] 	velocity_smoother lifecycle node launched. 
[velocity_smoother-12] 	Waiting on external lifecycle transitions to activate
[velocity_smoother-12] 	See https://design.ros2.org/articles/node_lifecycle.html for more information.
[smoother_server-7] [INFO] [1787195899.816241027] [smoother_server]: 
[smoother_server-7] 	smoother_server lifecycle node launched. 
[smoother_server-7] 	Waiting on external lifecycle transitions to activate
[smoother_server-7] 	See https://design.ros2.org/articles/node_lifecycle.html for more information.
[smoother_server-7] [INFO] [1787195899.817676408] [smoother_server]: Creating smoother server
[bt_navigator-10] [INFO] [1787195899.817572814] [bt_navigator]: 
[bt_navigator-10] 	bt_navigator lifecycle node launched. 
[bt_navigator-10] 	Waiting on external lifecycle transitions to activate
[bt_navigator-10] 	See https://design.ros2.org/articles/node_lifecycle.html for more information.
[bt_navigator-10] [INFO] [1787195899.817653365] [bt_navigator]: Creating
[behavior_server-9] [INFO] [1787195899.819822044] [behavior_server]: 
[behavior_server-9] 	behavior_server lifecycle node launched. 
[behavior_server-9] 	Waiting on external lifecycle transitions to activate
[behavior_server-9] 	See https://design.ros2.org/articles/node_lifecycle.html for more information.
[lifecycle_manager-13] [INFO] [1787195899.821259022] [lifecycle_manager_navigation]: Creating
[controller_server-6] [INFO] [1787195899.822391087] [controller_server]: 
[controller_server-6] 	controller_server lifecycle node launched. 
[controller_server-6] 	Waiting on external lifecycle transitions to activate
[controller_server-6] 	See https://design.ros2.org/articles/node_lifecycle.html for more information.
[planner_server-8] [INFO] [1787195899.825131422] [global_costmap.global_costmap]: 
[planner_server-8] 	global_costmap lifecycle node launched. 
[planner_server-8] 	Waiting on external lifecycle transitions to activate
[planner_server-8] 	See https://design.ros2.org/articles/node_lifecycle.html for more information.
[planner_server-8] [INFO] [1787195899.825759764] [global_costmap.global_costmap]: Creating Costmap
[lifecycle_manager-13] [INFO] [1787195899.825187091] [lifecycle_manager_navigation]: [34m[1mCreating and initializing lifecycle service clients[0m[0m
[controller_server-6] [INFO] [1787195899.828191042] [controller_server]: Creating controller server
[controller_server-6] [INFO] [1787195899.841840748] [local_costmap.local_costmap]: 
[controller_server-6] 	local_costmap lifecycle node launched. 
[controller_server-6] 	Waiting on external lifecycle transitions to activate
[controller_server-6] 	See https://design.ros2.org/articles/node_lifecycle.html for more information.
[controller_server-6] [INFO] [1787195899.842677831] [local_costmap.local_costmap]: Creating Costmap
[controller_server-6] [INFO] [1787195899.848207611] [controller_server]: Configuring controller interface
[controller_server-6] [INFO] [1787195899.848339259] [controller_server]: getting goal checker plugins..
[lifecycle_manager-13] [INFO] [1787195899.847863232] [lifecycle_manager_navigation]: [34m[1mStarting managed nodes bringup...[0m[0m
[lifecycle_manager-13] [INFO] [1787195899.847926827] [lifecycle_manager_navigation]: [34m[1mConfiguring controller_server[0m[0m
[controller_server-6] [INFO] [1787195899.848432557] [controller_server]: Controller frequency set to 15.0000Hz
[controller_server-6] [INFO] [1787195899.848471546] [local_costmap.local_costmap]: Configuring
[controller_server-6] [INFO] [1787195899.852236366] [local_costmap.local_costmap]: Using plugin "obstacle_layer"
[controller_server-6] [INFO] [1787195899.855789506] [local_costmap.local_costmap]: Subscribed to Topics: scan camera
[controller_server-6] [INFO] [1787195899.864717887] [local_costmap.local_costmap]: Initialized plugin "obstacle_layer"
[controller_server-6] [INFO] [1787195899.864743219] [local_costmap.local_costmap]: Using plugin "inflation_layer"
[controller_server-6] [INFO] [1787195899.866179217] [local_costmap.local_costmap]: Initialized plugin "inflation_layer"
[controller_server-6] [INFO] [1787195899.872081484] [controller_server]: Created progress_checker : progress_checker of type nav2_controller::SimpleProgressChecker
[controller_server-6] [INFO] [1787195899.873100279] [controller_server]: Created goal checker : general_goal_checker of type nav2_controller::SimpleGoalChecker
[controller_server-6] [INFO] [1787195899.873802883] [controller_server]: Controller Server has general_goal_checker  goal checkers available.
[controller_server-6] [INFO] [1787195899.875244610] [controller_server]: Created controller : FollowPath of type nav2_rotation_shim_controller::RotationShimController
[controller_server-6] [INFO] [1787195899.878720883] [controller_server]: Created internal controller for rotation shimming: FollowPath of type nav2_regulated_pure_pursuit_controller::RegulatedPurePursuitController
[controller_server-6] [INFO] [1787195899.886429084] [controller_server]: Controller Server has FollowPath  controllers available.
[lifecycle_manager-13] [INFO] [1787195899.891965705] [lifecycle_manager_navigation]: [34m[1mConfiguring smoother_server[0m[0m
[smoother_server-7] [INFO] [1787195899.892204645] [smoother_server]: Configuring smoother server
[smoother_server-7] [INFO] [1787195899.897390661] [smoother_server]: Created smoother : simple_smoother of type nav2_smoother::SimpleSmoother
[smoother_server-7] [INFO] [1787195899.898712255] [smoother_server]: Smoother Server has simple_smoother  smoothers available.
[lifecycle_manager-13] [INFO] [1787195899.902233180] [lifecycle_manager_navigation]: [34m[1mConfiguring planner_server[0m[0m
[planner_server-8] [INFO] [1787195899.902499033] [planner_server]: Configuring
[planner_server-8] [INFO] [1787195899.902526834] [global_costmap.global_costmap]: Configuring
[planner_server-8] [INFO] [1787195899.906394532] [global_costmap.global_costmap]: Using plugin "static_layer"
[planner_server-8] [INFO] [1787195899.910043366] [global_costmap.global_costmap]: Subscribing to the map topic (/map) with transient local durability
[planner_server-8] [INFO] [1787195899.910676260] [global_costmap.global_costmap]: Subscribing to updates
[planner_server-8] [INFO] [1787195899.911572612] [global_costmap.global_costmap]: Initialized plugin "static_layer"
[planner_server-8] [INFO] [1787195899.911594103] [global_costmap.global_costmap]: Using plugin "obstacle_layer"
[planner_server-8] [INFO] [1787195899.913056608] [global_costmap.global_costmap]: Subscribed to Topics: scan
[planner_server-8] [INFO] [1787195899.918540667] [global_costmap.global_costmap]: Initialized plugin "obstacle_layer"
[planner_server-8] [INFO] [1787195899.918583449] [global_costmap.global_costmap]: Using plugin "inflation_layer"
[planner_server-8] [INFO] [1787195899.920000021] [global_costmap.global_costmap]: Initialized plugin "inflation_layer"
[planner_server-8] [INFO] [1787195899.925328157] [global_costmap.global_costmap]: StaticLayer: Resizing costmap to 451 X 213 at 0.050000 m/pix
[planner_server-8] [INFO] [1787195899.925506061] [planner_server]: Created global planner plugin GridBased of type nav2_navfn_planner/NavfnPlanner
[planner_server-8] [INFO] [1787195899.925533426] [planner_server]: Configuring plugin GridBased of type NavfnPlanner
[planner_server-8] [INFO] [1787195899.926580333] [planner_server]: Planner Server has GridBased  planners available.
[lifecycle_manager-13] [INFO] [1787195899.932478179] [lifecycle_manager_navigation]: [34m[1mConfiguring behavior_server[0m[0m
[behavior_server-9] [INFO] [1787195899.932765358] [behavior_server]: Configuring
[behavior_server-9] [INFO] [1787195899.937225001] [behavior_server]: Creating behavior plugin spin of type nav2_behaviors/Spin
[behavior_server-9] [INFO] [1787195899.937808563] [behavior_server]: Configuring spin
[behavior_server-9] [INFO] [1787195899.941466504] [behavior_server]: Creating behavior plugin backup of type nav2_behaviors/BackUp
[behavior_server-9] [INFO] [1787195899.942033799] [behavior_server]: Configuring backup
[behavior_server-9] [INFO] [1787195899.945975574] [behavior_server]: Creating behavior plugin drive_on_heading of type nav2_behaviors/DriveOnHeading
[behavior_server-9] [INFO] [1787195899.946535002] [behavior_server]: Configuring drive_on_heading
[behavior_server-9] [INFO] [1787195899.950126263] [behavior_server]: Creating behavior plugin assisted_teleop of type nav2_behaviors/AssistedTeleop
[behavior_server-9] [INFO] [1787195899.951237101] [behavior_server]: Configuring assisted_teleop
[behavior_server-9] [INFO] [1787195899.955704614] [behavior_server]: Creating behavior plugin wait of type nav2_behaviors/Wait
[behavior_server-9] [INFO] [1787195899.956267341] [behavior_server]: Configuring wait
[lifecycle_manager-13] [INFO] [1787195899.959084029] [lifecycle_manager_navigation]: [34m[1mConfiguring bt_navigator[0m[0m
[bt_navigator-10] [INFO] [1787195899.959273684] [bt_navigator]: Configuring
[lifecycle_manager-13] [INFO] [1787195900.011461526] [lifecycle_manager_navigation]: [34m[1mConfiguring waypoint_follower[0m[0m
[waypoint_follower-11] [INFO] [1787195900.011737629] [waypoint_follower]: Configuring
[waypoint_follower-11] [INFO] [1787195900.018562849] [waypoint_follower]: Created waypoint_task_executor : wait_at_waypoint of type nav2_waypoint_follower::WaitAtWaypoint
[lifecycle_manager-13] [INFO] [1787195900.019854409] [lifecycle_manager_navigation]: [34m[1mConfiguring velocity_smoother[0m[0m
[velocity_smoother-12] [INFO] [1787195900.020066969] [velocity_smoother]: Configuring velocity smoother
[lifecycle_manager-13] [INFO] [1787195900.023348115] [lifecycle_manager_navigation]: [34m[1mActivating controller_server[0m[0m
[controller_server-6] [INFO] [1787195900.023583829] [controller_server]: Activating
[controller_server-6] [INFO] [1787195900.023624120] [local_costmap.local_costmap]: Activating
[controller_server-6] [INFO] [1787195900.023636887] [local_costmap.local_costmap]: Checking transform
[controller_server-6] [INFO] [1787195900.023750348] [local_costmap.local_costmap]: start
[controller_server-6] [INFO] [1787195900.174646314] [controller_server]: Activating controller: FollowPath of type nav2_rotation_shim_controller::RotationShimController
[controller_server-6] [INFO] [1787195900.174683248] [controller_server]: Activating controller: FollowPath of type regulated_pure_pursuit_controller::RegulatedPurePursuitController
[controller_server-6] [INFO] [1787195900.174699104] [controller_server]: Creating bond (controller_server) to lifecycle manager.
[lifecycle_manager-13] [INFO] [1787195900.277600589] [lifecycle_manager_navigation]: Server controller_server connected with bond.
[lifecycle_manager-13] [INFO] [1787195900.277639720] [lifecycle_manager_navigation]: [34m[1mActivating smoother_server[0m[0m
[smoother_server-7] [INFO] [1787195900.277783903] [smoother_server]: Activating
[smoother_server-7] [INFO] [1787195900.277810145] [smoother_server]: Creating bond (smoother_server) to lifecycle manager.
[lifecycle_manager-13] [INFO] [1787195900.379806227] [lifecycle_manager_navigation]: Server smoother_server connected with bond.
[lifecycle_manager-13] [INFO] [1787195900.379846247] [lifecycle_manager_navigation]: [34m[1mActivating planner_server[0m[0m
[planner_server-8] [INFO] [1787195900.380016125] [planner_server]: Activating
[planner_server-8] [INFO] [1787195900.380046413] [global_costmap.global_costmap]: Activating
[planner_server-8] [INFO] [1787195900.380055143] [global_costmap.global_costmap]: Checking transform
[planner_server-8] [INFO] [1787195900.380127302] [global_costmap.global_costmap]: start
[planner_server-8] [INFO] [1787195900.930549252] [planner_server]: Activating plugin GridBased of type NavfnPlanner
[planner_server-8] [INFO] [1787195900.930959359] [planner_server]: Creating bond (planner_server) to lifecycle manager.
[lifecycle_manager-13] [INFO] [1787195901.033261994] [lifecycle_manager_navigation]: Server planner_server connected with bond.
[lifecycle_manager-13] [INFO] [1787195901.033338407] [lifecycle_manager_navigation]: [34m[1mActivating behavior_server[0m[0m
[behavior_server-9] [INFO] [1787195901.033604376] [behavior_server]: Activating
[behavior_server-9] [INFO] [1787195901.033633352] [behavior_server]: Activating spin
[behavior_server-9] [INFO] [1787195901.033644850] [behavior_server]: Activating backup
[behavior_server-9] [INFO] [1787195901.033654131] [behavior_server]: Activating drive_on_heading
[behavior_server-9] [INFO] [1787195901.033662826] [behavior_server]: Activating assisted_teleop
[behavior_server-9] [INFO] [1787195901.033671528] [behavior_server]: Activating wait
[behavior_server-9] [INFO] [1787195901.033683211] [behavior_server]: Creating bond (behavior_server) to lifecycle manager.
[lifecycle_manager-13] [INFO] [1787195901.136552302] [lifecycle_manager_navigation]: Server behavior_server connected with bond.
[lifecycle_manager-13] [INFO] [1787195901.136625758] [lifecycle_manager_navigation]: [34m[1mActivating bt_navigator[0m[0m
[bt_navigator-10] [INFO] [1787195901.136864673] [bt_navigator]: Activating
[bt_navigator-10] [INFO] [1787195901.168571250] [bt_navigator]: Creating bond (bt_navigator) to lifecycle manager.
[lifecycle_manager-13] [INFO] [1787195901.270686552] [lifecycle_manager_navigation]: Server bt_navigator connected with bond.
[lifecycle_manager-13] [INFO] [1787195901.270729113] [lifecycle_manager_navigation]: [34m[1mActivating waypoint_follower[0m[0m
[waypoint_follower-11] [INFO] [1787195901.270941472] [waypoint_follower]: Activating
[waypoint_follower-11] [INFO] [1787195901.270988447] [waypoint_follower]: Creating bond (waypoint_follower) to lifecycle manager.
[lifecycle_manager-13] [INFO] [1787195901.373331359] [lifecycle_manager_navigation]: Server waypoint_follower connected with bond.
[lifecycle_manager-13] [INFO] [1787195901.373375751] [lifecycle_manager_navigation]: [34m[1mActivating velocity_smoother[0m[0m
[velocity_smoother-12] [INFO] [1787195901.373615517] [velocity_smoother]: Activating
[velocity_smoother-12] [INFO] [1787195901.373660670] [velocity_smoother]: Creating bond (velocity_smoother) to lifecycle manager.
[lifecycle_manager-13] [INFO] [1787195901.476058178] [lifecycle_manager_navigation]: Server velocity_smoother connected with bond.
[lifecycle_manager-13] [INFO] [1787195901.476114611] [lifecycle_manager_navigation]: [34m[1mManaged nodes are active[0m[0m
[lifecycle_manager-13] [INFO] [1787195901.476125584] [lifecycle_manager_navigation]: [34m[1mCreating bond timer...[0m[0m
[ERROR] [scan_to_scan_filter_chain-1]: process has died [pid 117975, exit code -9, cmd '/opt/ros/humble/lib/laser_filters/scan_to_scan_filter_chain --ros-args --log-level info --ros-args -r __node:=scan_to_scan_filter_chain --params-file /home/smirn/leo_ws/install/leo_nav2_exploration/share/leo_nav2_exploration/config/sim/scan_filter.yaml -r scan:=/leo1/scan -r scan_filtered:=/leo1/scan_filtered'].
