[wsl-exp 05:17:32] backend=wsl:Ubuntu stack=hybrid world=office_world profile=realistic cap=30min out=reports/night/n24_camtuned_s101
[wsl-exp 05:17:32] syncing src/ and scripts/ into /home/smirn/leo_ws
[wsl-exp 05:17:33] colcon build (leo_nav2_exploration, leo_rover_gazebo)
Summary: 1 package finished [1.84s]
  1 package failed: leo_rover_gazebo
  1 package had stderr output: leo_rover_gazebo
[wsl-exp 05:17:36] killing any previous sim
[wsl-exp 05:17:40] cleanup: 0 ROS processes still alive
[wsl-exp 05:17:45] starting simulator (GPU, headless)
[wsl-exp 05:17:46] waiting for /leo1/scan
[wsl-exp 05:17:57] scan: average rate: 57.669
[wsl-exp 05:17:58] renderer: 05:17:54: GL_RENDERER = D3D12 (NVIDIA GeForce RTX 4060 Ti)
[wsl-exp 05:18:01] wheel-odometry model (message only) + gyro + EKF
[wsl-exp 05:18:16] overlay stack: sim_navigation.launch.py
[wsl-exp 05:18:16] waiting for Nav2 planner action
[wsl-exp 05:19:23] camera/points (with stack up): average rate: 4.994
[wsl-exp 05:19:27] scan_filtered: average rate: 10.017
[wsl-exp 05:19:27] starting recorders
[wsl-exp 05:19:29] starting ArUco detector
[wsl-exp 05:19:35] bootstrap jog
[wsl-exp 05:19:53] explorer launched; polling (cap 30 min)
[wsl-exp 05:22:53] explorer reports completion
[wsl-exp 05:23:00] saving map
[wsl-exp 05:23:01] flushing recorders
[wsl-exp 05:23:21] cleanup: 0 ROS processes still alive
[wsl-exp 05:23:23] done -> reports/night/n24_camtuned_s101
