[INFO] [launch]: All log files can be found below /root/.ros/log/2026-07-06-10-30-39-403680-29f48c5f8893-1061
[INFO] [launch]: Default logging verbosity is set to INFO
[INFO] [frontier_explorer-1]: process started with pid [1153]
[INFO] [frontier_explorer-2]: process started with pid [1155]
[frontier_explorer-1] [INFO] [1783333842.446695272] [leo1.frontier_explorer]: Frontier explorer up for "leo1" (base_frame=leo1/base_link); coordination=coordinated, peers=['leo2']
[frontier_explorer-2] [INFO] [1783333842.447569456] [leo2.frontier_explorer]: Frontier explorer up for "leo2" (base_frame=leo2/base_link); coordination=coordinated, peers=['leo1']
[frontier_explorer-1] [WARN] [1783333842.666008575] [leo1.frontier_explorer]: Watchdog: work exists but no goal active and robot stationary - clearing costmaps
[frontier_explorer-2] [WARN] [1783333842.667193312] [leo2.frontier_explorer]: Watchdog: work exists but no goal active and robot stationary - clearing costmaps
[frontier_explorer-1] [INFO] [1783333844.590170573] [leo1.frontier_explorer]: Initial pose recorded: (0.79, -0.00)
[frontier_explorer-2] [INFO] [1783333844.591193877] [leo2.frontier_explorer]: Initial pose recorded: (4.13, -0.00)
[frontier_explorer-1] [WARN] [1783333896.577030163] [leo1.frontier_explorer]: Watchdog: <0.3 m movement in 120 s despite active work - blind reverse escape
[frontier_explorer-2] [WARN] [1783333896.578229402] [leo2.frontier_explorer]: Watchdog: <0.3 m movement in 120 s despite active work - blind reverse escape
[frontier_explorer-2] [WARN] [1783334070.782096888] [leo2.frontier_explorer]: Watchdog: <0.3 m movement in 120 s despite active work - blind rotate escape
[frontier_explorer-1] [WARN] [1783334070.814021520] [leo1.frontier_explorer]: Watchdog: <0.3 m movement in 120 s despite active work - blind rotate escape
[frontier_explorer-1] [WARN] [1783334085.536733522] [leo1.frontier_explorer]: Watchdog: <0.3 m movement in 120 s despite active work - blind reverse escape
[frontier_explorer-2] [WARN] [1783334085.537901676] [leo2.frontier_explorer]: Watchdog: <0.3 m movement in 120 s despite active work - blind reverse escape
[frontier_explorer-1] [WARN] [1783334281.585171425] [leo1.frontier_explorer]: Watchdog: <0.3 m movement in 120 s despite active work - blind rotate escape
[frontier_explorer-2] [WARN] [1783334281.590409434] [leo2.frontier_explorer]: Watchdog: <0.3 m movement in 120 s despite active work - blind rotate escape
[frontier_explorer-1] [WARN] [1783334462.580765923] [leo1.frontier_explorer]: Watchdog: <0.3 m movement in 120 s despite active work - blind reverse escape
[frontier_explorer-2] [WARN] [1783334462.586372945] [leo2.frontier_explorer]: Watchdog: <0.3 m movement in 120 s despite active work - blind reverse escape
[frontier_explorer-1] [WARN] [1783334477.481484801] [leo1.frontier_explorer]: Watchdog: <0.3 m movement in 120 s despite active work - blind rotate escape
[frontier_explorer-2] [WARN] [1783334477.482529321] [leo2.frontier_explorer]: Watchdog: <0.3 m movement in 120 s despite active work - blind rotate escape
