[INFO] [launch]: All log files can be found below /home/smirn/.ros/log/2026-08-20-02-05-25-047689-Tornadosky-81170
[INFO] [launch]: Default logging verbosity is set to INFO
[INFO] [aruco_detector-1]: process started with pid [81171]
[aruco_detector-1] [INFO] [1787184325.685126316] [aruco_detector]: aruco_detector: dict=DICT_4X4_50 len=0.2 m image=/leo1/camera/image optical_frame=False map_frame=map cv2=4.5.4 allowed_ids=[1, 2, 3, 4, 5, 6, 7, 8]
[aruco_detector-1] [INFO] [1787184325.686352749] [aruco_detector]: frames=0 with_detections=0 confirmed=[] pending=[]
[aruco_detector-1] [INFO] [1787184325.780647026] [aruco_detector]: camera intrinsics: fx=554.4 fy=554.4 cx=320.0 cy=240.0 distortion=5 coeffs
[aruco_detector-1] [INFO] [1787184329.974726568] [aruco_detector]: frames=21 with_detections=0 confirmed=[] pending=[]
[aruco_detector-1] [INFO] [1787184339.998832750] [aruco_detector]: frames=71 with_detections=0 confirmed=[] pending=[]
[aruco_detector-1] [INFO] [1787184350.011819599] [aruco_detector]: frames=121 with_detections=40 confirmed=[] pending=[]
[aruco_detector-1] [INFO] [1787184360.019139022] [aruco_detector]: frames=171 with_detections=49 confirmed=[] pending=[]
[aruco_detector-1] [INFO] [1787184370.016411471] [aruco_detector]: frames=221 with_detections=49 confirmed=[] pending=[]
[aruco_detector-1] [INFO] [1787184373.852522034] [aruco_detector]: ArUco 4 CONFIRMED at map (-2.98, 3.85, 0.13) range 4.67 m, reproj 0.10 px
[aruco_detector-1] [WARN] [1787184379.450995695] [aruco_detector]: ignoring ArUco id 21: not in allowed_ids [1, 2, 3, 4, 5, 6, 7, 8]
[aruco_detector-1] [INFO] [1787184380.016437035] [aruco_detector]: frames=271 with_detections=73 confirmed=[4] pending=[]
[aruco_detector-1] [INFO] [1787184390.017885857] [aruco_detector]: frames=321 with_detections=83 confirmed=[4] pending=[]
[aruco_detector-1] [INFO] [1787184400.015311393] [aruco_detector]: frames=371 with_detections=103 confirmed=[4] pending=[]
[aruco_detector-1] [INFO] [1787184410.015390578] [aruco_detector]: frames=421 with_detections=140 confirmed=[4] pending=[]
[aruco_detector-1] [INFO] [1787184420.017964229] [aruco_detector]: frames=471 with_detections=140 confirmed=[4] pending=[]
[aruco_detector-1] [INFO] [1787184430.014996265] [aruco_detector]: frames=521 with_detections=144 confirmed=[4] pending=[]
[aruco_detector-1] [INFO] [1787184436.054454686] [aruco_detector]: ArUco 1 CONFIRMED at map (-9.81, 0.13, 0.14) range 5.81 m, reproj 0.05 px
[aruco_detector-1] [INFO] [1787184440.017408409] [aruco_detector]: frames=571 with_detections=177 confirmed=[1, 4] pending=[]
[aruco_detector-1] [INFO] [1787184443.453075351] [aruco_detector]: ArUco 6 CONFIRMED at map (-10.41, -3.69, 0.14) range 5.60 m, reproj 0.20 px
[aruco_detector-1] [INFO] [1787184450.017656058] [aruco_detector]: frames=621 with_detections=185 confirmed=[1, 4, 6] pending=[]
[aruco_detector-1] [INFO] [1787184460.012502425] [aruco_detector]: frames=671 with_detections=185 confirmed=[1, 4, 6] pending=[]
[aruco_detector-1] [INFO] [1787184470.012483422] [aruco_detector]: frames=721 with_detections=222 confirmed=[1, 4, 6] pending=[]
[aruco_detector-1] [INFO] [1787184480.015003827] [aruco_detector]: frames=771 with_detections=237 confirmed=[1, 4, 6] pending=[]
[aruco_detector-1] [INFO] [1787184490.012976399] [aruco_detector]: frames=821 with_detections=237 confirmed=[1, 4, 6] pending=[]
[aruco_detector-1] [INFO] [1787184500.016009092] [aruco_detector]: frames=871 with_detections=237 confirmed=[1, 4, 6] pending=[]
[aruco_detector-1] [INFO] [1787184510.016163066] [aruco_detector]: frames=921 with_detections=237 confirmed=[1, 4, 6] pending=[]
[aruco_detector-1] [INFO] [1787184520.015969088] [aruco_detector]: frames=971 with_detections=240 confirmed=[1, 4, 6] pending=[]
[aruco_detector-1] [INFO] [1787184530.031291716] [aruco_detector]: frames=1021 with_detections=248 confirmed=[1, 4, 6] pending=[]
[aruco_detector-1] [INFO] [1787184533.868251555] [aruco_detector]: ArUco 2 CONFIRMED at map (8.76, 0.07, 0.14) range 5.76 m, reproj 0.17 px
[aruco_detector-1] [INFO] [1787184540.033327514] [aruco_detector]: frames=1071 with_detections=276 confirmed=[1, 2, 4, 6] pending=[]
[aruco_detector-1] [INFO] [1787184550.032001154] [aruco_detector]: frames=1121 with_detections=287 confirmed=[1, 2, 4, 6] pending=[]
[aruco_detector-1] [INFO] [1787184554.869233647] [aruco_detector]: ArUco 7 CONFIRMED at map (3.38, -6.02, 0.13) range 5.00 m, reproj 0.08 px
[aruco_detector-1] [INFO] [1787184560.032006410] [aruco_detector]: frames=1171 with_detections=305 confirmed=[1, 2, 4, 6, 7] pending=[]
[aruco_detector-1] [INFO] [1787184570.031986896] [aruco_detector]: frames=1221 with_detections=344 confirmed=[1, 2, 4, 6, 7] pending=[]
[aruco_detector-1] [INFO] [1787184580.030062377] [aruco_detector]: frames=1271 with_detections=375 confirmed=[1, 2, 4, 6, 7] pending=[]
[aruco_detector-1] [INFO] [1787184590.030045461] [aruco_detector]: frames=1321 with_detections=382 confirmed=[1, 2, 4, 6, 7] pending=[]
[aruco_detector-1] [INFO] [1787184600.030147691] [aruco_detector]: frames=1371 with_detections=382 confirmed=[1, 2, 4, 6, 7] pending=[]
[aruco_detector-1] [INFO] [1787184610.027338220] [aruco_detector]: frames=1421 with_detections=382 confirmed=[1, 2, 4, 6, 7] pending=[]
[aruco_detector-1] [INFO] [1787184620.027385122] [aruco_detector]: frames=1471 with_detections=382 confirmed=[1, 2, 4, 6, 7] pending=[]
[aruco_detector-1] [INFO] [1787184630.027446853] [aruco_detector]: frames=1521 with_detections=382 confirmed=[1, 2, 4, 6, 7] pending=[]
[aruco_detector-1] [INFO] [1787184634.266604042] [aruco_detector]: ArUco 5 CONFIRMED at map (9.32, 3.25, 0.13) range 5.73 m, reproj 0.07 px
[aruco_detector-1] [INFO] [1787184640.024998191] [aruco_detector]: frames=1571 with_detections=401 confirmed=[1, 2, 4, 5, 6, 7] pending=[]
[aruco_detector-1] [WARN] [1787184641.060304380] [aruco_detector]: ignoring ArUco id 32: not in allowed_ids [1, 2, 3, 4, 5, 6, 7, 8]
[aruco_detector-1] [INFO] [1787184650.029159840] [aruco_detector]: frames=1621 with_detections=430 confirmed=[1, 2, 4, 5, 6, 7] pending=[]
[aruco_detector-1] [INFO] [1787184660.032712289] [aruco_detector]: frames=1671 with_detections=451 confirmed=[1, 2, 4, 5, 6, 7] pending=[]
[aruco_detector-1] [INFO] [1787184670.030689294] [aruco_detector]: frames=1721 with_detections=451 confirmed=[1, 2, 4, 5, 6, 7] pending=[]
[aruco_detector-1] [INFO] [1787184680.031971151] [aruco_detector]: frames=1771 with_detections=480 confirmed=[1, 2, 4, 5, 6, 7] pending=[]
[aruco_detector-1] [INFO] [1787184690.031812336] [aruco_detector]: frames=1821 with_detections=505 confirmed=[1, 2, 4, 5, 6, 7] pending=[]
[aruco_detector-1] [INFO] [1787184700.028672447] [aruco_detector]: frames=1871 with_detections=505 confirmed=[1, 2, 4, 5, 6, 7] pending=[]
[aruco_detector-1] [INFO] [1787184710.034891197] [aruco_detector]: frames=1921 with_detections=505 confirmed=[1, 2, 4, 5, 6, 7] pending=[]
[aruco_detector-1] [INFO] [1787184720.036148658] [aruco_detector]: frames=1971 with_detections=505 confirmed=[1, 2, 4, 5, 6, 7] pending=[]
[aruco_detector-1] [INFO] [1787184730.034145087] [aruco_detector]: frames=2021 with_detections=505 confirmed=[1, 2, 4, 5, 6, 7] pending=[]
[aruco_detector-1] [INFO] [1787184740.034141404] [aruco_detector]: frames=2071 with_detections=505 confirmed=[1, 2, 4, 5, 6, 7] pending=[]
[aruco_detector-1] [INFO] [1787184750.038400723] [aruco_detector]: frames=2121 with_detections=505 confirmed=[1, 2, 4, 5, 6, 7] pending=[]
[aruco_detector-1] [INFO] [1787184760.034677867] [aruco_detector]: frames=2171 with_detections=509 confirmed=[1, 2, 4, 5, 6, 7] pending=[]
[aruco_detector-1] [INFO] [1787184770.034570963] [aruco_detector]: frames=2221 with_detections=509 confirmed=[1, 2, 4, 5, 6, 7] pending=[]
[aruco_detector-1] [INFO] [1787184780.036854237] [aruco_detector]: frames=2271 with_detections=528 confirmed=[1, 2, 4, 5, 6, 7] pending=[]
[aruco_detector-1] [INFO] [1787184790.031205305] [aruco_detector]: frames=2321 with_detections=528 confirmed=[1, 2, 4, 5, 6, 7] pending=[]
[aruco_detector-1] [INFO] [1787184800.030992303] [aruco_detector]: frames=2371 with_detections=528 confirmed=[1, 2, 4, 5, 6, 7] pending=[]
[aruco_detector-1] [INFO] [1787184810.032023740] [aruco_detector]: frames=2421 with_detections=528 confirmed=[1, 2, 4, 5, 6, 7] pending=[]
[aruco_detector-1] [INFO] [1787184820.026274163] [aruco_detector]: frames=2471 with_detections=528 confirmed=[1, 2, 4, 5, 6, 7] pending=[]
[aruco_detector-1] [INFO] [1787184830.028045015] [aruco_detector]: frames=2521 with_detections=528 confirmed=[1, 2, 4, 5, 6, 7] pending=[]
[aruco_detector-1] [INFO] [1787184840.028220007] [aruco_detector]: frames=2571 with_detections=528 confirmed=[1, 2, 4, 5, 6, 7] pending=[]
[aruco_detector-1] [INFO] [1787184850.026138868] [aruco_detector]: frames=2621 with_detections=528 confirmed=[1, 2, 4, 5, 6, 7] pending=[]
[aruco_detector-1] [INFO] [1787184860.027721908] [aruco_detector]: frames=2671 with_detections=528 confirmed=[1, 2, 4, 5, 6, 7] pending=[]
[aruco_detector-1] [INFO] [1787184870.029264306] [aruco_detector]: frames=2721 with_detections=528 confirmed=[1, 2, 4, 5, 6, 7] pending=[]
[aruco_detector-1] [INFO] [1787184880.024423004] [aruco_detector]: frames=2771 with_detections=528 confirmed=[1, 2, 4, 5, 6, 7] pending=[]
[aruco_detector-1] [INFO] [1787184890.026990160] [aruco_detector]: frames=2821 with_detections=528 confirmed=[1, 2, 4, 5, 6, 7] pending=[]
[aruco_detector-1] [INFO] [1787184900.026882473] [aruco_detector]: frames=2871 with_detections=528 confirmed=[1, 2, 4, 5, 6, 7] pending=[]
[aruco_detector-1] [INFO] [1787184910.028189754] [aruco_detector]: frames=2921 with_detections=528 confirmed=[1, 2, 4, 5, 6, 7] pending=[]
[aruco_detector-1] [INFO] [1787184920.028957933] [aruco_detector]: frames=2971 with_detections=528 confirmed=[1, 2, 4, 5, 6, 7] pending=[]
[aruco_detector-1] [INFO] [1787184930.030334779] [aruco_detector]: frames=3021 with_detections=528 confirmed=[1, 2, 4, 5, 6, 7] pending=[]
[aruco_detector-1] [INFO] [1787184940.028709216] [aruco_detector]: frames=3071 with_detections=528 confirmed=[1, 2, 4, 5, 6, 7] pending=[]
[aruco_detector-1] [INFO] [1787184950.029041366] [aruco_detector]: frames=3121 with_detections=528 confirmed=[1, 2, 4, 5, 6, 7] pending=[]
[aruco_detector-1] [INFO] [1787184960.093339218] [aruco_detector]: frames=3171 with_detections=528 confirmed=[1, 2, 4, 5, 6, 7] pending=[]
[aruco_detector-1] [INFO] [1787184970.105160802] [aruco_detector]: frames=3221 with_detections=528 confirmed=[1, 2, 4, 5, 6, 7] pending=[]
