[wsl-exp 02:04:09] backend=wsl:Ubuntu stack=hybrid world=office_world profile=realistic cap=30min out=reports/night/n12_lattice_s7
[wsl-exp 02:04:10] syncing src/ and scripts/ into /home/smirn/leo_ws
[wsl-exp 02:04:11] colcon build (leo_nav2_exploration, leo_rover_gazebo)
Summary: 1 package finished [2.13s]
  1 package failed: leo_rover_gazebo
  1 package had stderr output: leo_rover_gazebo
[wsl-exp 02:04:15] killing any previous sim
[wsl-exp 02:04:19] cleanup: 0 ROS processes still alive
[wsl-exp 02:04:24] starting simulator (GPU, headless)
[wsl-exp 02:04:25] waiting for /leo1/scan
[wsl-exp 02:04:37] scan: average rate: 59.589
[wsl-exp 02:04:37] renderer: 02:04:33: GL_RENDERER = D3D12 (NVIDIA GeForce RTX 4060 Ti)
[wsl-exp 02:04:40] wheel-odometry model (message only) + gyro + EKF
[wsl-exp 02:04:55] overlay stack: sim_navigation.launch.py
[wsl-exp 02:04:56] waiting for Nav2 planner action
[wsl-exp 02:05:18] camera/points (with stack up): average rate: 5.032
[wsl-exp 02:05:22] scan_filtered: average rate: 10.022
[wsl-exp 02:05:22] starting recorders
[wsl-exp 02:05:24] starting ArUco detector
[wsl-exp 02:05:30] bootstrap jog
[wsl-exp 02:05:48] explorer launched; polling (cap 30 min)
[wsl-exp 02:15:49] explorer reports completion
[wsl-exp 02:15:56] saving map
[wsl-exp 02:15:57] flushing recorders
[wsl-exp 02:16:17] cleanup: 0 ROS processes still alive
[wsl-exp 02:16:19] done -> reports/night/n12_lattice_s7
