[INFO] [launch]: All log files can be found below /root/.ros/log/2026-07-05-16-51-55-325730-21dc5acfdc37-758
[INFO] [launch]: Default logging verbosity is set to INFO
[INFO] [frontier_explorer-1]: process started with pid [873]
[INFO] [mock_aruco_detector-2]: process started with pid [876]
[mock_aruco_detector-2] [INFO] [1783270318.007996599] [mock_aruco_detector]: Mock detector: 4 ground-truth markers
[frontier_explorer-1] [INFO] [1783270318.431666084] [frontier_explorer]: Frontier explorer up for "leo1" (base_frame=leo1/base_link)
[frontier_explorer-1] [WARN] [1783270318.666734971] [frontier_explorer]: Watchdog: work exists but no goal active and robot stationary - clearing costmaps
[frontier_explorer-1] [WARN] [1783270319.938382484] [frontier_explorer]: Watchdog: work exists but no goal active and robot stationary - clearing costmaps
[frontier_explorer-1] [INFO] [1783270321.975232099] [frontier_explorer]: Initial pose recorded: (1.22, -0.00)
[frontier_explorer-1] [INFO] [1783270322.445145567] [frontier_explorer]: New frontier goal: (-2.95, -0.65)
[frontier_explorer-1] [INFO] [1783270342.227523192] [frontier_explorer]: New frontier goal: (-4.55, -2.86)
[frontier_explorer-1] [INFO] [1783270354.252124947] [frontier_explorer]: New frontier goal: (4.87, 5.49)
[frontier_explorer-1] [INFO] [1783270386.460033581] [frontier_explorer]: New frontier goal: (4.02, 5.54)
[frontier_explorer-1] [INFO] [1783270398.600225911] [frontier_explorer]: New frontier goal: (0.85, 5.07)
[frontier_explorer-1] [INFO] [1783270408.087975940] [frontier_explorer]: Item candidate id=1 at (-0.01, 6.89) - queued for verification
[frontier_explorer-1] [INFO] [1783270410.101526087] [frontier_explorer]: Item id=1 CONFIRMED at (-0.01, 6.89) after 2 views
[frontier_explorer-1] [INFO] [1783270410.631305646] [frontier_explorer]: No path to frontier goal (-4.95, 4.12), skipping
[frontier_explorer-1] [INFO] [1783270414.675074955] [frontier_explorer]: New frontier goal: (-4.40, 6.07)
[frontier_explorer-1] [INFO] [1783270426.765863165] [frontier_explorer]: New frontier goal: (-5.60, 4.47)
[frontier_explorer-1] [INFO] [1783270442.921584227] [frontier_explorer]: New frontier goal: (-5.50, 5.22)
[frontier_explorer-1] [INFO] [1783270455.020952622] [frontier_explorer]: New frontier goal: (-5.85, -1.18)
[frontier_explorer-1] [INFO] [1783270475.193143249] [frontier_explorer]: New frontier goal: (-2.20, 1.97)
[frontier_explorer-1] [INFO] [1783270495.312910218] [frontier_explorer]: New frontier goal: (2.90, 6.52)
[frontier_explorer-1] [INFO] [1783270511.455283063] [frontier_explorer]: New frontier goal: (6.05, 4.17)
[frontier_explorer-1] [INFO] [1783270531.637384151] [frontier_explorer]: New frontier goal: (3.50, -0.28)
[frontier_explorer-1] [INFO] [1783270571.954224206] [frontier_explorer]: New frontier goal: (-2.25, -5.78)
[frontier_explorer-1] [INFO] [1783270608.288810809] [frontier_explorer]: New frontier goal: (0.04, -5.38)
[frontier_explorer-1] [INFO] [1783270620.257570938] [frontier_explorer]: New frontier goal: (5.64, -6.03)
[frontier_explorer-1] [INFO] [1783270632.354208822] [frontier_explorer]: New frontier goal: (6.04, -4.13)
[frontier_explorer-1] [INFO] [1783270644.470261490] [frontier_explorer]: New frontier goal: (5.14, -4.53)
[frontier_explorer-1] [INFO] [1783270656.586356146] [frontier_explorer]: New frontier goal: (-2.16, 1.97)
[frontier_explorer-1] [INFO] [1783270704.947788999] [frontier_explorer]: New frontier goal: (-4.71, -5.53)
[frontier_explorer-1] [INFO] [1783270725.080648942] [frontier_explorer]: New frontier goal: (-4.81, -0.53)
[frontier_explorer-1] [INFO] [1783270753.329037890] [frontier_explorer]: New frontier goal: (-2.06, 1.92)
[frontier_explorer-1] [INFO] [1783270760.870213431] [frontier_explorer]: Item candidate id=3 at (-3.96, 2.88) - queued for verification
[frontier_explorer-1] [INFO] [1783270761.412222373] [frontier_explorer]: Item id=3 CONFIRMED at (-3.98, 2.88) after 2 views
[frontier_explorer-1] [INFO] [1783270765.442365090] [frontier_explorer]: No path to frontier goal (-6.91, 4.77), skipping
[frontier_explorer-1] [INFO] [1783270781.564548915] [frontier_explorer]: New frontier goal: (3.31, 0.67)
[frontier_explorer-1] [INFO] [1783270793.646204360] [frontier_explorer]: No path to frontier goal (3.20, 8.62), skipping
[frontier_explorer-1] [INFO] [1783270817.918810671] [frontier_explorer]: No path to frontier goal (2.90, 8.82), skipping
[frontier_explorer-1] [WARN] [1783270842.222085387] [frontier_explorer]: No progress for 32s - clearing costmaps and retrying goal (3.31, 0.67)
[frontier_explorer-1] [WARN] [1783270842.430962166] [frontier_explorer]: Goal (2.90, 8.82) planner-rejected 3 times - long-banning
[frontier_explorer-1] [INFO] [1783270842.467793698] [frontier_explorer]: No path to frontier goal (2.90, 8.82), skipping
[frontier_explorer-1] [WARN] [1783270878.759711653] [frontier_explorer]: Still no progress after costmap clear, blacklisting goal (3.31, 0.67)
[frontier_explorer-1] [INFO] [1783270883.115799943] [frontier_explorer]: No path to frontier goal (5.35, 7.77), skipping
[frontier_explorer-1] [WARN] [1783270885.090325318] [frontier_explorer]: Watchdog: work exists but no goal active and robot stationary - clearing costmaps
[frontier_explorer-1] [WARN] [1783270885.156118966] [frontier_explorer]: Watchdog: resetting blacklist
[frontier_explorer-1] [INFO] [1783270887.218080206] [frontier_explorer]: New frontier goal: (3.45, 0.27)
[frontier_explorer-1] [WARN] [1783270911.396357176] [frontier_explorer]: Goal (3.60, 8.62) planner-rejected 4 times - long-banning
[frontier_explorer-1] [INFO] [1783270911.430654168] [frontier_explorer]: No path to frontier goal (3.60, 8.62), skipping
[frontier_explorer-1] [WARN] [1783270923.504592954] [frontier_explorer]: No progress for 32s - clearing costmaps and retrying goal (3.45, 0.27)
[frontier_explorer-1] [WARN] [1783270979.898898755] [frontier_explorer]: Still no progress after costmap clear, blacklisting goal (3.45, 0.27)
[frontier_explorer-1] [INFO] [1783270983.960144832] [frontier_explorer]: No path to frontier goal (4.35, 8.87), skipping
[frontier_explorer-1] [WARN] [1783270985.888634577] [frontier_explorer]: Watchdog: work exists but no goal active and robot stationary - clearing costmaps
[frontier_explorer-1] [WARN] [1783271000.052433002] [frontier_explorer]: Goal (5.00, 8.17) planner-rejected 3 times - long-banning
[frontier_explorer-1] [INFO] [1783271004.076096506] [frontier_explorer]: New frontier goal: (6.10, 6.82)
[frontier_explorer-1] [INFO] [1783271020.203199830] [frontier_explorer]: No path to frontier goal (0.15, 8.42), skipping
[frontier_explorer-1] [WARN] [1783271028.305671781] [frontier_explorer]: Frontier goal done but frontier survived at (6.11, 6.82) - striking it
[frontier_explorer-1] [INFO] [1783271032.383381696] [frontier_explorer]: New frontier goal: (6.61, 5.77)
[frontier_explorer-1] [INFO] [1783271048.557514270] [frontier_explorer]: No path to frontier goal (-0.69, 8.37), skipping
[frontier_explorer-1] [INFO] [1783271076.821077751] [frontier_explorer]: No path to frontier goal (-1.34, 8.87), skipping
[frontier_explorer-1] [WARN] [1783271081.393663873] [frontier_explorer]: frontier goal failed (status 6), blacklisted (6.61, 5.77)
[frontier_explorer-1] [WARN] [1783271086.778509605] [frontier_explorer]: Watchdog: work exists but no goal active and robot stationary - clearing costmaps
[frontier_explorer-1] [INFO] [1783271092.990135095] [frontier_explorer]: New frontier goal: (1.06, 6.47)
[frontier_explorer-1] [WARN] [1783271105.050607180] [frontier_explorer]: Goal (-1.74, 8.52) planner-rejected 3 times - long-banning
[frontier_explorer-1] [INFO] [1783271105.088494872] [frontier_explorer]: No path to frontier goal (-1.74, 8.52), skipping
[frontier_explorer-1] [WARN] [1783271122.012339911] [frontier_explorer]: frontier goal failed (status 6), blacklisted (1.06, 6.47)
[frontier_explorer-1] [INFO] [1783271125.206135624] [frontier_explorer]: New frontier goal: (6.11, 6.82)
[frontier_explorer-1] [WARN] [1783271129.208294538] [frontier_explorer]: Frontier goal done but frontier survived at (6.11, 6.82) - striking it
[frontier_explorer-1] [INFO] [1783271129.271287246] [frontier_explorer]: No path to frontier goal (-3.14, 8.47), skipping
[frontier_explorer-1] [WARN] [1783271133.279885096] [frontier_explorer]: Goal (1.76, 9.57) planner-rejected 3 times - long-banning
[frontier_explorer-1] [INFO] [1783271145.404440359] [frontier_explorer]: New frontier goal: (3.46, 0.32)
[frontier_explorer-1] [INFO] [1783271157.483303889] [frontier_explorer]: No path to frontier goal (-3.44, 8.32), skipping
[frontier_explorer-1] [INFO] [1783271185.689537247] [frontier_explorer]: No path to frontier goal (-4.54, 8.42), skipping
[frontier_explorer-1] [WARN] [1783271209.920546937] [frontier_explorer]: No progress for 32s - clearing costmaps and retrying goal (3.46, 0.32)
[frontier_explorer-1] [WARN] [1783271210.026673239] [frontier_explorer]: Goal (-4.54, 8.42) planner-rejected 3 times - long-banning
[frontier_explorer-1] [INFO] [1783271210.061853811] [frontier_explorer]: No path to frontier goal (-4.54, 8.42), skipping
[frontier_explorer-1] [INFO] [1783271234.215323829] [frontier_explorer]: No path to frontier goal (-4.64, -7.43), skipping
[frontier_explorer-1] [INFO] [1783271242.288064977] [frontier_explorer]: New frontier goal: (-3.04, -4.83)
[frontier_explorer-1] [INFO] [1783271254.389185116] [frontier_explorer]: New frontier goal: (3.36, 0.22)
[frontier_explorer-1] [WARN] [1783271266.502813737] [frontier_explorer]: Goal (-4.64, -7.43) planner-rejected 3 times - long-banning
[frontier_explorer-1] [INFO] [1783271266.538994272] [frontier_explorer]: No path to frontier goal (-4.64, -7.43), skipping
[frontier_explorer-1] [INFO] [1783271298.795687150] [frontier_explorer]: No path to frontier goal (-0.07, -6.31), skipping
[frontier_explorer-1] [INFO] [1783271302.847286166] [frontier_explorer]: New frontier goal: (5.43, -5.56)
[frontier_explorer-1] [WARN] [1783271331.106552499] [frontier_explorer]: Frontier goal done but frontier survived at (5.43, -5.56) - striking it
[frontier_explorer-1] [INFO] [1783271331.177140086] [frontier_explorer]: New frontier goal: (6.03, -5.46)
[frontier_explorer-1] [WARN] [1783271343.246678837] [frontier_explorer]: Frontier goal done but frontier survived at (6.03, -5.46) - striking it
[frontier_explorer-1] [INFO] [1783271343.314724813] [frontier_explorer]: New frontier goal: (7.23, -3.01)
[frontier_explorer-1] [INFO] [1783271355.401928078] [frontier_explorer]: No path to frontier goal (-4.45, 6.79), skipping
[frontier_explorer-1] [WARN] [1783271369.416071594] [frontier_explorer]: Watchdog: work exists but no goal active and robot stationary - clearing costmaps
[frontier_explorer-1] [WARN] [1783271369.454613282] [frontier_explorer]: Watchdog: resetting blacklist
[frontier_explorer-1] [INFO] [1783271375.607872244] [frontier_explorer]: No path to frontier goal (5.85, -5.41), skipping
[frontier_explorer-1] [WARN] [1783271387.720072042] [frontier_explorer]: Goal (-0.60, -6.31) planner-rejected 3 times - long-banning
[frontier_explorer-1] [WARN] [1783271389.616942774] [frontier_explorer]: Watchdog: all goals planner-rejected (9 skips) - blind reverse escape
[frontier_explorer-1] [INFO] [1783271395.805984710] [frontier_explorer]: No path to frontier goal (6.60, -5.31), skipping
[frontier_explorer-1] [WARN] [1783271407.926399606] [frontier_explorer]: Goal (-4.45, 6.79) planner-rejected 3 times - long-banning
[frontier_explorer-1] [WARN] [1783271409.829508409] [frontier_explorer]: Watchdog: work exists but no goal active and robot stationary - clearing costmaps
[frontier_explorer-1] [WARN] [1783271411.968025377] [frontier_explorer]: Goal (-5.80, 8.24) planner-rejected 3 times - long-banning
[frontier_explorer-1] [WARN] [1783271416.026236248] [frontier_explorer]: Goal (6.55, 5.84) planner-rejected 3 times - long-banning
[frontier_explorer-1] [INFO] [1783271416.062083853] [frontier_explorer]: No path to frontier goal (6.55, 5.84), skipping
[frontier_explorer-1] [WARN] [1783271420.062941601] [frontier_explorer]: Goal (6.60, -5.31) planner-rejected 3 times - long-banning
[frontier_explorer-1] [WARN] [1783271424.101908333] [frontier_explorer]: Goal (5.85, -5.41) planner-rejected 3 times - long-banning
[frontier_explorer-1] [WARN] [1783271428.134532752] [frontier_explorer]: Goal (5.10, -5.36) planner-rejected 3 times - long-banning
[frontier_explorer-1] [WARN] [1783271430.035286656] [frontier_explorer]: Watchdog: all goals planner-rejected (9 skips) - blind rotate escape
[frontier_explorer-1] [INFO] [1783271436.230690747] [frontier_explorer]: No path to frontier goal (4.15, 7.94), skipping
[frontier_explorer-1] [WARN] [1783271450.217718351] [frontier_explorer]: Watchdog: work exists but no goal active and robot stationary - clearing costmaps
[frontier_explorer-1] [INFO] [1783271456.413007990] [frontier_explorer]: No path to frontier goal (-0.25, 9.14), skipping
[frontier_explorer-1] [WARN] [1783271460.437382261] [frontier_explorer]: Goal (4.15, 7.94) planner-rejected 3 times - long-banning
[frontier_explorer-1] [WARN] [1783271470.415259015] [frontier_explorer]: Watchdog: all goals planner-rejected (9 skips) - blind reverse escape
[frontier_explorer-1] [WARN] [1783271476.620281004] [frontier_explorer]: Goal (0.70, 6.29) planner-rejected 3 times - long-banning
[frontier_explorer-1] [INFO] [1783271476.654876614] [frontier_explorer]: No path to frontier goal (0.70, 6.29), skipping
[frontier_explorer-1] [WARN] [1783271480.640777393] [frontier_explorer]: Goal (5.70, 7.74) planner-rejected 3 times - long-banning
[frontier_explorer-1] [WARN] [1783271484.680284176] [frontier_explorer]: Goal (-0.95, 6.44) planner-rejected 3 times - long-banning
[frontier_explorer-1] [WARN] [1783271490.615671107] [frontier_explorer]: Watchdog: work exists but no goal active and robot stationary - clearing costmaps
[frontier_explorer-1] [WARN] [1783271490.653791562] [frontier_explorer]: Watchdog: resetting blacklist
[frontier_explorer-1] [WARN] [1783271492.760886308] [frontier_explorer]: Goal (-1.90, 6.84) planner-rejected 3 times - long-banning
[frontier_explorer-1] [INFO] [1783271496.816080433] [frontier_explorer]: New frontier goal: (-4.60, 4.59)
[frontier_explorer-1] [WARN] [1783271569.410535114] [frontier_explorer]: Frontier goal done but frontier survived at (-4.60, 4.59) - striking it
[frontier_explorer-1] [WARN] [1783271569.474120130] [frontier_explorer]: Goal (-3.45, 8.24) planner-rejected 3 times - long-banning
[frontier_explorer-1] [INFO] [1783271569.514895591] [frontier_explorer]: No path to frontier goal (-3.45, 8.24), skipping
[frontier_explorer-1] [WARN] [1783271571.340655703] [frontier_explorer]: Watchdog: work exists but no goal active and robot stationary - clearing costmaps
[frontier_explorer-1] [INFO] [1783271585.720396728] [frontier_explorer]: Frontiers done - SWEEPING for camera coverage (11% of walls observed)
[frontier_explorer-1] [INFO] [1783271588.906363708] [frontier_explorer]: Sweep selection: gain=48 distance=2.1m turn=2.67rad utility=9.49
[frontier_explorer-1] [INFO] [1783271588.972518573] [frontier_explorer]: New sweep goal: (-5.65, 2.19)
[frontier_explorer-1] [INFO] [1783271597.833393163] [frontier_explorer]: New frontiers - back to EXPLORING
[frontier_explorer-1] [WARN] [1783271638.168571989] [frontier_explorer]: No progress for 32s - clearing costmaps and retrying goal (-5.65, 2.19)
[frontier_explorer-1] [WARN] [1783271674.479858052] [frontier_explorer]: Still no progress after costmap clear, blacklisting goal (-5.65, 2.19)
[frontier_explorer-1] [INFO] [1783271678.582402661] [frontier_explorer]: New frontier goal: (-4.60, 4.59)
[frontier_explorer-1] [WARN] [1783271698.718520826] [frontier_explorer]: Frontier goal done but frontier survived at (-4.60, 4.59) - striking it
[frontier_explorer-1] [INFO] [1783271698.828997631] [frontier_explorer]: No path to frontier goal (-2.65, 6.59), skipping
[frontier_explorer-1] [WARN] [1783271702.782594044] [frontier_explorer]: Goal (-3.00, 9.04) planner-rejected 4 times - long-banning
[frontier_explorer-1] [WARN] [1783271706.823923573] [frontier_explorer]: Goal (-0.25, 9.14) planner-rejected 3 times - long-banning
[frontier_explorer-1] [WARN] [1783271712.771340468] [frontier_explorer]: Watchdog: work exists but no goal active and robot stationary - clearing costmaps
[frontier_explorer-1] [INFO] [1783271714.931152144] [frontier_explorer]: Frontiers done - SWEEPING for camera coverage (13% of walls observed)
[frontier_explorer-1] [INFO] [1783271717.839826034] [frontier_explorer]: Sweep selection: gain=48 distance=4.5m turn=0.22rad utility=8.54
[frontier_explorer-1] [INFO] [1783271721.358766178] [frontier_explorer]: Sweep selection: gain=45 distance=4.6m turn=0.67rad utility=7.41
[frontier_explorer-1] [INFO] [1783271721.422404795] [frontier_explorer]: No path to sweep goal (-1.55, 7.39), skipping
[frontier_explorer-1] [INFO] [1783271722.970597815] [frontier_explorer]: New frontiers - back to EXPLORING
[frontier_explorer-1] [WARN] [1783271723.034341250] [frontier_explorer]: Goal (-2.65, 6.59) planner-rejected 3 times - long-banning
[frontier_explorer-1] [INFO] [1783271727.058500613] [frontier_explorer]: Frontiers done - SWEEPING for camera coverage (13% of walls observed)
[frontier_explorer-1] [INFO] [1783271729.295782151] [frontier_explorer]: Sweep selection: gain=49 distance=4.9m turn=1.45rad utility=7.02
[frontier_explorer-1] [INFO] [1783271729.367161342] [frontier_explorer]: New sweep goal: (0.39, 3.89)
[frontier_explorer-1] [INFO] [1783271735.108056540] [frontier_explorer]: New frontiers - back to EXPLORING
[frontier_explorer-1] [WARN] [1783271775.461116845] [frontier_explorer]: Goal (5.50, 8.64) planner-rejected 3 times - long-banning
[frontier_explorer-1] [INFO] [1783271775.498505193] [frontier_explorer]: No path to frontier goal (5.50, 8.64), skipping
[frontier_explorer-1] [INFO] [1783271779.473110581] [frontier_explorer]: Frontiers done - SWEEPING for camera coverage (15% of walls observed)
[frontier_explorer-1] [INFO] [1783271781.487746807] [frontier_explorer]: Sweep selection: gain=39 distance=0.5m turn=1.12rad utility=17.01
[frontier_explorer-1] [INFO] [1783271781.542621565] [frontier_explorer]: New sweep goal: (0.25, 4.23)
[frontier_explorer-1] [INFO] [1783271789.422200210] [frontier_explorer]: Sweep selection: gain=44 distance=3.2m turn=0.68rad utility=9.34
[frontier_explorer-1] [INFO] [1783271791.525722846] [frontier_explorer]: New frontiers - back to EXPLORING
[frontier_explorer-1] [INFO] [1783271791.584173069] [frontier_explorer]: New frontier goal: (-4.60, 4.59)
[frontier_explorer-1] [WARN] [1783271864.392900627] [frontier_explorer]: No progress for 32s - clearing costmaps and retrying goal (-4.60, 4.59)
[frontier_explorer-1] [INFO] [1783271884.744274967] [frontier_explorer]: No path to frontier goal (-5.20, 4.79), skipping
[frontier_explorer-1] [INFO] [1783271888.781675075] [frontier_explorer]: Frontiers done - SWEEPING for camera coverage (16% of walls observed)
[frontier_explorer-1] [INFO] [1783271891.173090769] [frontier_explorer]: Sweep selection: gain=48 distance=4.5m turn=1.82rad utility=7.03
[frontier_explorer-1] [INFO] [1783271894.919173874] [frontier_explorer]: Sweep selection: gain=45 distance=4.6m turn=2.27rad utility=6.17
[frontier_explorer-1] [INFO] [1783271898.769842510] [frontier_explorer]: Sweep selection: gain=41 distance=4.8m turn=2.25rad utility=5.45
[frontier_explorer-1] [INFO] [1783271902.777155844] [frontier_explorer]: Sweep selection: gain=53 distance=7.2m turn=2.42rad utility=5.31
[frontier_explorer-1] [INFO] [1783271902.838417399] [frontier_explorer]: New sweep goal: (-4.74, -3.26)
[frontier_explorer-1] [INFO] [1783271908.984060190] [frontier_explorer]: New frontiers - back to EXPLORING
[frontier_explorer-1] [INFO] [1783271957.419975439] [frontier_explorer]: No path to frontier goal (-5.20, 4.79), skipping
[frontier_explorer-1] [INFO] [1783271961.489777387] [frontier_explorer]: Frontiers done - SWEEPING for camera coverage (18% of walls observed)
[frontier_explorer-1] [INFO] [1783271963.186218570] [frontier_explorer]: Sweep selection: gain=46 distance=6.7m turn=3.59rad utility=4.42
[frontier_explorer-1] [INFO] [1783271963.297165893] [frontier_explorer]: New sweep goal: (0.59, 0.89)
[frontier_explorer-1] [INFO] [1783271981.603240824] [frontier_explorer]: New frontiers - back to EXPLORING
[frontier_explorer-1] [WARN] [1783272037.974744628] [frontier_explorer]: No progress for 32s - clearing costmaps and retrying goal (0.59, 0.89)
[frontier_explorer-1] [WARN] [1783272074.283246452] [frontier_explorer]: Still no progress after costmap clear, blacklisting goal (0.59, 0.89)
[frontier_explorer-1] [WARN] [1783272076.193818763] [frontier_explorer]: Watchdog: work exists but no goal active and robot stationary - clearing costmaps
[frontier_explorer-1] [WARN] [1783272076.231226629] [frontier_explorer]: Watchdog: resetting blacklist
[frontier_explorer-1] [WARN] [1783272078.367492282] [frontier_explorer]: Goal (-5.20, 4.79) planner-rejected 3 times - long-banning
[frontier_explorer-1] [INFO] [1783272078.406736076] [frontier_explorer]: No path to frontier goal (-5.20, 4.79), skipping
[frontier_explorer-1] [INFO] [1783272086.399909602] [frontier_explorer]: Frontiers done - SWEEPING for camera coverage (20% of walls observed)
[frontier_explorer-1] [INFO] [1783272088.432507980] [frontier_explorer]: Sweep selection: gain=54 distance=4.2m turn=0.32rad utility=9.86
[frontier_explorer-1] [INFO] [1783272088.499568873] [frontier_explorer]: New sweep goal: (4.55, 1.69)
[frontier_explorer-1] [INFO] [1783272106.530497933] [frontier_explorer]: New frontiers - back to EXPLORING
[frontier_explorer-1] [WARN] [1783272138.835728866] [frontier_explorer]: No progress for 32s - clearing costmaps and retrying goal (4.55, 1.69)
[frontier_explorer-1] [INFO] [1783272163.043311378] [frontier_explorer]: No path to frontier goal (-3.33, 6.84), skipping
[frontier_explorer-1] [WARN] [1783272177.048937947] [frontier_explorer]: Watchdog: work exists but no goal active and robot stationary - clearing costmaps
[frontier_explorer-1] [INFO] [1783272183.222234780] [frontier_explorer]: No path to frontier goal (-1.53, 7.34), skipping
[frontier_explorer-1] [WARN] [1783272195.309052987] [frontier_explorer]: Goal (0.82, 8.54) planner-rejected 3 times - long-banning
[frontier_explorer-1] [WARN] [1783272197.223404088] [frontier_explorer]: Watchdog: all goals planner-rejected (9 skips) - blind rotate escape
[frontier_explorer-1] [WARN] [1783272203.364701419] [frontier_explorer]: Goal (1.52, 5.59) planner-rejected 3 times - long-banning
[frontier_explorer-1] [INFO] [1783272203.401170009] [frontier_explorer]: No path to frontier goal (1.52, 5.59), skipping
[frontier_explorer-1] [WARN] [1783272207.390144899] [frontier_explorer]: Goal (2.57, 8.74) planner-rejected 3 times - long-banning
[frontier_explorer-1] [WARN] [1783272217.372498973] [frontier_explorer]: Watchdog: work exists but no goal active and robot stationary - clearing costmaps
[frontier_explorer-1] [WARN] [1783272217.408909045] [frontier_explorer]: Watchdog: resetting blacklist
[frontier_explorer-1] [WARN] [1783272219.482306275] [frontier_explorer]: Goal (-0.58, 7.34) planner-rejected 3 times - long-banning
[frontier_explorer-1] [INFO] [1783272223.511294512] [frontier_explorer]: No path to frontier goal (-2.18, 8.74), skipping
[frontier_explorer-1] [WARN] [1783272237.529496723] [frontier_explorer]: Watchdog: all goals planner-rejected (9 skips) - blind reverse escape
