data: '{"robot": "leo1", "sim_time": 52.0, "state": "exploring", "frontiers": 55, "coverage_m2": 43.0, "camera_coverage": 0.0, "items_c...'
---
data: '{"robot": "leo1", "sim_time": 56.0, "state": "exploring", "frontiers": 55, "coverage_m2": 43.0, "camera_coverage": 0.094, "items...'
---
data: '{"robot": "leo1", "sim_time": 60.0, "state": "exploring", "frontiers": 55, "coverage_m2": 43.0, "camera_coverage": 0.134, "items...'
---
data: '{"robot": "leo1", "sim_time": 64.0, "state": "exploring", "frontiers": 55, "coverage_m2": 43.0, "camera_coverage": 0.332, "items...'
---
data: '{"robot": "leo1", "sim_time": 68.0, "state": "exploring", "frontiers": 55, "coverage_m2": 43.0, "camera_coverage": 0.332, "items...'
---
data: '{"robot": "leo1", "sim_time": 72.0, "state": "exploring", "frontiers": 17, "coverage_m2": 66.0, "camera_coverage": 0.391, "items...'
---
data: '{"robot": "leo1", "sim_time": 76.0, "state": "exploring", "frontiers": 21, "coverage_m2": 79.1, "camera_coverage": 0.216, "items...'
---
data: '{"robot": "leo1", "sim_time": 80.0, "state": "exploring", "frontiers": 33, "coverage_m2": 87.2, "camera_coverage": 0.166, "items...'
---
data: '{"robot": "leo1", "sim_time": 84.0, "state": "exploring", "frontiers": 33, "coverage_m2": 91.1, "camera_coverage": 0.126, "items...'
---
data: '{"robot": "leo1", "sim_time": 88.0, "state": "exploring", "frontiers": 30, "coverage_m2": 93.1, "camera_coverage": 0.126, "items...'
---
data: '{"robot": "leo1", "sim_time": 92.0, "state": "exploring", "frontiers": 30, "coverage_m2": 93.1, "camera_coverage": 0.122, "items...'
---
data: '{"robot": "leo1", "sim_time": 96.0, "state": "exploring", "frontiers": 30, "coverage_m2": 93.1, "camera_coverage": 0.124, "items...'
---
data: '{"robot": "leo1", "sim_time": 100.0, "state": "exploring", "frontiers": 30, "coverage_m2": 93.1, "camera_coverage": 0.14, "items...'
---
data: '{"robot": "leo1", "sim_time": 104.0, "state": "exploring", "frontiers": 32, "coverage_m2": 96.8, "camera_coverage": 0.129, "item...'
---
data: '{"robot": "leo1", "sim_time": 108.0, "state": "exploring", "frontiers": 22, "coverage_m2": 97.9, "camera_coverage": 0.129, "item...'
---
data: '{"robot": "leo1", "sim_time": 112.0, "state": "exploring", "frontiers": 13, "coverage_m2": 98.5, "camera_coverage": 0.121, "item...'
---
data: '{"robot": "leo1", "sim_time": 116.0, "state": "exploring", "frontiers": 14, "coverage_m2": 99.6, "camera_coverage": 0.133, "item...'
---
data: '{"robot": "leo1", "sim_time": 120.0, "state": "exploring", "frontiers": 19, "coverage_m2": 102.3, "camera_coverage": 0.13, "item...'
---
data: '{"robot": "leo1", "sim_time": 124.0, "state": "exploring", "frontiers": 16, "coverage_m2": 105.3, "camera_coverage": 0.12, "item...'
---
data: '{"robot": "leo1", "sim_time": 128.0, "state": "exploring", "frontiers": 20, "coverage_m2": 115.1, "camera_coverage": 0.12, "item...'
---
data: '{"robot": "leo1", "sim_time": 132.0, "state": "exploring", "frontiers": 20, "coverage_m2": 115.1, "camera_coverage": 0.13, "item...'
---
data: '{"robot": "leo1", "sim_time": 136.0, "state": "exploring", "frontiers": 37, "coverage_m2": 127.9, "camera_coverage": 0.141, "ite...'
---
data: '{"robot": "leo1", "sim_time": 140.0, "state": "exploring", "frontiers": 17, "coverage_m2": 135.3, "camera_coverage": 0.135, "ite...'
---
data: '{"robot": "leo1", "sim_time": 144.0, "state": "exploring", "frontiers": 18, "coverage_m2": 138.1, "camera_coverage": 0.142, "ite...'
---
data: '{"robot": "leo1", "sim_time": 148.0, "state": "exploring", "frontiers": 18, "coverage_m2": 139.9, "camera_coverage": 0.142, "ite...'
---
data: '{"robot": "leo1", "sim_time": 152.0, "state": "exploring", "frontiers": 16, "coverage_m2": 141.1, "camera_coverage": 0.149, "ite...'
---
data: '{"robot": "leo1", "sim_time": 156.0, "state": "exploring", "frontiers": 16, "coverage_m2": 141.7, "camera_coverage": 0.159, "ite...'
---
data: '{"robot": "leo1", "sim_time": 160.0, "state": "exploring", "frontiers": 16, "coverage_m2": 142.1, "camera_coverage": 0.17, "item...'
---
data: '{"robot": "leo1", "sim_time": 164.0, "state": "exploring", "frontiers": 17, "coverage_m2": 142.1, "camera_coverage": 0.192, "ite...'
---
data: '{"robot": "leo1", "sim_time": 168.0, "state": "exploring", "frontiers": 13, "coverage_m2": 142.4, "camera_coverage": 0.192, "ite...'
---
data: '{"robot": "leo1", "sim_time": 172.0, "state": "exploring", "frontiers": 11, "coverage_m2": 144.6, "camera_coverage": 0.213, "ite...'
---
data: '{"robot": "leo1", "sim_time": 176.0, "state": "exploring", "frontiers": 10, "coverage_m2": 145.6, "camera_coverage": 0.228, "ite...'
---
data: '{"robot": "leo1", "sim_time": 180.0, "state": "exploring", "frontiers": 8, "coverage_m2": 145.7, "camera_coverage": 0.268, "item...'
---
data: '{"robot": "leo1", "sim_time": 184.0, "state": "exploring", "frontiers": 8, "coverage_m2": 145.7, "camera_coverage": 0.278, "item...'
---
data: '{"robot": "leo1", "sim_time": 188.0, "state": "exploring", "frontiers": 8, "coverage_m2": 145.8, "camera_coverage": 0.278, "item...'
---
data: '{"robot": "leo1", "sim_time": 192.0, "state": "exploring", "frontiers": 8, "coverage_m2": 145.8, "camera_coverage": 0.287, "item...'
---
data: '{"robot": "leo1", "sim_time": 196.0, "state": "exploring", "frontiers": 8, "coverage_m2": 145.8, "camera_coverage": 0.294, "item...'
---
data: '{"robot": "leo1", "sim_time": 200.0, "state": "exploring", "frontiers": 8, "coverage_m2": 145.8, "camera_coverage": 0.302, "item...'
---
data: '{"robot": "leo1", "sim_time": 204.0, "state": "exploring", "frontiers": 8, "coverage_m2": 145.8, "camera_coverage": 0.302, "item...'
---
data: '{"robot": "leo1", "sim_time": 208.0, "state": "exploring", "frontiers": 8, "coverage_m2": 145.8, "camera_coverage": 0.302, "item...'
---
data: '{"robot": "leo1", "sim_time": 212.0, "state": "exploring", "frontiers": 8, "coverage_m2": 145.8, "camera_coverage": 0.316, "item...'
---
data: '{"robot": "leo1", "sim_time": 216.0, "state": "exploring", "frontiers": 8, "coverage_m2": 145.8, "camera_coverage": 0.331, "item...'
---
data: '{"robot": "leo1", "sim_time": 220.0, "state": "exploring", "frontiers": 8, "coverage_m2": 145.8, "camera_coverage": 0.341, "item...'
---
data: '{"robot": "leo1", "sim_time": 224.0, "state": "exploring", "frontiers": 8, "coverage_m2": 145.8, "camera_coverage": 0.341, "item...'
---
data: '{"robot": "leo1", "sim_time": 228.0, "state": "exploring", "frontiers": 8, "coverage_m2": 145.9, "camera_coverage": 0.341, "item...'
---
data: '{"robot": "leo1", "sim_time": 232.0, "state": "exploring", "frontiers": 8, "coverage_m2": 145.9, "camera_coverage": 0.342, "item...'
---
data: '{"robot": "leo1", "sim_time": 236.0, "state": "exploring", "frontiers": 8, "coverage_m2": 146.3, "camera_coverage": 0.359, "item...'
---
data: '{"robot": "leo1", "sim_time": 240.0, "state": "exploring", "frontiers": 7, "coverage_m2": 146.8, "camera_coverage": 0.379, "item...'
---
data: '{"robot": "leo1", "sim_time": 244.0, "state": "exploring", "frontiers": 7, "coverage_m2": 146.8, "camera_coverage": 0.387, "item...'
---
data: '{"robot": "leo1", "sim_time": 248.0, "state": "exploring", "frontiers": 7, "coverage_m2": 146.8, "camera_coverage": 0.387, "item...'
---
data: '{"robot": "leo1", "sim_time": 252.0, "state": "exploring", "frontiers": 7, "coverage_m2": 146.8, "camera_coverage": 0.389, "item...'
---
data: '{"robot": "leo1", "sim_time": 256.0, "state": "exploring", "frontiers": 7, "coverage_m2": 147.7, "camera_coverage": 0.426, "item...'
---
data: '{"robot": "leo1", "sim_time": 260.0, "state": "exploring", "frontiers": 6, "coverage_m2": 146.9, "camera_coverage": 0.433, "item...'
---
data: '{"robot": "leo1", "sim_time": 264.0, "state": "exploring", "frontiers": 6, "coverage_m2": 147.0, "camera_coverage": 0.43, "items...'
---
data: '{"robot": "leo1", "sim_time": 268.0, "state": "exploring", "frontiers": 6, "coverage_m2": 147.0, "camera_coverage": 0.43, "items...'
---
data: '{"robot": "leo1", "sim_time": 272.0, "state": "exploring", "frontiers": 6, "coverage_m2": 147.0, "camera_coverage": 0.436, "item...'
---
data: '{"robot": "leo1", "sim_time": 276.0, "state": "exploring", "frontiers": 6, "coverage_m2": 147.0, "camera_coverage": 0.437, "item...'
---
data: '{"robot": "leo1", "sim_time": 280.0, "state": "exploring", "frontiers": 7, "coverage_m2": 147.0, "camera_coverage": 0.446, "item...'
---
data: '{"robot": "leo1", "sim_time": 284.0, "state": "exploring", "frontiers": 7, "coverage_m2": 147.1, "camera_coverage": 0.448, "item...'
---
data: '{"robot": "leo1", "sim_time": 288.0, "state": "exploring", "frontiers": 7, "coverage_m2": 147.1, "camera_coverage": 0.448, "item...'
---
data: '{"robot": "leo1", "sim_time": 292.0, "state": "exploring", "frontiers": 7, "coverage_m2": 147.2, "camera_coverage": 0.459, "item...'
---
data: '{"robot": "leo1", "sim_time": 296.0, "state": "exploring", "frontiers": 6, "coverage_m2": 147.3, "camera_coverage": 0.459, "item...'
---
data: '{"robot": "leo1", "sim_time": 300.0, "state": "exploring", "frontiers": 5, "coverage_m2": 147.5, "camera_coverage": 0.457, "item...'
---
data: '{"robot": "leo1", "sim_time": 304.0, "state": "exploring", "frontiers": 5, "coverage_m2": 147.5, "camera_coverage": 0.498, "item...'
---
data: '{"robot": "leo1", "sim_time": 308.0, "state": "exploring", "frontiers": 5, "coverage_m2": 147.5, "camera_coverage": 0.498, "item...'
---
data: '{"robot": "leo1", "sim_time": 312.0, "state": "exploring", "frontiers": 5, "coverage_m2": 147.6, "camera_coverage": 0.514, "item...'
---
data: '{"robot": "leo1", "sim_time": 316.0, "state": "exploring", "frontiers": 5, "coverage_m2": 147.6, "camera_coverage": 0.529, "item...'
---
data: '{"robot": "leo1", "sim_time": 320.0, "state": "exploring", "frontiers": 5, "coverage_m2": 147.6, "camera_coverage": 0.539, "item...'
---
data: '{"robot": "leo1", "sim_time": 324.0, "state": "exploring", "frontiers": 7, "coverage_m2": 147.5, "camera_coverage": 0.525, "item...'
---
data: '{"robot": "leo1", "sim_time": 328.0, "state": "exploring", "frontiers": 6, "coverage_m2": 147.6, "camera_coverage": 0.525, "item...'
---
data: '{"robot": "leo1", "sim_time": 332.0, "state": "exploring", "frontiers": 7, "coverage_m2": 149.5, "camera_coverage": 0.525, "item...'
---
data: '{"robot": "leo1", "sim_time": 336.0, "state": "exploring", "frontiers": 10, "coverage_m2": 156.4, "camera_coverage": 0.539, "ite...'
---
data: '{"robot": "leo1", "sim_time": 340.0, "state": "exploring", "frontiers": 30, "coverage_m2": 167.8, "camera_coverage": 0.51, "item...'
---
data: '{"robot": "leo1", "sim_time": 344.0, "state": "exploring", "frontiers": 16, "coverage_m2": 175.3, "camera_coverage": 0.481, "ite...'
---
data: '{"robot": "leo1", "sim_time": 348.0, "state": "exploring", "frontiers": 19, "coverage_m2": 179.6, "camera_coverage": 0.481, "ite...'
---
data: '{"robot": "leo1", "sim_time": 352.0, "state": "exploring", "frontiers": 19, "coverage_m2": 181.4, "camera_coverage": 0.468, "ite...'
---
data: '{"robot": "leo1", "sim_time": 356.0, "state": "exploring", "frontiers": 8, "coverage_m2": 182.6, "camera_coverage": 0.45, "items...'
---
data: '{"robot": "leo1", "sim_time": 360.0, "state": "exploring", "frontiers": 7, "coverage_m2": 183.0, "camera_coverage": 0.446, "item...'
---
data: '{"robot": "leo1", "sim_time": 364.0, "state": "exploring", "frontiers": 6, "coverage_m2": 183.1, "camera_coverage": 0.464, "item...'
---
data: '{"robot": "leo1", "sim_time": 368.0, "state": "exploring", "frontiers": 5, "coverage_m2": 183.3, "camera_coverage": 0.464, "item...'
---
data: '{"robot": "leo1", "sim_time": 372.0, "state": "exploring", "frontiers": 6, "coverage_m2": 184.3, "camera_coverage": 0.468, "item...'
---
data: '{"robot": "leo1", "sim_time": 376.0, "state": "exploring", "frontiers": 4, "coverage_m2": 184.6, "camera_coverage": 0.487, "item...'
---
data: '{"robot": "leo1", "sim_time": 380.0, "state": "exploring", "frontiers": 3, "coverage_m2": 184.6, "camera_coverage": 0.516, "item...'
---
data: '{"robot": "leo1", "sim_time": 384.0, "state": "exploring", "frontiers": 3, "coverage_m2": 184.6, "camera_coverage": 0.525, "item...'
---
data: '{"robot": "leo1", "sim_time": 388.0, "state": "exploring", "frontiers": 3, "coverage_m2": 184.6, "camera_coverage": 0.525, "item...'
---
data: '{"robot": "leo1", "sim_time": 392.0, "state": "exploring", "frontiers": 3, "coverage_m2": 184.6, "camera_coverage": 0.525, "item...'
---
data: '{"robot": "leo1", "sim_time": 396.0, "state": "exploring", "frontiers": 3, "coverage_m2": 184.6, "camera_coverage": 0.526, "item...'
---
data: '{"robot": "leo1", "sim_time": 400.0, "state": "exploring", "frontiers": 3, "coverage_m2": 184.6, "camera_coverage": 0.527, "item...'
---
data: '{"robot": "leo1", "sim_time": 404.0, "state": "exploring", "frontiers": 3, "coverage_m2": 184.6, "camera_coverage": 0.529, "item...'
---
data: '{"robot": "leo1", "sim_time": 408.0, "state": "exploring", "frontiers": 3, "coverage_m2": 184.6, "camera_coverage": 0.529, "item...'
---
data: '{"robot": "leo1", "sim_time": 412.0, "state": "exploring", "frontiers": 3, "coverage_m2": 184.6, "camera_coverage": 0.53, "items...'
---
data: '{"robot": "leo1", "sim_time": 416.0, "state": "exploring", "frontiers": 3, "coverage_m2": 184.6, "camera_coverage": 0.546, "item...'
---
data: '{"robot": "leo1", "sim_time": 420.0, "state": "exploring", "frontiers": 3, "coverage_m2": 184.6, "camera_coverage": 0.559, "item...'
---
data: '{"robot": "leo1", "sim_time": 424.0, "state": "exploring", "frontiers": 3, "coverage_m2": 184.7, "camera_coverage": 0.569, "item...'
---
data: '{"robot": "leo1", "sim_time": 428.0, "state": "exploring", "frontiers": 3, "coverage_m2": 184.7, "camera_coverage": 0.569, "item...'
---
data: '{"robot": "leo1", "sim_time": 432.0, "state": "exploring", "frontiers": 3, "coverage_m2": 184.7, "camera_coverage": 0.578, "item...'
---
data: '{"robot": "leo1", "sim_time": 436.0, "state": "exploring", "frontiers": 3, "coverage_m2": 184.7, "camera_coverage": 0.583, "item...'
---
data: '{"robot": "leo1", "sim_time": 440.0, "state": "exploring", "frontiers": 3, "coverage_m2": 184.7, "camera_coverage": 0.582, "item...'
---
data: '{"robot": "leo1", "sim_time": 444.0, "state": "exploring", "frontiers": 3, "coverage_m2": 184.7, "camera_coverage": 0.582, "item...'
---
data: '{"robot": "leo1", "sim_time": 448.0, "state": "exploring", "frontiers": 3, "coverage_m2": 184.9, "camera_coverage": 0.582, "item...'
---
data: '{"robot": "leo1", "sim_time": 452.0, "state": "exploring", "frontiers": 2, "coverage_m2": 185.4, "camera_coverage": 0.614, "item...'
---
data: '{"robot": "leo1", "sim_time": 456.0, "state": "exploring", "frontiers": 2, "coverage_m2": 185.4, "camera_coverage": 0.629, "item...'
---
data: '{"robot": "leo1", "sim_time": 460.0, "state": "exploring", "frontiers": 2, "coverage_m2": 185.4, "camera_coverage": 0.629, "item...'
---
data: '{"robot": "leo1", "sim_time": 464.0, "state": "exploring", "frontiers": 2, "coverage_m2": 185.4, "camera_coverage": 0.631, "item...'
---
data: '{"robot": "leo1", "sim_time": 468.0, "state": "exploring", "frontiers": 2, "coverage_m2": 185.4, "camera_coverage": 0.631, "item...'
---
data: '{"robot": "leo1", "sim_time": 472.0, "state": "exploring", "frontiers": 2, "coverage_m2": 185.5, "camera_coverage": 0.641, "item...'
---
data: '{"robot": "leo1", "sim_time": 476.0, "state": "exploring", "frontiers": 2, "coverage_m2": 185.5, "camera_coverage": 0.642, "item...'
---
data: '{"robot": "leo1", "sim_time": 480.0, "state": "exploring", "frontiers": 1, "coverage_m2": 185.6, "camera_coverage": 0.641, "item...'
---
data: '{"robot": "leo1", "sim_time": 484.0, "state": "exploring", "frontiers": 1, "coverage_m2": 185.6, "camera_coverage": 0.651, "item...'
---
data: '{"robot": "leo1", "sim_time": 488.0, "state": "exploring", "frontiers": 15, "coverage_m2": 185.3, "camera_coverage": 0.651, "ite...'
---
data: '{"robot": "leo1", "sim_time": 492.0, "state": "exploring", "frontiers": 16, "coverage_m2": 185.4, "camera_coverage": 0.127, "ite...'
---
data: '{"robot": "leo1", "sim_time": 496.0, "state": "exploring", "frontiers": 13, "coverage_m2": 185.6, "camera_coverage": 0.135, "ite...'
---
data: '{"robot": "leo1", "sim_time": 500.0, "state": "exploring", "frontiers": 10, "coverage_m2": 186.0, "camera_coverage": 0.135, "ite...'
---
data: '{"robot": "leo1", "sim_time": 504.0, "state": "exploring", "frontiers": 15, "coverage_m2": 186.7, "camera_coverage": 0.135, "ite...'
---
data: '{"robot": "leo1", "sim_time": 508.0, "state": "exploring", "frontiers": 14, "coverage_m2": 186.7, "camera_coverage": 0.135, "ite...'
---
data: '{"robot": "leo1", "sim_time": 512.0, "state": "exploring", "frontiers": 10, "coverage_m2": 188.2, "camera_coverage": 0.131, "ite...'
---
data: '{"robot": "leo1", "sim_time": 516.0, "state": "exploring", "frontiers": 12, "coverage_m2": 190.2, "camera_coverage": 0.127, "ite...'
---
data: '{"robot": "leo1", "sim_time": 520.0, "state": "exploring", "frontiers": 17, "coverage_m2": 192.8, "camera_coverage": 0.132, "ite...'
---
data: '{"robot": "leo1", "sim_time": 524.0, "state": "exploring", "frontiers": 19, "coverage_m2": 194.3, "camera_coverage": 0.131, "ite...'
---
data: '{"robot": "leo1", "sim_time": 528.0, "state": "exploring", "frontiers": 22, "coverage_m2": 194.5, "camera_coverage": 0.131, "ite...'
---
data: '{"robot": "leo1", "sim_time": 532.0, "state": "exploring", "frontiers": 16, "coverage_m2": 195.3, "camera_coverage": 0.131, "ite...'
---
data: '{"robot": "leo1", "sim_time": 536.0, "state": "exploring", "frontiers": 22, "coverage_m2": 196.7, "camera_coverage": 0.129, "ite...'
---
data: '{"robot": "leo1", "sim_time": 540.0, "state": "exploring", "frontiers": 21, "coverage_m2": 197.2, "camera_coverage": 0.129, "ite...'
---
data: '{"robot": "leo1", "sim_time": 544.0, "state": "exploring", "frontiers": 23, "coverage_m2": 197.2, "camera_coverage": 0.129, "ite...'
---
data: '{"robot": "leo1", "sim_time": 548.0, "state": "exploring", "frontiers": 23, "coverage_m2": 197.2, "camera_coverage": 0.129, "ite...'
---
data: '{"robot": "leo1", "sim_time": 552.0, "state": "exploring", "frontiers": 23, "coverage_m2": 197.2, "camera_coverage": 0.129, "ite...'
---
data: '{"robot": "leo1", "sim_time": 556.0, "state": "exploring", "frontiers": 23, "coverage_m2": 197.2, "camera_coverage": 0.129, "ite...'
---
data: '{"robot": "leo1", "sim_time": 560.0, "state": "exploring", "frontiers": 23, "coverage_m2": 197.2, "camera_coverage": 0.129, "ite...'
---
data: '{"robot": "leo1", "sim_time": 564.0, "state": "exploring", "frontiers": 23, "coverage_m2": 197.2, "camera_coverage": 0.129, "ite...'
---
data: '{"robot": "leo1", "sim_time": 568.0, "state": "exploring", "frontiers": 25, "coverage_m2": 197.2, "camera_coverage": 0.129, "ite...'
---
data: '{"robot": "leo1", "sim_time": 572.0, "state": "exploring", "frontiers": 23, "coverage_m2": 197.2, "camera_coverage": 0.129, "ite...'
---
data: '{"robot": "leo1", "sim_time": 576.0, "state": "exploring", "frontiers": 23, "coverage_m2": 197.2, "camera_coverage": 0.129, "ite...'
---
data: '{"robot": "leo1", "sim_time": 580.0, "state": "exploring", "frontiers": 23, "coverage_m2": 197.2, "camera_coverage": 0.129, "ite...'
---
data: '{"robot": "leo1", "sim_time": 584.0, "state": "exploring", "frontiers": 23, "coverage_m2": 197.2, "camera_coverage": 0.129, "ite...'
---
data: '{"robot": "leo1", "sim_time": 588.0, "state": "exploring", "frontiers": 23, "coverage_m2": 197.2, "camera_coverage": 0.129, "ite...'
---
data: '{"robot": "leo1", "sim_time": 592.0, "state": "exploring", "frontiers": 24, "coverage_m2": 197.2, "camera_coverage": 0.129, "ite...'
---
data: '{"robot": "leo1", "sim_time": 596.0, "state": "exploring", "frontiers": 24, "coverage_m2": 197.2, "camera_coverage": 0.129, "ite...'
---
data: '{"robot": "leo1", "sim_time": 600.0, "state": "exploring", "frontiers": 24, "coverage_m2": 197.2, "camera_coverage": 0.129, "ite...'
---
data: '{"robot": "leo1", "sim_time": 604.0, "state": "exploring", "frontiers": 24, "coverage_m2": 197.2, "camera_coverage": 0.129, "ite...'
---
data: '{"robot": "leo1", "sim_time": 608.0, "state": "exploring", "frontiers": 23, "coverage_m2": 197.2, "camera_coverage": 0.129, "ite...'
---
data: '{"robot": "leo1", "sim_time": 612.0, "state": "exploring", "frontiers": 24, "coverage_m2": 197.2, "camera_coverage": 0.129, "ite...'
---
data: '{"robot": "leo1", "sim_time": 616.0, "state": "exploring", "frontiers": 24, "coverage_m2": 197.2, "camera_coverage": 0.129, "ite...'
---
data: '{"robot": "leo1", "sim_time": 620.0, "state": "exploring", "frontiers": 24, "coverage_m2": 197.2, "camera_coverage": 0.134, "ite...'
---
data: '{"robot": "leo1", "sim_time": 624.0, "state": "exploring", "frontiers": 24, "coverage_m2": 197.2, "camera_coverage": 0.139, "ite...'
---
data: '{"robot": "leo1", "sim_time": 628.0, "state": "exploring", "frontiers": 24, "coverage_m2": 197.2, "camera_coverage": 0.139, "ite...'
---
data: '{"robot": "leo1", "sim_time": 632.0, "state": "exploring", "frontiers": 18, "coverage_m2": 197.6, "camera_coverage": 0.142, "ite...'
---
data: '{"robot": "leo1", "sim_time": 636.0, "state": "exploring", "frontiers": 17, "coverage_m2": 198.2, "camera_coverage": 0.143, "ite...'
---
data: '{"robot": "leo1", "sim_time": 640.0, "state": "exploring", "frontiers": 12, "coverage_m2": 198.3, "camera_coverage": 0.142, "ite...'
---
data: '{"robot": "leo1", "sim_time": 644.0, "state": "exploring", "frontiers": 13, "coverage_m2": 198.6, "camera_coverage": 0.14, "item...'
---
data: '{"robot": "leo1", "sim_time": 648.0, "state": "exploring", "frontiers": 13, "coverage_m2": 198.6, "camera_coverage": 0.14, "item...'
---
data: '{"robot": "leo1", "sim_time": 652.0, "state": "exploring", "frontiers": 13, "coverage_m2": 198.6, "camera_coverage": 0.14, "item...'
---
data: '{"robot": "leo1", "sim_time": 656.0, "state": "exploring", "frontiers": 13, "coverage_m2": 198.6, "camera_coverage": 0.14, "item...'
---
data: '{"robot": "leo1", "sim_time": 660.0, "state": "exploring", "frontiers": 13, "coverage_m2": 198.6, "camera_coverage": 0.14, "item...'
---
data: '{"robot": "leo1", "sim_time": 664.0, "state": "exploring", "frontiers": 13, "coverage_m2": 198.6, "camera_coverage": 0.14, "item...'
---
data: '{"robot": "leo1", "sim_time": 668.0, "state": "exploring", "frontiers": 14, "coverage_m2": 198.8, "camera_coverage": 0.14, "item...'
---
data: '{"robot": "leo1", "sim_time": 672.0, "state": "exploring", "frontiers": 14, "coverage_m2": 198.9, "camera_coverage": 0.141, "ite...'
---
data: '{"robot": "leo1", "sim_time": 676.0, "state": "exploring", "frontiers": 18, "coverage_m2": 199.4, "camera_coverage": 0.14, "item...'
---
data: '{"robot": "leo1", "sim_time": 680.0, "state": "exploring", "frontiers": 18, "coverage_m2": 199.4, "camera_coverage": 0.141, "ite...'
---
data: '{"robot": "leo1", "sim_time": 684.0, "state": "exploring", "frontiers": 18, "coverage_m2": 199.4, "camera_coverage": 0.141, "ite...'
---
data: '{"robot": "leo1", "sim_time": 688.0, "state": "exploring", "frontiers": 18, "coverage_m2": 199.4, "camera_coverage": 0.141, "ite...'
---
data: '{"robot": "leo1", "sim_time": 692.0, "state": "exploring", "frontiers": 18, "coverage_m2": 199.4, "camera_coverage": 0.141, "ite...'
---
data: '{"robot": "leo1", "sim_time": 696.0, "state": "exploring", "frontiers": 18, "coverage_m2": 199.4, "camera_coverage": 0.141, "ite...'
---
data: '{"robot": "leo1", "sim_time": 700.0, "state": "exploring", "frontiers": 18, "coverage_m2": 199.4, "camera_coverage": 0.141, "ite...'
---
data: '{"robot": "leo1", "sim_time": 704.0, "state": "exploring", "frontiers": 18, "coverage_m2": 199.4, "camera_coverage": 0.141, "ite...'
---
data: '{"robot": "leo1", "sim_time": 708.0, "state": "exploring", "frontiers": 17, "coverage_m2": 199.4, "camera_coverage": 0.141, "ite...'
---
data: '{"robot": "leo1", "sim_time": 712.0, "state": "exploring", "frontiers": 16, "coverage_m2": 199.4, "camera_coverage": 0.141, "ite...'
---
data: '{"robot": "leo1", "sim_time": 716.0, "state": "exploring", "frontiers": 15, "coverage_m2": 199.4, "camera_coverage": 0.141, "ite...'
---
data: '{"robot": "leo1", "sim_time": 720.0, "state": "exploring", "frontiers": 14, "coverage_m2": 199.4, "camera_coverage": 0.141, "ite...'
---
data: '{"robot": "leo1", "sim_time": 724.0, "state": "exploring", "frontiers": 12, "coverage_m2": 199.4, "camera_coverage": 0.141, "ite...'
---
data: '{"robot": "leo1", "sim_time": 728.0, "state": "exploring", "frontiers": 10, "coverage_m2": 199.4, "camera_coverage": 0.141, "ite...'
---
data: '{"robot": "leo1", "sim_time": 732.0, "state": "exploring", "frontiers": 10, "coverage_m2": 199.8, "camera_coverage": 0.141, "ite...'
---
data: '{"robot": "leo1", "sim_time": 736.0, "state": "exploring", "frontiers": 15, "coverage_m2": 200.8, "camera_coverage": 0.139, "ite...'
---
data: '{"robot": "leo1", "sim_time": 740.0, "state": "exploring", "frontiers": 15, "coverage_m2": 201.9, "camera_coverage": 0.143, "ite...'
---
data: '{"robot": "leo1", "sim_time": 744.0, "state": "exploring", "frontiers": 12, "coverage_m2": 204.1, "camera_coverage": 0.15, "item...'
---
data: '{"robot": "leo1", "sim_time": 748.0, "state": "exploring", "frontiers": 22, "coverage_m2": 208.3, "camera_coverage": 0.15, "item...'
---
data: '{"robot": "leo1", "sim_time": 752.0, "state": "exploring", "frontiers": 18, "coverage_m2": 209.9, "camera_coverage": 0.155, "ite...'
---
data: '{"robot": "leo1", "sim_time": 756.0, "state": "exploring", "frontiers": 16, "coverage_m2": 209.9, "camera_coverage": 0.154, "ite...'
---
data: '{"robot": "leo1", "sim_time": 760.0, "state": "exploring", "frontiers": 16, "coverage_m2": 209.9, "camera_coverage": 0.154, "ite...'
---
data: '{"robot": "leo1", "sim_time": 764.0, "state": "exploring", "frontiers": 16, "coverage_m2": 209.9, "camera_coverage": 0.155, "ite...'
---
data: '{"robot": "leo1", "sim_time": 768.0, "state": "exploring", "frontiers": 16, "coverage_m2": 209.9, "camera_coverage": 0.155, "ite...'
---
data: '{"robot": "leo1", "sim_time": 772.0, "state": "exploring", "frontiers": 17, "coverage_m2": 209.9, "camera_coverage": 0.156, "ite...'
---
data: '{"robot": "leo1", "sim_time": 776.0, "state": "exploring", "frontiers": 27, "coverage_m2": 211.7, "camera_coverage": 0.156, "ite...'
---
data: '{"robot": "leo1", "sim_time": 780.0, "state": "exploring", "frontiers": 26, "coverage_m2": 211.7, "camera_coverage": 0.155, "ite...'
---
data: '{"robot": "leo1", "sim_time": 784.0, "state": "exploring", "frontiers": 26, "coverage_m2": 211.7, "camera_coverage": 0.155, "ite...'
---
data: '{"robot": "leo1", "sim_time": 788.0, "state": "exploring", "frontiers": 33, "coverage_m2": 213.5, "camera_coverage": 0.155, "ite...'
---
data: '{"robot": "leo1", "sim_time": 792.0, "state": "exploring", "frontiers": 33, "coverage_m2": 213.5, "camera_coverage": 0.155, "ite...'
---
data: '{"robot": "leo1", "sim_time": 796.0, "state": "exploring", "frontiers": 34, "coverage_m2": 213.5, "camera_coverage": 0.155, "ite...'
---
data: '{"robot": "leo1", "sim_time": 800.0, "state": "exploring", "frontiers": 35, "coverage_m2": 213.5, "camera_coverage": 0.155, "ite...'
---
data: '{"robot": "leo1", "sim_time": 804.0, "state": "exploring", "frontiers": 34, "coverage_m2": 213.5, "camera_coverage": 0.155, "ite...'
---
data: '{"robot": "leo1", "sim_time": 808.0, "state": "exploring", "frontiers": 33, "coverage_m2": 213.5, "camera_coverage": 0.155, "ite...'
---
data: '{"robot": "leo1", "sim_time": 812.0, "state": "exploring", "frontiers": 32, "coverage_m2": 213.5, "camera_coverage": 0.155, "ite...'
---
data: '{"robot": "leo1", "sim_time": 816.0, "state": "exploring", "frontiers": 31, "coverage_m2": 213.5, "camera_coverage": 0.155, "ite...'
---
data: '{"robot": "leo1", "sim_time": 820.0, "state": "exploring", "frontiers": 31, "coverage_m2": 213.5, "camera_coverage": 0.156, "ite...'
---
data: '{"robot": "leo1", "sim_time": 824.0, "state": "exploring", "frontiers": 32, "coverage_m2": 213.5, "camera_coverage": 0.16, "item...'
---
data: '{"robot": "leo1", "sim_time": 828.0, "state": "exploring", "frontiers": 19, "coverage_m2": 214.9, "camera_coverage": 0.16, "item...'
---
data: '{"robot": "leo1", "sim_time": 832.0, "state": "exploring", "frontiers": 19, "coverage_m2": 214.9, "camera_coverage": 0.161, "ite...'
---
data: '{"robot": "leo1", "sim_time": 836.0, "state": "exploring", "frontiers": 19, "coverage_m2": 214.9, "camera_coverage": 0.161, "ite...'
---
data: '{"robot": "leo1", "sim_time": 840.0, "state": "exploring", "frontiers": 19, "coverage_m2": 214.9, "camera_coverage": 0.161, "ite...'
---
data: '{"robot": "leo1", "sim_time": 844.0, "state": "exploring", "frontiers": 15, "coverage_m2": 216.3, "camera_coverage": 0.161, "ite...'
---
data: '{"robot": "leo1", "sim_time": 848.0, "state": "exploring", "frontiers": 13, "coverage_m2": 216.3, "camera_coverage": 0.161, "ite...'
---
data: '{"robot": "leo1", "sim_time": 852.0, "state": "exploring", "frontiers": 13, "coverage_m2": 217.6, "camera_coverage": 0.161, "ite...'
---
data: '{"robot": "leo1", "sim_time": 856.0, "state": "exploring", "frontiers": 12, "coverage_m2": 217.6, "camera_coverage": 0.16, "item...'
---
data: '{"robot": "leo1", "sim_time": 860.0, "state": "exploring", "frontiers": 11, "coverage_m2": 217.6, "camera_coverage": 0.16, "item...'
---
data: '{"robot": "leo1", "sim_time": 864.0, "state": "exploring", "frontiers": 10, "coverage_m2": 217.6, "camera_coverage": 0.16, "item...'
---
data: '{"robot": "leo1", "sim_time": 868.0, "state": "exploring", "frontiers": 8, "coverage_m2": 217.6, "camera_coverage": 0.16, "items...'
---
data: '{"robot": "leo1", "sim_time": 872.0, "state": "exploring", "frontiers": 8, "coverage_m2": 217.6, "camera_coverage": 0.16, "items...'
---
data: '{"robot": "leo1", "sim_time": 876.0, "state": "exploring", "frontiers": 9, "coverage_m2": 217.6, "camera_coverage": 0.16, "items...'
---
data: '{"robot": "leo1", "sim_time": 880.0, "state": "exploring", "frontiers": 14, "coverage_m2": 219.1, "camera_coverage": 0.16, "item...'
---
data: '{"robot": "leo1", "sim_time": 884.0, "state": "exploring", "frontiers": 17, "coverage_m2": 220.5, "camera_coverage": 0.162, "ite...'
---
data: '{"robot": "leo1", "sim_time": 888.0, "state": "exploring", "frontiers": 13, "coverage_m2": 220.8, "camera_coverage": 0.162, "ite...'
---
data: '{"robot": "leo1", "sim_time": 892.0, "state": "exploring", "frontiers": 12, "coverage_m2": 221.1, "camera_coverage": 0.161, "ite...'
---
data: '{"robot": "leo1", "sim_time": 896.0, "state": "exploring", "frontiers": 13, "coverage_m2": 221.1, "camera_coverage": 0.172, "ite...'
---
data: '{"robot": "leo1", "sim_time": 900.0, "state": "exploring", "frontiers": 13, "coverage_m2": 221.1, "camera_coverage": 0.174, "ite...'
---
data: '{"robot": "leo1", "sim_time": 904.0, "state": "exploring", "frontiers": 13, "coverage_m2": 221.1, "camera_coverage": 0.174, "ite...'
---
data: '{"robot": "leo1", "sim_time": 908.0, "state": "exploring", "frontiers": 14, "coverage_m2": 221.2, "camera_coverage": 0.174, "ite...'
---
data: '{"robot": "leo1", "sim_time": 912.0, "state": "exploring", "frontiers": 13, "coverage_m2": 221.2, "camera_coverage": 0.173, "ite...'
---
data: '{"robot": "leo1", "sim_time": 916.0, "state": "exploring", "frontiers": 14, "coverage_m2": 221.4, "camera_coverage": 0.171, "ite...'
---
data: '{"robot": "leo1", "sim_time": 920.0, "state": "exploring", "frontiers": 14, "coverage_m2": 221.4, "camera_coverage": 0.171, "ite...'
---
data: '{"robot": "leo1", "sim_time": 924.0, "state": "exploring", "frontiers": 14, "coverage_m2": 221.4, "camera_coverage": 0.172, "ite...'
---
data: '{"robot": "leo1", "sim_time": 928.0, "state": "exploring", "frontiers": 14, "coverage_m2": 221.4, "camera_coverage": 0.172, "ite...'
---
data: '{"robot": "leo1", "sim_time": 932.0, "state": "exploring", "frontiers": 15, "coverage_m2": 221.4, "camera_coverage": 0.172, "ite...'
---
data: '{"robot": "leo1", "sim_time": 936.0, "state": "exploring", "frontiers": 13, "coverage_m2": 221.4, "camera_coverage": 0.171, "ite...'
---
data: '{"robot": "leo1", "sim_time": 940.0, "state": "exploring", "frontiers": 13, "coverage_m2": 221.4, "camera_coverage": 0.171, "ite...'
---
data: '{"robot": "leo1", "sim_time": 944.0, "state": "exploring", "frontiers": 14, "coverage_m2": 221.4, "camera_coverage": 0.171, "ite...'
---
data: '{"robot": "leo1", "sim_time": 948.0, "state": "exploring", "frontiers": 14, "coverage_m2": 221.4, "camera_coverage": 0.171, "ite...'
---
data: '{"robot": "leo1", "sim_time": 952.0, "state": "exploring", "frontiers": 14, "coverage_m2": 221.4, "camera_coverage": 0.171, "ite...'
---
data: '{"robot": "leo1", "sim_time": 956.0, "state": "exploring", "frontiers": 14, "coverage_m2": 221.5, "camera_coverage": 0.171, "ite...'
---
data: '{"robot": "leo1", "sim_time": 960.0, "state": "exploring", "frontiers": 13, "coverage_m2": 221.5, "camera_coverage": 0.173, "ite...'
---
data: '{"robot": "leo1", "sim_time": 964.0, "state": "exploring", "frontiers": 13, "coverage_m2": 221.6, "camera_coverage": 0.172, "ite...'
---
data: '{"robot": "leo1", "sim_time": 968.0, "state": "exploring", "frontiers": 13, "coverage_m2": 221.7, "camera_coverage": 0.172, "ite...'
---
data: '{"robot": "leo1", "sim_time": 972.0, "state": "exploring", "frontiers": 14, "coverage_m2": 221.9, "camera_coverage": 0.177, "ite...'
---
data: '{"robot": "leo1", "sim_time": 976.0, "state": "exploring", "frontiers": 13, "coverage_m2": 222.0, "camera_coverage": 0.181, "ite...'
---
data: '{"robot": "leo1", "sim_time": 980.0, "state": "exploring", "frontiers": 14, "coverage_m2": 222.0, "camera_coverage": 0.186, "ite...'
---
data: '{"robot": "leo1", "sim_time": 984.0, "state": "exploring", "frontiers": 14, "coverage_m2": 222.0, "camera_coverage": 0.186, "ite...'
---
data: '{"robot": "leo1", "sim_time": 988.0, "state": "exploring", "frontiers": 14, "coverage_m2": 222.0, "camera_coverage": 0.186, "ite...'
---
data: '{"robot": "leo1", "sim_time": 992.0, "state": "exploring", "frontiers": 13, "coverage_m2": 222.0, "camera_coverage": 0.187, "ite...'
---
data: '{"robot": "leo1", "sim_time": 996.0, "state": "exploring", "frontiers": 13, "coverage_m2": 222.0, "camera_coverage": 0.189, "ite...'
---
data: '{"robot": "leo1", "sim_time": 1000.0, "state": "exploring", "frontiers": 12, "coverage_m2": 222.1, "camera_coverage": 0.189, "it...'
---
data: '{"robot": "leo1", "sim_time": 1004.0, "state": "exploring", "frontiers": 12, "coverage_m2": 222.1, "camera_coverage": 0.198, "it...'
---
data: '{"robot": "leo1", "sim_time": 1008.0, "state": "exploring", "frontiers": 12, "coverage_m2": 222.2, "camera_coverage": 0.198, "it...'
---
data: '{"robot": "leo1", "sim_time": 1012.0, "state": "exploring", "frontiers": 12, "coverage_m2": 222.2, "camera_coverage": 0.202, "it...'
---
data: '{"robot": "leo1", "sim_time": 1016.0, "state": "exploring", "frontiers": 12, "coverage_m2": 222.2, "camera_coverage": 0.206, "it...'
---
data: '{"robot": "leo1", "sim_time": 1020.0, "state": "exploring", "frontiers": 17, "coverage_m2": 216.0, "camera_coverage": 0.085, "it...'
---
data: '{"robot": "leo1", "sim_time": 1024.0, "state": "exploring", "frontiers": 15, "coverage_m2": 216.0, "camera_coverage": 0.092, "it...'
---
data: '{"robot": "leo1", "sim_time": 1028.0, "state": "exploring", "frontiers": 15, "coverage_m2": 216.0, "camera_coverage": 0.092, "it...'
---
data: '{"robot": "leo1", "sim_time": 1032.0, "state": "exploring", "frontiers": 15, "coverage_m2": 216.0, "camera_coverage": 0.092, "it...'
---
data: '{"robot": "leo1", "sim_time": 1036.0, "state": "exploring", "frontiers": 15, "coverage_m2": 216.0, "camera_coverage": 0.097, "it...'
---
data: '{"robot": "leo1", "sim_time": 1040.0, "state": "exploring", "frontiers": 15, "coverage_m2": 216.0, "camera_coverage": 0.101, "it...'
---
data: '{"robot": "leo1", "sim_time": 1044.0, "state": "exploring", "frontiers": 17, "coverage_m2": 216.0, "camera_coverage": 0.107, "it...'
---
data: '{"robot": "leo1", "sim_time": 1048.0, "state": "exploring", "frontiers": 17, "coverage_m2": 216.0, "camera_coverage": 0.107, "it...'
---
data: '{"robot": "leo1", "sim_time": 1052.0, "state": "exploring", "frontiers": 17, "coverage_m2": 216.0, "camera_coverage": 0.106, "it...'
---
data: '{"robot": "leo1", "sim_time": 1056.0, "state": "exploring", "frontiers": 16, "coverage_m2": 216.0, "camera_coverage": 0.106, "it...'
---
data: '{"robot": "leo1", "sim_time": 1060.0, "state": "exploring", "frontiers": 16, "coverage_m2": 216.0, "camera_coverage": 0.109, "it...'
---
data: '{"robot": "leo1", "sim_time": 1064.0, "state": "exploring", "frontiers": 16, "coverage_m2": 216.0, "camera_coverage": 0.112, "it...'
---
data: '{"robot": "leo1", "sim_time": 1068.0, "state": "exploring", "frontiers": 15, "coverage_m2": 216.0, "camera_coverage": 0.112, "it...'
---
data: '{"robot": "leo1", "sim_time": 1072.0, "state": "exploring", "frontiers": 15, "coverage_m2": 216.0, "camera_coverage": 0.112, "it...'
---
data: '{"robot": "leo1", "sim_time": 1076.0, "state": "exploring", "frontiers": 15, "coverage_m2": 214.7, "camera_coverage": 0.118, "it...'
---
data: '{"robot": "leo1", "sim_time": 1080.0, "state": "exploring", "frontiers": 13, "coverage_m2": 214.7, "camera_coverage": 0.074, "it...'
---
data: '{"robot": "leo1", "sim_time": 1084.0, "state": "exploring", "frontiers": 12, "coverage_m2": 214.7, "camera_coverage": 0.075, "it...'
---
data: '{"robot": "leo1", "sim_time": 1088.0, "state": "exploring", "frontiers": 11, "coverage_m2": 214.7, "camera_coverage": 0.075, "it...'
---
data: '{"robot": "leo1", "sim_time": 1092.0, "state": "exploring", "frontiers": 19, "coverage_m2": 214.7, "camera_coverage": 0.075, "it...'
---
data: '{"robot": "leo1", "sim_time": 1096.0, "state": "exploring", "frontiers": 17, "coverage_m2": 214.7, "camera_coverage": 0.075, "it...'
---
data: '{"robot": "leo1", "sim_time": 1100.0, "state": "exploring", "frontiers": 16, "coverage_m2": 214.7, "camera_coverage": 0.075, "it...'
---
data: '{"robot": "leo1", "sim_time": 1104.0, "state": "exploring", "frontiers": 15, "coverage_m2": 214.7, "camera_coverage": 0.075, "it...'
---
data: '{"robot": "leo1", "sim_time": 1108.0, "state": "exploring", "frontiers": 13, "coverage_m2": 214.7, "camera_coverage": 0.075, "it...'
---
data: '{"robot": "leo1", "sim_time": 1112.0, "state": "exploring", "frontiers": 12, "coverage_m2": 214.7, "camera_coverage": 0.075, "it...'
---
data: '{"robot": "leo1", "sim_time": 1116.0, "state": "exploring", "frontiers": 18, "coverage_m2": 214.7, "camera_coverage": 0.075, "it...'
---
data: '{"robot": "leo1", "sim_time": 1120.0, "state": "exploring", "frontiers": 16, "coverage_m2": 214.7, "camera_coverage": 0.075, "it...'
---
data: '{"robot": "leo1", "sim_time": 1124.0, "state": "exploring", "frontiers": 15, "coverage_m2": 214.7, "camera_coverage": 0.075, "it...'
---
data: '{"robot": "leo1", "sim_time": 1128.0, "state": "exploring", "frontiers": 14, "coverage_m2": 214.7, "camera_coverage": 0.075, "it...'
---
data: '{"robot": "leo1", "sim_time": 1132.0, "state": "exploring", "frontiers": 12, "coverage_m2": 214.7, "camera_coverage": 0.075, "it...'
---
data: '{"robot": "leo1", "sim_time": 1136.0, "state": "exploring", "frontiers": 11, "coverage_m2": 214.7, "camera_coverage": 0.075, "it...'
---
data: '{"robot": "leo1", "sim_time": 1140.0, "state": "exploring", "frontiers": 11, "coverage_m2": 214.7, "camera_coverage": 0.075, "it...'
---
data: '{"robot": "leo1", "sim_time": 1144.0, "state": "exploring", "frontiers": 11, "coverage_m2": 214.7, "camera_coverage": 0.075, "it...'
---
data: '{"robot": "leo1", "sim_time": 1148.0, "state": "exploring", "frontiers": 11, "coverage_m2": 214.7, "camera_coverage": 0.075, "it...'
---
data: '{"robot": "leo1", "sim_time": 1152.0, "state": "exploring", "frontiers": 10, "coverage_m2": 214.7, "camera_coverage": 0.075, "it...'
---
data: '{"robot": "leo1", "sim_time": 1156.0, "state": "exploring", "frontiers": 10, "coverage_m2": 214.7, "camera_coverage": 0.086, "it...'
---
data: '{"robot": "leo1", "sim_time": 1160.0, "state": "exploring", "frontiers": 9, "coverage_m2": 214.7, "camera_coverage": 0.088, "ite...'
---
data: '{"robot": "leo1", "sim_time": 1164.0, "state": "exploring", "frontiers": 8, "coverage_m2": 214.7, "camera_coverage": 0.088, "ite...'
---
data: '{"robot": "leo1", "sim_time": 1168.0, "state": "exploring", "frontiers": 7, "coverage_m2": 214.7, "camera_coverage": 0.088, "ite...'
---
data: '{"robot": "leo1", "sim_time": 1172.0, "state": "exploring", "frontiers": 6, "coverage_m2": 214.7, "camera_coverage": 0.088, "ite...'
---
data: '{"robot": "leo1", "sim_time": 1176.0, "state": "exploring", "frontiers": 5, "coverage_m2": 214.7, "camera_coverage": 0.088, "ite...'
---
data: '{"robot": "leo1", "sim_time": 1180.0, "state": "exploring", "frontiers": 5, "coverage_m2": 214.7, "camera_coverage": 0.088, "ite...'
---
data: '{"robot": "leo1", "sim_time": 1184.0, "state": "exploring", "frontiers": 5, "coverage_m2": 214.7, "camera_coverage": 0.088, "ite...'
---
data: '{"robot": "leo1", "sim_time": 1188.0, "state": "exploring", "frontiers": 5, "coverage_m2": 214.7, "camera_coverage": 0.088, "ite...'
---
data: '{"robot": "leo1", "sim_time": 1192.0, "state": "exploring", "frontiers": 5, "coverage_m2": 214.7, "camera_coverage": 0.088, "ite...'
---
data: '{"robot": "leo1", "sim_time": 1196.0, "state": "exploring", "frontiers": 9, "coverage_m2": 214.7, "camera_coverage": 0.09, "item...'
---
data: '{"robot": "leo1", "sim_time": 1200.0, "state": "exploring", "frontiers": 8, "coverage_m2": 214.7, "camera_coverage": 0.089, "ite...'
---
data: '{"robot": "leo1", "sim_time": 1204.0, "state": "exploring", "frontiers": 7, "coverage_m2": 214.7, "camera_coverage": 0.089, "ite...'
---
data: '{"robot": "leo1", "sim_time": 1208.0, "state": "exploring", "frontiers": 6, "coverage_m2": 214.7, "camera_coverage": 0.089, "ite...'
---
data: '{"robot": "leo1", "sim_time": 1212.0, "state": "exploring", "frontiers": 6, "coverage_m2": 214.7, "camera_coverage": 0.089, "ite...'
---
data: '{"robot": "leo1", "sim_time": 1216.0, "state": "exploring", "frontiers": 5, "coverage_m2": 214.7, "camera_coverage": 0.089, "ite...'
---
data: '{"robot": "leo1", "sim_time": 1220.0, "state": "exploring", "frontiers": 5, "coverage_m2": 214.7, "camera_coverage": 0.089, "ite...'
---
data: '{"robot": "leo1", "sim_time": 1224.0, "state": "exploring", "frontiers": 5, "coverage_m2": 214.7, "camera_coverage": 0.089, "ite...'
---
data: '{"robot": "leo1", "sim_time": 1228.0, "state": "exploring", "frontiers": 5, "coverage_m2": 214.7, "camera_coverage": 0.089, "ite...'
---
data: '{"robot": "leo1", "sim_time": 1232.0, "state": "exploring", "frontiers": 5, "coverage_m2": 214.7, "camera_coverage": 0.091, "ite...'
---
data: '{"robot": "leo1", "sim_time": 1236.0, "state": "exploring", "frontiers": 5, "coverage_m2": 214.7, "camera_coverage": 0.092, "ite...'
---
data: '{"robot": "leo1", "sim_time": 1240.0, "state": "exploring", "frontiers": 5, "coverage_m2": 214.7, "camera_coverage": 0.092, "ite...'
---
data: '{"robot": "leo1", "sim_time": 1244.0, "state": "exploring", "frontiers": 5, "coverage_m2": 214.7, "camera_coverage": 0.093, "ite...'
---
data: '{"robot": "leo1", "sim_time": 1248.0, "state": "exploring", "frontiers": 5, "coverage_m2": 214.7, "camera_coverage": 0.093, "ite...'
---
data: '{"robot": "leo1", "sim_time": 1252.0, "state": "exploring", "frontiers": 5, "coverage_m2": 214.7, "camera_coverage": 0.096, "ite...'
---
data: '{"robot": "leo1", "sim_time": 1256.0, "state": "exploring", "frontiers": 5, "coverage_m2": 214.7, "camera_coverage": 0.096, "ite...'
---
data: '{"robot": "leo1", "sim_time": 1260.0, "state": "exploring", "frontiers": 5, "coverage_m2": 214.8, "camera_coverage": 0.098, "ite...'
---
data: '{"robot": "leo1", "sim_time": 1264.0, "state": "exploring", "frontiers": 6, "coverage_m2": 214.9, "camera_coverage": 0.098, "ite...'
---
data: '{"robot": "leo1", "sim_time": 1268.0, "state": "exploring", "frontiers": 6, "coverage_m2": 214.9, "camera_coverage": 0.098, "ite...'
---
data: '{"robot": "leo1", "sim_time": 1272.0, "state": "exploring", "frontiers": 6, "coverage_m2": 214.9, "camera_coverage": 0.098, "ite...'
---
data: '{"robot": "leo1", "sim_time": 1276.0, "state": "exploring", "frontiers": 6, "coverage_m2": 214.9, "camera_coverage": 0.108, "ite...'
---
data: '{"robot": "leo1", "sim_time": 1280.0, "state": "exploring", "frontiers": 6, "coverage_m2": 214.9, "camera_coverage": 0.11, "item...'
---
data: '{"robot": "leo1", "sim_time": 1284.0, "state": "exploring", "frontiers": 6, "coverage_m2": 214.9, "camera_coverage": 0.11, "item...'
---
data: '{"robot": "leo1", "sim_time": 1288.0, "state": "exploring", "frontiers": 6, "coverage_m2": 214.9, "camera_coverage": 0.11, "item...'
---
data: '{"robot": "leo1", "sim_time": 1292.0, "state": "exploring", "frontiers": 3, "coverage_m2": 214.9, "camera_coverage": 0.11, "item...'
---
data: '{"robot": "leo1", "sim_time": 1296.0, "state": "exploring", "frontiers": 2, "coverage_m2": 214.9, "camera_coverage": 0.11, "item...'
---
data: '{"robot": "leo1", "sim_time": 1300.0, "state": "exploring", "frontiers": 1, "coverage_m2": 214.9, "camera_coverage": 0.11, "item...'
---
data: '{"robot": "leo1", "sim_time": 1304.0, "state": "exploring", "frontiers": 0, "coverage_m2": 214.9, "camera_coverage": 0.11, "item...'
---
data: '{"robot": "leo1", "sim_time": 1308.0, "state": "sweeping", "frontiers": 0, "coverage_m2": 214.9, "camera_coverage": 0.11, "items...'
---
data: '{"robot": "leo1", "sim_time": 1312.0, "state": "sweeping", "frontiers": 0, "coverage_m2": 214.9, "camera_coverage": 0.11, "items...'
---
data: '{"robot": "leo1", "sim_time": 1316.0, "state": "sweeping", "frontiers": 1, "coverage_m2": 214.9, "camera_coverage": 0.11, "items...'
---
data: '{"robot": "leo1", "sim_time": 1320.0, "state": "exploring", "frontiers": 2, "coverage_m2": 214.9, "camera_coverage": 0.117, "ite...'
---
data: '{"robot": "leo1", "sim_time": 1324.0, "state": "exploring", "frontiers": 3, "coverage_m2": 214.9, "camera_coverage": 0.122, "ite...'
---
data: '{"robot": "leo1", "sim_time": 1328.0, "state": "exploring", "frontiers": 3, "coverage_m2": 214.9, "camera_coverage": 0.123, "ite...'
---
data: '{"robot": "leo1", "sim_time": 1332.0, "state": "exploring", "frontiers": 3, "coverage_m2": 214.9, "camera_coverage": 0.126, "ite...'
---
data: '{"robot": "leo1", "sim_time": 1336.0, "state": "exploring", "frontiers": 3, "coverage_m2": 214.9, "camera_coverage": 0.126, "ite...'
---
data: '{"robot": "leo1", "sim_time": 1340.0, "state": "exploring", "frontiers": 3, "coverage_m2": 214.9, "camera_coverage": 0.126, "ite...'
---
data: '{"robot": "leo1", "sim_time": 1344.0, "state": "exploring", "frontiers": 3, "coverage_m2": 214.9, "camera_coverage": 0.126, "ite...'
---
data: '{"robot": "leo1", "sim_time": 1348.0, "state": "exploring", "frontiers": 3, "coverage_m2": 214.9, "camera_coverage": 0.126, "ite...'
---
data: '{"robot": "leo1", "sim_time": 1352.0, "state": "exploring", "frontiers": 3, "coverage_m2": 214.9, "camera_coverage": 0.126, "ite...'
---
data: '{"robot": "leo1", "sim_time": 1356.0, "state": "exploring", "frontiers": 3, "coverage_m2": 214.9, "camera_coverage": 0.126, "ite...'
---
data: '{"robot": "leo1", "sim_time": 1360.0, "state": "exploring", "frontiers": 3, "coverage_m2": 214.9, "camera_coverage": 0.126, "ite...'
---
data: '{"robot": "leo1", "sim_time": 1364.0, "state": "exploring", "frontiers": 3, "coverage_m2": 214.9, "camera_coverage": 0.128, "ite...'
---
data: '{"robot": "leo1", "sim_time": 1368.0, "state": "exploring", "frontiers": 3, "coverage_m2": 214.9, "camera_coverage": 0.128, "ite...'
---
data: '{"robot": "leo1", "sim_time": 1372.0, "state": "exploring", "frontiers": 3, "coverage_m2": 214.9, "camera_coverage": 0.128, "ite...'
---
data: '{"robot": "leo1", "sim_time": 1376.0, "state": "exploring", "frontiers": 3, "coverage_m2": 214.9, "camera_coverage": 0.128, "ite...'
---
data: '{"robot": "leo1", "sim_time": 1380.0, "state": "exploring", "frontiers": 4, "coverage_m2": 214.9, "camera_coverage": 0.128, "ite...'
---
data: '{"robot": "leo1", "sim_time": 1384.0, "state": "exploring", "frontiers": 4, "coverage_m2": 214.9, "camera_coverage": 0.128, "ite...'
---
data: '{"robot": "leo1", "sim_time": 1388.0, "state": "exploring", "frontiers": 4, "coverage_m2": 214.9, "camera_coverage": 0.128, "ite...'
---
data: '{"robot": "leo1", "sim_time": 1392.0, "state": "exploring", "frontiers": 4, "coverage_m2": 214.9, "camera_coverage": 0.128, "ite...'
---
data: '{"robot": "leo1", "sim_time": 1396.0, "state": "exploring", "frontiers": 5, "coverage_m2": 214.9, "camera_coverage": 0.128, "ite...'
---
data: '{"robot": "leo1", "sim_time": 1400.0, "state": "exploring", "frontiers": 5, "coverage_m2": 214.9, "camera_coverage": 0.128, "ite...'
---
data: '{"robot": "leo1", "sim_time": 1404.0, "state": "exploring", "frontiers": 5, "coverage_m2": 214.9, "camera_coverage": 0.13, "item...'
---
data: '{"robot": "leo1", "sim_time": 1408.0, "state": "exploring", "frontiers": 5, "coverage_m2": 214.9, "camera_coverage": 0.131, "ite...'
---
data: '{"robot": "leo1", "sim_time": 1412.0, "state": "exploring", "frontiers": 5, "coverage_m2": 214.9, "camera_coverage": 0.131, "ite...'
---
data: '{"robot": "leo1", "sim_time": 1416.0, "state": "exploring", "frontiers": 5, "coverage_m2": 214.9, "camera_coverage": 0.131, "ite...'
---
data: '{"robot": "leo1", "sim_time": 1420.0, "state": "exploring", "frontiers": 3, "coverage_m2": 214.9, "camera_coverage": 0.131, "ite...'
---
data: '{"robot": "leo1", "sim_time": 1424.0, "state": "exploring", "frontiers": 2, "coverage_m2": 214.9, "camera_coverage": 0.13, "item...'
---
data: '{"robot": "leo1", "sim_time": 1428.0, "state": "exploring", "frontiers": 1, "coverage_m2": 214.9, "camera_coverage": 0.13, "item...'
---
data: '{"robot": "leo1", "sim_time": 1432.0, "state": "exploring", "frontiers": 0, "coverage_m2": 214.9, "camera_coverage": 0.13, "item...'
---
data: '{"robot": "leo1", "sim_time": 1436.0, "state": "sweeping", "frontiers": 0, "coverage_m2": 214.9, "camera_coverage": 0.13, "items...'
---
data: '{"robot": "leo1", "sim_time": 1440.0, "state": "sweeping", "frontiers": 1, "coverage_m2": 214.9, "camera_coverage": 0.13, "items...'
---
data: '{"robot": "leo1", "sim_time": 1444.0, "state": "exploring", "frontiers": 0, "coverage_m2": 214.9, "camera_coverage": 0.13, "item...'
---
data: '{"robot": "leo1", "sim_time": 1448.0, "state": "sweeping", "frontiers": 0, "coverage_m2": 214.9, "camera_coverage": 0.13, "items...'
---
data: '{"robot": "leo1", "sim_time": 1452.0, "state": "sweeping", "frontiers": 1, "coverage_m2": 214.9, "camera_coverage": 0.13, "items...'
---
data: '{"robot": "leo1", "sim_time": 1456.0, "state": "exploring", "frontiers": 1, "coverage_m2": 214.9, "camera_coverage": 0.132, "ite...'
---
data: '{"robot": "leo1", "sim_time": 1460.0, "state": "exploring", "frontiers": 1, "coverage_m2": 214.9, "camera_coverage": 0.137, "ite...'
---
data: '{"robot": "leo1", "sim_time": 1464.0, "state": "exploring", "frontiers": 1, "coverage_m2": 214.9, "camera_coverage": 0.138, "ite...'
---
data: '{"robot": "leo1", "sim_time": 1468.0, "state": "exploring", "frontiers": 1, "coverage_m2": 214.9, "camera_coverage": 0.138, "ite...'
---
data: '{"robot": "leo1", "sim_time": 1472.0, "state": "exploring", "frontiers": 1, "coverage_m2": 214.9, "camera_coverage": 0.138, "ite...'
---
data: '{"robot": "leo1", "sim_time": 1476.0, "state": "exploring", "frontiers": 1, "coverage_m2": 215.0, "camera_coverage": 0.137, "ite...'
---
data: '{"robot": "leo1", "sim_time": 1480.0, "state": "exploring", "frontiers": 1, "coverage_m2": 215.0, "camera_coverage": 0.137, "ite...'
---
data: '{"robot": "leo1", "sim_time": 1484.0, "state": "exploring", "frontiers": 1, "coverage_m2": 215.0, "camera_coverage": 0.138, "ite...'
---
data: '{"robot": "leo1", "sim_time": 1488.0, "state": "exploring", "frontiers": 1, "coverage_m2": 215.0, "camera_coverage": 0.144, "ite...'
---
data: '{"robot": "leo1", "sim_time": 1492.0, "state": "exploring", "frontiers": 1, "coverage_m2": 215.0, "camera_coverage": 0.144, "ite...'
---
data: '{"robot": "leo1", "sim_time": 1496.0, "state": "exploring", "frontiers": 0, "coverage_m2": 215.0, "camera_coverage": 0.147, "ite...'
---
data: '{"robot": "leo1", "sim_time": 1500.0, "state": "sweeping", "frontiers": 0, "coverage_m2": 215.0, "camera_coverage": 0.148, "item...'
---
data: '{"robot": "leo1", "sim_time": 1504.0, "state": "sweeping", "frontiers": 0, "coverage_m2": 215.0, "camera_coverage": 0.155, "item...'
---
data: '{"robot": "leo1", "sim_time": 1508.0, "state": "sweeping", "frontiers": 1, "coverage_m2": 215.0, "camera_coverage": 0.155, "item...'
---
data: '{"robot": "leo1", "sim_time": 1512.0, "state": "exploring", "frontiers": 1, "coverage_m2": 215.0, "camera_coverage": 0.157, "ite...'
---
data: '{"robot": "leo1", "sim_time": 1516.0, "state": "exploring", "frontiers": 1, "coverage_m2": 215.0, "camera_coverage": 0.165, "ite...'
---
data: '{"robot": "leo1", "sim_time": 1520.0, "state": "exploring", "frontiers": 1, "coverage_m2": 215.0, "camera_coverage": 0.165, "ite...'
---
data: '{"robot": "leo1", "sim_time": 1524.0, "state": "exploring", "frontiers": 1, "coverage_m2": 215.0, "camera_coverage": 0.165, "ite...'
---
data: '{"robot": "leo1", "sim_time": 1528.0, "state": "exploring", "frontiers": 1, "coverage_m2": 215.0, "camera_coverage": 0.163, "ite...'
---
data: '{"robot": "leo1", "sim_time": 1532.0, "state": "exploring", "frontiers": 1, "coverage_m2": 215.0, "camera_coverage": 0.163, "ite...'
---
data: '{"robot": "leo1", "sim_time": 1536.0, "state": "exploring", "frontiers": 1, "coverage_m2": 215.0, "camera_coverage": 0.163, "ite...'
---
data: '{"robot": "leo1", "sim_time": 1540.0, "state": "exploring", "frontiers": 1, "coverage_m2": 215.0, "camera_coverage": 0.163, "ite...'
---
data: '{"robot": "leo1", "sim_time": 1544.0, "state": "exploring", "frontiers": 1, "coverage_m2": 215.0, "camera_coverage": 0.163, "ite...'
---
data: '{"robot": "leo1", "sim_time": 1548.0, "state": "exploring", "frontiers": 1, "coverage_m2": 215.0, "camera_coverage": 0.164, "ite...'
---
data: '{"robot": "leo1", "sim_time": 1552.0, "state": "exploring", "frontiers": 1, "coverage_m2": 215.0, "camera_coverage": 0.163, "ite...'
---
data: '{"robot": "leo1", "sim_time": 1556.0, "state": "exploring", "frontiers": 1, "coverage_m2": 215.0, "camera_coverage": 0.163, "ite...'
---
data: '{"robot": "leo1", "sim_time": 1560.0, "state": "exploring", "frontiers": 1, "coverage_m2": 215.0, "camera_coverage": 0.163, "ite...'
---
data: '{"robot": "leo1", "sim_time": 1564.0, "state": "exploring", "frontiers": 1, "coverage_m2": 215.0, "camera_coverage": 0.163, "ite...'
---
data: '{"robot": "leo1", "sim_time": 1568.0, "state": "exploring", "frontiers": 1, "coverage_m2": 215.0, "camera_coverage": 0.164, "ite...'
---
data: '{"robot": "leo1", "sim_time": 1572.0, "state": "exploring", "frontiers": 1, "coverage_m2": 215.0, "camera_coverage": 0.164, "ite...'
---
data: '{"robot": "leo1", "sim_time": 1576.0, "state": "exploring", "frontiers": 1, "coverage_m2": 215.0, "camera_coverage": 0.164, "ite...'
---
data: '{"robot": "leo1", "sim_time": 1580.0, "state": "exploring", "frontiers": 1, "coverage_m2": 215.0, "camera_coverage": 0.164, "ite...'
---
data: '{"robot": "leo1", "sim_time": 1584.0, "state": "exploring", "frontiers": 1, "coverage_m2": 215.0, "camera_coverage": 0.164, "ite...'
---
data: '{"robot": "leo1", "sim_time": 1588.0, "state": "exploring", "frontiers": 1, "coverage_m2": 215.0, "camera_coverage": 0.164, "ite...'
---
data: '{"robot": "leo1", "sim_time": 1592.0, "state": "exploring", "frontiers": 1, "coverage_m2": 215.0, "camera_coverage": 0.164, "ite...'
---
data: '{"robot": "leo1", "sim_time": 1596.0, "state": "exploring", "frontiers": 1, "coverage_m2": 215.0, "camera_coverage": 0.164, "ite...'
---
data: '{"robot": "leo1", "sim_time": 1600.0, "state": "exploring", "frontiers": 1, "coverage_m2": 215.0, "camera_coverage": 0.164, "ite...'
---
data: '{"robot": "leo1", "sim_time": 1604.0, "state": "exploring", "frontiers": 0, "coverage_m2": 215.0, "camera_coverage": 0.164, "ite...'
---
data: '{"robot": "leo1", "sim_time": 1608.0, "state": "sweeping", "frontiers": 0, "coverage_m2": 215.0, "camera_coverage": 0.164, "item...'
---
data: '{"robot": "leo1", "sim_time": 1612.0, "state": "sweeping", "frontiers": 0, "coverage_m2": 215.0, "camera_coverage": 0.164, "item...'
---
data: '{"robot": "leo1", "sim_time": 1616.0, "state": "sweeping", "frontiers": 0, "coverage_m2": 215.0, "camera_coverage": 0.164, "item...'
---
data: '{"robot": "leo1", "sim_time": 1620.0, "state": "sweeping", "frontiers": 0, "coverage_m2": 215.0, "camera_coverage": 0.164, "item...'
---
data: '{"robot": "leo1", "sim_time": 1624.0, "state": "sweeping", "frontiers": 1, "coverage_m2": 215.0, "camera_coverage": 0.165, "item...'
---
data: '{"robot": "leo1", "sim_time": 1628.0, "state": "exploring", "frontiers": 1, "coverage_m2": 215.0, "camera_coverage": 0.166, "ite...'
---
data: '{"robot": "leo1", "sim_time": 1632.0, "state": "exploring", "frontiers": 1, "coverage_m2": 215.0, "camera_coverage": 0.165, "ite...'
---
data: '{"robot": "leo1", "sim_time": 1636.0, "state": "exploring", "frontiers": 1, "coverage_m2": 215.0, "camera_coverage": 0.165, "ite...'
---
data: '{"robot": "leo1", "sim_time": 1640.0, "state": "exploring", "frontiers": 1, "coverage_m2": 215.0, "camera_coverage": 0.166, "ite...'
---
data: '{"robot": "leo1", "sim_time": 1644.0, "state": "exploring", "frontiers": 1, "coverage_m2": 215.0, "camera_coverage": 0.168, "ite...'
---
data: '{"robot": "leo1", "sim_time": 1648.0, "state": "exploring", "frontiers": 1, "coverage_m2": 215.0, "camera_coverage": 0.172, "ite...'
---
data: '{"robot": "leo1", "sim_time": 1652.0, "state": "exploring", "frontiers": 1, "coverage_m2": 215.1, "camera_coverage": 0.177, "ite...'
---
data: '{"robot": "leo1", "sim_time": 1656.0, "state": "exploring", "frontiers": 1, "coverage_m2": 215.1, "camera_coverage": 0.177, "ite...'
---
data: '{"robot": "leo1", "sim_time": 1660.0, "state": "exploring", "frontiers": 1, "coverage_m2": 215.1, "camera_coverage": 0.179, "ite...'
---
data: '{"robot": "leo1", "sim_time": 1664.0, "state": "exploring", "frontiers": 1, "coverage_m2": 215.1, "camera_coverage": 0.183, "ite...'
---
data: '{"robot": "leo1", "sim_time": 1668.0, "state": "exploring", "frontiers": 1, "coverage_m2": 215.1, "camera_coverage": 0.183, "ite...'
---
data: '{"robot": "leo1", "sim_time": 1672.0, "state": "exploring", "frontiers": 1, "coverage_m2": 215.1, "camera_coverage": 0.185, "ite...'
---
data: '{"robot": "leo1", "sim_time": 1676.0, "state": "exploring", "frontiers": 0, "coverage_m2": 215.1, "camera_coverage": 0.185, "ite...'
---
data: '{"robot": "leo1", "sim_time": 1680.0, "state": "sweeping", "frontiers": 0, "coverage_m2": 215.1, "camera_coverage": 0.185, "item...'
---
data: '{"robot": "leo1", "sim_time": 1684.0, "state": "sweeping", "frontiers": 0, "coverage_m2": 215.1, "camera_coverage": 0.191, "item...'
---
data: '{"robot": "leo1", "sim_time": 1688.0, "state": "sweeping", "frontiers": 0, "coverage_m2": 215.1, "camera_coverage": 0.193, "item...'
---
data: '{"robot": "leo1", "sim_time": 1692.0, "state": "sweeping", "frontiers": 0, "coverage_m2": 215.1, "camera_coverage": 0.193, "item...'
---
data: '{"robot": "leo1", "sim_time": 1696.0, "state": "sweeping", "frontiers": 1, "coverage_m2": 215.1, "camera_coverage": 0.194, "item...'
---
data: '{"robot": "leo1", "sim_time": 1700.0, "state": "exploring", "frontiers": 1, "coverage_m2": 215.2, "camera_coverage": 0.192, "ite...'
---
data: '{"robot": "leo1", "sim_time": 1704.0, "state": "exploring", "frontiers": 1, "coverage_m2": 215.3, "camera_coverage": 0.192, "ite...'
---
data: '{"robot": "leo1", "sim_time": 1708.0, "state": "exploring", "frontiers": 1, "coverage_m2": 215.3, "camera_coverage": 0.192, "ite...'
---
data: '{"robot": "leo1", "sim_time": 1712.0, "state": "exploring", "frontiers": 1, "coverage_m2": 215.3, "camera_coverage": 0.192, "ite...'
---
data: '{"robot": "leo1", "sim_time": 1716.0, "state": "exploring", "frontiers": 1, "coverage_m2": 215.4, "camera_coverage": 0.194, "ite...'
---
data: '{"robot": "leo1", "sim_time": 1720.0, "state": "exploring", "frontiers": 1, "coverage_m2": 215.4, "camera_coverage": 0.193, "ite...'
---
data: '{"robot": "leo1", "sim_time": 1724.0, "state": "exploring", "frontiers": 1, "coverage_m2": 215.4, "camera_coverage": 0.195, "ite...'
---
data: '{"robot": "leo1", "sim_time": 1728.0, "state": "exploring", "frontiers": 1, "coverage_m2": 215.4, "camera_coverage": 0.197, "ite...'
---
data: '{"robot": "leo1", "sim_time": 1732.0, "state": "exploring", "frontiers": 1, "coverage_m2": 215.4, "camera_coverage": 0.197, "ite...'
---
data: '{"robot": "leo1", "sim_time": 1736.0, "state": "exploring", "frontiers": 1, "coverage_m2": 215.4, "camera_coverage": 0.197, "ite...'
---
data: '{"robot": "leo1", "sim_time": 1740.0, "state": "exploring", "frontiers": 1, "coverage_m2": 215.4, "camera_coverage": 0.197, "ite...'
---
data: '{"robot": "leo1", "sim_time": 1744.0, "state": "exploring", "frontiers": 1, "coverage_m2": 215.4, "camera_coverage": 0.197, "ite...'
---
data: '{"robot": "leo1", "sim_time": 1748.0, "state": "exploring", "frontiers": 1, "coverage_m2": 215.4, "camera_coverage": 0.197, "ite...'
---
data: '{"robot": "leo1", "sim_time": 1752.0, "state": "exploring", "frontiers": 1, "coverage_m2": 215.4, "camera_coverage": 0.197, "ite...'
---
data: '{"robot": "leo1", "sim_time": 1756.0, "state": "exploring", "frontiers": 1, "coverage_m2": 215.4, "camera_coverage": 0.197, "ite...'
---
data: '{"robot": "leo1", "sim_time": 1760.0, "state": "exploring", "frontiers": 2, "coverage_m2": 215.4, "camera_coverage": 0.197, "ite...'
---
data: '{"robot": "leo1", "sim_time": 1764.0, "state": "exploring", "frontiers": 2, "coverage_m2": 215.4, "camera_coverage": 0.197, "ite...'
---
data: '{"robot": "leo1", "sim_time": 1768.0, "state": "exploring", "frontiers": 2, "coverage_m2": 215.4, "camera_coverage": 0.197, "ite...'
---
data: '{"robot": "leo1", "sim_time": 1772.0, "state": "exploring", "frontiers": 2, "coverage_m2": 215.4, "camera_coverage": 0.197, "ite...'
---
data: '{"robot": "leo1", "sim_time": 1776.0, "state": "exploring", "frontiers": 2, "coverage_m2": 215.4, "camera_coverage": 0.197, "ite...'
---
data: '{"robot": "leo1", "sim_time": 1780.0, "state": "exploring", "frontiers": 2, "coverage_m2": 215.4, "camera_coverage": 0.197, "ite...'
---
data: '{"robot": "leo1", "sim_time": 1784.0, "state": "exploring", "frontiers": 2, "coverage_m2": 215.4, "camera_coverage": 0.197, "ite...'
---
data: '{"robot": "leo1", "sim_time": 1788.0, "state": "exploring", "frontiers": 2, "coverage_m2": 215.4, "camera_coverage": 0.198, "ite...'
---
data: '{"robot": "leo1", "sim_time": 1792.0, "state": "exploring", "frontiers": 2, "coverage_m2": 215.4, "camera_coverage": 0.198, "ite...'
---
data: '{"robot": "leo1", "sim_time": 1796.0, "state": "exploring", "frontiers": 1, "coverage_m2": 215.4, "camera_coverage": 0.198, "ite...'
---
data: '{"robot": "leo1", "sim_time": 1800.0, "state": "exploring", "frontiers": 0, "coverage_m2": 215.4, "camera_coverage": 0.198, "ite...'
---
data: '{"robot": "leo1", "sim_time": 1804.0, "state": "sweeping", "frontiers": 0, "coverage_m2": 215.4, "camera_coverage": 0.198, "item...'
---
data: '{"robot": "leo1", "sim_time": 1808.0, "state": "sweeping", "frontiers": 0, "coverage_m2": 215.4, "camera_coverage": 0.198, "item...'
---
data: '{"robot": "leo1", "sim_time": 1812.0, "state": "sweeping", "frontiers": 0, "coverage_m2": 215.4, "camera_coverage": 0.198, "item...'
---
data: '{"robot": "leo1", "sim_time": 1816.0, "state": "sweeping", "frontiers": 0, "coverage_m2": 215.4, "camera_coverage": 0.203, "item...'
---
data: '{"robot": "leo1", "sim_time": 1820.0, "state": "sweeping", "frontiers": 1, "coverage_m2": 215.4, "camera_coverage": 0.205, "item...'
---
data: '{"robot": "leo1", "sim_time": 1824.0, "state": "exploring", "frontiers": 9, "coverage_m2": 201.1, "camera_coverage": 0.105, "ite...'
---
data: '{"robot": "leo1", "sim_time": 1828.0, "state": "exploring", "frontiers": 9, "coverage_m2": 201.1, "camera_coverage": 0.105, "ite...'
---
data: '{"robot": "leo1", "sim_time": 1832.0, "state": "exploring", "frontiers": 9, "coverage_m2": 201.1, "camera_coverage": 0.109, "ite...'
---
data: '{"robot": "leo1", "sim_time": 1836.0, "state": "exploring", "frontiers": 9, "coverage_m2": 201.1, "camera_coverage": 0.116, "ite...'
---
data: '{"robot": "leo1", "sim_time": 1840.0, "state": "exploring", "frontiers": 9, "coverage_m2": 201.1, "camera_coverage": 0.118, "ite...'
---
data: '{"robot": "leo1", "sim_time": 1844.0, "state": "exploring", "frontiers": 9, "coverage_m2": 201.1, "camera_coverage": 0.119, "ite...'
---
data: '{"robot": "leo1", "sim_time": 1848.0, "state": "exploring", "frontiers": 9, "coverage_m2": 201.2, "camera_coverage": 0.119, "ite...'
---
data: '{"robot": "leo1", "sim_time": 1852.0, "state": "exploring", "frontiers": 17, "coverage_m2": 201.3, "camera_coverage": 0.119, "it...'
---
data: '{"robot": "leo1", "sim_time": 1856.0, "state": "exploring", "frontiers": 9, "coverage_m2": 201.9, "camera_coverage": 0.111, "ite...'
---
data: '{"robot": "leo1", "sim_time": 1860.0, "state": "exploring", "frontiers": 11, "coverage_m2": 202.1, "camera_coverage": 0.118, "it...'
---
data: '{"robot": "leo1", "sim_time": 1864.0, "state": "exploring", "frontiers": 12, "coverage_m2": 202.4, "camera_coverage": 0.119, "it...'
---
data: '{"robot": "leo1", "sim_time": 1868.0, "state": "exploring", "frontiers": 12, "coverage_m2": 202.4, "camera_coverage": 0.119, "it...'
---
data: '{"robot": "leo1", "sim_time": 1872.0, "state": "exploring", "frontiers": 11, "coverage_m2": 202.4, "camera_coverage": 0.119, "it...'
---
data: '{"robot": "leo1", "sim_time": 1876.0, "state": "exploring", "frontiers": 11, "coverage_m2": 202.4, "camera_coverage": 0.115, "it...'
---
data: '{"robot": "leo1", "sim_time": 1880.0, "state": "exploring", "frontiers": 10, "coverage_m2": 202.4, "camera_coverage": 0.115, "it...'
---
data: '{"robot": "leo1", "sim_time": 1884.0, "state": "exploring", "frontiers": 9, "coverage_m2": 202.4, "camera_coverage": 0.115, "ite...'
---
data: '{"robot": "leo1", "sim_time": 1888.0, "state": "exploring", "frontiers": 8, "coverage_m2": 202.4, "camera_coverage": 0.115, "ite...'
---
data: '{"robot": "leo1", "sim_time": 1892.0, "state": "exploring", "frontiers": 7, "coverage_m2": 202.4, "camera_coverage": 0.115, "ite...'
---
data: '{"robot": "leo1", "sim_time": 1896.0, "state": "exploring", "frontiers": 6, "coverage_m2": 202.4, "camera_coverage": 0.115, "ite...'
---
data: '{"robot": "leo1", "sim_time": 1900.0, "state": "exploring", "frontiers": 5, "coverage_m2": 202.4, "camera_coverage": 0.115, "ite...'
---
data: '{"robot": "leo1", "sim_time": 1904.0, "state": "exploring", "frontiers": 5, "coverage_m2": 202.4, "camera_coverage": 0.115, "ite...'
---
data: '{"robot": "leo1", "sim_time": 1908.0, "state": "exploring", "frontiers": 5, "coverage_m2": 202.4, "camera_coverage": 0.115, "ite...'
---
data: '{"robot": "leo1", "sim_time": 1912.0, "state": "exploring", "frontiers": 5, "coverage_m2": 202.5, "camera_coverage": 0.115, "ite...'
---
data: '{"robot": "leo1", "sim_time": 1916.0, "state": "exploring", "frontiers": 12, "coverage_m2": 202.5, "camera_coverage": 0.116, "it...'
---
data: '{"robot": "leo1", "sim_time": 1920.0, "state": "exploring", "frontiers": 11, "coverage_m2": 202.5, "camera_coverage": 0.118, "it...'
---
data: '{"robot": "leo1", "sim_time": 1924.0, "state": "exploring", "frontiers": 10, "coverage_m2": 202.5, "camera_coverage": 0.118, "it...'
---
data: '{"robot": "leo1", "sim_time": 1928.0, "state": "exploring", "frontiers": 9, "coverage_m2": 202.5, "camera_coverage": 0.118, "ite...'
---
data: '{"robot": "leo1", "sim_time": 1932.0, "state": "exploring", "frontiers": 10, "coverage_m2": 202.5, "camera_coverage": 0.118, "it...'
---
data: '{"robot": "leo1", "sim_time": 1936.0, "state": "exploring", "frontiers": 9, "coverage_m2": 202.5, "camera_coverage": 0.118, "ite...'
---
data: '{"robot": "leo1", "sim_time": 1940.0, "state": "exploring", "frontiers": 8, "coverage_m2": 202.5, "camera_coverage": 0.118, "ite...'
---
data: '{"robot": "leo1", "sim_time": 1944.0, "state": "exploring", "frontiers": 7, "coverage_m2": 202.5, "camera_coverage": 0.118, "ite...'
---
data: '{"robot": "leo1", "sim_time": 1948.0, "state": "exploring", "frontiers": 4, "coverage_m2": 202.5, "camera_coverage": 0.118, "ite...'
---
