# NOTE: 322701 TF_OLD_DATA warning lines removed before committing (tf2 library spam from the sim clock resetting at startup; no run information in them).
[INFO] [launch]: All log files can be found below /home/smirn/.ros/log/2026-08-19-23-01-07-338102-Tornadosky-25384
[INFO] [launch]: Default logging verbosity is set to INFO
[INFO] [aruco_detector-1]: process started with pid [25385]
[aruco_detector-1] [INFO] [1787173267.966568063] [aruco_detector]: aruco_detector: dict=DICT_4X4_50 len=0.2 m image=/leo1/camera/image optical_frame=False map_frame=map cv2=4.5.4
[aruco_detector-1] [INFO] [1787173267.968357120] [aruco_detector]: frames=0 with_detections=0 confirmed=[] pending=[]
[aruco_detector-1] [INFO] [1787173268.079479452] [aruco_detector]: camera intrinsics: fx=554.4 fy=554.4 cx=320.0 cy=240.0 distortion=5 coeffs
[aruco_detector-1] [INFO] [1787173272.063436126] [aruco_detector]: frames=20 with_detections=0 confirmed=[] pending=[]
[aruco_detector-1] [INFO] [1787173282.092200751] [aruco_detector]: frames=70 with_detections=0 confirmed=[] pending=[]
[aruco_detector-1] [INFO] [1787173292.125259942] [aruco_detector]: frames=120 with_detections=1 confirmed=[] pending=[]
[aruco_detector-1] [INFO] [1787173302.113953968] [aruco_detector]: frames=170 with_detections=7 confirmed=[] pending=[]
[aruco_detector-1] [INFO] [1787173312.114906110] [aruco_detector]: frames=220 with_detections=7 confirmed=[] pending=[]
[aruco_detector-1] [INFO] [1787173322.115097538] [aruco_detector]: frames=270 with_detections=7 confirmed=[] pending=[]
[aruco_detector-1] [INFO] [1787173323.549817064] [aruco_detector]: ArUco 4 CONFIRMED at map (-3.54, 3.95, 0.13) range 5.98 m, reproj 1.72 px
[aruco_detector-1] [INFO] [1787173332.105214422] [aruco_detector]: frames=320 with_detections=38 confirmed=[4] pending=[]
[aruco_detector-1] [INFO] [1787173342.105556664] [aruco_detector]: frames=370 with_detections=50 confirmed=[4] pending=[]
[aruco_detector-1] [INFO] [1787173352.106248633] [aruco_detector]: frames=420 with_detections=50 confirmed=[4] pending=[]
[aruco_detector-1] [INFO] [1787173362.097417258] [aruco_detector]: frames=470 with_detections=79 confirmed=[4] pending=[]
[aruco_detector-1] [INFO] [1787173372.097537415] [aruco_detector]: frames=520 with_detections=104 confirmed=[4] pending=[]
[aruco_detector-1] [INFO] [1787173382.097390164] [aruco_detector]: frames=570 with_detections=104 confirmed=[4] pending=[]
[aruco_detector-1] [INFO] [1787173392.085979744] [aruco_detector]: frames=620 with_detections=104 confirmed=[4] pending=[]
[aruco_detector-1] [INFO] [1787173402.094910451] [aruco_detector]: frames=670 with_detections=104 confirmed=[4] pending=[]
[aruco_detector-1] [INFO] [1787173412.094945835] [aruco_detector]: frames=720 with_detections=105 confirmed=[4] pending=[]
[aruco_detector-1] [INFO] [1787173418.133297230] [aruco_detector]: ArUco 2 CONFIRMED at map (8.70, 0.36, 0.14) range 5.84 m, reproj 0.19 px
[aruco_detector-1] [INFO] [1787173422.086116214] [aruco_detector]: frames=770 with_detections=139 confirmed=[2, 4] pending=[]
[aruco_detector-1] [INFO] [1787173432.089793386] [aruco_detector]: frames=820 with_detections=148 confirmed=[2, 4] pending=[]
[aruco_detector-1] [INFO] [1787173436.324392575] [aruco_detector]: ArUco 7 CONFIRMED at map (3.81, -6.65, 0.10) range 5.61 m, reproj 2.49 px
[aruco_detector-1] [INFO] [1787173442.089796914] [aruco_detector]: frames=870 with_detections=173 confirmed=[2, 4, 7] pending=[]
[aruco_detector-1] [INFO] [1787173452.081294627] [aruco_detector]: frames=920 with_detections=208 confirmed=[2, 4, 7] pending=[]
[aruco_detector-1] [INFO] [1787173462.085007683] [aruco_detector]: frames=970 with_detections=226 confirmed=[2, 4, 7] pending=[]
[aruco_detector-1] [INFO] [1787173472.084840036] [aruco_detector]: frames=1020 with_detections=226 confirmed=[2, 4, 7] pending=[]
[aruco_detector-1] [INFO] [1787173482.075894109] [aruco_detector]: frames=1070 with_detections=226 confirmed=[2, 4, 7] pending=[]
[aruco_detector-1] [INFO] [1787173492.077799734] [aruco_detector]: frames=1120 with_detections=226 confirmed=[2, 4, 7] pending=[]
[aruco_detector-1] [INFO] [1787173502.078013560] [aruco_detector]: frames=1170 with_detections=226 confirmed=[2, 4, 7] pending=[]
[aruco_detector-1] [INFO] [1787173512.073845327] [aruco_detector]: frames=1220 with_detections=226 confirmed=[2, 4, 7] pending=[]
[aruco_detector-1] [INFO] [1787173522.076896135] [aruco_detector]: frames=1270 with_detections=226 confirmed=[2, 4, 7] pending=[]
[aruco_detector-1] [INFO] [1787173532.076912031] [aruco_detector]: frames=1320 with_detections=226 confirmed=[2, 4, 7] pending=[]
[aruco_detector-1] [INFO] [1787173542.065478292] [aruco_detector]: frames=1370 with_detections=226 confirmed=[2, 4, 7] pending=[]
[aruco_detector-1] [INFO] [1787173552.065225044] [aruco_detector]: frames=1420 with_detections=226 confirmed=[2, 4, 7] pending=[]
[aruco_detector-1] [INFO] [1787173562.065350061] [aruco_detector]: frames=1470 with_detections=226 confirmed=[2, 4, 7] pending=[]
[aruco_detector-1] [INFO] [1787173572.056922362] [aruco_detector]: frames=1520 with_detections=226 confirmed=[2, 4, 7] pending=[]
[aruco_detector-1] [INFO] [1787173582.058046440] [aruco_detector]: frames=1570 with_detections=226 confirmed=[2, 4, 7] pending=[]
[aruco_detector-1] [INFO] [1787173588.293118375] [aruco_detector]: ArUco 5 CONFIRMED at map (9.76, 3.44, 0.14) range 5.73 m, reproj 0.13 px
[aruco_detector-1] [INFO] [1787173592.058090888] [aruco_detector]: frames=1620 with_detections=240 confirmed=[2, 4, 5, 7] pending=[]
[aruco_detector-1] [INFO] [1787173602.049080498] [aruco_detector]: frames=1670 with_detections=278 confirmed=[2, 4, 5, 7] pending=[]
[aruco_detector-1] [INFO] [1787173612.049165218] [aruco_detector]: frames=1720 with_detections=283 confirmed=[2, 4, 5, 7] pending=[]
[aruco_detector-1] [INFO] [1787173622.050383125] [aruco_detector]: frames=1770 with_detections=283 confirmed=[2, 4, 5, 7] pending=[]
[aruco_detector-1] [INFO] [1787173632.041561390] [aruco_detector]: frames=1820 with_detections=283 confirmed=[2, 4, 5, 7] pending=[]
[aruco_detector-1] [INFO] [1787173642.058309264] [aruco_detector]: frames=1870 with_detections=283 confirmed=[2, 4, 5, 7] pending=[]
[aruco_detector-1] [INFO] [1787173652.075494252] [aruco_detector]: frames=1920 with_detections=310 confirmed=[2, 4, 5, 7] pending=[]
[aruco_detector-1] [INFO] [1787173662.067162881] [aruco_detector]: frames=1970 with_detections=345 confirmed=[2, 4, 5, 7] pending=[]
[aruco_detector-1] [INFO] [1787173672.067189762] [aruco_detector]: frames=2020 with_detections=345 confirmed=[2, 4, 5, 7] pending=[]
[aruco_detector-1] [INFO] [1787173682.067421673] [aruco_detector]: frames=2070 with_detections=345 confirmed=[2, 4, 5, 7] pending=[]
[aruco_detector-1] [INFO] [1787173692.056402362] [aruco_detector]: frames=2120 with_detections=372 confirmed=[2, 4, 5, 7] pending=[]
[aruco_detector-1] [INFO] [1787173702.057725101] [aruco_detector]: frames=2170 with_detections=395 confirmed=[2, 4, 5, 7] pending=[]
[aruco_detector-1] [INFO] [1787173712.058863436] [aruco_detector]: frames=2220 with_detections=428 confirmed=[2, 4, 5, 7] pending=[]
[aruco_detector-1] [INFO] [1787173722.051927572] [aruco_detector]: frames=2270 with_detections=428 confirmed=[2, 4, 5, 7] pending=[]
[aruco_detector-1] [INFO] [1787173732.066547655] [aruco_detector]: frames=2320 with_detections=428 confirmed=[2, 4, 5, 7] pending=[]
[aruco_detector-1] [INFO] [1787173742.070459254] [aruco_detector]: frames=2370 with_detections=453 confirmed=[2, 4, 5, 7] pending=[]
[aruco_detector-1] [INFO] [1787173752.061324952] [aruco_detector]: frames=2420 with_detections=498 confirmed=[2, 4, 5, 7] pending=[]
[aruco_detector-1] [INFO] [1787173762.061140109] [aruco_detector]: frames=2470 with_detections=501 confirmed=[2, 4, 5, 7] pending=[]
[aruco_detector-1] [INFO] [1787173772.061254678] [aruco_detector]: frames=2520 with_detections=501 confirmed=[2, 4, 5, 7] pending=[]
[aruco_detector-1] [INFO] [1787173782.052447204] [aruco_detector]: frames=2570 with_detections=501 confirmed=[2, 4, 5, 7] pending=[]
[aruco_detector-1] [INFO] [1787173792.052105817] [aruco_detector]: frames=2620 with_detections=501 confirmed=[2, 4, 5, 7] pending=[]
[aruco_detector-1] [INFO] [1787173802.052988494] [aruco_detector]: frames=2670 with_detections=501 confirmed=[2, 4, 5, 7] pending=[]
[aruco_detector-1] [INFO] [1787173812.044023295] [aruco_detector]: frames=2720 with_detections=501 confirmed=[2, 4, 5, 7] pending=[]
[aruco_detector-1] [INFO] [1787173822.045042106] [aruco_detector]: frames=2770 with_detections=501 confirmed=[2, 4, 5, 7] pending=[]
[aruco_detector-1] [INFO] [1787173832.045779936] [aruco_detector]: frames=2820 with_detections=502 confirmed=[2, 4, 5, 7] pending=[]
[aruco_detector-1] [INFO] [1787173842.103674575] [aruco_detector]: frames=2870 with_detections=504 confirmed=[2, 4, 5, 7] pending=[]
[aruco_detector-1] [INFO] [1787173847.143500124] [aruco_detector]: ArUco 1 CONFIRMED at map (-9.98, -0.04, 0.14) range 5.99 m, reproj 0.12 px
[aruco_detector-1] [INFO] [1787173852.103661705] [aruco_detector]: frames=2920 with_detections=541 confirmed=[1, 2, 4, 5, 7] pending=[]
[aruco_detector-1] [INFO] [1787173852.936716095] [aruco_detector]: ArUco 6 CONFIRMED at map (-10.44, -3.74, 0.14) range 5.80 m, reproj 0.04 px
[aruco_detector-1] [INFO] [1787173862.103654167] [aruco_detector]: frames=2970 with_detections=564 confirmed=[1, 2, 4, 5, 6, 7] pending=[]
[aruco_detector-1] [INFO] [1787173872.094609081] [aruco_detector]: frames=3020 with_detections=564 confirmed=[1, 2, 4, 5, 6, 7] pending=[]
[aruco_detector-1] [INFO] [1787173882.096974396] [aruco_detector]: frames=3070 with_detections=565 confirmed=[1, 2, 4, 5, 6, 7] pending=[8]
[aruco_detector-1] [INFO] [1787173892.096631552] [aruco_detector]: frames=3120 with_detections=565 confirmed=[1, 2, 4, 5, 6, 7] pending=[8]
[aruco_detector-1] [INFO] [1787173902.085803465] [aruco_detector]: frames=3170 with_detections=565 confirmed=[1, 2, 4, 5, 6, 7] pending=[8]
[aruco_detector-1] [INFO] [1787173912.085956184] [aruco_detector]: frames=3220 with_detections=565 confirmed=[1, 2, 4, 5, 6, 7] pending=[8]
[aruco_detector-1] [INFO] [1787173922.168771638] [aruco_detector]: frames=3270 with_detections=565 confirmed=[1, 2, 4, 5, 6, 7] pending=[8]
[aruco_detector-1] [INFO] [1787173925.203882920] [aruco_detector]: ArUco 3 CONFIRMED at map (-8.59, 6.80, 0.11) range 5.45 m, reproj 2.44 px
[aruco_detector-1] [INFO] [1787173932.218570337] [aruco_detector]: frames=3320 with_detections=586 confirmed=[1, 2, 3, 4, 5, 6, 7] pending=[8]
[aruco_detector-1] [INFO] [1787173942.220795321] [aruco_detector]: frames=3370 with_detections=604 confirmed=[1, 2, 3, 4, 5, 6, 7] pending=[8]
[aruco_detector-1] [INFO] [1787173952.230938941] [aruco_detector]: frames=3420 with_detections=637 confirmed=[1, 2, 3, 4, 5, 6, 7] pending=[8]
[aruco_detector-1] [INFO] [1787173962.256911240] [aruco_detector]: frames=3470 with_detections=637 confirmed=[1, 2, 3, 4, 5, 6, 7] pending=[8]
[aruco_detector-1] [INFO] [1787173972.258553431] [aruco_detector]: frames=3520 with_detections=637 confirmed=[1, 2, 3, 4, 5, 6, 7] pending=[8]
[aruco_detector-1] [INFO] [1787173982.258491881] [aruco_detector]: frames=3570 with_detections=637 confirmed=[1, 2, 3, 4, 5, 6, 7] pending=[8]
[aruco_detector-1] [INFO] [1787173992.249364852] [aruco_detector]: frames=3620 with_detections=637 confirmed=[1, 2, 3, 4, 5, 6, 7] pending=[8]
[aruco_detector-1] [INFO] [1787174002.249144826] [aruco_detector]: frames=3670 with_detections=637 confirmed=[1, 2, 3, 4, 5, 6, 7] pending=[8]
[aruco_detector-1] [INFO] [1787174012.249372267] [aruco_detector]: frames=3720 with_detections=637 confirmed=[1, 2, 3, 4, 5, 6, 7] pending=[8]
[aruco_detector-1] [INFO] [1787174022.240798954] [aruco_detector]: frames=3770 with_detections=637 confirmed=[1, 2, 3, 4, 5, 6, 7] pending=[8]
[aruco_detector-1] [INFO] [1787174032.241689069] [aruco_detector]: frames=3820 with_detections=637 confirmed=[1, 2, 3, 4, 5, 6, 7] pending=[8]
[aruco_detector-1] [INFO] [1787174042.241111482] [aruco_detector]: frames=3870 with_detections=637 confirmed=[1, 2, 3, 4, 5, 6, 7] pending=[8]
[aruco_detector-1] [INFO] [1787174052.229742441] [aruco_detector]: frames=3920 with_detections=637 confirmed=[1, 2, 3, 4, 5, 6, 7] pending=[8]
[aruco_detector-1] [INFO] [1787174062.233232306] [aruco_detector]: frames=3970 with_detections=637 confirmed=[1, 2, 3, 4, 5, 6, 7] pending=[8]
[aruco_detector-1] [INFO] [1787174072.233598467] [aruco_detector]: frames=4020 with_detections=662 confirmed=[1, 2, 3, 4, 5, 6, 7] pending=[8]
[aruco_detector-1] [INFO] [1787174082.225425992] [aruco_detector]: frames=4070 with_detections=688 confirmed=[1, 2, 3, 4, 5, 6, 7] pending=[8]
[aruco_detector-1] [INFO] [1787174092.225774018] [aruco_detector]: frames=4120 with_detections=688 confirmed=[1, 2, 3, 4, 5, 6, 7] pending=[8]
[aruco_detector-1] [INFO] [1787174102.225381557] [aruco_detector]: frames=4170 with_detections=688 confirmed=[1, 2, 3, 4, 5, 6, 7] pending=[8]
[aruco_detector-1] [INFO] [1787174112.215818816] [aruco_detector]: frames=4220 with_detections=688 confirmed=[1, 2, 3, 4, 5, 6, 7] pending=[8]
[aruco_detector-1] [INFO] [1787174122.374704877] [aruco_detector]: frames=4270 with_detections=688 confirmed=[1, 2, 3, 4, 5, 6, 7] pending=[8]
[aruco_detector-1] [INFO] [1787174132.406856450] [aruco_detector]: frames=4320 with_detections=688 confirmed=[1, 2, 3, 4, 5, 6, 7] pending=[8]
[aruco_detector-1] [INFO] [1787174142.397176960] [aruco_detector]: frames=4370 with_detections=693 confirmed=[1, 2, 3, 4, 5, 6, 7] pending=[8]
[aruco_detector-1] [INFO] [1787174152.399893733] [aruco_detector]: frames=4420 with_detections=693 confirmed=[1, 2, 3, 4, 5, 6, 7] pending=[8]
[aruco_detector-1] [INFO] [1787174162.401931529] [aruco_detector]: frames=4470 with_detections=693 confirmed=[1, 2, 3, 4, 5, 6, 7] pending=[8]
[aruco_detector-1] [INFO] [1787174166.437559897] [aruco_detector]: ArUco 8 CONFIRMED at map (-3.40, -1.20, 0.10) range 5.87 m, reproj 0.97 px
[aruco_detector-1] [INFO] [1787174172.412174228] [aruco_detector]: frames=4520 with_detections=714 confirmed=[1, 2, 3, 4, 5, 6, 7, 8] pending=[]
[aruco_detector-1] [INFO] [1787174182.416074038] [aruco_detector]: frames=4570 with_detections=714 confirmed=[1, 2, 3, 4, 5, 6, 7, 8] pending=[]
[aruco_detector-1] [INFO] [1787174192.417041735] [aruco_detector]: frames=4620 with_detections=714 confirmed=[1, 2, 3, 4, 5, 6, 7, 8] pending=[]
[aruco_detector-1] [INFO] [1787174202.486023973] [aruco_detector]: frames=4670 with_detections=744 confirmed=[1, 2, 3, 4, 5, 6, 7, 8] pending=[]
[aruco_detector-1] [INFO] [1787174212.653884422] [aruco_detector]: frames=4720 with_detections=791 confirmed=[1, 2, 3, 4, 5, 6, 7, 8] pending=[]
[aruco_detector-1] [INFO] [1787174222.657407200] [aruco_detector]: frames=4770 with_detections=791 confirmed=[1, 2, 3, 4, 5, 6, 7, 8] pending=[]
[aruco_detector-1] [INFO] [1787174232.658396033] [aruco_detector]: frames=4820 with_detections=791 confirmed=[1, 2, 3, 4, 5, 6, 7, 8] pending=[]
[aruco_detector-1] [INFO] [1787174242.660056701] [aruco_detector]: frames=4870 with_detections=791 confirmed=[1, 2, 3, 4, 5, 6, 7, 8] pending=[]
[aruco_detector-1] [INFO] [1787174252.761655001] [aruco_detector]: frames=4920 with_detections=791 confirmed=[1, 2, 3, 4, 5, 6, 7, 8] pending=[]
[aruco_detector-1] [INFO] [1787174263.022285164] [aruco_detector]: frames=4970 with_detections=791 confirmed=[1, 2, 3, 4, 5, 6, 7, 8] pending=[]
[aruco_detector-1] [INFO] [1787174273.022186352] [aruco_detector]: frames=5020 with_detections=791 confirmed=[1, 2, 3, 4, 5, 6, 7, 8] pending=[]
[aruco_detector-1] [INFO] [1787174333.513317574] [aruco_detector]: frames=5131 with_detections=791 confirmed=[1, 2, 3, 4, 5, 6, 7, 8] pending=[]
[aruco_detector-1] [INFO] [1787174343.649587509] [aruco_detector]: frames=5229 with_detections=791 confirmed=[1, 2, 3, 4, 5, 6, 7, 8] pending=[]
[aruco_detector-1] [INFO] [1787174353.878294286] [aruco_detector]: frames=5318 with_detections=791 confirmed=[1, 2, 3, 4, 5, 6, 7, 8] pending=[]
[aruco_detector-1] [INFO] [1787174364.061578295] [aruco_detector]: frames=5410 with_detections=791 confirmed=[1, 2, 3, 4, 5, 6, 7, 8] pending=[]
[aruco_detector-1] [INFO] [1787174374.413898321] [aruco_detector]: frames=5500 with_detections=791 confirmed=[1, 2, 3, 4, 5, 6, 7, 8] pending=[]
[aruco_detector-1] [INFO] [1787174385.129130642] [aruco_detector]: frames=5591 with_detections=791 confirmed=[1, 2, 3, 4, 5, 6, 7, 8] pending=[]
[aruco_detector-1] [INFO] [1787174395.671325157] [aruco_detector]: frames=5687 with_detections=791 confirmed=[1, 2, 3, 4, 5, 6, 7, 8] pending=[]
[aruco_detector-1] [INFO] [1787174406.078648557] [aruco_detector]: frames=5783 with_detections=791 confirmed=[1, 2, 3, 4, 5, 6, 7, 8] pending=[]
[aruco_detector-1] [INFO] [1787174416.578489973] [aruco_detector]: frames=5878 with_detections=792 confirmed=[1, 2, 3, 4, 5, 6, 7, 8] pending=[]
[aruco_detector-1] [INFO] [1787174427.086954381] [aruco_detector]: frames=5973 with_detections=792 confirmed=[1, 2, 3, 4, 5, 6, 7, 8] pending=[]
[aruco_detector-1] [INFO] [1787174437.460521853] [aruco_detector]: frames=6069 with_detections=792 confirmed=[1, 2, 3, 4, 5, 6, 7, 8] pending=[]
[aruco_detector-1] [INFO] [1787174447.892601008] [aruco_detector]: frames=6163 with_detections=792 confirmed=[1, 2, 3, 4, 5, 6, 7, 8] pending=[]
[aruco_detector-1] [INFO] [1787174458.288529775] [aruco_detector]: frames=6253 with_detections=792 confirmed=[1, 2, 3, 4, 5, 6, 7, 8] pending=[]
[aruco_detector-1] [INFO] [1787174468.827320188] [aruco_detector]: frames=6349 with_detections=792 confirmed=[1, 2, 3, 4, 5, 6, 7, 8] pending=[]
[aruco_detector-1] [INFO] [1787174479.036389162] [aruco_detector]: frames=6445 with_detections=792 confirmed=[1, 2, 3, 4, 5, 6, 7, 8] pending=[]
[aruco_detector-1] [INFO] [1787174541.344336290] [aruco_detector]: frames=6586 with_detections=792 confirmed=[1, 2, 3, 4, 5, 6, 7, 8] pending=[]
[aruco_detector-1] [INFO] [1787174552.117812617] [aruco_detector]: frames=6622 with_detections=792 confirmed=[1, 2, 3, 4, 5, 6, 7, 8] pending=[]
[aruco_detector-1] [INFO] [1787174563.803997502] [aruco_detector]: frames=6662 with_detections=792 confirmed=[1, 2, 3, 4, 5, 6, 7, 8] pending=[]
[aruco_detector-1] [INFO] [1787174575.735195666] [aruco_detector]: frames=6700 with_detections=792 confirmed=[1, 2, 3, 4, 5, 6, 7, 8] pending=[]
[aruco_detector-1] [INFO] [1787174588.549105637] [aruco_detector]: frames=6742 with_detections=792 confirmed=[1, 2, 3, 4, 5, 6, 7, 8] pending=[]
[aruco_detector-1] [INFO] [1787174602.884584526] [aruco_detector]: frames=6783 with_detections=792 confirmed=[1, 2, 3, 4, 5, 6, 7, 8] pending=[]
[aruco_detector-1] [INFO] [1787174616.551687473] [aruco_detector]: frames=6819 with_detections=792 confirmed=[1, 2, 3, 4, 5, 6, 7, 8] pending=[]
[ERROR] [aruco_detector-1]: process has died [pid 25385, exit code -9, cmd '/home/smirn/leo_ws/install/leo_nav2_exploration/lib/leo_nav2_exploration/aruco_detector --ros-args -r __node:=aruco_detector --params-file /tmp/launch_params_dvd86w76'].
