[INFO] [1783980716.621698067] [map_saver]: 
	map_saver lifecycle node launched. 
	Waiting on external lifecycle transitions to activate
	See https://design.ros2.org/articles/node_lifecycle.html for more information.
[INFO] [1783980716.621791517] [map_saver]: Creating
[INFO] [1783980716.624768356] [map_saver]: Configuring
[INFO] [1783980716.664463755] [map_saver]: Saving map from 'map' topic to '/ros2_ws/reports/overnight_2026-07-13/item_search/2indep_seedA/merged_map' file
[WARN] [1783980716.664518611] [map_saver]: Free threshold unspecified. Setting it to default value: 0.250000
[WARN] [1783980716.664542721] [map_saver]: Occupied threshold unspecified. Setting it to default value: 0.650000
[WARN] [1783980716.741391545] [map_io]: Image format unspecified. Setting it to: pgm
[INFO] [1783980716.741481213] [map_io]: Received a 482 X 323 map @ 0.05 m/pix
[INFO] [1783980716.808700534] [map_io]: Writing map occupancy data to /ros2_ws/reports/overnight_2026-07-13/item_search/2indep_seedA/merged_map.pgm
[INFO] [1783980716.838303222] [map_io]: Writing map metadata to /ros2_ws/reports/overnight_2026-07-13/item_search/2indep_seedA/merged_map.yaml
[INFO] [1783980716.840909778] [map_io]: Map saved
[INFO] [1783980716.840974669] [map_saver]: Map saved successfully
[INFO] [1783980716.843030962] [map_saver]: Destroying
[INFO] [1783980721.516820314] [map_saver]: 
	map_saver lifecycle node launched. 
	Waiting on external lifecycle transitions to activate
	See https://design.ros2.org/articles/node_lifecycle.html for more information.
[INFO] [1783980721.516935908] [map_saver]: Creating
[INFO] [1783980721.518623703] [map_saver]: Configuring
[INFO] [1783980721.554586514] [map_saver]: Saving map from 'map' topic to '/ros2_ws/reports/overnight_2026-07-13/item_search/2indep_seedA/leo1_map' file
[WARN] [1783980721.554638161] [map_saver]: Free threshold unspecified. Setting it to default value: 0.250000
[WARN] [1783980721.554663063] [map_saver]: Occupied threshold unspecified. Setting it to default value: 0.650000
[WARN] [1783980721.564913712] [map_io]: Image format unspecified. Setting it to: pgm
[INFO] [1783980721.565016777] [map_io]: Received a 479 X 318 map @ 0.05 m/pix
[INFO] [1783980721.638943487] [map_io]: Writing map occupancy data to /ros2_ws/reports/overnight_2026-07-13/item_search/2indep_seedA/leo1_map.pgm
[INFO] [1783980721.661947480] [map_io]: Writing map metadata to /ros2_ws/reports/overnight_2026-07-13/item_search/2indep_seedA/leo1_map.yaml
[INFO] [1783980721.664005052] [map_io]: Map saved
[INFO] [1783980721.664054221] [map_saver]: Map saved successfully
[INFO] [1783980721.666065360] [map_saver]: Destroying
[INFO] [1783980726.755109163] [map_saver]: 
	map_saver lifecycle node launched. 
	Waiting on external lifecycle transitions to activate
	See https://design.ros2.org/articles/node_lifecycle.html for more information.
[INFO] [1783980726.755224278] [map_saver]: Creating
[INFO] [1783980726.756015732] [map_saver]: Configuring
[INFO] [1783980726.790773770] [map_saver]: Saving map from 'map' topic to '/ros2_ws/reports/overnight_2026-07-13/item_search/2indep_seedA/leo2_map' file
[WARN] [1783980726.790860527] [map_saver]: Free threshold unspecified. Setting it to default value: 0.250000
[WARN] [1783980726.790880787] [map_saver]: Occupied threshold unspecified. Setting it to default value: 0.650000
[WARN] [1783980726.798574374] [map_io]: Image format unspecified. Setting it to: pgm
[INFO] [1783980726.798663319] [map_io]: Received a 480 X 320 map @ 0.05 m/pix
[INFO] [1783980726.865959070] [map_io]: Writing map occupancy data to /ros2_ws/reports/overnight_2026-07-13/item_search/2indep_seedA/leo2_map.pgm
[INFO] [1783980726.886982378] [map_io]: Writing map metadata to /ros2_ws/reports/overnight_2026-07-13/item_search/2indep_seedA/leo2_map.yaml
[INFO] [1783980726.888932809] [map_io]: Map saved
[INFO] [1783980726.888962779] [map_saver]: Map saved successfully
[INFO] [1783980726.890708689] [map_saver]: Destroying
