[INFO] [launch]: All log files can be found below /root/.ros/log/2026-07-06-16-04-29-152468-4719e321e6bd-693
[INFO] [launch]: Default logging verbosity is set to INFO
[INFO] [frontier_explorer-1]: process started with pid [766]
[frontier_explorer-1] [INFO] [1783353872.326875030] [frontier_explorer]: Frontier explorer up for "leo1" (base_frame=leo1/base_link); coordination=coordinated, peers=none
[frontier_explorer-1] [WARN] [1783353872.565925815] [frontier_explorer]: Watchdog: work exists but no goal active and robot stationary - clearing costmaps
[frontier_explorer-1] [INFO] [1783353875.936351343] [frontier_explorer]: Initial pose recorded: (0.70, 0.00)
[frontier_explorer-1] [INFO] [1783353875.998460806] [frontier_explorer]: New frontier goal: (0.86, -3.38)
[frontier_explorer-1] [INFO] [1783353899.344114708] [frontier_explorer]: New frontier goal: (0.45, -4.14)
[frontier_explorer-1] [INFO] [1783353912.220699788] [frontier_explorer]: New frontier goal: (0.64, -4.94)
[frontier_explorer-1] [WARN] [1783353950.136417006] [frontier_explorer]: No progress for 32s - clearing costmaps and retrying goal (0.64, -4.94)
[frontier_explorer-1] [WARN] [1783353987.876449310] [frontier_explorer]: Still no progress after costmap clear, blacklisting goal (0.64, -4.94)
[frontier_explorer-1] [INFO] [1783353991.885541216] [frontier_explorer]: New frontier goal: (-0.36, -4.99)
[frontier_explorer-1] [WARN] [1783354030.315835922] [frontier_explorer]: No progress for 32s - clearing costmaps and retrying goal (-0.36, -4.99)
[frontier_explorer-1] [WARN] [1783354068.449302722] [frontier_explorer]: Still no progress after costmap clear, blacklisting goal (-0.36, -4.99)
[frontier_explorer-1] [INFO] [1783354072.610115089] [frontier_explorer]: New frontier goal: (3.19, -4.99)
[frontier_explorer-1] [INFO] [1783354111.332622410] [frontier_explorer]: New frontier goal: (1.22, -7.32)
[frontier_explorer-1] [INFO] [1783354140.655931898] [frontier_explorer]: New frontier goal: (-0.29, -8.29)
[frontier_explorer-1] [INFO] [1783354154.571951292] [frontier_explorer]: New frontier goal: (0.06, -4.09)
[frontier_explorer-1] [WARN] [1783354276.530318438] [frontier_explorer]: No progress for 32s - clearing costmaps and retrying goal (0.06, -4.09)
[frontier_explorer-1] [WARN] [1783354315.021422005] [frontier_explorer]: Still no progress after costmap clear, blacklisting goal (0.06, -4.09)
[frontier_explorer-1] [INFO] [1783354319.190368894] [frontier_explorer]: New frontier goal: (-0.19, -4.99)
[frontier_explorer-1] [INFO] [1783354340.486583181] [frontier_explorer]: New frontier goal: (4.66, -7.24)
