[INFO] [1783977715.597949075] [map_saver]: 
	map_saver lifecycle node launched. 
	Waiting on external lifecycle transitions to activate
	See https://design.ros2.org/articles/node_lifecycle.html for more information.
[INFO] [1783977715.598122163] [map_saver]: Creating
[INFO] [1783977715.600074241] [map_saver]: Configuring
[INFO] [1783977715.632408730] [map_saver]: Saving map from 'map' topic to '/ros2_ws/reports/overnight_2026-07-13/runs/depot_coordinated/merged_map' file
[WARN] [1783977715.632458261] [map_saver]: Free threshold unspecified. Setting it to default value: 0.250000
[WARN] [1783977715.632469952] [map_saver]: Occupied threshold unspecified. Setting it to default value: 0.650000
[WARN] [1783977715.645014358] [map_io]: Image format unspecified. Setting it to: pgm
[INFO] [1783977715.645085888] [map_io]: Received a 281 X 281 map @ 0.05 m/pix
[INFO] [1783977715.707917116] [map_io]: Writing map occupancy data to /ros2_ws/reports/overnight_2026-07-13/runs/depot_coordinated/merged_map.pgm
[INFO] [1783977715.725592031] [map_io]: Writing map metadata to /ros2_ws/reports/overnight_2026-07-13/runs/depot_coordinated/merged_map.yaml
[INFO] [1783977715.727977341] [map_io]: Map saved
[INFO] [1783977715.728004870] [map_saver]: Map saved successfully
[INFO] [1783977715.730192570] [map_saver]: Destroying
[INFO] [1783977720.251420922] [map_saver]: 
	map_saver lifecycle node launched. 
	Waiting on external lifecycle transitions to activate
	See https://design.ros2.org/articles/node_lifecycle.html for more information.
[INFO] [1783977720.251589685] [map_saver]: Creating
[INFO] [1783977720.252993689] [map_saver]: Configuring
[INFO] [1783977720.285380254] [map_saver]: Saving map from 'map' topic to '/ros2_ws/reports/overnight_2026-07-13/runs/depot_coordinated/leo1_map' file
[WARN] [1783977720.285429704] [map_saver]: Free threshold unspecified. Setting it to default value: 0.250000
[WARN] [1783977720.285442519] [map_saver]: Occupied threshold unspecified. Setting it to default value: 0.650000
[WARN] [1783977720.289208605] [map_io]: Image format unspecified. Setting it to: pgm
[INFO] [1783977720.289306639] [map_io]: Received a 280 X 279 map @ 0.05 m/pix
[INFO] [1783977720.339840353] [map_io]: Writing map occupancy data to /ros2_ws/reports/overnight_2026-07-13/runs/depot_coordinated/leo1_map.pgm
[INFO] [1783977720.354157720] [map_io]: Writing map metadata to /ros2_ws/reports/overnight_2026-07-13/runs/depot_coordinated/leo1_map.yaml
[INFO] [1783977720.356140516] [map_io]: Map saved
[INFO] [1783977720.356167197] [map_saver]: Map saved successfully
[INFO] [1783977720.357796984] [map_saver]: Destroying
[INFO] [1783977725.232274204] [map_saver]: 
	map_saver lifecycle node launched. 
	Waiting on external lifecycle transitions to activate
	See https://design.ros2.org/articles/node_lifecycle.html for more information.
[INFO] [1783977725.232378533] [map_saver]: Creating
[INFO] [1783977725.234527956] [map_saver]: Configuring
[INFO] [1783977725.280384741] [map_saver]: Saving map from 'map' topic to '/ros2_ws/reports/overnight_2026-07-13/runs/depot_coordinated/leo2_map' file
[WARN] [1783977725.280423362] [map_saver]: Free threshold unspecified. Setting it to default value: 0.250000
[WARN] [1783977725.280439541] [map_saver]: Occupied threshold unspecified. Setting it to default value: 0.650000
[WARN] [1783977725.284055972] [map_io]: Image format unspecified. Setting it to: pgm
[INFO] [1783977725.284112042] [map_io]: Received a 280 X 280 map @ 0.05 m/pix
[INFO] [1783977725.342005992] [map_io]: Writing map occupancy data to /ros2_ws/reports/overnight_2026-07-13/runs/depot_coordinated/leo2_map.pgm
[INFO] [1783977725.354687336] [map_io]: Writing map metadata to /ros2_ws/reports/overnight_2026-07-13/runs/depot_coordinated/leo2_map.yaml
[INFO] [1783977725.356658108] [map_io]: Map saved
[INFO] [1783977725.356707801] [map_saver]: Map saved successfully
[INFO] [1783977725.358538667] [map_saver]: Destroying
