[INFO] [launch]: All log files can be found below /root/.ros/log/2026-07-13-21-03-58-604135-cb5ce652d7ec-269
[INFO] [launch]: Default logging verbosity is set to INFO
[INFO] [python3-1]: process started with pid [364]
[INFO] [static_transform_publisher-2]: process started with pid [366]
[INFO] [static_transform_publisher-3]: process started with pid [368]
[static_transform_publisher-3] [INFO] [1783976638.870951135] [map_to_leo2_map]: Spinning until stopped - publishing transform
[static_transform_publisher-3] translation: ('1.500000', '0.000000', '0.000000')
[static_transform_publisher-3] rotation: ('0.000000', '0.000000', '0.000000', '1.000000')
[static_transform_publisher-3] from 'map' to 'leo2/map'
[static_transform_publisher-2] [INFO] [1783976638.881316213] [map_to_leo1_map]: Spinning until stopped - publishing transform
[static_transform_publisher-2] translation: ('0.000000', '0.000000', '0.000000')
[static_transform_publisher-2] rotation: ('0.000000', '0.000000', '0.000000', '1.000000')
[static_transform_publisher-2] from 'map' to 'leo1/map'
[python3-1] [INFO] [1783976791.174408514] [map_compositor]: registered leo2: offset (1.095, -0.005, 0.30deg) score=0.129
[python3-1] [INFO] [1783976822.965733416] [map_compositor]: registered leo2: offset (0.690, -0.015, -0.10deg) score=0.138
[python3-1] [INFO] [1783976854.769755038] [map_compositor]: registered leo2: offset (0.285, -0.050, -0.05deg) score=0.197
[python3-1] [INFO] [1783976886.691909423] [map_compositor]: registered leo2: offset (-0.005, -0.010, 0.15deg) score=0.565
[python3-1] [INFO] [1783976919.484512755] [map_compositor]: registered leo2: offset (-0.005, 0.005, 0.10deg) score=0.517
[python3-1] [INFO] [1783976951.770767223] [map_compositor]: registered leo2: offset (-0.005, 0.010, 0.15deg) score=0.426
[python3-1] [INFO] [1783976983.576214364] [map_compositor]: registered leo2: offset (-0.005, 0.005, 0.10deg) score=0.396
[python3-1] [INFO] [1783977015.143536651] [map_compositor]: registered leo2: offset (0.005, -0.010, 0.15deg) score=0.417
[python3-1] [INFO] [1783977046.809480553] [map_compositor]: registered leo2: offset (-0.005, 0.015, 0.10deg) score=0.439
[python3-1] [INFO] [1783977078.614943484] [map_compositor]: registered leo2: offset (-0.035, 0.010, -0.00deg) score=0.400
[python3-1] [INFO] [1783977110.367525030] [map_compositor]: registered leo2: offset (-0.020, 0.025, -0.10deg) score=0.422
[python3-1] [INFO] [1783977141.888878841] [map_compositor]: registered leo2: offset (-0.010, 0.025, -0.20deg) score=0.453
[python3-1] [INFO] [1783977173.486612184] [map_compositor]: registered leo2: offset (-0.000, -0.005, -0.15deg) score=0.482
[python3-1] [INFO] [1783977205.346549737] [map_compositor]: registered leo2: offset (-0.000, -0.010, -0.10deg) score=0.512
[python3-1] [INFO] [1783977237.548968673] [map_compositor]: registered leo2: offset (-0.010, -0.025, -0.05deg) score=0.522
[python3-1] [INFO] [1783977269.692034776] [map_compositor]: registered leo2: offset (-0.000, -0.005, -0.15deg) score=0.522
[python3-1] [INFO] [1783977301.716109793] [map_compositor]: registered leo2: offset (-0.000, -0.010, -0.10deg) score=0.522
[python3-1] [INFO] [1783977334.220335242] [map_compositor]: registered leo2: offset (-0.010, -0.025, -0.05deg) score=0.530
[python3-1] [INFO] [1783977365.966817166] [map_compositor]: registered leo2: offset (0.010, -0.005, -0.15deg) score=0.477
[python3-1] [INFO] [1783977397.564376732] [map_compositor]: registered leo2: offset (-0.015, -0.010, -0.10deg) score=0.519
[python3-1] [INFO] [1783977429.255192776] [map_compositor]: registered leo2: offset (0.010, -0.015, 0.10deg) score=0.446
[python3-1] [INFO] [1783977461.137070191] [map_compositor]: registered leo2: offset (0.010, -0.005, -0.15deg) score=0.472
[python3-1] [INFO] [1783977492.809220819] [map_compositor]: registered leo2: offset (-0.000, -0.010, -0.10deg) score=0.467
[python3-1] [INFO] [1783977524.413264073] [map_compositor]: registered leo2: offset (-0.000, -0.025, -0.05deg) score=0.471
[python3-1] [INFO] [1783977556.128181703] [map_compositor]: registered leo2: offset (-0.000, -0.000, -0.15deg) score=0.475
[python3-1] [INFO] [1783977588.161318063] [map_compositor]: registered leo2: offset (-0.000, -0.010, -0.10deg) score=0.473
[python3-1] [INFO] [1783977620.038006116] [map_compositor]: registered leo2: offset (-0.015, -0.000, -0.05deg) score=0.471
[python3-1] [INFO] [1783977651.816331939] [map_compositor]: registered leo2: offset (0.005, 0.010, -0.15deg) score=0.471
[python3-1] [INFO] [1783977683.577725144] [map_compositor]: registered leo2: offset (-0.000, -0.000, -0.10deg) score=0.471
[python3-1] [INFO] [1783977715.581065430] [map_compositor]: registered leo2: offset (-0.015, -0.000, -0.05deg) score=0.471
