[INFO] [launch]: All log files can be found below /root/.ros/log/2026-07-06-13-57-34-447235-8192ecedd0a1-989
[INFO] [launch]: Default logging verbosity is set to INFO
[INFO] [frontier_explorer-1]: process started with pid [1082]
[INFO] [frontier_explorer-2]: process started with pid [1084]
[frontier_explorer-2] [INFO] [1783346257.737831155] [leo2.frontier_explorer]: Frontier explorer up for "leo2" (base_frame=leo2/base_link); coordination=coordinated, peers=['leo1']
[frontier_explorer-1] [INFO] [1783346257.739013336] [leo1.frontier_explorer]: Frontier explorer up for "leo1" (base_frame=leo1/base_link); coordination=coordinated, peers=['leo2']
[frontier_explorer-1] [WARN] [1783346257.956485787] [leo1.frontier_explorer]: Watchdog: work exists but no goal active and robot stationary - clearing costmaps
[frontier_explorer-2] [WARN] [1783346257.957628310] [leo2.frontier_explorer]: Watchdog: work exists but no goal active and robot stationary - clearing costmaps
[frontier_explorer-1] [INFO] [1783346258.212465562] [leo1.frontier_explorer]: Initial pose recorded: (1.41, -0.00)
[frontier_explorer-2] [INFO] [1783346258.213713484] [leo2.frontier_explorer]: Initial pose recorded: (3.49, -0.00)
[frontier_explorer-1] [INFO] [1783346258.355057057] [leo1.frontier_explorer]: New frontier goal: (-1.98, 0.03)
[frontier_explorer-2] [INFO] [1783346258.449544067] [leo2.frontier_explorer]: New frontier goal: (5.77, -0.23)
[frontier_explorer-2] [INFO] [1783346269.970235529] [leo2.frontier_explorer]: New frontier goal: (8.97, 0.45)
[frontier_explorer-1] [WARN] [1783346278.074631759] [leo1.frontier_explorer]: Frontier goal done but frontier survived at (-1.88, -0.32) - striking it
[frontier_explorer-1] [INFO] [1783346278.136413830] [leo1.frontier_explorer]: New frontier goal: (-3.48, 0.03)
[frontier_explorer-1] [INFO] [1783346285.928683596] [leo1.frontier_explorer]: No path to frontier goal (-6.90, -0.24), skipping
[frontier_explorer-1] [INFO] [1783346289.753875921] [leo1.frontier_explorer]: New frontier goal: (6.60, -0.19)
[frontier_explorer-2] [INFO] [1783346293.578696545] [leo2.frontier_explorer]: New frontier goal: (-4.93, -0.10)
[frontier_explorer-1] [INFO] [1783346301.617960891] [leo1.frontier_explorer]: New frontier goal: (7.85, -0.21)
[frontier_explorer-1] [INFO] [1783346313.660288737] [leo1.frontier_explorer]: No path to frontier goal (8.60, -0.21), skipping
[frontier_explorer-2] [INFO] [1783346313.661577303] [leo2.frontier_explorer]: New frontier goal: (-5.98, 0.03)
[frontier_explorer-1] [INFO] [1783346317.573669772] [leo1.frontier_explorer]: New frontier goal: (0.20, 4.09)
[frontier_explorer-2] [INFO] [1783346325.376492732] [leo2.frontier_explorer]: New frontier goal: (-6.69, 0.18)
[frontier_explorer-1] [INFO] [1783346333.078132626] [leo1.frontier_explorer]: New frontier goal: (-0.50, 5.79)
[frontier_explorer-2] [INFO] [1783346337.571990045] [leo2.frontier_explorer]: New frontier goal: (-7.70, 0.23)
[frontier_explorer-1] [INFO] [1783346344.956751926] [leo1.frontier_explorer]: New frontier goal: (9.65, 0.29)
[frontier_explorer-2] [INFO] [1783346349.575487148] [leo2.frontier_explorer]: New frontier goal: (6.15, -3.57)
[frontier_explorer-1] [INFO] [1783346381.087619834] [leo1.frontier_explorer]: New frontier goal: (10.79, 0.30)
[frontier_explorer-2] [INFO] [1783346393.656478613] [leo2.frontier_explorer]: New frontier goal: (7.12, -3.97)
[frontier_explorer-1] [INFO] [1783346401.190543828] [leo1.frontier_explorer]: New frontier goal: (8.39, 2.13)
[frontier_explorer-2] [INFO] [1783346405.462435285] [leo2.frontier_explorer]: New frontier goal: (3.87, -5.58)
[frontier_explorer-2] [INFO] [1783346417.622891764] [leo2.frontier_explorer]: New frontier goal: (2.42, -5.28)
[frontier_explorer-1] [INFO] [1783346421.551750252] [leo1.frontier_explorer]: No path to frontier goal (6.29, 4.48), skipping
[frontier_explorer-1] [INFO] [1783346425.571209961] [leo1.frontier_explorer]: New frontier goal: (9.84, 3.93)
[frontier_explorer-2] [INFO] [1783346429.789299475] [leo2.frontier_explorer]: New frontier goal: (-0.48, 3.52)
[frontier_explorer-1] [INFO] [1783346438.374245689] [leo1.frontier_explorer]: New frontier goal: (5.94, 4.98)
[frontier_explorer-1] [WARN] [1783346467.327265580] [leo1.frontier_explorer]: Frontier goal done but frontier survived at (5.74, 5.42) - striking it
[frontier_explorer-1] [INFO] [1783346467.410250085] [leo1.frontier_explorer]: New frontier goal: (4.24, -3.98)
[frontier_explorer-1] [INFO] [1783346500.007768163] [leo1.frontier_explorer]: New frontier goal: (3.49, -4.88)
[frontier_explorer-2] [INFO] [1783346500.181567897] [leo2.frontier_explorer]: New frontier goal: (-0.48, 4.36)
[frontier_explorer-2] [INFO] [1783346516.108803818] [leo2.frontier_explorer]: New frontier goal: (-0.03, 5.81)
[frontier_explorer-1] [INFO] [1783346520.438003553] [leo1.frontier_explorer]: New frontier goal: (9.74, -3.70)
[frontier_explorer-2] [INFO] [1783346524.395757263] [leo2.frontier_explorer]: No path to frontier goal (3.27, 6.51), skipping
[frontier_explorer-2] [INFO] [1783346528.529272708] [leo2.frontier_explorer]: New frontier goal: (10.82, 5.21)
[frontier_explorer-1] [INFO] [1783346532.763349547] [leo1.frontier_explorer]: New frontier goal: (9.44, -4.80)
[frontier_explorer-1] [INFO] [1783346561.011145496] [leo1.frontier_explorer]: New frontier goal: (11.29, -6.85)
[frontier_explorer-1] [INFO] [1783346581.595502780] [leo1.frontier_explorer]: New frontier goal: (9.24, 7.35)
[frontier_explorer-2] [INFO] [1783346581.609578067] [leo2.frontier_explorer]: New frontier goal: (10.32, 4.26)
[frontier_explorer-2] [INFO] [1783346602.108833254] [leo2.frontier_explorer]: New frontier goal: (5.97, 4.16)
[frontier_explorer-2] [WARN] [1783346605.980199511] [leo2.frontier_explorer]: Frontier goal done but frontier survived at (5.97, 4.16) - striking it
[frontier_explorer-2] [INFO] [1783346606.050652788] [leo2.frontier_explorer]: New frontier goal: (10.57, 6.81)
[frontier_explorer-2] [WARN] [1783346617.628228833] [leo2.frontier_explorer]: Frontier goal done but frontier survived at (10.52, 7.06) - striking it
[frontier_explorer-2] [INFO] [1783346617.698887447] [leo2.frontier_explorer]: New frontier goal: (7.02, 5.06)
[frontier_explorer-2] [WARN] [1783346637.581040180] [leo2.frontier_explorer]: Frontier goal done but frontier survived at (7.07, 4.86) - striking it
[frontier_explorer-2] [INFO] [1783346637.652871894] [leo2.frontier_explorer]: New frontier goal: (4.97, 4.46)
[frontier_explorer-2] [WARN] [1783346649.487176299] [leo2.frontier_explorer]: Frontier goal done but frontier survived at (4.77, 4.76) - striking it
[frontier_explorer-2] [INFO] [1783346649.556656133] [leo2.frontier_explorer]: New frontier goal: (4.77, 1.91)
[frontier_explorer-1] [INFO] [1783346653.441282144] [leo1.frontier_explorer]: New frontier goal: (3.64, 6.70)
[frontier_explorer-2] [INFO] [1783346661.223762763] [leo2.frontier_explorer]: New frontier goal: (3.57, 7.56)
[frontier_explorer-2] [WARN] [1783346665.157147655] [leo2.frontier_explorer]: Frontier goal done but frontier survived at (3.57, 7.56) - striking it
[frontier_explorer-2] [INFO] [1783346665.248122632] [leo2.frontier_explorer]: New frontier goal: (7.37, -5.04)
[frontier_explorer-1] [WARN] [1783346691.430973101] [leo1.frontier_explorer]: No progress for 32s - clearing costmaps and retrying goal (3.64, 6.70)
[frontier_explorer-1] [WARN] [1783346733.893182361] [leo1.frontier_explorer]: Still no progress after costmap clear, blacklisting goal (3.64, 6.70)
[frontier_explorer-1] [INFO] [1783346738.484298101] [leo1.frontier_explorer]: New frontier goal: (-7.44, -1.55)
[frontier_explorer-1] [WARN] [1783346779.856016369] [leo1.frontier_explorer]: No progress for 32s - clearing costmaps and retrying goal (-7.44, -1.55)
[frontier_explorer-1] [WARN] [1783346822.210388809] [leo1.frontier_explorer]: Still no progress after costmap clear, blacklisting goal (-7.44, -1.55)
[frontier_explorer-1] [INFO] [1783346826.996058613] [leo1.frontier_explorer]: New frontier goal: (-3.76, 7.70)
[frontier_explorer-1] [WARN] [1783346868.710541773] [leo1.frontier_explorer]: No progress for 32s - clearing costmaps and retrying goal (-3.76, 7.70)
[frontier_explorer-1] [WARN] [1783346909.933937181] [leo1.frontier_explorer]: Still no progress after costmap clear, blacklisting goal (-3.76, 7.70)
[frontier_explorer-1] [INFO] [1783346914.269586772] [leo1.frontier_explorer]: New frontier goal: (3.74, 6.65)
[frontier_explorer-2] [WARN] [1783346940.596155707] [leo2.frontier_explorer]: No progress for 32s - clearing costmaps and retrying goal (7.37, -5.04)
[frontier_explorer-2] [WARN] [1783346980.551470899] [leo2.frontier_explorer]: Still no progress after costmap clear, blacklisting goal (7.37, -5.04)
[frontier_explorer-2] [WARN] [1783346980.599797968] [leo2.frontier_explorer]: Watchdog: work exists but no goal active and robot stationary - clearing costmaps
[frontier_explorer-2] [INFO] [1783346985.140385872] [leo2.frontier_explorer]: New frontier goal: (7.36, -6.54)
[frontier_explorer-2] [WARN] [1783347029.257814559] [leo2.frontier_explorer]: No progress for 32s - clearing costmaps and retrying goal (7.36, -6.54)
[frontier_explorer-2] [INFO] [1783347040.906607577] [leo2.frontier_explorer]: New frontier goal: (-7.74, -1.69)
[frontier_explorer-1] [INFO] [1783347072.425976008] [leo1.frontier_explorer]: New frontier goal: (-7.91, 1.15)
[frontier_explorer-2] [INFO] [1783347111.459859512] [leo2.frontier_explorer]: New frontier goal: (-8.63, -2.19)
[frontier_explorer-1] [INFO] [1783347123.116410540] [leo1.frontier_explorer]: New frontier goal: (-8.68, 1.45)
[frontier_explorer-2] [INFO] [1783347123.123213117] [leo2.frontier_explorer]: New frontier goal: (-7.84, -2.21)
[frontier_explorer-1] [INFO] [1783347131.413640862] [leo1.frontier_explorer]: New frontier goal: (-8.93, 2.20)
[frontier_explorer-2] [INFO] [1783347135.404688271] [leo2.frontier_explorer]: New frontier goal: (-9.44, -3.26)
[frontier_explorer-1] [WARN] [1783347139.150547699] [leo1.frontier_explorer]: Frontier goal done but frontier survived at (-8.93, 2.20) - striking it
[frontier_explorer-1] [INFO] [1783347139.236989233] [leo1.frontier_explorer]: New frontier goal: (-7.43, -2.35)
[frontier_explorer-2] [INFO] [1783347147.116759324] [leo2.frontier_explorer]: New frontier goal: (-3.39, -4.16)
[frontier_explorer-1] [INFO] [1783347151.164356880] [leo1.frontier_explorer]: New frontier goal: (-6.78, 3.25)
[frontier_explorer-2] [INFO] [1783347171.267953516] [leo2.frontier_explorer]: New frontier goal: (-2.65, -6.76)
[frontier_explorer-1] [INFO] [1783347171.450709876] [leo1.frontier_explorer]: New frontier goal: (-6.38, 5.55)
[frontier_explorer-1] [INFO] [1783347183.310703182] [leo1.frontier_explorer]: New frontier goal: (-6.23, -2.30)
[frontier_explorer-2] [WARN] [1783347187.219978170] [leo2.frontier_explorer]: Frontier goal done but frontier survived at (-2.57, -7.33) - striking it
[frontier_explorer-2] [WARN] [1783347187.271845166] [leo2.frontier_explorer]: Frontier goal done but frontier survived at (-2.22, -6.48) - striking it
[frontier_explorer-2] [INFO] [1783347187.365678364] [leo2.frontier_explorer]: No path to frontier goal (-7.22, -7.08), skipping
[frontier_explorer-2] [INFO] [1783347191.381210581] [leo2.frontier_explorer]: New frontier goal: (-6.24, -7.73)
[frontier_explorer-2] [INFO] [1783347203.295797210] [leo2.frontier_explorer]: New frontier goal: (-6.99, -6.18)
[frontier_explorer-1] [INFO] [1783347211.434842305] [leo1.frontier_explorer]: New frontier goal: (-5.23, -3.30)
[frontier_explorer-2] [INFO] [1783347215.289425400] [leo2.frontier_explorer]: New frontier goal: (-8.19, 2.22)
[frontier_explorer-1] [INFO] [1783347223.380706825] [leo1.frontier_explorer]: New frontier goal: (-4.28, -4.65)
[frontier_explorer-1] [WARN] [1783347235.279243109] [leo1.frontier_explorer]: Frontier goal done but frontier survived at (-4.13, -5.00) - striking it
[frontier_explorer-1] [WARN] [1783347235.331926242] [leo1.frontier_explorer]: Frontier goal done but frontier survived at (-3.83, -4.70) - striking it
[frontier_explorer-1] [INFO] [1783347235.415656880] [leo1.frontier_explorer]: New frontier goal: (-2.93, -5.60)
[frontier_explorer-1] [INFO] [1783347243.246818189] [leo1.frontier_explorer]: New frontier goal: (-10.28, -3.50)
[frontier_explorer-2] [INFO] [1783347263.508977634] [leo2.frontier_explorer]: New frontier goal: (-10.59, 4.57)
[frontier_explorer-1] [INFO] [1783347271.467609414] [leo1.frontier_explorer]: New frontier goal: (-9.48, -6.40)
[frontier_explorer-2] [INFO] [1783347275.462263579] [leo2.frontier_explorer]: New frontier goal: (-5.94, 4.67)
[frontier_explorer-1] [WARN] [1783347287.294716853] [leo1.frontier_explorer]: Frontier goal done but frontier survived at (-9.58, -5.90) - striking it
[frontier_explorer-1] [WARN] [1783347287.347708663] [leo1.frontier_explorer]: Frontier goal done but frontier survived at (-9.18, -6.90) - striking it
[frontier_explorer-1] [INFO] [1783347287.424933774] [leo1.frontier_explorer]: New frontier goal: (-10.68, -6.75)
[frontier_explorer-1] [INFO] [1783347295.340979117] [leo1.frontier_explorer]: New frontier goal: (-11.38, -7.25)
[frontier_explorer-2] [INFO] [1783347299.491102774] [leo2.frontier_explorer]: New frontier goal: (-5.89, 6.47)
[frontier_explorer-1] [INFO] [1783347303.405116622] [leo1.frontier_explorer]: New frontier goal: (-0.43, -1.90)
[frontier_explorer-2] [INFO] [1783347311.927429195] [leo2.frontier_explorer]: New frontier goal: (-8.64, 6.87)
[frontier_explorer-2] [INFO] [1783347326.123505216] [leo2.frontier_explorer]: New frontier goal: (-9.99, 6.82)
[frontier_explorer-1] [INFO] [1783347331.008992369] [leo1.frontier_explorer]: New frontier goal: (-10.98, 5.20)
[frontier_explorer-2] [WARN] [1783347335.303236379] [leo2.frontier_explorer]: Frontier goal done but frontier survived at (-10.34, 6.72) - striking it
[frontier_explorer-2] [WARN] [1783347335.356828304] [leo2.frontier_explorer]: Frontier goal done but frontier survived at (-10.49, 7.12) - striking it
[frontier_explorer-2] [INFO] [1783347335.456536088] [leo2.frontier_explorer]: New frontier goal: (-9.99, 7.67)
[frontier_explorer-2] [INFO] [1783347343.960573752] [leo2.frontier_explorer]: New frontier goal: (-3.44, 7.47)
[frontier_explorer-1] [INFO] [1783347361.045956096] [leo1.frontier_explorer]: New frontier goal: (-10.93, 6.60)
[frontier_explorer-2] [WARN] [1783347382.947995452] [leo2.frontier_explorer]: No progress for 32s - clearing costmaps and retrying goal (-3.44, 7.47)
[frontier_explorer-2] [WARN] [1783347424.374382778] [leo2.frontier_explorer]: Still no progress after costmap clear, blacklisting goal (-3.44, 7.47)
[frontier_explorer-1] [WARN] [1783347429.117440898] [leo1.frontier_explorer]: No progress for 32s - clearing costmaps and retrying goal (-10.93, 6.60)
[frontier_explorer-2] [INFO] [1783347429.165770766] [leo2.frontier_explorer]: New frontier goal: (3.65, 7.32)
[frontier_explorer-2] [WARN] [1783347471.002678593] [leo2.frontier_explorer]: No progress for 32s - clearing costmaps and retrying goal (3.65, 7.32)
