[INFO] [launch]: All log files can be found below /home/smirn/.ros/log/2026-08-20-07-22-52-655327-Tornadosky-8933
[INFO] [launch]: Default logging verbosity is set to INFO
[INFO] [aruco_detector-1]: process started with pid [8934]
[aruco_detector-1] [INFO] [1787203373.260017283] [aruco_detector]: aruco_detector: dict=DICT_4X4_50 len=0.2 m image=/leo1/camera/image optical_frame=False map_frame=map cv2=4.5.4 allowed_ids=[1, 2, 3, 4, 5, 6, 7, 8]
[aruco_detector-1] [INFO] [1787203373.261628755] [aruco_detector]: frames=0 with_detections=0 confirmed=[] pending=[]
[aruco_detector-1] [INFO] [1787203373.441605511] [aruco_detector]: camera intrinsics: fx=554.4 fy=554.4 cx=320.0 cy=240.0 distortion=5 coeffs
[aruco_detector-1] [INFO] [1787203377.637216418] [aruco_detector]: frames=21 with_detections=0 confirmed=[] pending=[]
[aruco_detector-1] [INFO] [1787203387.659086618] [aruco_detector]: frames=71 with_detections=0 confirmed=[] pending=[]
[aruco_detector-1] [INFO] [1787203397.674430427] [aruco_detector]: frames=121 with_detections=1 confirmed=[] pending=[]
[aruco_detector-1] [INFO] [1787203407.674296198] [aruco_detector]: frames=171 with_detections=6 confirmed=[] pending=[]
[aruco_detector-1] [INFO] [1787203417.674295453] [aruco_detector]: frames=221 with_detections=6 confirmed=[] pending=[]
[aruco_detector-1] [INFO] [1787203420.912292397] [aruco_detector]: ArUco 4 CONFIRMED at map (-2.86, 4.16, 0.12) range 5.60 m, reproj 2.17 px
[aruco_detector-1] [INFO] [1787203427.678056755] [aruco_detector]: frames=271 with_detections=37 confirmed=[4] pending=[]
[aruco_detector-1] [INFO] [1787203437.677815270] [aruco_detector]: frames=321 with_detections=42 confirmed=[4] pending=[]
[aruco_detector-1] [INFO] [1787203447.677914887] [aruco_detector]: frames=371 with_detections=42 confirmed=[4] pending=[]
[aruco_detector-1] [INFO] [1787203457.682949853] [aruco_detector]: frames=421 with_detections=42 confirmed=[4] pending=[]
[aruco_detector-1] [INFO] [1787203467.682824579] [aruco_detector]: frames=471 with_detections=61 confirmed=[4] pending=[]
[aruco_detector-1] [INFO] [1787203477.682815620] [aruco_detector]: frames=521 with_detections=78 confirmed=[4] pending=[]
[aruco_detector-1] [INFO] [1787203487.687827563] [aruco_detector]: frames=571 with_detections=78 confirmed=[4] pending=[]
[aruco_detector-1] [INFO] [1787203497.687786360] [aruco_detector]: frames=621 with_detections=78 confirmed=[4] pending=[]
[aruco_detector-1] [INFO] [1787203507.687883497] [aruco_detector]: frames=671 with_detections=78 confirmed=[4] pending=[]
[aruco_detector-1] [INFO] [1787203517.690237033] [aruco_detector]: frames=721 with_detections=78 confirmed=[4] pending=[]
[aruco_detector-1] [INFO] [1787203527.690182084] [aruco_detector]: frames=771 with_detections=78 confirmed=[4] pending=[]
[aruco_detector-1] [INFO] [1787203537.690156414] [aruco_detector]: frames=821 with_detections=78 confirmed=[4] pending=[]
[aruco_detector-1] [INFO] [1787203547.693096816] [aruco_detector]: frames=871 with_detections=78 confirmed=[4] pending=[]
[aruco_detector-1] [INFO] [1787203557.692827521] [aruco_detector]: frames=921 with_detections=78 confirmed=[4] pending=[]
[aruco_detector-1] [INFO] [1787203567.695895765] [aruco_detector]: frames=971 with_detections=78 confirmed=[4] pending=[]
[aruco_detector-1] [INFO] [1787203577.699852305] [aruco_detector]: frames=1021 with_detections=78 confirmed=[4] pending=[]
[aruco_detector-1] [INFO] [1787203587.700012030] [aruco_detector]: frames=1071 with_detections=78 confirmed=[4] pending=[]
[aruco_detector-1] [INFO] [1787203597.699795933] [aruco_detector]: frames=1121 with_detections=78 confirmed=[4] pending=[]
[aruco_detector-1] [INFO] [1787203607.702092631] [aruco_detector]: frames=1171 with_detections=78 confirmed=[4] pending=[]
[aruco_detector-1] [INFO] [1787203617.702028764] [aruco_detector]: frames=1221 with_detections=78 confirmed=[4] pending=[]
[aruco_detector-1] [INFO] [1787203627.702110420] [aruco_detector]: frames=1271 with_detections=78 confirmed=[4] pending=[]
[aruco_detector-1] [INFO] [1787203637.707390996] [aruco_detector]: frames=1321 with_detections=78 confirmed=[4] pending=[]
[aruco_detector-1] [INFO] [1787203647.707124839] [aruco_detector]: frames=1371 with_detections=78 confirmed=[4] pending=[]
[aruco_detector-1] [INFO] [1787203657.707203983] [aruco_detector]: frames=1421 with_detections=78 confirmed=[4] pending=[]
[aruco_detector-1] [INFO] [1787203667.710829557] [aruco_detector]: frames=1471 with_detections=78 confirmed=[4] pending=[]
[aruco_detector-1] [INFO] [1787203677.710786269] [aruco_detector]: frames=1521 with_detections=78 confirmed=[4] pending=[]
[aruco_detector-1] [INFO] [1787203687.711753231] [aruco_detector]: frames=1571 with_detections=78 confirmed=[4] pending=[]
[aruco_detector-1] [INFO] [1787203697.713400801] [aruco_detector]: frames=1621 with_detections=78 confirmed=[4] pending=[]
[aruco_detector-1] [INFO] [1787203707.713269564] [aruco_detector]: frames=1671 with_detections=78 confirmed=[4] pending=[]
[aruco_detector-1] [INFO] [1787203717.713361193] [aruco_detector]: frames=1721 with_detections=78 confirmed=[4] pending=[]
[aruco_detector-1] [INFO] [1787203727.718268850] [aruco_detector]: frames=1771 with_detections=78 confirmed=[4] pending=[]
[aruco_detector-1] [INFO] [1787203737.718285100] [aruco_detector]: frames=1821 with_detections=78 confirmed=[4] pending=[]
[aruco_detector-1] [INFO] [1787203747.721314548] [aruco_detector]: frames=1871 with_detections=78 confirmed=[4] pending=[]
[aruco_detector-1] [INFO] [1787203757.727482251] [aruco_detector]: frames=1921 with_detections=78 confirmed=[4] pending=[]
[aruco_detector-1] [INFO] [1787203767.727399548] [aruco_detector]: frames=1971 with_detections=78 confirmed=[4] pending=[]
[aruco_detector-1] [INFO] [1787203777.727460212] [aruco_detector]: frames=2021 with_detections=78 confirmed=[4] pending=[]
[aruco_detector-1] [INFO] [1787203787.732712818] [aruco_detector]: frames=2071 with_detections=78 confirmed=[4] pending=[]
[aruco_detector-1] [INFO] [1787203797.732751175] [aruco_detector]: frames=2121 with_detections=78 confirmed=[4] pending=[]
[aruco_detector-1] [INFO] [1787203807.738389761] [aruco_detector]: frames=2171 with_detections=78 confirmed=[4] pending=[]
[aruco_detector-1] [INFO] [1787203817.760455585] [aruco_detector]: frames=2221 with_detections=78 confirmed=[4] pending=[]
[aruco_detector-1] [INFO] [1787203827.770630727] [aruco_detector]: frames=2271 with_detections=78 confirmed=[4] pending=[]
[aruco_detector-1] [INFO] [1787203837.770628833] [aruco_detector]: frames=2321 with_detections=78 confirmed=[4] pending=[]
