[INFO] [1783984654.351249252] [map_saver]: 
	map_saver lifecycle node launched. 
	Waiting on external lifecycle transitions to activate
	See https://design.ros2.org/articles/node_lifecycle.html for more information.
[INFO] [1783984654.351368108] [map_saver]: Creating
[INFO] [1783984654.353076476] [map_saver]: Configuring
[INFO] [1783984654.395041157] [map_saver]: Saving map from 'map' topic to '/ros2_ws/reports/overnight_2026-07-13/item_search/2indep_seedB/merged_map' file
[WARN] [1783984654.395332760] [map_saver]: Free threshold unspecified. Setting it to default value: 0.250000
[WARN] [1783984654.395400849] [map_saver]: Occupied threshold unspecified. Setting it to default value: 0.650000
[WARN] [1783984654.525718215] [map_io]: Image format unspecified. Setting it to: pgm
[INFO] [1783984654.525860964] [map_io]: Received a 482 X 321 map @ 0.05 m/pix
[INFO] [1783984654.614892292] [map_io]: Writing map occupancy data to /ros2_ws/reports/overnight_2026-07-13/item_search/2indep_seedB/merged_map.pgm
[INFO] [1783984654.642466514] [map_io]: Writing map metadata to /ros2_ws/reports/overnight_2026-07-13/item_search/2indep_seedB/merged_map.yaml
[INFO] [1783984654.645027352] [map_io]: Map saved
[INFO] [1783984654.645080149] [map_saver]: Map saved successfully
[INFO] [1783984654.647414904] [map_saver]: Destroying
[INFO] [1783984660.163213218] [map_saver]: 
	map_saver lifecycle node launched. 
	Waiting on external lifecycle transitions to activate
	See https://design.ros2.org/articles/node_lifecycle.html for more information.
[INFO] [1783984660.163462863] [map_saver]: Creating
[INFO] [1783984660.164789867] [map_saver]: Configuring
[INFO] [1783984660.203252073] [map_saver]: Saving map from 'map' topic to '/ros2_ws/reports/overnight_2026-07-13/item_search/2indep_seedB/leo1_map' file
[WARN] [1783984660.203318516] [map_saver]: Free threshold unspecified. Setting it to default value: 0.250000
[WARN] [1783984660.203384723] [map_saver]: Occupied threshold unspecified. Setting it to default value: 0.650000
[WARN] [1783984660.208777614] [map_io]: Image format unspecified. Setting it to: pgm
[INFO] [1783984660.208847618] [map_io]: Received a 479 X 318 map @ 0.05 m/pix
[INFO] [1783984660.304085811] [map_io]: Writing map occupancy data to /ros2_ws/reports/overnight_2026-07-13/item_search/2indep_seedB/leo1_map.pgm
[INFO] [1783984660.331349980] [map_io]: Writing map metadata to /ros2_ws/reports/overnight_2026-07-13/item_search/2indep_seedB/leo1_map.yaml
[INFO] [1783984660.333476690] [map_io]: Map saved
[INFO] [1783984660.333507958] [map_saver]: Map saved successfully
[INFO] [1783984660.335256916] [map_saver]: Destroying
[INFO] [1783984667.562621106] [map_saver]: 
	map_saver lifecycle node launched. 
	Waiting on external lifecycle transitions to activate
	See https://design.ros2.org/articles/node_lifecycle.html for more information.
[INFO] [1783984667.562744880] [map_saver]: Creating
[INFO] [1783984667.563982625] [map_saver]: Configuring
[INFO] [1783984667.597501100] [map_saver]: Saving map from 'map' topic to '/ros2_ws/reports/overnight_2026-07-13/item_search/2indep_seedB/leo2_map' file
[WARN] [1783984667.598530205] [map_saver]: Free threshold unspecified. Setting it to default value: 0.250000
[WARN] [1783984667.598643881] [map_saver]: Occupied threshold unspecified. Setting it to default value: 0.650000
[WARN] [1783984667.606414134] [map_io]: Image format unspecified. Setting it to: pgm
[INFO] [1783984667.606478864] [map_io]: Received a 481 X 319 map @ 0.05 m/pix
[INFO] [1783984667.659067738] [map_io]: Writing map occupancy data to /ros2_ws/reports/overnight_2026-07-13/item_search/2indep_seedB/leo2_map.pgm
[INFO] [1783984667.684678951] [map_io]: Writing map metadata to /ros2_ws/reports/overnight_2026-07-13/item_search/2indep_seedB/leo2_map.yaml
[INFO] [1783984667.686998746] [map_io]: Map saved
[INFO] [1783984667.687030339] [map_saver]: Map saved successfully
[INFO] [1783984667.688894028] [map_saver]: Destroying
