[INFO] [launch]: All log files can be found below /root/.ros/log/2026-07-13-22-56-20-630810-13727b129820-269
[INFO] [launch]: Default logging verbosity is set to INFO
[INFO] [python3-1]: process started with pid [358]
[INFO] [static_transform_publisher-2]: process started with pid [360]
[INFO] [static_transform_publisher-3]: process started with pid [362]
[static_transform_publisher-2] [INFO] [1783983380.878351787] [map_to_leo1_map]: Spinning until stopped - publishing transform
[static_transform_publisher-2] translation: ('0.000000', '0.000000', '0.000000')
[static_transform_publisher-2] rotation: ('0.000000', '0.000000', '0.000000', '1.000000')
[static_transform_publisher-2] from 'map' to 'leo1/map'
[static_transform_publisher-3] [INFO] [1783983380.897101851] [map_to_leo2_map]: Spinning until stopped - publishing transform
[static_transform_publisher-3] translation: ('0.000000', '0.000000', '0.000000')
[static_transform_publisher-3] rotation: ('0.000000', '0.000000', '0.000000', '1.000000')
[static_transform_publisher-3] from 'map' to 'leo2/map'
[python3-1] [INFO] [1783983471.760516823] [map_compositor]: registered leo2: offset (0.015, 0.025, -0.35deg) score=0.405
[python3-1] [INFO] [1783983506.271304222] [map_compositor]: registered leo2: offset (0.010, 0.005, -0.05deg) score=0.505
[python3-1] [INFO] [1783983540.852807788] [map_compositor]: registered leo2: offset (-0.000, 0.000, -0.15deg) score=0.446
[python3-1] [INFO] [1783983575.473609032] [map_compositor]: registered leo2: offset (-0.010, 0.020, -0.10deg) score=0.376
[python3-1] [INFO] [1783983610.208282422] [map_compositor]: registered leo2: offset (0.005, 0.005, -0.05deg) score=0.539
[python3-1] [INFO] [1783983647.952955344] [map_compositor]: registered leo2: offset (0.005, -0.005, -0.00deg) score=0.456
[python3-1] [INFO] [1783983686.947754530] [map_compositor]: registered leo2: offset (0.010, 0.020, -0.10deg) score=0.463
[python3-1] [INFO] [1783983724.194288649] [map_compositor]: registered leo2: offset (0.010, 0.005, -0.05deg) score=0.457
[python3-1] [INFO] [1783983759.037817640] [map_compositor]: registered leo2: offset (-0.030, 0.010, -0.15deg) score=0.462
[python3-1] [INFO] [1783983793.665098117] [map_compositor]: registered leo2: offset (-0.020, 0.020, -0.25deg) score=0.452
[python3-1] [INFO] [1783983828.371759207] [map_compositor]: registered leo2: offset (-0.025, 0.020, -0.35deg) score=0.444
[python3-1] [INFO] [1783983863.229990078] [map_compositor]: registered leo2: offset (-0.025, 0.020, -0.30deg) score=0.432
[python3-1] [INFO] [1783983897.707436765] [map_compositor]: registered leo2: offset (-0.005, 0.020, -0.25deg) score=0.442
[python3-1] [INFO] [1783983932.370021799] [map_compositor]: registered leo2: offset (-0.015, 0.005, -0.20deg) score=0.594
[python3-1] [INFO] [1783983968.796481651] [map_compositor]: registered leo2: offset (-0.030, 0.015, -0.40deg) score=0.487
[python3-1] [INFO] [1783984003.488383473] [map_compositor]: registered leo2: offset (-0.000, 0.025, -0.20deg) score=0.517
[python3-1] [INFO] [1783984037.974278501] [map_compositor]: registered leo2: offset (-0.020, 0.015, -0.30deg) score=0.495
[python3-1] [INFO] [1783984072.483561280] [map_compositor]: registered leo2: offset (-0.035, -0.010, -0.40deg) score=0.511
[python3-1] [INFO] [1783984107.148741908] [map_compositor]: registered leo2: offset (-0.010, -0.010, -0.25deg) score=0.527
[python3-1] [INFO] [1783984141.589076462] [map_compositor]: registered leo2: offset (-0.015, -0.010, -0.20deg) score=0.525
[python3-1] [INFO] [1783984176.268848430] [map_compositor]: registered leo2: offset (-0.005, -0.000, -0.15deg) score=0.523
[python3-1] [INFO] [1783984212.561360838] [map_compositor]: registered leo2: offset (-0.015, -0.015, -0.25deg) score=0.494
[python3-1] [INFO] [1783984253.753001557] [map_compositor]: registered leo2: offset (-0.010, -0.005, -0.20deg) score=0.498
[python3-1] [INFO] [1783984296.907637275] [map_compositor]: registered leo2: offset (-0.010, -0.005, -0.15deg) score=0.499
[python3-1] [INFO] [1783984335.731154300] [map_compositor]: registered leo2: offset (-0.010, 0.005, -0.10deg) score=0.499
[python3-1] [INFO] [1783984375.204549374] [map_compositor]: registered leo2: offset (-0.005, 0.010, -0.05deg) score=0.499
[python3-1] [INFO] [1783984421.509443560] [map_compositor]: registered leo2: offset (-0.010, -0.005, -0.15deg) score=0.500
[python3-1] [INFO] [1783984460.225840932] [map_compositor]: registered leo2: offset (-0.010, 0.005, -0.10deg) score=0.510
[python3-1] [INFO] [1783984496.585313840] [map_compositor]: registered leo2: offset (0.005, -0.010, -0.20deg) score=0.449
[python3-1] [INFO] [1783984531.143471148] [map_compositor]: registered leo2: offset (0.010, -0.000, -0.15deg) score=0.483
[python3-1] [INFO] [1783984565.686930113] [map_compositor]: registered leo2: offset (-0.000, 0.005, -0.10deg) score=0.469
[python3-1] [INFO] [1783984604.020815666] [map_compositor]: registered leo2: offset (0.010, -0.010, -0.20deg) score=0.480
[python3-1] [INFO] [1783984642.440773207] [map_compositor]: registered leo2: offset (0.010, -0.000, -0.15deg) score=0.482
[python3-1] [INFO] [1783984677.924003533] [map_compositor]: registered leo2: offset (0.010, 0.005, -0.10deg) score=0.482
