[INFO] [launch]: All log files can be found below /root/.ros/log/2026-08-19-20-31-30-210029-d501e6652ab8-967
[INFO] [launch]: Default logging verbosity is set to INFO
[INFO] [aruco_detector-1]: process started with pid [1041]
[aruco_detector-1] [INFO] [1787171496.264340844] [aruco_detector]: aruco_detector: dict=DICT_4X4_50 len=0.15 m image=/leo1/camera/image optical_frame=False map_frame=map cv2=4.5.4
[aruco_detector-1] [INFO] [1787171496.304505269] [aruco_detector]: camera intrinsics: fx=554.4 fy=554.4 cx=320.0 cy=240.0 distortion=5 coeffs
[aruco_detector-1] [INFO] [1787171496.349528796] [aruco_detector]: frames=1 with_detections=0 confirmed=[] pending=[]
[aruco_detector-1] [INFO] [1787171499.989587437] [aruco_detector]: frames=19 with_detections=0 confirmed=[] pending=[]
[aruco_detector-1] [INFO] [1787171509.978858623] [aruco_detector]: frames=69 with_detections=0 confirmed=[] pending=[]
[aruco_detector-1] [INFO] [1787171519.979091645] [aruco_detector]: frames=119 with_detections=0 confirmed=[] pending=[]
[aruco_detector-1] [INFO] [1787171529.976956025] [aruco_detector]: frames=169 with_detections=0 confirmed=[] pending=[]
[aruco_detector-1] [INFO] [1787171539.975065422] [aruco_detector]: frames=219 with_detections=0 confirmed=[] pending=[]
[aruco_detector-1] [INFO] [1787171549.978484951] [aruco_detector]: frames=269 with_detections=0 confirmed=[] pending=[]
[aruco_detector-1] [INFO] [1787171559.974630620] [aruco_detector]: frames=319 with_detections=0 confirmed=[] pending=[]
[aruco_detector-1] [INFO] [1787171569.968274109] [aruco_detector]: frames=369 with_detections=0 confirmed=[] pending=[]
[aruco_detector-1] [INFO] [1787171579.972403945] [aruco_detector]: frames=419 with_detections=0 confirmed=[] pending=[]
[aruco_detector-1] [INFO] [1787171589.969003672] [aruco_detector]: frames=469 with_detections=0 confirmed=[] pending=[]
[aruco_detector-1] [INFO] [1787171599.959476095] [aruco_detector]: frames=519 with_detections=0 confirmed=[] pending=[]
[aruco_detector-1] [INFO] [1787171609.963967072] [aruco_detector]: frames=569 with_detections=0 confirmed=[] pending=[]
[aruco_detector-1] [INFO] [1787171621.636585227] [aruco_detector]: frames=619 with_detections=5 confirmed=[] pending=[1]
[aruco_detector-1] [INFO] [1787171632.803981809] [aruco_detector]: frames=669 with_detections=7 confirmed=[] pending=[1]
[aruco_detector-1] [INFO] [1787171642.836239083] [aruco_detector]: frames=719 with_detections=7 confirmed=[] pending=[1]
[aruco_detector-1] [INFO] [1787171652.843115436] [aruco_detector]: frames=769 with_detections=7 confirmed=[] pending=[1]
[aruco_detector-1] [INFO] [1787171662.835954548] [aruco_detector]: frames=819 with_detections=7 confirmed=[] pending=[1]
[aruco_detector-1] [INFO] [1787171672.838580193] [aruco_detector]: frames=869 with_detections=7 confirmed=[] pending=[1]
[aruco_detector-1] [INFO] [1787171682.835781926] [aruco_detector]: frames=919 with_detections=7 confirmed=[] pending=[1]
[aruco_detector-1] [INFO] [1787171692.827147627] [aruco_detector]: frames=969 with_detections=7 confirmed=[] pending=[1]
[aruco_detector-1] [INFO] [1787171702.828745444] [aruco_detector]: frames=1019 with_detections=7 confirmed=[] pending=[1]
[aruco_detector-1] [INFO] [1787171712.829119263] [aruco_detector]: frames=1069 with_detections=7 confirmed=[] pending=[1]
[aruco_detector-1] [INFO] [1787171722.828665041] [aruco_detector]: frames=1119 with_detections=7 confirmed=[] pending=[1]
[aruco_detector-1] [INFO] [1787171732.831234655] [aruco_detector]: frames=1169 with_detections=7 confirmed=[] pending=[1]
[aruco_detector-1] [INFO] [1787171742.832871173] [aruco_detector]: frames=1219 with_detections=7 confirmed=[] pending=[1]
[aruco_detector-1] [INFO] [1787171752.826301695] [aruco_detector]: frames=1269 with_detections=7 confirmed=[] pending=[1]
[aruco_detector-1] [INFO] [1787171762.833809636] [aruco_detector]: frames=1319 with_detections=7 confirmed=[] pending=[1]
[aruco_detector-1] [INFO] [1787171772.830671963] [aruco_detector]: frames=1369 with_detections=7 confirmed=[] pending=[1]
[aruco_detector-1] [INFO] [1787171782.837125769] [aruco_detector]: frames=1419 with_detections=7 confirmed=[] pending=[1]
[aruco_detector-1] [INFO] [1787171789.472105211] [aruco_detector]: ArUco 7 CONFIRMED at map (4.10, -6.75, 0.13) range 4.36 m, reproj 0.22 px
[aruco_detector-1] [INFO] [1787171792.834574872] [aruco_detector]: frames=1469 with_detections=18 confirmed=[7] pending=[1]
[aruco_detector-1] [WARN] [1787171793.078185672] [aruco_detector]: no TF map <- leo1/sensor_camera_link: Lookup would require extrapolation into the future.  Requested time 380.000000 but the latest data is at time 379.970000, when looking up transform from frame [leo1/sensor_camera_link] to frame [map]
[aruco_detector-1] [INFO] [1787171802.828984494] [aruco_detector]: frames=1519 with_detections=25 confirmed=[7] pending=[1]
[aruco_detector-1] [INFO] [1787171812.828464555] [aruco_detector]: frames=1569 with_detections=25 confirmed=[7] pending=[1]
[aruco_detector-1] [INFO] [1787171822.838503425] [aruco_detector]: frames=1619 with_detections=25 confirmed=[7] pending=[1]
[aruco_detector-1] [INFO] [1787171832.843373772] [aruco_detector]: frames=1669 with_detections=25 confirmed=[7] pending=[1]
[aruco_detector-1] [INFO] [1787171842.848846104] [aruco_detector]: frames=1719 with_detections=25 confirmed=[7] pending=[1]
[aruco_detector-1] [INFO] [1787171852.852020928] [aruco_detector]: frames=1769 with_detections=25 confirmed=[7] pending=[1]
[aruco_detector-1] [INFO] [1787171862.849728447] [aruco_detector]: frames=1819 with_detections=25 confirmed=[7] pending=[1]
[aruco_detector-1] [INFO] [1787171872.855225549] [aruco_detector]: frames=1869 with_detections=25 confirmed=[7] pending=[1]
[aruco_detector-1] [INFO] [1787171876.691591527] [aruco_detector]: ArUco 5 CONFIRMED at map (10.58, 4.28, 0.12) range 4.29 m, reproj 0.14 px
[aruco_detector-1] [INFO] [1787171882.855230558] [aruco_detector]: frames=1919 with_detections=32 confirmed=[5, 7] pending=[1]
[aruco_detector-1] [INFO] [1787171892.853565639] [aruco_detector]: frames=1969 with_detections=57 confirmed=[5, 7] pending=[1]
[aruco_detector-1] [WARN] [1787171893.116190769] [aruco_detector]: no TF map <- leo1/sensor_camera_link: Lookup would require extrapolation into the future.  Requested time 480.000000 but the latest data is at time 479.970000, when looking up transform from frame [leo1/sensor_camera_link] to frame [map]
[aruco_detector-1] [INFO] [1787171902.884240113] [aruco_detector]: frames=2016 with_detections=70 confirmed=[5, 7] pending=[1]
[aruco_detector-1] [INFO] [1787171912.886070790] [aruco_detector]: frames=2066 with_detections=70 confirmed=[5, 7] pending=[1]
[aruco_detector-1] [INFO] [1787171922.883669947] [aruco_detector]: frames=2116 with_detections=70 confirmed=[5, 7] pending=[1]
[aruco_detector-1] [INFO] [1787171932.882585247] [aruco_detector]: frames=2166 with_detections=70 confirmed=[5, 7] pending=[1]
[aruco_detector-1] [INFO] [1787171942.890170639] [aruco_detector]: frames=2216 with_detections=70 confirmed=[5, 7] pending=[1]
[aruco_detector-1] [INFO] [1787171952.879056675] [aruco_detector]: frames=2266 with_detections=70 confirmed=[5, 7] pending=[1]
[aruco_detector-1] [INFO] [1787171962.909349877] [aruco_detector]: frames=2316 with_detections=70 confirmed=[5, 7] pending=[1]
[aruco_detector-1] [INFO] [1787171972.931915780] [aruco_detector]: frames=2366 with_detections=70 confirmed=[5, 7] pending=[1]
[aruco_detector-1] [INFO] [1787171982.921205525] [aruco_detector]: frames=2416 with_detections=70 confirmed=[5, 7] pending=[1]
[aruco_detector-1] [INFO] [1787171992.933245229] [aruco_detector]: frames=2466 with_detections=70 confirmed=[5, 7] pending=[1]
[aruco_detector-1] [INFO] [1787172002.992041814] [aruco_detector]: frames=2516 with_detections=70 confirmed=[5, 7] pending=[1]
[aruco_detector-1] [INFO] [1787172012.987984056] [aruco_detector]: frames=2566 with_detections=70 confirmed=[5, 7] pending=[1]
[aruco_detector-1] [INFO] [1787172023.019602390] [aruco_detector]: frames=2616 with_detections=70 confirmed=[5, 7] pending=[1]
[aruco_detector-1] [INFO] [1787172033.027301622] [aruco_detector]: frames=2666 with_detections=70 confirmed=[5, 7] pending=[1]
[aruco_detector-1] [INFO] [1787172043.024875383] [aruco_detector]: frames=2716 with_detections=70 confirmed=[5, 7] pending=[1]
[aruco_detector-1] [INFO] [1787172053.038702758] [aruco_detector]: frames=2766 with_detections=70 confirmed=[5, 7] pending=[1]
[aruco_detector-1] [INFO] [1787172063.112422123] [aruco_detector]: frames=2816 with_detections=70 confirmed=[5, 7] pending=[1]
[aruco_detector-1] [INFO] [1787172073.100238649] [aruco_detector]: frames=2866 with_detections=70 confirmed=[5, 7] pending=[1]
[aruco_detector-1] [INFO] [1787172083.111079713] [aruco_detector]: frames=2916 with_detections=70 confirmed=[5, 7] pending=[1]
[aruco_detector-1] [INFO] [1787172093.289517760] [aruco_detector]: frames=2966 with_detections=70 confirmed=[5, 7] pending=[1]
[aruco_detector-1] [INFO] [1787172103.373813771] [aruco_detector]: frames=3016 with_detections=70 confirmed=[5, 7] pending=[1]
