[INFO] [1783982025.975645341] [map_saver]: 
	map_saver lifecycle node launched. 
	Waiting on external lifecycle transitions to activate
	See https://design.ros2.org/articles/node_lifecycle.html for more information.
[INFO] [1783982025.975735134] [map_saver]: Creating
[INFO] [1783982025.976589876] [map_saver]: Configuring
[INFO] [1783982026.007284271] [map_saver]: Saving map from 'map' topic to '/ros2_ws/reports/overnight_2026-07-13/item_search/1robot_seedA/merged_map' file
[WARN] [1783982026.007328134] [map_saver]: Free threshold unspecified. Setting it to default value: 0.250000
[WARN] [1783982026.007340219] [map_saver]: Occupied threshold unspecified. Setting it to default value: 0.650000
[WARN] [1783982026.010418653] [map_io]: Image format unspecified. Setting it to: pgm
[INFO] [1783982026.010474886] [map_io]: Received a 479 X 319 map @ 0.05 m/pix
[INFO] [1783982026.071625725] [map_io]: Writing map occupancy data to /ros2_ws/reports/overnight_2026-07-13/item_search/1robot_seedA/merged_map.pgm
[INFO] [1783982026.093423454] [map_io]: Writing map metadata to /ros2_ws/reports/overnight_2026-07-13/item_search/1robot_seedA/merged_map.yaml
[INFO] [1783982026.095592466] [map_io]: Map saved
[INFO] [1783982026.095660527] [map_saver]: Map saved successfully
[INFO] [1783982026.097255609] [map_saver]: Destroying
[INFO] [1783982030.364832618] [map_saver]: 
	map_saver lifecycle node launched. 
	Waiting on external lifecycle transitions to activate
	See https://design.ros2.org/articles/node_lifecycle.html for more information.
[INFO] [1783982030.364926343] [map_saver]: Creating
[INFO] [1783982030.365793339] [map_saver]: Configuring
[INFO] [1783982030.399594082] [map_saver]: Saving map from 'map' topic to '/ros2_ws/reports/overnight_2026-07-13/item_search/1robot_seedA/leo1_map' file
[WARN] [1783982030.399660471] [map_saver]: Free threshold unspecified. Setting it to default value: 0.250000
[WARN] [1783982030.399688305] [map_saver]: Occupied threshold unspecified. Setting it to default value: 0.650000
[WARN] [1783982030.403179207] [map_io]: Image format unspecified. Setting it to: pgm
[INFO] [1783982030.403228403] [map_io]: Received a 479 X 319 map @ 0.05 m/pix
[INFO] [1783982030.467799455] [map_io]: Writing map occupancy data to /ros2_ws/reports/overnight_2026-07-13/item_search/1robot_seedA/leo1_map.pgm
[INFO] [1783982030.485546597] [map_io]: Writing map metadata to /ros2_ws/reports/overnight_2026-07-13/item_search/1robot_seedA/leo1_map.yaml
[INFO] [1783982030.487272362] [map_io]: Map saved
[INFO] [1783982030.487298266] [map_saver]: Map saved successfully
[INFO] [1783982030.488874941] [map_saver]: Destroying
