[INFO] [launch]: All log files can be found below /root/.ros/log/2026-07-13-22-12-41-403826-894aafb411d7-206
[INFO] [launch]: Default logging verbosity is set to INFO
[INFO] [async_slam_toolbox_node-1]: process started with pid [342]
[async_slam_toolbox_node-1] [INFO] [1783980762.252212555] [leo1.slam_toolbox]: Using solver plugin solver_plugins::CeresSolver
[async_slam_toolbox_node-1] [INFO] [1783980762.575308601] [leo1.slam_toolbox]: Message Filter dropping message: frame 'leo1/sensor_lidar_link' at time 6.261 for reason 'the timestamp on the message is earlier than all the data in the transform cache'
[async_slam_toolbox_node-1] [WARN] [1783980762.962352253] [leo1.slam_toolbox]: minimum laser range setting (0.0 m) exceeds the capabilities of the used Lidar (0.1 m)
[async_slam_toolbox_node-1] [WARN] [1783980762.962467923] [leo1.slam_toolbox]: maximum laser range setting (25.0 m) exceeds the capabilities of the used Lidar (20.0 m)
[async_slam_toolbox_node-1] Registering sensor: [Custom Described Lidar]
[async_slam_toolbox_node-1] WARNING: Logging before InitGoogleLogging() is written to STDERR
[async_slam_toolbox_node-1] W0713 22:17:33.317194   342 preprocessor.cc:62] Specified options.num_threads: 50 exceeds maximum available from the threading model Ceres was compiled with: 28.  Bounding to maximum number available.
[async_slam_toolbox_node-1] W0713 22:19:15.909454   342 preprocessor.cc:62] Specified options.num_threads: 50 exceeds maximum available from the threading model Ceres was compiled with: 28.  Bounding to maximum number available.
[async_slam_toolbox_node-1] W0713 22:21:01.488209   342 preprocessor.cc:62] Specified options.num_threads: 50 exceeds maximum available from the threading model Ceres was compiled with: 28.  Bounding to maximum number available.
[async_slam_toolbox_node-1] W0713 22:23:26.420815   342 preprocessor.cc:62] Specified options.num_threads: 50 exceeds maximum available from the threading model Ceres was compiled with: 28.  Bounding to maximum number available.
[async_slam_toolbox_node-1] W0713 22:24:05.736454   342 preprocessor.cc:62] Specified options.num_threads: 50 exceeds maximum available from the threading model Ceres was compiled with: 28.  Bounding to maximum number available.
[async_slam_toolbox_node-1] W0713 22:24:20.945078   342 preprocessor.cc:62] Specified options.num_threads: 50 exceeds maximum available from the threading model Ceres was compiled with: 28.  Bounding to maximum number available.
[async_slam_toolbox_node-1] W0713 22:25:19.479839   342 preprocessor.cc:62] Specified options.num_threads: 50 exceeds maximum available from the threading model Ceres was compiled with: 28.  Bounding to maximum number available.
[async_slam_toolbox_node-1] W0713 22:26:05.943686   342 preprocessor.cc:62] Specified options.num_threads: 50 exceeds maximum available from the threading model Ceres was compiled with: 28.  Bounding to maximum number available.
[async_slam_toolbox_node-1] W0713 22:28:26.621471   342 preprocessor.cc:62] Specified options.num_threads: 50 exceeds maximum available from the threading model Ceres was compiled with: 28.  Bounding to maximum number available.
[async_slam_toolbox_node-1] W0713 22:29:08.035410   342 preprocessor.cc:62] Specified options.num_threads: 50 exceeds maximum available from the threading model Ceres was compiled with: 28.  Bounding to maximum number available.
[async_slam_toolbox_node-1] W0713 22:29:26.748234   342 preprocessor.cc:62] Specified options.num_threads: 50 exceeds maximum available from the threading model Ceres was compiled with: 28.  Bounding to maximum number available.
[async_slam_toolbox_node-1] W0713 22:29:44.489527   342 preprocessor.cc:62] Specified options.num_threads: 50 exceeds maximum available from the threading model Ceres was compiled with: 28.  Bounding to maximum number available.
[async_slam_toolbox_node-1] W0713 22:30:34.658624   342 preprocessor.cc:62] Specified options.num_threads: 50 exceeds maximum available from the threading model Ceres was compiled with: 28.  Bounding to maximum number available.
[async_slam_toolbox_node-1] W0713 22:32:36.181285   342 preprocessor.cc:62] Specified options.num_threads: 50 exceeds maximum available from the threading model Ceres was compiled with: 28.  Bounding to maximum number available.
[async_slam_toolbox_node-1] W0713 22:33:13.947690   342 preprocessor.cc:62] Specified options.num_threads: 50 exceeds maximum available from the threading model Ceres was compiled with: 28.  Bounding to maximum number available.
[async_slam_toolbox_node-1] W0713 22:33:33.432075   342 preprocessor.cc:62] Specified options.num_threads: 50 exceeds maximum available from the threading model Ceres was compiled with: 28.  Bounding to maximum number available.
