[INFO] [launch]: All log files can be found below /home/smirn/.ros/log/2026-08-19-23-27-49-110728-Tornadosky-33258
[INFO] [launch]: Default logging verbosity is set to INFO
[INFO] [aruco_detector-1]: process started with pid [33259]
[aruco_detector-1] [INFO] [1787174869.784517075] [aruco_detector]: aruco_detector: dict=DICT_4X4_50 len=0.2 m image=/leo1/camera/image optical_frame=False map_frame=map cv2=4.5.4
[aruco_detector-1] [INFO] [1787174869.786045385] [aruco_detector]: frames=0 with_detections=0 confirmed=[] pending=[]
[aruco_detector-1] [INFO] [1787174869.953774845] [aruco_detector]: camera intrinsics: fx=554.4 fy=554.4 cx=320.0 cy=240.0 distortion=5 coeffs
[aruco_detector-1] [INFO] [1787174873.348804260] [aruco_detector]: frames=17 with_detections=0 confirmed=[] pending=[]
[aruco_detector-1] [INFO] [1787174883.387021430] [aruco_detector]: frames=67 with_detections=0 confirmed=[] pending=[]
[aruco_detector-1] [INFO] [1787174893.415991836] [aruco_detector]: frames=117 with_detections=1 confirmed=[] pending=[]
[aruco_detector-1] [INFO] [1787174903.416175098] [aruco_detector]: frames=167 with_detections=7 confirmed=[] pending=[]
[aruco_detector-1] [INFO] [1787174913.422178196] [aruco_detector]: frames=217 with_detections=7 confirmed=[] pending=[]
[aruco_detector-1] [INFO] [1787174917.461196599] [aruco_detector]: ArUco 4 CONFIRMED at map (-3.25, 3.88, 0.13) range 5.73 m, reproj 2.03 px
[aruco_detector-1] [WARN] [1787174920.463943197] [aruco_detector]: no TF map <- leo1/sensor_camera_link: Lookup would require extrapolation into the future.  Requested time 106.800000 but the latest data is at time 106.783000, when looking up transform from frame [leo1/sensor_camera_link] to frame [map]
[aruco_detector-1] [INFO] [1787174923.420497503] [aruco_detector]: frames=267 with_detections=32 confirmed=[4] pending=[21]
[aruco_detector-1] [INFO] [1787174933.420711355] [aruco_detector]: frames=317 with_detections=38 confirmed=[4] pending=[21]
[aruco_detector-1] [INFO] [1787174943.423626046] [aruco_detector]: frames=367 with_detections=38 confirmed=[4] pending=[21]
[aruco_detector-1] [INFO] [1787174953.417663137] [aruco_detector]: frames=417 with_detections=38 confirmed=[4] pending=[21]
[aruco_detector-1] [INFO] [1787174963.421385647] [aruco_detector]: frames=467 with_detections=38 confirmed=[4] pending=[21]
[aruco_detector-1] [INFO] [1787174973.440235629] [aruco_detector]: frames=517 with_detections=38 confirmed=[4] pending=[21]
[aruco_detector-1] [INFO] [1787174983.431072832] [aruco_detector]: frames=567 with_detections=38 confirmed=[4] pending=[21]
[aruco_detector-1] [INFO] [1787174993.430710399] [aruco_detector]: frames=617 with_detections=43 confirmed=[4] pending=[21]
[aruco_detector-1] [INFO] [1787175003.432750417] [aruco_detector]: frames=667 with_detections=43 confirmed=[4] pending=[21]
[aruco_detector-1] [INFO] [1787175013.426586626] [aruco_detector]: frames=717 with_detections=43 confirmed=[4] pending=[21]
[aruco_detector-1] [INFO] [1787175023.430331092] [aruco_detector]: frames=767 with_detections=45 confirmed=[4] pending=[21]
[aruco_detector-1] [INFO] [1787175030.279431781] [aruco_detector]: ArUco 1 CONFIRMED at map (-9.67, -0.15, 0.14) range 5.82 m, reproj 0.12 px
[aruco_detector-1] [WARN] [1787175031.474433024] [aruco_detector]: no TF map <- leo1/sensor_camera_link: Lookup would require extrapolation into the future.  Requested time 217.800000 but the latest data is at time 217.783000, when looking up transform from frame [leo1/sensor_camera_link] to frame [map]
[aruco_detector-1] [INFO] [1787175033.438150554] [aruco_detector]: frames=817 with_detections=69 confirmed=[1, 4] pending=[21]
[aruco_detector-1] [INFO] [1787175040.275629547] [aruco_detector]: ArUco 6 CONFIRMED at map (-10.26, -3.87, 0.14) range 5.18 m, reproj 0.13 px
[aruco_detector-1] [WARN] [1787175041.466426853] [aruco_detector]: no TF map <- leo1/sensor_camera_link: Lookup would require extrapolation into the future.  Requested time 227.800000 but the latest data is at time 227.783000, when looking up transform from frame [leo1/sensor_camera_link] to frame [map]
[aruco_detector-1] [INFO] [1787175043.672646268] [aruco_detector]: frames=868 with_detections=92 confirmed=[1, 4, 6] pending=[21]
[aruco_detector-1] [INFO] [1787175053.430568950] [aruco_detector]: frames=917 with_detections=97 confirmed=[1, 4, 6] pending=[21]
[aruco_detector-1] [INFO] [1787175063.433500010] [aruco_detector]: frames=967 with_detections=97 confirmed=[1, 4, 6] pending=[21]
[aruco_detector-1] [WARN] [1787175071.861984416] [aruco_detector]: no TF map <- leo1/sensor_camera_link: Lookup would require extrapolation into the future.  Requested time 258.200000 but the latest data is at time 258.183000, when looking up transform from frame [leo1/sensor_camera_link] to frame [map]
[aruco_detector-1] [INFO] [1787175073.666128177] [aruco_detector]: frames=1018 with_detections=107 confirmed=[1, 4, 6] pending=[21]
[aruco_detector-1] [WARN] [1787175076.866060220] [aruco_detector]: no TF map <- leo1/sensor_camera_link: Lookup would require extrapolation into the future.  Requested time 263.200000 but the latest data is at time 263.023000, when looking up transform from frame [leo1/sensor_camera_link] to frame [map]
[aruco_detector-1] [WARN] [1787175081.935135995] [aruco_detector]: no TF map <- leo1/sensor_camera_link: Lookup would require extrapolation into the future.  Requested time 268.200000 but the latest data is at time 267.363000, when looking up transform from frame [leo1/sensor_camera_link] to frame [map]
[aruco_detector-1] [INFO] [1787175083.425284018] [aruco_detector]: frames=1067 with_detections=144 confirmed=[1, 4, 6] pending=[21]
[aruco_detector-1] [WARN] [1787175088.862520549] [aruco_detector]: no TF map <- leo1/sensor_camera_link: Lookup would require extrapolation into the future.  Requested time 275.200000 but the latest data is at time 275.183000, when looking up transform from frame [leo1/sensor_camera_link] to frame [map]
[aruco_detector-1] [INFO] [1787175093.425728387] [aruco_detector]: frames=1117 with_detections=152 confirmed=[1, 4, 6] pending=[21]
[aruco_detector-1] [INFO] [1787175103.419182262] [aruco_detector]: frames=1167 with_detections=152 confirmed=[1, 4, 6] pending=[21]
[aruco_detector-1] [INFO] [1787175113.418585521] [aruco_detector]: frames=1217 with_detections=152 confirmed=[1, 4, 6] pending=[21]
[aruco_detector-1] [INFO] [1787175123.426338864] [aruco_detector]: frames=1267 with_detections=158 confirmed=[1, 4, 6] pending=[21]
[aruco_detector-1] [WARN] [1787175131.275404900] [aruco_detector]: no TF map <- leo1/sensor_camera_link: Lookup would require extrapolation into the future.  Requested time 317.600000 but the latest data is at time 317.583000, when looking up transform from frame [leo1/sensor_camera_link] to frame [map]
[aruco_detector-1] [INFO] [1787175133.438659906] [aruco_detector]: frames=1317 with_detections=181 confirmed=[1, 4, 6] pending=[2, 21]
[aruco_detector-1] [INFO] [1787175133.674121970] [aruco_detector]: ArUco 2 CONFIRMED at map (8.74, 0.28, 0.14) range 5.29 m, reproj 0.08 px
[aruco_detector-1] [WARN] [1787175136.285880697] [aruco_detector]: no TF map <- leo1/sensor_camera_link: Lookup would require extrapolation into the future.  Requested time 322.600000 but the latest data is at time 322.023000, when looking up transform from frame [leo1/sensor_camera_link] to frame [map]
[aruco_detector-1] [INFO] [1787175143.440589374] [aruco_detector]: frames=1367 with_detections=210 confirmed=[1, 2, 4, 6] pending=[21]
[aruco_detector-1] [WARN] [1787175144.276068260] [aruco_detector]: no TF map <- leo1/sensor_camera_link: Lookup would require extrapolation into the future.  Requested time 330.600000 but the latest data is at time 330.583000, when looking up transform from frame [leo1/sensor_camera_link] to frame [map]
[aruco_detector-1] [INFO] [1787175145.475887401] [aruco_detector]: ArUco 7 CONFIRMED at map (3.59, -6.35, 0.13) range 4.75 m, reproj 0.01 px
[aruco_detector-1] [WARN] [1787175149.288311832] [aruco_detector]: no TF map <- leo1/sensor_camera_link: Lookup would require extrapolation into the future.  Requested time 335.600000 but the latest data is at time 335.223000, when looking up transform from frame [leo1/sensor_camera_link] to frame [map]
[aruco_detector-1] [INFO] [1787175153.444449119] [aruco_detector]: frames=1417 with_detections=254 confirmed=[1, 2, 4, 6, 7] pending=[21]
[aruco_detector-1] [INFO] [1787175163.432840304] [aruco_detector]: frames=1467 with_detections=256 confirmed=[1, 2, 4, 6, 7] pending=[21]
[aruco_detector-1] [INFO] [1787175173.432787629] [aruco_detector]: frames=1517 with_detections=256 confirmed=[1, 2, 4, 6, 7] pending=[21]
[aruco_detector-1] [INFO] [1787175183.432989981] [aruco_detector]: frames=1567 with_detections=256 confirmed=[1, 2, 4, 6, 7] pending=[21]
[aruco_detector-1] [WARN] [1787175184.268501129] [aruco_detector]: no TF map <- leo1/sensor_camera_link: Lookup would require extrapolation into the future.  Requested time 370.600000 but the latest data is at time 370.583000, when looking up transform from frame [leo1/sensor_camera_link] to frame [map]
[aruco_detector-1] [INFO] [1787175186.668765149] [aruco_detector]: ArUco 5 CONFIRMED at map (9.32, 3.65, 0.14) range 5.54 m, reproj 0.15 px
[aruco_detector-1] [WARN] [1787175191.060822433] [aruco_detector]: no TF map <- leo1/sensor_camera_link: Lookup would require extrapolation into the future.  Requested time 377.400000 but the latest data is at time 377.383000, when looking up transform from frame [leo1/sensor_camera_link] to frame [map]
[aruco_detector-1] [INFO] [1787175193.424913289] [aruco_detector]: frames=1617 with_detections=274 confirmed=[1, 2, 4, 5, 6, 7] pending=[21]
[aruco_detector-1] [WARN] [1787175196.080004315] [aruco_detector]: no TF map <- leo1/sensor_camera_link: Lookup would require extrapolation into the future.  Requested time 382.400000 but the latest data is at time 381.223000, when looking up transform from frame [leo1/sensor_camera_link] to frame [map]
[aruco_detector-1] [INFO] [1787175203.424814400] [aruco_detector]: frames=1665 with_detections=299 confirmed=[1, 2, 4, 5, 6, 7] pending=[21]
[aruco_detector-1] [INFO] [1787175213.426533681] [aruco_detector]: frames=1715 with_detections=299 confirmed=[1, 2, 4, 5, 6, 7] pending=[21]
[aruco_detector-1] [WARN] [1787175218.463135135] [aruco_detector]: no TF map <- leo1/sensor_camera_link: Lookup would require extrapolation into the future.  Requested time 404.800000 but the latest data is at time 404.783000, when looking up transform from frame [leo1/sensor_camera_link] to frame [map]
[aruco_detector-1] [WARN] [1787175223.466315831] [aruco_detector]: no TF map <- leo1/sensor_camera_link: Lookup would require extrapolation into the future.  Requested time 409.800000 but the latest data is at time 409.223000, when looking up transform from frame [leo1/sensor_camera_link] to frame [map]
[aruco_detector-1] [INFO] [1787175223.671448230] [aruco_detector]: frames=1766 with_detections=323 confirmed=[1, 2, 4, 5, 6, 7] pending=[21]
[aruco_detector-1] [WARN] [1787175228.524152611] [aruco_detector]: no TF map <- leo1/sensor_camera_link: Lookup would require extrapolation into the future.  Requested time 414.800000 but the latest data is at time 413.923000, when looking up transform from frame [leo1/sensor_camera_link] to frame [map]
[aruco_detector-1] [INFO] [1787175233.434552410] [aruco_detector]: frames=1815 with_detections=351 confirmed=[1, 2, 4, 5, 6, 7] pending=[21]
[aruco_detector-1] [WARN] [1787175240.470226502] [aruco_detector]: no TF map <- leo1/sensor_camera_link: Lookup would require extrapolation into the future.  Requested time 426.800000 but the latest data is at time 426.783000, when looking up transform from frame [leo1/sensor_camera_link] to frame [map]
[aruco_detector-1] [INFO] [1787175243.740312157] [aruco_detector]: frames=1866 with_detections=369 confirmed=[1, 2, 4, 5, 6, 7] pending=[21]
[aruco_detector-1] [WARN] [1787175245.585187425] [aruco_detector]: no TF map <- leo1/sensor_camera_link: Lookup would require extrapolation into the future.  Requested time 431.800000 but the latest data is at time 430.583000, when looking up transform from frame [leo1/sensor_camera_link] to frame [map]
[aruco_detector-1] [WARN] [1787175250.699954564] [aruco_detector]: no TF map <- leo1/sensor_camera_link: Lookup would require extrapolation into the future.  Requested time 437.000000 but the latest data is at time 435.483000, when looking up transform from frame [leo1/sensor_camera_link] to frame [map]
[aruco_detector-1] [INFO] [1787175253.423199278] [aruco_detector]: frames=1914 with_detections=416 confirmed=[1, 2, 4, 5, 6, 7] pending=[21]
[aruco_detector-1] [INFO] [1787175263.424098220] [aruco_detector]: frames=1964 with_detections=416 confirmed=[1, 2, 4, 5, 6, 7] pending=[21]
[aruco_detector-1] [WARN] [1787175271.464350036] [aruco_detector]: no TF map <- leo1/sensor_camera_link: Lookup would require extrapolation into the future.  Requested time 457.800000 but the latest data is at time 457.783000, when looking up transform from frame [leo1/sensor_camera_link] to frame [map]
[aruco_detector-1] [INFO] [1787175273.714285569] [aruco_detector]: frames=2015 with_detections=449 confirmed=[1, 2, 4, 5, 6, 7] pending=[21]
[aruco_detector-1] [WARN] [1787175276.581639197] [aruco_detector]: no TF map <- leo1/sensor_camera_link: Lookup would require extrapolation into the future.  Requested time 462.800000 but the latest data is at time 460.563000, when looking up transform from frame [leo1/sensor_camera_link] to frame [map]
[aruco_detector-1] [WARN] [1787175281.713113261] [aruco_detector]: no TF map <- leo1/sensor_camera_link: Lookup would require extrapolation into the future.  Requested time 468.000000 but the latest data is at time 466.523000, when looking up transform from frame [leo1/sensor_camera_link] to frame [map]
[aruco_detector-1] [INFO] [1787175283.422342068] [aruco_detector]: frames=2063 with_detections=491 confirmed=[1, 2, 4, 5, 6, 7] pending=[21]
[aruco_detector-1] [INFO] [1787175293.421947954] [aruco_detector]: frames=2113 with_detections=491 confirmed=[1, 2, 4, 5, 6, 7] pending=[21]
[aruco_detector-1] [INFO] [1787175303.422113255] [aruco_detector]: frames=2163 with_detections=491 confirmed=[1, 2, 4, 5, 6, 7] pending=[21]
[aruco_detector-1] [INFO] [1787175313.414051926] [aruco_detector]: frames=2213 with_detections=491 confirmed=[1, 2, 4, 5, 6, 7] pending=[21]
[aruco_detector-1] [INFO] [1787175323.438056592] [aruco_detector]: frames=2263 with_detections=491 confirmed=[1, 2, 4, 5, 6, 7] pending=[21]
[aruco_detector-1] [WARN] [1787175328.678703387] [aruco_detector]: no TF map <- leo1/sensor_camera_link: Lookup would require extrapolation into the future.  Requested time 515.000000 but the latest data is at time 514.983000, when looking up transform from frame [leo1/sensor_camera_link] to frame [map]
[aruco_detector-1] [WARN] [1787175333.692954541] [aruco_detector]: no TF map <- leo1/sensor_camera_link: Lookup would require extrapolation into the future.  Requested time 520.000000 but the latest data is at time 519.683000, when looking up transform from frame [leo1/sensor_camera_link] to frame [map]
[aruco_detector-1] [INFO] [1787175333.693521609] [aruco_detector]: frames=2314 with_detections=515 confirmed=[1, 2, 4, 5, 6, 7] pending=[21]
[aruco_detector-1] [INFO] [1787175343.434554287] [aruco_detector]: frames=2363 with_detections=521 confirmed=[1, 2, 4, 5, 6, 7] pending=[21]
[aruco_detector-1] [INFO] [1787175353.434445184] [aruco_detector]: frames=2413 with_detections=521 confirmed=[1, 2, 4, 5, 6, 7] pending=[21]
[aruco_detector-1] [WARN] [1787175355.669710724] [aruco_detector]: no TF map <- leo1/sensor_camera_link: Lookup would require extrapolation into the future.  Requested time 542.000000 but the latest data is at time 541.983000, when looking up transform from frame [leo1/sensor_camera_link] to frame [map]
[aruco_detector-1] [WARN] [1787175360.673289733] [aruco_detector]: no TF map <- leo1/sensor_camera_link: Lookup would require extrapolation into the future.  Requested time 547.000000 but the latest data is at time 546.823000, when looking up transform from frame [leo1/sensor_camera_link] to frame [map]
[aruco_detector-1] [INFO] [1787175363.434419711] [aruco_detector]: frames=2463 with_detections=547 confirmed=[1, 2, 4, 5, 6, 7] pending=[21]
[aruco_detector-1] [WARN] [1787175365.870234038] [aruco_detector]: no TF map <- leo1/sensor_camera_link: Lookup would require extrapolation into the future.  Requested time 552.200000 but the latest data is at time 552.183000, when looking up transform from frame [leo1/sensor_camera_link] to frame [map]
[aruco_detector-1] [INFO] [1787175373.425385657] [aruco_detector]: frames=2513 with_detections=564 confirmed=[1, 2, 4, 5, 6, 7] pending=[21]
[aruco_detector-1] [INFO] [1787175383.427991899] [aruco_detector]: frames=2563 with_detections=564 confirmed=[1, 2, 4, 5, 6, 7] pending=[21]
[aruco_detector-1] [INFO] [1787175393.432222338] [aruco_detector]: frames=2613 with_detections=564 confirmed=[1, 2, 4, 5, 6, 7] pending=[21]
[aruco_detector-1] [INFO] [1787175403.420856766] [aruco_detector]: frames=2663 with_detections=564 confirmed=[1, 2, 4, 5, 6, 7] pending=[21]
[aruco_detector-1] [INFO] [1787175413.420429440] [aruco_detector]: frames=2713 with_detections=564 confirmed=[1, 2, 4, 5, 6, 7] pending=[21]
[aruco_detector-1] [INFO] [1787175423.457176743] [aruco_detector]: frames=2763 with_detections=569 confirmed=[1, 2, 4, 5, 6, 7] pending=[21]
[aruco_detector-1] [INFO] [1787175433.460285048] [aruco_detector]: frames=2813 with_detections=573 confirmed=[1, 2, 4, 5, 6, 7] pending=[21]
[aruco_detector-1] [WARN] [1787175438.895265098] [aruco_detector]: no TF map <- leo1/sensor_camera_link: Lookup would require extrapolation into the future.  Requested time 625.200000 but the latest data is at time 625.183000, when looking up transform from frame [leo1/sensor_camera_link] to frame [map]
[aruco_detector-1] [INFO] [1787175443.721629839] [aruco_detector]: frames=2864 with_detections=605 confirmed=[1, 2, 4, 5, 6, 7] pending=[21]
[aruco_detector-1] [WARN] [1787175443.930933020] [aruco_detector]: no TF map <- leo1/sensor_camera_link: Lookup would require extrapolation into the future.  Requested time 630.200000 but the latest data is at time 629.323000, when looking up transform from frame [leo1/sensor_camera_link] to frame [map]
[aruco_detector-1] [WARN] [1787175449.108171993] [aruco_detector]: no TF map <- leo1/sensor_camera_link: Lookup would require extrapolation into the future.  Requested time 635.400000 but the latest data is at time 635.223000, when looking up transform from frame [leo1/sensor_camera_link] to frame [map]
[aruco_detector-1] [INFO] [1787175453.467731553] [aruco_detector]: frames=2913 with_detections=647 confirmed=[1, 2, 4, 5, 6, 7] pending=[21]
[aruco_detector-1] [WARN] [1787175457.503017338] [aruco_detector]: no TF map <- leo1/sensor_camera_link: Lookup would require extrapolation into the future.  Requested time 643.800000 but the latest data is at time 643.783000, when looking up transform from frame [leo1/sensor_camera_link] to frame [map]
[aruco_detector-1] [INFO] [1787175460.304023058] [aruco_detector]: ArUco 3 CONFIRMED at map (-8.33, 6.61, 0.12) range 5.89 m, reproj 0.05 px
[aruco_detector-1] [WARN] [1787175462.555005848] [aruco_detector]: no TF map <- leo1/sensor_camera_link: Lookup would require extrapolation into the future.  Requested time 648.800000 but the latest data is at time 647.323000, when looking up transform from frame [leo1/sensor_camera_link] to frame [map]
[aruco_detector-1] [INFO] [1787175463.782055394] [aruco_detector]: frames=2964 with_detections=681 confirmed=[1, 2, 3, 4, 5, 6, 7] pending=[21]
[aruco_detector-1] [WARN] [1787175467.667007785] [aruco_detector]: no TF map <- leo1/sensor_camera_link: Lookup would require extrapolation into the future.  Requested time 653.800000 but the latest data is at time 653.063000, when looking up transform from frame [leo1/sensor_camera_link] to frame [map]
[aruco_detector-1] [WARN] [1787175472.776179839] [aruco_detector]: no TF map <- leo1/sensor_camera_link: Lookup would require extrapolation into the future.  Requested time 659.000000 but the latest data is at time 658.163000, when looking up transform from frame [leo1/sensor_camera_link] to frame [map]
[aruco_detector-1] [INFO] [1787175473.799338205] [aruco_detector]: frames=3014 with_detections=725 confirmed=[1, 2, 3, 4, 5, 6, 7] pending=[21]
[aruco_detector-1] [INFO] [1787175483.553413414] [aruco_detector]: frames=3063 with_detections=726 confirmed=[1, 2, 3, 4, 5, 6, 7] pending=[21]
[aruco_detector-1] [INFO] [1787175493.545002484] [aruco_detector]: frames=3113 with_detections=726 confirmed=[1, 2, 3, 4, 5, 6, 7] pending=[21]
[aruco_detector-1] [INFO] [1787175503.546437633] [aruco_detector]: frames=3163 with_detections=726 confirmed=[1, 2, 3, 4, 5, 6, 7] pending=[21]
[aruco_detector-1] [INFO] [1787175513.549986439] [aruco_detector]: frames=3213 with_detections=726 confirmed=[1, 2, 3, 4, 5, 6, 7] pending=[21]
[aruco_detector-1] [INFO] [1787175523.541097065] [aruco_detector]: frames=3263 with_detections=726 confirmed=[1, 2, 3, 4, 5, 6, 7] pending=[21]
[aruco_detector-1] [INFO] [1787175533.541389091] [aruco_detector]: frames=3313 with_detections=726 confirmed=[1, 2, 3, 4, 5, 6, 7] pending=[21]
[aruco_detector-1] [INFO] [1787175543.541628982] [aruco_detector]: frames=3363 with_detections=726 confirmed=[1, 2, 3, 4, 5, 6, 7] pending=[21]
[aruco_detector-1] [INFO] [1787175553.569486840] [aruco_detector]: frames=3413 with_detections=726 confirmed=[1, 2, 3, 4, 5, 6, 7] pending=[21]
[aruco_detector-1] [INFO] [1787175563.569421855] [aruco_detector]: frames=3463 with_detections=726 confirmed=[1, 2, 3, 4, 5, 6, 7] pending=[21]
[aruco_detector-1] [INFO] [1787175573.570670513] [aruco_detector]: frames=3513 with_detections=726 confirmed=[1, 2, 3, 4, 5, 6, 7] pending=[21]
[aruco_detector-1] [WARN] [1787175580.605270842] [aruco_detector]: no TF map <- leo1/sensor_camera_link: Lookup would require extrapolation into the future.  Requested time 766.800000 but the latest data is at time 766.783000, when looking up transform from frame [leo1/sensor_camera_link] to frame [map]
[aruco_detector-1] [INFO] [1787175583.562229796] [aruco_detector]: frames=3563 with_detections=742 confirmed=[1, 2, 3, 4, 5, 6, 7] pending=[21]
[aruco_detector-1] [WARN] [1787175585.632313307] [aruco_detector]: no TF map <- leo1/sensor_camera_link: Lookup would require extrapolation into the future.  Requested time 771.800000 but the latest data is at time 770.323000, when looking up transform from frame [leo1/sensor_camera_link] to frame [map]
[aruco_detector-1] [INFO] [1787175593.562374352] [aruco_detector]: frames=3613 with_detections=765 confirmed=[1, 2, 3, 4, 5, 6, 7] pending=[21]
[aruco_detector-1] [INFO] [1787175603.562135058] [aruco_detector]: frames=3663 with_detections=765 confirmed=[1, 2, 3, 4, 5, 6, 7] pending=[21]
[aruco_detector-1] [WARN] [1787175609.998724874] [aruco_detector]: no TF map <- leo1/sensor_camera_link: Lookup would require extrapolation into the future.  Requested time 796.200000 but the latest data is at time 796.183000, when looking up transform from frame [leo1/sensor_camera_link] to frame [map]
[aruco_detector-1] [INFO] [1787175613.554444876] [aruco_detector]: frames=3713 with_detections=768 confirmed=[1, 2, 3, 4, 5, 6, 7] pending=[8, 21]
[aruco_detector-1] [INFO] [1787175623.554016375] [aruco_detector]: frames=3763 with_detections=768 confirmed=[1, 2, 3, 4, 5, 6, 7] pending=[8, 21]
[aruco_detector-1] [INFO] [1787175633.561042061] [aruco_detector]: frames=3813 with_detections=768 confirmed=[1, 2, 3, 4, 5, 6, 7] pending=[8, 21]
[aruco_detector-1] [INFO] [1787175643.549318138] [aruco_detector]: frames=3863 with_detections=768 confirmed=[1, 2, 3, 4, 5, 6, 7] pending=[8, 21]
[aruco_detector-1] [INFO] [1787175653.550972927] [aruco_detector]: frames=3913 with_detections=768 confirmed=[1, 2, 3, 4, 5, 6, 7] pending=[8, 21]
[aruco_detector-1] [INFO] [1787175659.187050212] [aruco_detector]: ArUco 8 CONFIRMED at map (-3.12, -1.20, 0.10) range 5.38 m, reproj 0.97 px
[aruco_detector-1] [WARN] [1787175659.986055203] [aruco_detector]: no TF map <- leo1/sensor_camera_link: Lookup would require extrapolation into the future.  Requested time 846.200000 but the latest data is at time 846.183000, when looking up transform from frame [leo1/sensor_camera_link] to frame [map]
[aruco_detector-1] [INFO] [1787175663.601000615] [aruco_detector]: frames=3964 with_detections=784 confirmed=[1, 2, 3, 4, 5, 6, 7, 8] pending=[21]
[aruco_detector-1] [INFO] [1787175673.538677846] [aruco_detector]: frames=4013 with_detections=784 confirmed=[1, 2, 3, 4, 5, 6, 7, 8] pending=[21]
[aruco_detector-1] [INFO] [1787175683.538600209] [aruco_detector]: frames=4063 with_detections=784 confirmed=[1, 2, 3, 4, 5, 6, 7, 8] pending=[21]
[aruco_detector-1] [INFO] [1787175693.545499118] [aruco_detector]: frames=4113 with_detections=784 confirmed=[1, 2, 3, 4, 5, 6, 7, 8] pending=[21]
[aruco_detector-1] [INFO] [1787175703.536982909] [aruco_detector]: frames=4163 with_detections=784 confirmed=[1, 2, 3, 4, 5, 6, 7, 8] pending=[21]
[aruco_detector-1] [INFO] [1787175713.554430121] [aruco_detector]: frames=4213 with_detections=789 confirmed=[1, 2, 3, 4, 5, 6, 7, 8] pending=[21]
[aruco_detector-1] [INFO] [1787175723.607788010] [aruco_detector]: frames=4263 with_detections=801 confirmed=[1, 2, 3, 4, 5, 6, 7, 8] pending=[21]
[aruco_detector-1] [WARN] [1787175724.642568577] [aruco_detector]: no TF map <- leo1/sensor_camera_link: Lookup would require extrapolation into the future.  Requested time 910.800000 but the latest data is at time 910.783000, when looking up transform from frame [leo1/sensor_camera_link] to frame [map]
[aruco_detector-1] [WARN] [1787175729.648320135] [aruco_detector]: no TF map <- leo1/sensor_camera_link: Lookup would require extrapolation into the future.  Requested time 915.800000 but the latest data is at time 915.623000, when looking up transform from frame [leo1/sensor_camera_link] to frame [map]
[aruco_detector-1] [INFO] [1787175733.686578650] [aruco_detector]: frames=4314 with_detections=838 confirmed=[1, 2, 3, 4, 5, 6, 7, 8] pending=[21]
[aruco_detector-1] [WARN] [1787175735.235023434] [aruco_detector]: no TF map <- leo1/sensor_camera_link: Lookup would require extrapolation into the future.  Requested time 921.400000 but the latest data is at time 921.383000, when looking up transform from frame [leo1/sensor_camera_link] to frame [map]
[aruco_detector-1] [WARN] [1787175740.345070141] [aruco_detector]: no TF map <- leo1/sensor_camera_link: Lookup would require extrapolation into the future.  Requested time 926.400000 but the latest data is at time 925.383000, when looking up transform from frame [leo1/sensor_camera_link] to frame [map]
[aruco_detector-1] [INFO] [1787175743.843247268] [aruco_detector]: frames=4360 with_detections=882 confirmed=[1, 2, 3, 4, 5, 6, 7, 8] pending=[21]
[aruco_detector-1] [INFO] [1787175753.604577606] [aruco_detector]: frames=4409 with_detections=883 confirmed=[1, 2, 3, 4, 5, 6, 7, 8] pending=[21]
[aruco_detector-1] [INFO] [1787175763.592761053] [aruco_detector]: frames=4459 with_detections=883 confirmed=[1, 2, 3, 4, 5, 6, 7, 8] pending=[21]
[aruco_detector-1] [WARN] [1787175772.430046967] [aruco_detector]: no TF map <- leo1/sensor_camera_link: Lookup would require extrapolation into the future.  Requested time 958.600000 but the latest data is at time 958.583000, when looking up transform from frame [leo1/sensor_camera_link] to frame [map]
[aruco_detector-1] [INFO] [1787175773.622222749] [aruco_detector]: frames=4509 with_detections=891 confirmed=[1, 2, 3, 4, 5, 6, 7, 8] pending=[21]
[aruco_detector-1] [WARN] [1787175777.519441374] [aruco_detector]: no TF map <- leo1/sensor_camera_link: Lookup would require extrapolation into the future.  Requested time 963.600000 but the latest data is at time 962.123000, when looking up transform from frame [leo1/sensor_camera_link] to frame [map]
[aruco_detector-1] [WARN] [1787175782.636385016] [aruco_detector]: no TF map <- leo1/sensor_camera_link: Lookup would require extrapolation into the future.  Requested time 968.600000 but the latest data is at time 966.623000, when looking up transform from frame [leo1/sensor_camera_link] to frame [map]
[aruco_detector-1] [INFO] [1787175783.864938605] [aruco_detector]: frames=4559 with_detections=941 confirmed=[1, 2, 3, 4, 5, 6, 7, 8] pending=[21]
[aruco_detector-1] [WARN] [1787175787.760267694] [aruco_detector]: no TF map <- leo1/sensor_camera_link: Lookup would require extrapolation into the future.  Requested time 973.800000 but the latest data is at time 972.763000, when looking up transform from frame [leo1/sensor_camera_link] to frame [map]
[aruco_detector-1] [WARN] [1787175792.895387703] [aruco_detector]: no TF map <- leo1/sensor_camera_link: Lookup would require extrapolation into the future.  Requested time 979.000000 but the latest data is at time 977.683000, when looking up transform from frame [leo1/sensor_camera_link] to frame [map]
[aruco_detector-1] [INFO] [1787175793.919349829] [aruco_detector]: frames=4608 with_detections=990 confirmed=[1, 2, 3, 4, 5, 6, 7, 8] pending=[21]
[aruco_detector-1] [WARN] [1787175798.009317260] [aruco_detector]: no TF map <- leo1/sensor_camera_link: Lookup would require extrapolation into the future.  Requested time 984.000000 but the latest data is at time 980.163000, when looking up transform from frame [leo1/sensor_camera_link] to frame [map]
[aruco_detector-1] [WARN] [1787175803.122500615] [aruco_detector]: no TF map <- leo1/sensor_camera_link: Lookup would require extrapolation into the future.  Requested time 989.200000 but the latest data is at time 987.523000, when looking up transform from frame [leo1/sensor_camera_link] to frame [map]
[aruco_detector-1] [INFO] [1787175803.941666200] [aruco_detector]: frames=4657 with_detections=1039 confirmed=[1, 2, 3, 4, 5, 6, 7, 8] pending=[21]
[aruco_detector-1] [WARN] [1787175808.241229608] [aruco_detector]: no TF map <- leo1/sensor_camera_link: Lookup would require extrapolation into the future.  Requested time 994.200000 but the latest data is at time 990.183000, when looking up transform from frame [leo1/sensor_camera_link] to frame [map]
[aruco_detector-1] [WARN] [1787175813.357187020] [aruco_detector]: no TF map <- leo1/sensor_camera_link: Lookup would require extrapolation into the future.  Requested time 999.400000 but the latest data is at time 998.163000, when looking up transform from frame [leo1/sensor_camera_link] to frame [map]
[aruco_detector-1] [INFO] [1787175813.972543806] [aruco_detector]: frames=4706 with_detections=1088 confirmed=[1, 2, 3, 4, 5, 6, 7, 8] pending=[21]
[aruco_detector-1] [WARN] [1787175818.473347961] [aruco_detector]: no TF map <- leo1/sensor_camera_link: Lookup would require extrapolation into the future.  Requested time 1004.600000 but the latest data is at time 1003.483000, when looking up transform from frame [leo1/sensor_camera_link] to frame [map]
[aruco_detector-1] [WARN] [1787175823.598355954] [aruco_detector]: no TF map <- leo1/sensor_camera_link: Lookup would require extrapolation into the future.  Requested time 1009.600000 but the latest data is at time 1007.383000, when looking up transform from frame [leo1/sensor_camera_link] to frame [map]
[aruco_detector-1] [INFO] [1787175824.009093789] [aruco_detector]: frames=4755 with_detections=1137 confirmed=[1, 2, 3, 4, 5, 6, 7, 8] pending=[21]
[aruco_detector-1] [WARN] [1787175828.710758804] [aruco_detector]: no TF map <- leo1/sensor_camera_link: Lookup would require extrapolation into the future.  Requested time 1014.800000 but the latest data is at time 1013.323000, when looking up transform from frame [leo1/sensor_camera_link] to frame [map]
[aruco_detector-1] [WARN] [1787175833.825204433] [aruco_detector]: no TF map <- leo1/sensor_camera_link: Lookup would require extrapolation into the future.  Requested time 1019.800000 but the latest data is at time 1019.063000, when looking up transform from frame [leo1/sensor_camera_link] to frame [map]
[aruco_detector-1] [INFO] [1787175833.825704806] [aruco_detector]: frames=4803 with_detections=1185 confirmed=[1, 2, 3, 4, 5, 6, 7, 8] pending=[21]
[aruco_detector-1] [WARN] [1787175838.942932561] [aruco_detector]: no TF map <- leo1/sensor_camera_link: Lookup would require extrapolation into the future.  Requested time 1025.000000 but the latest data is at time 1023.963000, when looking up transform from frame [leo1/sensor_camera_link] to frame [map]
[aruco_detector-1] [INFO] [1787175843.856979943] [aruco_detector]: frames=4852 with_detections=1234 confirmed=[1, 2, 3, 4, 5, 6, 7, 8] pending=[21]
[aruco_detector-1] [WARN] [1787175844.067409142] [aruco_detector]: no TF map <- leo1/sensor_camera_link: Lookup would require extrapolation into the future.  Requested time 1030.200000 but the latest data is at time 1028.463000, when looking up transform from frame [leo1/sensor_camera_link] to frame [map]
[aruco_detector-1] [WARN] [1787175849.180979159] [aruco_detector]: no TF map <- leo1/sensor_camera_link: Lookup would require extrapolation into the future.  Requested time 1035.200000 but the latest data is at time 1033.983000, when looking up transform from frame [leo1/sensor_camera_link] to frame [map]
[aruco_detector-1] [INFO] [1787175853.890520118] [aruco_detector]: frames=4901 with_detections=1283 confirmed=[1, 2, 3, 4, 5, 6, 7, 8] pending=[21]
[aruco_detector-1] [WARN] [1787175854.304081381] [aruco_detector]: no TF map <- leo1/sensor_camera_link: Lookup would require extrapolation into the future.  Requested time 1040.400000 but the latest data is at time 1037.283000, when looking up transform from frame [leo1/sensor_camera_link] to frame [map]
[aruco_detector-1] [WARN] [1787175859.419779565] [aruco_detector]: no TF map <- leo1/sensor_camera_link: Lookup would require extrapolation into the future.  Requested time 1045.400000 but the latest data is at time 1044.223000, when looking up transform from frame [leo1/sensor_camera_link] to frame [map]
[aruco_detector-1] [INFO] [1787175863.923484008] [aruco_detector]: frames=4950 with_detections=1332 confirmed=[1, 2, 3, 4, 5, 6, 7, 8] pending=[21]
[aruco_detector-1] [WARN] [1787175864.547464715] [aruco_detector]: no TF map <- leo1/sensor_camera_link: Lookup would require extrapolation into the future.  Requested time 1050.600000 but the latest data is at time 1049.763000, when looking up transform from frame [leo1/sensor_camera_link] to frame [map]
[aruco_detector-1] [WARN] [1787175869.659914268] [aruco_detector]: no TF map <- leo1/sensor_camera_link: Lookup would require extrapolation into the future.  Requested time 1055.600000 but the latest data is at time 1054.863000, when looking up transform from frame [leo1/sensor_camera_link] to frame [map]
[aruco_detector-1] [INFO] [1787175873.948223396] [aruco_detector]: frames=4999 with_detections=1381 confirmed=[1, 2, 3, 4, 5, 6, 7, 8] pending=[21]
[aruco_detector-1] [WARN] [1787175874.770902534] [aruco_detector]: no TF map <- leo1/sensor_camera_link: Lookup would require extrapolation into the future.  Requested time 1060.800000 but the latest data is at time 1059.763000, when looking up transform from frame [leo1/sensor_camera_link] to frame [map]
