[INFO] [launch]: All log files can be found below /home/smirn/.ros/log/2026-08-20-02-17-35-482290-Tornadosky-84041
[INFO] [launch]: Default logging verbosity is set to INFO
[INFO] [aruco_detector-1]: process started with pid [84042]
[aruco_detector-1] [INFO] [1787185056.114997532] [aruco_detector]: aruco_detector: dict=DICT_4X4_50 len=0.2 m image=/leo1/camera/image optical_frame=False map_frame=map cv2=4.5.4 allowed_ids=[1, 2, 3, 4, 5, 6, 7, 8]
[aruco_detector-1] [INFO] [1787185056.116429256] [aruco_detector]: frames=0 with_detections=0 confirmed=[] pending=[]
[aruco_detector-1] [INFO] [1787185056.250626888] [aruco_detector]: camera intrinsics: fx=554.4 fy=554.4 cx=320.0 cy=240.0 distortion=5 coeffs
[aruco_detector-1] [INFO] [1787185060.041580943] [aruco_detector]: frames=19 with_detections=0 confirmed=[] pending=[]
[aruco_detector-1] [INFO] [1787185070.051497791] [aruco_detector]: frames=69 with_detections=0 confirmed=[] pending=[]
[aruco_detector-1] [INFO] [1787185080.062264452] [aruco_detector]: frames=119 with_detections=38 confirmed=[] pending=[]
[aruco_detector-1] [INFO] [1787185090.063354693] [aruco_detector]: frames=169 with_detections=48 confirmed=[] pending=[]
[aruco_detector-1] [INFO] [1787185100.063704441] [aruco_detector]: frames=219 with_detections=48 confirmed=[] pending=[]
[aruco_detector-1] [INFO] [1787185110.063616563] [aruco_detector]: frames=269 with_detections=48 confirmed=[] pending=[]
[aruco_detector-1] [INFO] [1787185110.897816930] [aruco_detector]: ArUco 4 CONFIRMED at map (-3.19, 3.51, 0.13) range 5.01 m, reproj 0.18 px
[aruco_detector-1] [INFO] [1787185120.062996730] [aruco_detector]: frames=319 with_detections=69 confirmed=[4] pending=[]
[aruco_detector-1] [WARN] [1787185120.424822164] [aruco_detector]: no TF map <- leo1/sensor_camera_link: Lookup would require extrapolation into the future.  Requested time 120.000000 but the latest data is at time 119.982000, when looking up transform from frame [leo1/sensor_camera_link] to frame [map]
[aruco_detector-1] [INFO] [1787185130.064590422] [aruco_detector]: frames=369 with_detections=81 confirmed=[4] pending=[]
[aruco_detector-1] [INFO] [1787185140.064566501] [aruco_detector]: frames=419 with_detections=88 confirmed=[4] pending=[]
[aruco_detector-1] [INFO] [1787185150.068714428] [aruco_detector]: frames=469 with_detections=88 confirmed=[4] pending=[]
[aruco_detector-1] [INFO] [1787185160.068872502] [aruco_detector]: frames=519 with_detections=92 confirmed=[4] pending=[]
[aruco_detector-1] [INFO] [1787185170.068749495] [aruco_detector]: frames=569 with_detections=105 confirmed=[4] pending=[]
[aruco_detector-1] [INFO] [1787185179.304299633] [aruco_detector]: ArUco 1 CONFIRMED at map (-10.02, -0.30, 0.14) range 5.72 m, reproj 0.10 px
[aruco_detector-1] [INFO] [1787185180.065365053] [aruco_detector]: frames=619 with_detections=135 confirmed=[1, 4] pending=[]
[aruco_detector-1] [INFO] [1787185184.299504778] [aruco_detector]: ArUco 6 CONFIRMED at map (-10.34, -3.95, 0.14) range 5.89 m, reproj 0.26 px
[aruco_detector-1] [INFO] [1787185190.065422176] [aruco_detector]: frames=669 with_detections=171 confirmed=[1, 4, 6] pending=[]
[aruco_detector-1] [INFO] [1787185200.065455638] [aruco_detector]: frames=719 with_detections=178 confirmed=[1, 4, 6] pending=[]
[aruco_detector-1] [INFO] [1787185210.062463378] [aruco_detector]: frames=769 with_detections=178 confirmed=[1, 4, 6] pending=[]
[aruco_detector-1] [INFO] [1787185220.062505673] [aruco_detector]: frames=819 with_detections=178 confirmed=[1, 4, 6] pending=[]
[aruco_detector-1] [INFO] [1787185230.063283095] [aruco_detector]: frames=869 with_detections=178 confirmed=[1, 4, 6] pending=[]
[aruco_detector-1] [INFO] [1787185240.060780891] [aruco_detector]: frames=919 with_detections=178 confirmed=[1, 4, 6] pending=[]
[aruco_detector-1] [INFO] [1787185250.060671223] [aruco_detector]: frames=969 with_detections=178 confirmed=[1, 4, 6] pending=[]
[aruco_detector-1] [INFO] [1787185260.071993845] [aruco_detector]: frames=1019 with_detections=182 confirmed=[1, 4, 6] pending=[]
[aruco_detector-1] [INFO] [1787185270.074666350] [aruco_detector]: frames=1069 with_detections=195 confirmed=[1, 4, 6] pending=[]
[aruco_detector-1] [INFO] [1787185280.075019798] [aruco_detector]: frames=1119 with_detections=205 confirmed=[1, 4, 6] pending=[2]
[aruco_detector-1] [INFO] [1787185280.508443221] [aruco_detector]: ArUco 2 CONFIRMED at map (8.74, 0.37, 0.14) range 5.88 m, reproj 0.06 px
[aruco_detector-1] [INFO] [1787185290.074628081] [aruco_detector]: frames=1169 with_detections=244 confirmed=[1, 2, 4, 6] pending=[]
[aruco_detector-1] [INFO] [1787185300.071977336] [aruco_detector]: frames=1219 with_detections=254 confirmed=[1, 2, 4, 6] pending=[]
[aruco_detector-1] [INFO] [1787185310.071967216] [aruco_detector]: frames=1269 with_detections=254 confirmed=[1, 2, 4, 6] pending=[]
[aruco_detector-1] [INFO] [1787185320.072267770] [aruco_detector]: frames=1319 with_detections=254 confirmed=[1, 2, 4, 6] pending=[]
[aruco_detector-1] [INFO] [1787185329.707871457] [aruco_detector]: ArUco 5 CONFIRMED at map (9.63, 3.51, 0.14) range 5.76 m, reproj 0.37 px
[aruco_detector-1] [INFO] [1787185330.072876382] [aruco_detector]: frames=1369 with_detections=294 confirmed=[1, 2, 4, 5, 6] pending=[]
[aruco_detector-1] [INFO] [1787185340.073046365] [aruco_detector]: frames=1419 with_detections=334 confirmed=[1, 2, 4, 5, 6] pending=[]
[aruco_detector-1] [INFO] [1787185350.072930364] [aruco_detector]: frames=1469 with_detections=355 confirmed=[1, 2, 4, 5, 6] pending=[]
[aruco_detector-1] [INFO] [1787185360.069261627] [aruco_detector]: frames=1519 with_detections=355 confirmed=[1, 2, 4, 5, 6] pending=[]
[aruco_detector-1] [INFO] [1787185370.069280213] [aruco_detector]: frames=1569 with_detections=355 confirmed=[1, 2, 4, 5, 6] pending=[]
[aruco_detector-1] [INFO] [1787185380.069289024] [aruco_detector]: frames=1619 with_detections=355 confirmed=[1, 2, 4, 5, 6] pending=[]
[aruco_detector-1] [INFO] [1787185390.068606056] [aruco_detector]: frames=1669 with_detections=355 confirmed=[1, 2, 4, 5, 6] pending=[]
[aruco_detector-1] [INFO] [1787185400.068598782] [aruco_detector]: frames=1719 with_detections=355 confirmed=[1, 2, 4, 5, 6] pending=[]
[aruco_detector-1] [INFO] [1787185410.069676049] [aruco_detector]: frames=1769 with_detections=355 confirmed=[1, 2, 4, 5, 6] pending=[]
[aruco_detector-1] [INFO] [1787185420.066716281] [aruco_detector]: frames=1819 with_detections=355 confirmed=[1, 2, 4, 5, 6] pending=[]
[aruco_detector-1] [INFO] [1787185430.067910595] [aruco_detector]: frames=1869 with_detections=355 confirmed=[1, 2, 4, 5, 6] pending=[]
[aruco_detector-1] [INFO] [1787185440.069110832] [aruco_detector]: frames=1919 with_detections=355 confirmed=[1, 2, 4, 5, 6] pending=[]
[aruco_detector-1] [INFO] [1787185450.065028921] [aruco_detector]: frames=1969 with_detections=355 confirmed=[1, 2, 4, 5, 6] pending=[]
[aruco_detector-1] [INFO] [1787185460.067339684] [aruco_detector]: frames=2019 with_detections=366 confirmed=[1, 2, 4, 5, 6] pending=[]
[aruco_detector-1] [INFO] [1787185470.068364848] [aruco_detector]: frames=2069 with_detections=386 confirmed=[1, 2, 4, 5, 6] pending=[]
[aruco_detector-1] [INFO] [1787185480.065467568] [aruco_detector]: frames=2119 with_detections=386 confirmed=[1, 2, 4, 5, 6] pending=[]
[aruco_detector-1] [INFO] [1787185481.498432227] [aruco_detector]: ArUco 7 CONFIRMED at map (3.94, -6.87, 0.11) range 5.42 m, reproj 2.50 px
[aruco_detector-1] [INFO] [1787185490.065221170] [aruco_detector]: frames=2169 with_detections=427 confirmed=[1, 2, 4, 5, 6, 7] pending=[]
[aruco_detector-1] [INFO] [1787185500.065327300] [aruco_detector]: frames=2219 with_detections=427 confirmed=[1, 2, 4, 5, 6, 7] pending=[]
[aruco_detector-1] [INFO] [1787185510.064180244] [aruco_detector]: frames=2269 with_detections=427 confirmed=[1, 2, 4, 5, 6, 7] pending=[]
[aruco_detector-1] [INFO] [1787185520.063859011] [aruco_detector]: frames=2319 with_detections=427 confirmed=[1, 2, 4, 5, 6, 7] pending=[]
[aruco_detector-1] [INFO] [1787185530.064780486] [aruco_detector]: frames=2369 with_detections=427 confirmed=[1, 2, 4, 5, 6, 7] pending=[]
[aruco_detector-1] [INFO] [1787185540.061437938] [aruco_detector]: frames=2419 with_detections=427 confirmed=[1, 2, 4, 5, 6, 7] pending=[]
[aruco_detector-1] [INFO] [1787185550.061443241] [aruco_detector]: frames=2469 with_detections=427 confirmed=[1, 2, 4, 5, 6, 7] pending=[]
[aruco_detector-1] [INFO] [1787185560.063438565] [aruco_detector]: frames=2519 with_detections=427 confirmed=[1, 2, 4, 5, 6, 7] pending=[]
[aruco_detector-1] [INFO] [1787185570.062815546] [aruco_detector]: frames=2569 with_detections=427 confirmed=[1, 2, 4, 5, 6, 7] pending=[]
[aruco_detector-1] [INFO] [1787185580.062924835] [aruco_detector]: frames=2619 with_detections=427 confirmed=[1, 2, 4, 5, 6, 7] pending=[]
[aruco_detector-1] [INFO] [1787185590.063005452] [aruco_detector]: frames=2669 with_detections=427 confirmed=[1, 2, 4, 5, 6, 7] pending=[]
[aruco_detector-1] [INFO] [1787185600.059318188] [aruco_detector]: frames=2719 with_detections=427 confirmed=[1, 2, 4, 5, 6, 7] pending=[]
[aruco_detector-1] [INFO] [1787185610.059240716] [aruco_detector]: frames=2769 with_detections=427 confirmed=[1, 2, 4, 5, 6, 7] pending=[]
[aruco_detector-1] [INFO] [1787185620.059354664] [aruco_detector]: frames=2819 with_detections=427 confirmed=[1, 2, 4, 5, 6, 7] pending=[]
[aruco_detector-1] [INFO] [1787185630.057129591] [aruco_detector]: frames=2869 with_detections=427 confirmed=[1, 2, 4, 5, 6, 7] pending=[]
[aruco_detector-1] [INFO] [1787185640.057045345] [aruco_detector]: frames=2919 with_detections=427 confirmed=[1, 2, 4, 5, 6, 7] pending=[]
[aruco_detector-1] [INFO] [1787185650.056969112] [aruco_detector]: frames=2969 with_detections=427 confirmed=[1, 2, 4, 5, 6, 7] pending=[]
[aruco_detector-1] [INFO] [1787185660.053729844] [aruco_detector]: frames=3019 with_detections=427 confirmed=[1, 2, 4, 5, 6, 7] pending=[]
[aruco_detector-1] [INFO] [1787185670.053711459] [aruco_detector]: frames=3069 with_detections=427 confirmed=[1, 2, 4, 5, 6, 7] pending=[]
[aruco_detector-1] [INFO] [1787185680.054008907] [aruco_detector]: frames=3119 with_detections=427 confirmed=[1, 2, 4, 5, 6, 7] pending=[]
[aruco_detector-1] [INFO] [1787185690.051269148] [aruco_detector]: frames=3169 with_detections=427 confirmed=[1, 2, 4, 5, 6, 7] pending=[]
[aruco_detector-1] [INFO] [1787185700.051358816] [aruco_detector]: frames=3219 with_detections=427 confirmed=[1, 2, 4, 5, 6, 7] pending=[]
[aruco_detector-1] [INFO] [1787185710.052605098] [aruco_detector]: frames=3269 with_detections=427 confirmed=[1, 2, 4, 5, 6, 7] pending=[]
[aruco_detector-1] [INFO] [1787185720.046364249] [aruco_detector]: frames=3319 with_detections=427 confirmed=[1, 2, 4, 5, 6, 7] pending=[]
[aruco_detector-1] [INFO] [1787185730.046381869] [aruco_detector]: frames=3369 with_detections=427 confirmed=[1, 2, 4, 5, 6, 7] pending=[]
[aruco_detector-1] [INFO] [1787185740.046321195] [aruco_detector]: frames=3419 with_detections=427 confirmed=[1, 2, 4, 5, 6, 7] pending=[]
[aruco_detector-1] [INFO] [1787185750.044645028] [aruco_detector]: frames=3469 with_detections=427 confirmed=[1, 2, 4, 5, 6, 7] pending=[]
[aruco_detector-1] [INFO] [1787185760.044757235] [aruco_detector]: frames=3519 with_detections=427 confirmed=[1, 2, 4, 5, 6, 7] pending=[]
[aruco_detector-1] [INFO] [1787185770.044714726] [aruco_detector]: frames=3569 with_detections=427 confirmed=[1, 2, 4, 5, 6, 7] pending=[]
[aruco_detector-1] [INFO] [1787185780.041025918] [aruco_detector]: frames=3619 with_detections=427 confirmed=[1, 2, 4, 5, 6, 7] pending=[]
[aruco_detector-1] [INFO] [1787185790.041103922] [aruco_detector]: frames=3669 with_detections=427 confirmed=[1, 2, 4, 5, 6, 7] pending=[]
[aruco_detector-1] [INFO] [1787185800.041085556] [aruco_detector]: frames=3719 with_detections=427 confirmed=[1, 2, 4, 5, 6, 7] pending=[]
[aruco_detector-1] [INFO] [1787185810.039216863] [aruco_detector]: frames=3769 with_detections=427 confirmed=[1, 2, 4, 5, 6, 7] pending=[]
[aruco_detector-1] [INFO] [1787185820.039236050] [aruco_detector]: frames=3819 with_detections=427 confirmed=[1, 2, 4, 5, 6, 7] pending=[]
[aruco_detector-1] [INFO] [1787185830.040201520] [aruco_detector]: frames=3869 with_detections=427 confirmed=[1, 2, 4, 5, 6, 7] pending=[]
[aruco_detector-1] [INFO] [1787185840.036576617] [aruco_detector]: frames=3919 with_detections=427 confirmed=[1, 2, 4, 5, 6, 7] pending=[]
[aruco_detector-1] [INFO] [1787185850.036571231] [aruco_detector]: frames=3969 with_detections=427 confirmed=[1, 2, 4, 5, 6, 7] pending=[]
[aruco_detector-1] [INFO] [1787185860.036629199] [aruco_detector]: frames=4019 with_detections=427 confirmed=[1, 2, 4, 5, 6, 7] pending=[]
[aruco_detector-1] [INFO] [1787185870.084919850] [aruco_detector]: frames=4069 with_detections=427 confirmed=[1, 2, 4, 5, 6, 7] pending=[]
[aruco_detector-1] [INFO] [1787185880.088197147] [aruco_detector]: frames=4119 with_detections=427 confirmed=[1, 2, 4, 5, 6, 7] pending=[]
