[wsl-exp 02:16:21] backend=wsl:Ubuntu stack=hybrid world=office_world profile=realistic cap=30min out=reports/night/n13_navfn_s55
[wsl-exp 02:16:21] syncing src/ and scripts/ into /home/smirn/leo_ws
[wsl-exp 02:16:22] colcon build (leo_nav2_exploration, leo_rover_gazebo)
Summary: 1 package finished [1.85s]
  1 package failed: leo_rover_gazebo
  1 package had stderr output: leo_rover_gazebo
[wsl-exp 02:16:25] killing any previous sim
[wsl-exp 02:16:29] cleanup: 0 ROS processes still alive
[wsl-exp 02:16:34] starting simulator (GPU, headless)
[wsl-exp 02:16:35] waiting for /leo1/scan
[wsl-exp 02:16:47] scan: average rate: 59.716
[wsl-exp 02:16:47] renderer: 02:16:43: GL_RENDERER = D3D12 (NVIDIA GeForce RTX 4060 Ti)
[wsl-exp 02:16:50] wheel-odometry model (message only) + gyro + EKF
[wsl-exp 02:17:05] overlay stack: sim_navigation.launch.py
[wsl-exp 02:17:06] waiting for Nav2 planner action
[wsl-exp 02:17:28] camera/points (with stack up): average rate: 5.016
[wsl-exp 02:17:32] scan_filtered: average rate: 9.802
[wsl-exp 02:17:32] starting recorders
[wsl-exp 02:17:34] starting ArUco detector
[wsl-exp 02:17:40] bootstrap jog
[wsl-exp 02:17:58] explorer launched; polling (cap 30 min)
[wsl-exp 02:31:00] explorer reports completion
[wsl-exp 02:31:07] saving map
[wsl-exp 02:31:08] flushing recorders
[wsl-exp 02:31:28] cleanup: 0 ROS processes still alive
[wsl-exp 02:31:30] done -> reports/night/n13_navfn_s55
