[wsl-exp 09:44:44] backend=wsl:Ubuntu stack=hybrid world=office_world profile=realistic cap=25min out=reports/night/n43_diag_prefix_s101
[wsl-exp 09:44:44] syncing src/ and scripts/ into /home/smirn/leo_ws
[wsl-exp 09:44:45] colcon build (leo_nav2_exploration, leo_rover_gazebo)
Summary: 1 package finished [1.90s]
  1 package failed: leo_rover_gazebo
  1 package had stderr output: leo_rover_gazebo
[wsl-exp 09:44:48] killing any previous sim
[wsl-exp 09:44:52] cleanup: 0 ROS processes still alive
[wsl-exp 09:44:57] starting simulator (GPU, headless)
[wsl-exp 09:44:58] waiting for /leo1/scan
[wsl-exp 09:45:09] scan: average rate: 56.752
[wsl-exp 09:45:10] renderer: 09:45:06: GL_RENDERER = D3D12 (NVIDIA GeForce RTX 4060 Ti)
[wsl-exp 09:45:13] wheel-odometry model (message only) + gyro + EKF
[wsl-exp 09:45:28] overlay stack: sim_navigation.launch.py
[wsl-exp 09:45:29] waiting for Nav2 planner action
[wsl-exp 09:45:51] camera/points (with stack up): average rate: 4.985
[wsl-exp 09:45:55] scan_filtered: average rate: 10.160
[wsl-exp 09:45:55] starting recorders
[wsl-exp 09:45:57] starting costmap recorder
[wsl-exp 09:46:03] bootstrap jog
[wsl-exp 09:46:21] explorer launched; polling (cap 25 min)
[wsl-exp 10:02:24] explorer reports completion
[wsl-exp 10:02:31] saving map
[wsl-exp 10:02:32] flushing recorders
[wsl-exp 10:02:52] cleanup: 0 ROS processes still alive
[wsl-exp 10:02:54] done -> reports/night/n43_diag_prefix_s101
