[INFO] [launch]: All log files can be found below /root/.ros/log/2026-07-05-18-37-39-805524-11a23da9aead-758
[INFO] [launch]: Default logging verbosity is set to INFO
[INFO] [frontier_explorer-1]: process started with pid [832]
[frontier_explorer-1] [INFO] [1783276664.845322516] [frontier_explorer]: Frontier explorer up for "leo1" (base_frame=leo1/base_link)
[frontier_explorer-1] [WARN] [1783276665.100714151] [frontier_explorer]: Watchdog: work exists but no goal active and robot stationary - clearing costmaps
[frontier_explorer-1] [INFO] [1783276668.095029959] [frontier_explorer]: Initial pose recorded: (1.21, 0.00)
[frontier_explorer-1] [INFO] [1783276668.627990488] [frontier_explorer]: New frontier goal: (-1.94, -4.77)
[frontier_explorer-1] [INFO] [1783276688.493631989] [frontier_explorer]: New frontier goal: (-8.09, -3.72)
[frontier_explorer-1] [INFO] [1783276700.547905074] [frontier_explorer]: New frontier goal: (3.76, -8.17)
[frontier_explorer-1] [INFO] [1783276724.783446436] [frontier_explorer]: New frontier goal: (5.61, -8.25)
[frontier_explorer-1] [INFO] [1783276736.998586722] [frontier_explorer]: New frontier goal: (6.26, 7.96)
[frontier_explorer-1] [INFO] [1783276789.713620210] [frontier_explorer]: New frontier goal: (-7.19, 8.06)
[frontier_explorer-1] [INFO] [1783276810.087187526] [frontier_explorer]: New frontier goal: (-7.99, -5.49)
[frontier_explorer-1] [INFO] [1783276830.402913992] [frontier_explorer]: New frontier goal: (-8.14, -7.09)
[frontier_explorer-1] [INFO] [1783276842.873659716] [frontier_explorer]: New frontier goal: (-6.64, -7.44)
[frontier_explorer-1] [INFO] [1783276854.833546785] [frontier_explorer]: New frontier goal: (-1.49, -7.09)
[frontier_explorer-1] [WARN] [1783276891.231115149] [frontier_explorer]: No progress for 32s - clearing costmaps and retrying goal (-1.49, -7.09)
[frontier_explorer-1] [INFO] [1783276895.336126924] [frontier_explorer]: New frontier goal: (-0.89, 7.71)
[frontier_explorer-1] [INFO] [1783276923.956742585] [frontier_explorer]: New frontier goal: (0.36, 7.76)
[frontier_explorer-1] [INFO] [1783276936.080551305] [frontier_explorer]: New frontier goal: (-7.59, 5.26)
[frontier_explorer-1] [INFO] [1783276984.901352122] [frontier_explorer]: New frontier goal: (-1.45, -7.14)
[frontier_explorer-1] [INFO] [1783276997.023633365] [frontier_explorer]: No path to frontier goal (-8.81, 10.08), skipping
[frontier_explorer-1] [INFO] [1783277017.457730027] [frontier_explorer]: No path to frontier goal (-4.14, -10.93), skipping
[frontier_explorer-1] [INFO] [1783277025.676410431] [frontier_explorer]: New frontier goal: (-0.49, -10.08)
[frontier_explorer-1] [INFO] [1783277037.781813657] [frontier_explorer]: New frontier goal: (-0.89, -7.08)
[frontier_explorer-1] [INFO] [1783277049.939590262] [frontier_explorer]: No path to frontier goal (-3.64, -10.31), skipping
[frontier_explorer-1] [WARN] [1783277054.022719708] [frontier_explorer]: Goal (-8.84, 10.09) planner-rejected 3 times - long-banning
[frontier_explorer-1] [INFO] [1783277058.126535499] [frontier_explorer]: New frontier goal: (-0.49, -10.06)
[frontier_explorer-1] [INFO] [1783277070.392407167] [frontier_explorer]: New frontier goal: (-0.88, -7.09)
[frontier_explorer-1] [INFO] [1783277115.299826791] [frontier_explorer]: No path to frontier goal (-4.24, -10.64), skipping
[frontier_explorer-1] [INFO] [1783277119.459236980] [frontier_explorer]: New frontier goal: (2.06, -7.99)
[frontier_explorer-1] [INFO] [1783277152.292369330] [frontier_explorer]: No path to frontier goal (-0.24, -10.84), skipping
[frontier_explorer-1] [WARN] [1783277164.548890178] [frontier_explorer]: Goal (-4.24, -10.64) planner-rejected 3 times - long-banning
[frontier_explorer-1] [INFO] [1783277172.711600133] [frontier_explorer]: New frontier goal: (9.81, -2.29)
[frontier_explorer-1] [WARN] [1783277184.920719271] [frontier_explorer]: Goal (-0.24, -10.84) planner-rejected 3 times - long-banning
[frontier_explorer-1] [INFO] [1783277184.969870677] [frontier_explorer]: No path to frontier goal (-0.24, -10.84), skipping
[frontier_explorer-1] [WARN] [1783277189.080083293] [frontier_explorer]: Goal (-0.84, -10.49) planner-rejected 3 times - long-banning
[frontier_explorer-1] [INFO] [1783277217.457836322] [frontier_explorer]: No path to frontier goal (10.36, -4.84), skipping
[frontier_explorer-1] [WARN] [1783277233.703343447] [frontier_explorer]: Frontier goal done but frontier survived at (9.81, -2.29) - striking it
[frontier_explorer-1] [INFO] [1783277233.803977505] [frontier_explorer]: New frontier goal: (6.91, 7.51)
[frontier_explorer-1] [WARN] [1783277245.907700728] [frontier_explorer]: Goal (10.36, -4.84) planner-rejected 3 times - long-banning
[frontier_explorer-1] [INFO] [1783277245.967459151] [frontier_explorer]: No path to frontier goal (10.36, -4.84), skipping
[frontier_explorer-1] [INFO] [1783277266.330346557] [frontier_explorer]: New frontier goal: (7.45, 7.02)
[frontier_explorer-1] [WARN] [1783277355.755770734] [frontier_explorer]: No progress for 32s - clearing costmaps and retrying goal (7.45, 7.02)
[frontier_explorer-1] [WARN] [1783277392.284394423] [frontier_explorer]: Still no progress after costmap clear, blacklisting goal (7.45, 7.02)
[frontier_explorer-1] [INFO] [1783277396.407834623] [frontier_explorer]: New frontier goal: (5.45, -9.73)
[frontier_explorer-1] [WARN] [1783277429.407220431] [frontier_explorer]: Goal (-3.61, -10.29) planner-rejected 3 times - long-banning
[frontier_explorer-1] [INFO] [1783277429.455715604] [frontier_explorer]: No path to frontier goal (-3.61, -10.29), skipping
[frontier_explorer-1] [INFO] [1783277486.729351269] [frontier_explorer]: New frontier goal: (7.39, 6.96)
[frontier_explorer-1] [WARN] [1783277633.948432250] [frontier_explorer]: No progress for 32s - clearing costmaps and retrying goal (7.39, 6.96)
[frontier_explorer-1] [WARN] [1783277670.430692205] [frontier_explorer]: Still no progress after costmap clear, blacklisting goal (7.39, 6.96)
[frontier_explorer-1] [INFO] [1783277674.579237467] [frontier_explorer]: New frontier goal: (-0.96, -6.74)
[frontier_explorer-1] [INFO] [1783277766.534060331] [frontier_explorer]: New frontier goal: (7.14, 6.85)
[frontier_explorer-1] [WARN] [1783277870.057728478] [frontier_explorer]: Frontier goal done but frontier survived at (6.79, 7.30) - striking it
[frontier_explorer-1] [WARN] [1783277870.115032823] [frontier_explorer]: Frontier goal done but frontier survived at (7.14, 6.85) - striking it
[frontier_explorer-1] [INFO] [1783277878.204501467] [frontier_explorer]: Exploration + sweep complete: camera coverage 17% (1136/6518 wall cells), items found: [] (0 confirmed, 0 seen)
[frontier_explorer-1] [INFO] [1783277878.259629336] [frontier_explorer]: Returning to initial pose...
[frontier_explorer-1] [INFO] [1783277941.347047874] [frontier_explorer]: Returned to initial pose.
[frontier_explorer-1] [INFO] [1783277941.398745907] [frontier_explorer]: Exploration finished.
[frontier_explorer-1] [INFO] [1783277947.171543839] [frontier_explorer]: Map saved to /ros2_ws/reports/comparison_run/custom/map
