[INFO] [launch]: All log files can be found below /root/.ros/log/2026-07-06-14-38-21-423973-776bf9a88e10-661
[INFO] [launch]: Default logging verbosity is set to INFO
[INFO] [frontier_explorer-1]: process started with pid [734]
[frontier_explorer-1] [INFO] [1783348704.846852654] [frontier_explorer]: Frontier explorer up for "leo1" (base_frame=leo1/base_link); coordination=coordinated, peers=none
[frontier_explorer-1] [WARN] [1783348705.083123769] [frontier_explorer]: Watchdog: work exists but no goal active and robot stationary - clearing costmaps
[frontier_explorer-1] [INFO] [1783348707.331831534] [frontier_explorer]: Initial pose recorded: (1.21, 0.00)
[frontier_explorer-1] [INFO] [1783348707.545526642] [frontier_explorer]: New frontier goal: (-1.69, 4.73)
[frontier_explorer-1] [INFO] [1783348735.488936355] [frontier_explorer]: New frontier goal: (-1.09, 6.31)
[frontier_explorer-1] [INFO] [1783348747.557281048] [frontier_explorer]: New frontier goal: (9.49, -2.35)
[frontier_explorer-1] [INFO] [1783348819.678670142] [frontier_explorer]: New frontier goal: (10.74, 4.42)
[frontier_explorer-1] [INFO] [1783348855.748620360] [frontier_explorer]: New frontier goal: (11.04, 2.47)
[frontier_explorer-1] [INFO] [1783348867.810300966] [frontier_explorer]: New frontier goal: (5.24, 7.62)
[frontier_explorer-1] [INFO] [1783348891.797488387] [frontier_explorer]: New frontier goal: (9.59, 6.62)
[frontier_explorer-1] [INFO] [1783348915.851118939] [frontier_explorer]: New frontier goal: (8.74, 6.97)
[frontier_explorer-1] [INFO] [1783348927.943306033] [frontier_explorer]: New frontier goal: (-9.56, -2.43)
[frontier_explorer-1] [INFO] [1783349028.179692831] [frontier_explorer]: New frontier goal: (-10.59, 4.06)
[frontier_explorer-1] [INFO] [1783349064.223522591] [frontier_explorer]: New frontier goal: (-11.04, 2.46)
[frontier_explorer-1] [INFO] [1783349076.261593294] [frontier_explorer]: New frontier goal: (-8.26, 6.51)
[frontier_explorer-1] [INFO] [1783349100.334021372] [frontier_explorer]: New frontier goal: (-9.61, 6.86)
[frontier_explorer-1] [INFO] [1783349112.386034298] [frontier_explorer]: New frontier goal: (-9.96, 4.81)
[frontier_explorer-1] [INFO] [1783349128.398283905] [frontier_explorer]: New frontier goal: (-8.61, -6.34)
[frontier_explorer-1] [INFO] [1783349176.591216774] [frontier_explorer]: New frontier goal: (-7.66, -6.80)
[frontier_explorer-1] [INFO] [1783349188.592790669] [frontier_explorer]: New frontier goal: (-6.16, -5.30)
[frontier_explorer-1] [WARN] [1783349192.596199451] [frontier_explorer]: Frontier goal done but frontier survived at (-6.16, -5.30) - striking it
[frontier_explorer-1] [INFO] [1783349192.695199383] [frontier_explorer]: New frontier goal: (7.14, -6.70)
[frontier_explorer-1] [INFO] [1783349289.394007367] [frontier_explorer]: New frontier goal: (8.04, -6.51)
[frontier_explorer-1] [INFO] [1783349317.416188583] [frontier_explorer]: Exploration + sweep complete: camera coverage 30% (1407/4665 wall cells), items found: [] (0 confirmed, 0 seen)
[frontier_explorer-1] [INFO] [1783349317.458400290] [frontier_explorer]: Returning to initial pose...
[frontier_explorer-1] [INFO] [1783349395.097169771] [frontier_explorer]: Returned to initial pose.
[frontier_explorer-1] [INFO] [1783349395.136017422] [frontier_explorer]: Exploration finished.
[frontier_explorer-1] [INFO] [1783349399.581668070] [frontier_explorer]: Map saved to /ros2_ws/reports/collab_clean/office_single/map
