[INFO] [launch]: All log files can be found below /home/smirn/.ros/log/2026-08-20-01-32-18-447638-Tornadosky-74795
[INFO] [launch]: Default logging verbosity is set to INFO
[INFO] [aruco_detector-1]: process started with pid [74796]
[aruco_detector-1] [INFO] [1787182339.126253022] [aruco_detector]: aruco_detector: dict=DICT_4X4_50 len=0.2 m image=/leo1/camera/image optical_frame=False map_frame=map cv2=4.5.4 allowed_ids=[1, 2, 3, 4, 5, 6, 7, 8]
[aruco_detector-1] [INFO] [1787182339.129268818] [aruco_detector]: frames=0 with_detections=0 confirmed=[] pending=[]
[aruco_detector-1] [INFO] [1787182339.289556670] [aruco_detector]: camera intrinsics: fx=554.4 fy=554.4 cx=320.0 cy=240.0 distortion=5 coeffs
[aruco_detector-1] [INFO] [1787182343.084326603] [aruco_detector]: frames=19 with_detections=0 confirmed=[] pending=[]
[aruco_detector-1] [INFO] [1787182353.123493289] [aruco_detector]: frames=69 with_detections=0 confirmed=[] pending=[]
[aruco_detector-1] [INFO] [1787182363.133102991] [aruco_detector]: frames=119 with_detections=39 confirmed=[] pending=[]
[aruco_detector-1] [INFO] [1787182373.134507109] [aruco_detector]: frames=169 with_detections=48 confirmed=[] pending=[]
[aruco_detector-1] [INFO] [1787182383.134408243] [aruco_detector]: frames=219 with_detections=48 confirmed=[] pending=[]
[aruco_detector-1] [INFO] [1787182393.130641613] [aruco_detector]: frames=269 with_detections=48 confirmed=[] pending=[]
[aruco_detector-1] [INFO] [1787182397.564697429] [aruco_detector]: ArUco 4 CONFIRMED at map (-3.76, 4.30, 0.12) range 5.27 m, reproj 2.07 px
[aruco_detector-1] [INFO] [1787182403.130713047] [aruco_detector]: frames=319 with_detections=63 confirmed=[4] pending=[]
[aruco_detector-1] [INFO] [1787182413.130618612] [aruco_detector]: frames=369 with_detections=63 confirmed=[4] pending=[]
[aruco_detector-1] [INFO] [1787182423.127207885] [aruco_detector]: frames=419 with_detections=63 confirmed=[4] pending=[]
[aruco_detector-1] [INFO] [1787182433.130206320] [aruco_detector]: frames=469 with_detections=63 confirmed=[4] pending=[]
[aruco_detector-1] [INFO] [1787182443.130061839] [aruco_detector]: frames=519 with_detections=63 confirmed=[4] pending=[]
[aruco_detector-1] [INFO] [1787182453.126658135] [aruco_detector]: frames=569 with_detections=63 confirmed=[4] pending=[]
[aruco_detector-1] [INFO] [1787182463.126649943] [aruco_detector]: frames=619 with_detections=70 confirmed=[4] pending=[]
[aruco_detector-1] [INFO] [1787182473.126435812] [aruco_detector]: frames=669 with_detections=70 confirmed=[4] pending=[]
[aruco_detector-1] [INFO] [1787182483.119985851] [aruco_detector]: frames=719 with_detections=70 confirmed=[4] pending=[]
[aruco_detector-1] [INFO] [1787182493.121326354] [aruco_detector]: frames=769 with_detections=72 confirmed=[4] pending=[]
[aruco_detector-1] [INFO] [1787182503.122479537] [aruco_detector]: frames=819 with_detections=78 confirmed=[4] pending=[]
[aruco_detector-1] [INFO] [1787182510.349689674] [aruco_detector]: ArUco 1 CONFIRMED at map (-9.83, -0.06, 0.14) range 5.86 m, reproj 0.12 px
[aruco_detector-1] [INFO] [1787182513.115547740] [aruco_detector]: frames=869 with_detections=102 confirmed=[1, 4] pending=[]
[aruco_detector-1] [INFO] [1787182516.349940737] [aruco_detector]: ArUco 6 CONFIRMED at map (-10.41, -3.79, 0.14) range 5.95 m, reproj 0.21 px
[aruco_detector-1] [INFO] [1787182523.115459714] [aruco_detector]: frames=919 with_detections=131 confirmed=[1, 4, 6] pending=[]
[aruco_detector-1] [INFO] [1787182533.116482908] [aruco_detector]: frames=969 with_detections=131 confirmed=[1, 4, 6] pending=[]
[aruco_detector-1] [INFO] [1787182543.113343745] [aruco_detector]: frames=1019 with_detections=163 confirmed=[1, 4, 6] pending=[]
[aruco_detector-1] [INFO] [1787182553.117769929] [aruco_detector]: frames=1069 with_detections=170 confirmed=[1, 4, 6] pending=[]
[aruco_detector-1] [INFO] [1787182563.117807770] [aruco_detector]: frames=1119 with_detections=170 confirmed=[1, 4, 6] pending=[]
[aruco_detector-1] [INFO] [1787182573.114390686] [aruco_detector]: frames=1169 with_detections=170 confirmed=[1, 4, 6] pending=[]
[aruco_detector-1] [INFO] [1787182583.114527706] [aruco_detector]: frames=1219 with_detections=170 confirmed=[1, 4, 6] pending=[]
[aruco_detector-1] [INFO] [1787182593.114386463] [aruco_detector]: frames=1269 with_detections=174 confirmed=[1, 4, 6] pending=[]
[aruco_detector-1] [INFO] [1787182603.121198948] [aruco_detector]: frames=1319 with_detections=188 confirmed=[1, 4, 6] pending=[]
[aruco_detector-1] [INFO] [1787182603.559075976] [aruco_detector]: ArUco 2 CONFIRMED at map (8.74, 0.25, 0.14) range 5.75 m, reproj 0.19 px
[aruco_detector-1] [INFO] [1787182613.121147698] [aruco_detector]: frames=1369 with_detections=221 confirmed=[1, 2, 4, 6] pending=[]
[aruco_detector-1] [INFO] [1787182617.556127755] [aruco_detector]: ArUco 7 CONFIRMED at map (3.63, -6.76, 0.10) range 5.60 m, reproj 2.48 px
[aruco_detector-1] [INFO] [1787182623.122187770] [aruco_detector]: frames=1419 with_detections=246 confirmed=[1, 2, 4, 6, 7] pending=[]
[aruco_detector-1] [INFO] [1787182633.118415596] [aruco_detector]: frames=1469 with_detections=246 confirmed=[1, 2, 4, 6, 7] pending=[]
[aruco_detector-1] [INFO] [1787182638.553806868] [aruco_detector]: ArUco 5 CONFIRMED at map (9.33, 3.52, 0.13) range 5.98 m, reproj 0.08 px
[aruco_detector-1] [INFO] [1787182643.118676458] [aruco_detector]: frames=1519 with_detections=280 confirmed=[1, 2, 4, 5, 6, 7] pending=[]
[aruco_detector-1] [INFO] [1787182653.118346603] [aruco_detector]: frames=1569 with_detections=299 confirmed=[1, 2, 4, 5, 6, 7] pending=[]
[aruco_detector-1] [INFO] [1787182663.114999423] [aruco_detector]: frames=1619 with_detections=299 confirmed=[1, 2, 4, 5, 6, 7] pending=[]
[aruco_detector-1] [INFO] [1787182673.117285693] [aruco_detector]: frames=1669 with_detections=299 confirmed=[1, 2, 4, 5, 6, 7] pending=[]
[aruco_detector-1] [INFO] [1787182683.116918087] [aruco_detector]: frames=1719 with_detections=316 confirmed=[1, 2, 4, 5, 6, 7] pending=[]
[aruco_detector-1] [INFO] [1787182693.113014511] [aruco_detector]: frames=1769 with_detections=329 confirmed=[1, 2, 4, 5, 6, 7] pending=[]
[aruco_detector-1] [INFO] [1787182703.113073254] [aruco_detector]: frames=1819 with_detections=370 confirmed=[1, 2, 4, 5, 6, 7] pending=[]
[aruco_detector-1] [INFO] [1787182713.113023305] [aruco_detector]: frames=1869 with_detections=370 confirmed=[1, 2, 4, 5, 6, 7] pending=[]
[aruco_detector-1] [INFO] [1787182723.109483608] [aruco_detector]: frames=1919 with_detections=370 confirmed=[1, 2, 4, 5, 6, 7] pending=[]
[aruco_detector-1] [INFO] [1787182733.109332849] [aruco_detector]: frames=1969 with_detections=370 confirmed=[1, 2, 4, 5, 6, 7] pending=[]
[aruco_detector-1] [INFO] [1787182743.109365409] [aruco_detector]: frames=2019 with_detections=373 confirmed=[1, 2, 4, 5, 6, 7] pending=[]
[aruco_detector-1] [INFO] [1787182753.105463365] [aruco_detector]: frames=2069 with_detections=405 confirmed=[1, 2, 4, 5, 6, 7] pending=[]
[aruco_detector-1] [INFO] [1787182763.105615214] [aruco_detector]: frames=2119 with_detections=417 confirmed=[1, 2, 4, 5, 6, 7] pending=[]
[aruco_detector-1] [INFO] [1787182773.107676147] [aruco_detector]: frames=2169 with_detections=417 confirmed=[1, 2, 4, 5, 6, 7] pending=[]
[aruco_detector-1] [INFO] [1787182783.104232277] [aruco_detector]: frames=2219 with_detections=417 confirmed=[1, 2, 4, 5, 6, 7] pending=[]
[aruco_detector-1] [INFO] [1787182793.107242745] [aruco_detector]: frames=2269 with_detections=417 confirmed=[1, 2, 4, 5, 6, 7] pending=[]
[aruco_detector-1] [INFO] [1787182803.107294464] [aruco_detector]: frames=2319 with_detections=417 confirmed=[1, 2, 4, 5, 6, 7] pending=[]
[aruco_detector-1] [INFO] [1787182813.100646345] [aruco_detector]: frames=2369 with_detections=417 confirmed=[1, 2, 4, 5, 6, 7] pending=[]
[aruco_detector-1] [INFO] [1787182823.100989130] [aruco_detector]: frames=2419 with_detections=417 confirmed=[1, 2, 4, 5, 6, 7] pending=[]
[aruco_detector-1] [INFO] [1787182833.101688547] [aruco_detector]: frames=2469 with_detections=417 confirmed=[1, 2, 4, 5, 6, 7] pending=[]
[aruco_detector-1] [INFO] [1787182843.095787533] [aruco_detector]: frames=2519 with_detections=417 confirmed=[1, 2, 4, 5, 6, 7] pending=[]
[aruco_detector-1] [INFO] [1787182853.096889286] [aruco_detector]: frames=2569 with_detections=417 confirmed=[1, 2, 4, 5, 6, 7] pending=[]
[aruco_detector-1] [INFO] [1787182863.096970760] [aruco_detector]: frames=2619 with_detections=417 confirmed=[1, 2, 4, 5, 6, 7] pending=[]
[aruco_detector-1] [INFO] [1787182873.093012358] [aruco_detector]: frames=2669 with_detections=417 confirmed=[1, 2, 4, 5, 6, 7] pending=[]
[aruco_detector-1] [INFO] [1787182883.092964520] [aruco_detector]: frames=2719 with_detections=417 confirmed=[1, 2, 4, 5, 6, 7] pending=[]
[aruco_detector-1] [INFO] [1787182893.092906254] [aruco_detector]: frames=2769 with_detections=417 confirmed=[1, 2, 4, 5, 6, 7] pending=[]
[aruco_detector-1] [INFO] [1787182903.089429068] [aruco_detector]: frames=2819 with_detections=417 confirmed=[1, 2, 4, 5, 6, 7] pending=[]
[aruco_detector-1] [INFO] [1787182913.090504422] [aruco_detector]: frames=2869 with_detections=417 confirmed=[1, 2, 4, 5, 6, 7] pending=[]
[aruco_detector-1] [INFO] [1787182923.095565159] [aruco_detector]: frames=2919 with_detections=417 confirmed=[1, 2, 4, 5, 6, 7] pending=[]
[aruco_detector-1] [INFO] [1787182933.089083591] [aruco_detector]: frames=2969 with_detections=417 confirmed=[1, 2, 4, 5, 6, 7] pending=[]
[aruco_detector-1] [INFO] [1787182943.089140678] [aruco_detector]: frames=3019 with_detections=417 confirmed=[1, 2, 4, 5, 6, 7] pending=[]
[aruco_detector-1] [INFO] [1787182953.089022143] [aruco_detector]: frames=3069 with_detections=417 confirmed=[1, 2, 4, 5, 6, 7] pending=[]
[aruco_detector-1] [INFO] [1787182963.085034744] [aruco_detector]: frames=3119 with_detections=417 confirmed=[1, 2, 4, 5, 6, 7] pending=[]
[aruco_detector-1] [INFO] [1787182973.086863431] [aruco_detector]: frames=3169 with_detections=417 confirmed=[1, 2, 4, 5, 6, 7] pending=[]
[aruco_detector-1] [INFO] [1787182983.091838920] [aruco_detector]: frames=3219 with_detections=417 confirmed=[1, 2, 4, 5, 6, 7] pending=[]
[aruco_detector-1] [INFO] [1787182993.087488689] [aruco_detector]: frames=3269 with_detections=417 confirmed=[1, 2, 4, 5, 6, 7] pending=[]
[aruco_detector-1] [INFO] [1787183003.090189285] [aruco_detector]: frames=3319 with_detections=417 confirmed=[1, 2, 4, 5, 6, 7] pending=[]
[aruco_detector-1] [INFO] [1787183013.091619984] [aruco_detector]: frames=3369 with_detections=417 confirmed=[1, 2, 4, 5, 6, 7] pending=[]
[aruco_detector-1] [INFO] [1787183023.086838063] [aruco_detector]: frames=3419 with_detections=417 confirmed=[1, 2, 4, 5, 6, 7] pending=[]
[aruco_detector-1] [INFO] [1787183033.086622380] [aruco_detector]: frames=3469 with_detections=417 confirmed=[1, 2, 4, 5, 6, 7] pending=[]
[aruco_detector-1] [INFO] [1787183043.086607718] [aruco_detector]: frames=3519 with_detections=417 confirmed=[1, 2, 4, 5, 6, 7] pending=[]
[aruco_detector-1] [INFO] [1787183053.080151522] [aruco_detector]: frames=3569 with_detections=417 confirmed=[1, 2, 4, 5, 6, 7] pending=[]
[aruco_detector-1] [INFO] [1787183063.080384519] [aruco_detector]: frames=3619 with_detections=417 confirmed=[1, 2, 4, 5, 6, 7] pending=[]
[aruco_detector-1] [INFO] [1787183073.080192887] [aruco_detector]: frames=3669 with_detections=417 confirmed=[1, 2, 4, 5, 6, 7] pending=[]
[aruco_detector-1] [INFO] [1787183083.076322917] [aruco_detector]: frames=3719 with_detections=417 confirmed=[1, 2, 4, 5, 6, 7] pending=[]
[aruco_detector-1] [INFO] [1787183093.076334882] [aruco_detector]: frames=3769 with_detections=417 confirmed=[1, 2, 4, 5, 6, 7] pending=[]
[aruco_detector-1] [INFO] [1787183103.079669167] [aruco_detector]: frames=3819 with_detections=417 confirmed=[1, 2, 4, 5, 6, 7] pending=[]
[aruco_detector-1] [INFO] [1787183113.074180201] [aruco_detector]: frames=3869 with_detections=417 confirmed=[1, 2, 4, 5, 6, 7] pending=[]
[aruco_detector-1] [INFO] [1787183123.074094278] [aruco_detector]: frames=3919 with_detections=417 confirmed=[1, 2, 4, 5, 6, 7] pending=[]
[aruco_detector-1] [INFO] [1787183133.073632992] [aruco_detector]: frames=3969 with_detections=417 confirmed=[1, 2, 4, 5, 6, 7] pending=[]
[aruco_detector-1] [INFO] [1787183143.069733392] [aruco_detector]: frames=4019 with_detections=417 confirmed=[1, 2, 4, 5, 6, 7] pending=[]
[aruco_detector-1] [INFO] [1787183153.127575402] [aruco_detector]: frames=4069 with_detections=417 confirmed=[1, 2, 4, 5, 6, 7] pending=[]
[aruco_detector-1] [INFO] [1787183163.127571785] [aruco_detector]: frames=4119 with_detections=417 confirmed=[1, 2, 4, 5, 6, 7] pending=[]
