[INFO] [1783976552.031921449] [map_saver]: 
	map_saver lifecycle node launched. 
	Waiting on external lifecycle transitions to activate
	See https://design.ros2.org/articles/node_lifecycle.html for more information.
[INFO] [1783976552.032139858] [map_saver]: Creating
[INFO] [1783976552.033771550] [map_saver]: Configuring
[INFO] [1783976552.075320220] [map_saver]: Saving map from 'map' topic to '/ros2_ws/reports/overnight_2026-07-13/runs/office_coordinated/merged_map' file
[WARN] [1783976552.075399132] [map_saver]: Free threshold unspecified. Setting it to default value: 0.250000
[WARN] [1783976552.075422648] [map_saver]: Occupied threshold unspecified. Setting it to default value: 0.650000
[WARN] [1783976552.108655416] [map_io]: Image format unspecified. Setting it to: pgm
[INFO] [1783976552.108724720] [map_io]: Received a 511 X 321 map @ 0.05 m/pix
[INFO] [1783976552.197640666] [map_io]: Writing map occupancy data to /ros2_ws/reports/overnight_2026-07-13/runs/office_coordinated/merged_map.pgm
[INFO] [1783976552.225624677] [map_io]: Writing map metadata to /ros2_ws/reports/overnight_2026-07-13/runs/office_coordinated/merged_map.yaml
[INFO] [1783976552.228195500] [map_io]: Map saved
[INFO] [1783976552.228253006] [map_saver]: Map saved successfully
[INFO] [1783976552.230350921] [map_saver]: Destroying
[INFO] [1783976556.799587447] [map_saver]: 
	map_saver lifecycle node launched. 
	Waiting on external lifecycle transitions to activate
	See https://design.ros2.org/articles/node_lifecycle.html for more information.
[INFO] [1783976556.799683458] [map_saver]: Creating
[INFO] [1783976556.800960672] [map_saver]: Configuring
[INFO] [1783976556.834976251] [map_saver]: Saving map from 'map' topic to '/ros2_ws/reports/overnight_2026-07-13/runs/office_coordinated/leo1_map' file
[WARN] [1783976556.835024388] [map_saver]: Free threshold unspecified. Setting it to default value: 0.250000
[WARN] [1783976556.835036408] [map_saver]: Occupied threshold unspecified. Setting it to default value: 0.650000
[WARN] [1783976556.839592535] [map_io]: Image format unspecified. Setting it to: pgm
[INFO] [1783976556.839688758] [map_io]: Received a 479 X 319 map @ 0.05 m/pix
[INFO] [1783976556.902006465] [map_io]: Writing map occupancy data to /ros2_ws/reports/overnight_2026-07-13/runs/office_coordinated/leo1_map.pgm
[INFO] [1783976556.926107792] [map_io]: Writing map metadata to /ros2_ws/reports/overnight_2026-07-13/runs/office_coordinated/leo1_map.yaml
[INFO] [1783976556.928150535] [map_io]: Map saved
[INFO] [1783976556.928179495] [map_saver]: Map saved successfully
[INFO] [1783976556.929911117] [map_saver]: Destroying
[INFO] [1783976561.879901976] [map_saver]: 
	map_saver lifecycle node launched. 
	Waiting on external lifecycle transitions to activate
	See https://design.ros2.org/articles/node_lifecycle.html for more information.
[INFO] [1783976561.880004783] [map_saver]: Creating
[INFO] [1783976561.881738562] [map_saver]: Configuring
[INFO] [1783976561.916790022] [map_saver]: Saving map from 'map' topic to '/ros2_ws/reports/overnight_2026-07-13/runs/office_coordinated/leo2_map' file
[WARN] [1783976561.916828695] [map_saver]: Free threshold unspecified. Setting it to default value: 0.250000
[WARN] [1783976561.916839837] [map_saver]: Occupied threshold unspecified. Setting it to default value: 0.650000
[WARN] [1783976561.921976491] [map_io]: Image format unspecified. Setting it to: pgm
[INFO] [1783976561.922067052] [map_io]: Received a 481 X 320 map @ 0.05 m/pix
[INFO] [1783976561.980247461] [map_io]: Writing map occupancy data to /ros2_ws/reports/overnight_2026-07-13/runs/office_coordinated/leo2_map.pgm
[INFO] [1783976562.004108243] [map_io]: Writing map metadata to /ros2_ws/reports/overnight_2026-07-13/runs/office_coordinated/leo2_map.yaml
[INFO] [1783976562.005683584] [map_io]: Map saved
[INFO] [1783976562.005717895] [map_saver]: Map saved successfully
[INFO] [1783976562.007486148] [map_saver]: Destroying
