[INFO] [launch]: All log files can be found below /root/.ros/log/2026-07-13-20-41-26-797822-5ebf2deeec8c-252
[INFO] [launch]: Default logging verbosity is set to INFO
[INFO] [async_slam_toolbox_node-1]: process started with pid [360]
[INFO] [async_slam_toolbox_node-2]: process started with pid [362]
[async_slam_toolbox_node-1] [INFO] [1783975287.558164974] [leo1.slam_toolbox]: Using solver plugin solver_plugins::CeresSolver
[async_slam_toolbox_node-2] [INFO] [1783975287.558182988] [leo2.slam_toolbox]: Using solver plugin solver_plugins::CeresSolver
[async_slam_toolbox_node-2] [INFO] [1783975288.047143368] [leo2.slam_toolbox]: Message Filter dropping message: frame 'leo2/sensor_lidar_link' at time 6.100 for reason 'the timestamp on the message is earlier than all the data in the transform cache'
[async_slam_toolbox_node-1] [INFO] [1783975288.047143403] [leo1.slam_toolbox]: Message Filter dropping message: frame 'leo1/sensor_lidar_link' at time 6.100 for reason 'the timestamp on the message is earlier than all the data in the transform cache'
[async_slam_toolbox_node-2] [WARN] [1783975288.080188072] [leo2.slam_toolbox]: minimum laser range setting (0.0 m) exceeds the capabilities of the used Lidar (0.1 m)
[async_slam_toolbox_node-2] [WARN] [1783975288.080351961] [leo2.slam_toolbox]: maximum laser range setting (25.0 m) exceeds the capabilities of the used Lidar (20.0 m)
[async_slam_toolbox_node-2] Registering sensor: [Custom Described Lidar]
[async_slam_toolbox_node-1] [WARN] [1783975288.383685876] [leo1.slam_toolbox]: minimum laser range setting (0.0 m) exceeds the capabilities of the used Lidar (0.1 m)
[async_slam_toolbox_node-1] [WARN] [1783975288.383834980] [leo1.slam_toolbox]: maximum laser range setting (25.0 m) exceeds the capabilities of the used Lidar (20.0 m)
[async_slam_toolbox_node-1] Registering sensor: [Custom Described Lidar]
[async_slam_toolbox_node-2] WARNING: Logging before InitGoogleLogging() is written to STDERR
[async_slam_toolbox_node-2] W0713 20:44:15.908082   362 preprocessor.cc:62] Specified options.num_threads: 50 exceeds maximum available from the threading model Ceres was compiled with: 28.  Bounding to maximum number available.
[async_slam_toolbox_node-2] W0713 20:46:02.072381   362 preprocessor.cc:62] Specified options.num_threads: 50 exceeds maximum available from the threading model Ceres was compiled with: 28.  Bounding to maximum number available.
[async_slam_toolbox_node-1] WARNING: Logging before InitGoogleLogging() is written to STDERR
[async_slam_toolbox_node-1] W0713 20:46:52.297777   360 preprocessor.cc:62] Specified options.num_threads: 50 exceeds maximum available from the threading model Ceres was compiled with: 28.  Bounding to maximum number available.
[async_slam_toolbox_node-2] W0713 20:48:15.475301   362 preprocessor.cc:62] Specified options.num_threads: 50 exceeds maximum available from the threading model Ceres was compiled with: 28.  Bounding to maximum number available.
[async_slam_toolbox_node-1] W0713 20:49:00.714272   360 preprocessor.cc:62] Specified options.num_threads: 50 exceeds maximum available from the threading model Ceres was compiled with: 28.  Bounding to maximum number available.
[async_slam_toolbox_node-1] W0713 20:49:15.540843   360 preprocessor.cc:62] Specified options.num_threads: 50 exceeds maximum available from the threading model Ceres was compiled with: 28.  Bounding to maximum number available.
[async_slam_toolbox_node-1] W0713 20:49:43.863212   360 preprocessor.cc:62] Specified options.num_threads: 50 exceeds maximum available from the threading model Ceres was compiled with: 28.  Bounding to maximum number available.
[async_slam_toolbox_node-1] W0713 20:50:25.693459   360 preprocessor.cc:62] Specified options.num_threads: 50 exceeds maximum available from the threading model Ceres was compiled with: 28.  Bounding to maximum number available.
[async_slam_toolbox_node-2] W0713 20:50:56.361792   362 preprocessor.cc:62] Specified options.num_threads: 50 exceeds maximum available from the threading model Ceres was compiled with: 28.  Bounding to maximum number available.
[async_slam_toolbox_node-1] W0713 20:51:02.658668   360 preprocessor.cc:62] Specified options.num_threads: 50 exceeds maximum available from the threading model Ceres was compiled with: 28.  Bounding to maximum number available.
[async_slam_toolbox_node-2] W0713 20:51:29.383071   362 preprocessor.cc:62] Specified options.num_threads: 50 exceeds maximum available from the threading model Ceres was compiled with: 28.  Bounding to maximum number available.
[async_slam_toolbox_node-1] W0713 20:57:07.607337   360 preprocessor.cc:62] Specified options.num_threads: 50 exceeds maximum available from the threading model Ceres was compiled with: 28.  Bounding to maximum number available.
[async_slam_toolbox_node-2] W0713 20:59:18.661564   362 preprocessor.cc:62] Specified options.num_threads: 50 exceeds maximum available from the threading model Ceres was compiled with: 28.  Bounding to maximum number available.
[async_slam_toolbox_node-2] W0713 20:59:30.746467   362 preprocessor.cc:62] Specified options.num_threads: 50 exceeds maximum available from the threading model Ceres was compiled with: 28.  Bounding to maximum number available.
[async_slam_toolbox_node-2] W0713 20:59:44.184803   362 preprocessor.cc:62] Specified options.num_threads: 50 exceeds maximum available from the threading model Ceres was compiled with: 28.  Bounding to maximum number available.
[async_slam_toolbox_node-2] W0713 21:00:42.732918   362 preprocessor.cc:62] Specified options.num_threads: 50 exceeds maximum available from the threading model Ceres was compiled with: 28.  Bounding to maximum number available.
[async_slam_toolbox_node-2] W0713 21:01:13.671010   362 preprocessor.cc:62] Specified options.num_threads: 50 exceeds maximum available from the threading model Ceres was compiled with: 28.  Bounding to maximum number available.
[async_slam_toolbox_node-2] W0713 21:01:37.938759   362 preprocessor.cc:62] Specified options.num_threads: 50 exceeds maximum available from the threading model Ceres was compiled with: 28.  Bounding to maximum number available.
[async_slam_toolbox_node-1] [INFO] [1783976572.013507596] [leo1.slam_toolbox]: SlamToolbox: Saving map as /ros2_ws/maps/leo1_map.
[async_slam_toolbox_node-1] [INFO] [1783976574.560411469] [leo1.map_saver]: 
[async_slam_toolbox_node-1] 	map_saver lifecycle node launched. 
[async_slam_toolbox_node-1] 	Waiting on external lifecycle transitions to activate
[async_slam_toolbox_node-1] 	See https://design.ros2.org/articles/node_lifecycle.html for more information.
[async_slam_toolbox_node-1] [INFO] [1783976574.560515540] [leo1.map_saver]: Creating
[async_slam_toolbox_node-1] [INFO] [1783976574.561710648] [leo1.map_saver]: Configuring
[async_slam_toolbox_node-1] [INFO] [1783976574.589525055] [leo1.map_saver]: Saving map from 'map' topic to '/ros2_ws/maps/leo1_map' file
[async_slam_toolbox_node-1] [WARN] [1783976574.589563750] [leo1.map_saver]: Free threshold unspecified. Setting it to default value: 0.250000
[async_slam_toolbox_node-1] [WARN] [1783976574.589577112] [leo1.map_saver]: Occupied threshold unspecified. Setting it to default value: 0.650000
[async_slam_toolbox_node-1] [WARN] [1783976574.593808134] [map_io]: Image format unspecified. Setting it to: pgm
[async_slam_toolbox_node-1] [INFO] [1783976574.593859472] [map_io]: Received a 479 X 319 map @ 0.05 m/pix
[async_slam_toolbox_node-1] [INFO] [1783976574.641959984] [map_io]: Writing map occupancy data to /ros2_ws/maps/leo1_map.pgm
[async_slam_toolbox_node-1] [INFO] [1783976574.662473051] [map_io]: Writing map metadata to /ros2_ws/maps/leo1_map.yaml
[async_slam_toolbox_node-1] [INFO] [1783976574.664413100] [map_io]: Map saved
[async_slam_toolbox_node-1] [INFO] [1783976574.664452310] [leo1.map_saver]: Map saved successfully
[async_slam_toolbox_node-1] [INFO] [1783976574.666315175] [leo1.map_saver]: Destroying
[async_slam_toolbox_node-1] Save To File /ros2_ws/maps/leo1_map.posegraph 
[async_slam_toolbox_node-1] Mapper <- Module
[async_slam_toolbox_node-1] Mapper <- m_pSequentialScanMatcher
[async_slam_toolbox_node-1] Mapper <- m_pGraph
[async_slam_toolbox_node-1] MapperGraph <- Graph; Graph <- m_Edges; Graph <- m_Vertices
[async_slam_toolbox_node-1] MapperGraph <- m_pMapper; MapperGraph <- m_pLoopScanMatcher; MapperGraph <- m_pTraversal
[async_slam_toolbox_node-1] Mapper <- m_pMapperSensorManager
[async_slam_toolbox_node-1] MapperSensorManager <- m_ScanManagers; MapperSensorManager <- m_Scans
[async_slam_toolbox_node-1] Mapper <- m_Listeners
[async_slam_toolbox_node-1] **Finished serializing Mapper**
[async_slam_toolbox_node-1] Save To File
[async_slam_toolbox_node-1] **Serializing Dataset**
[async_slam_toolbox_node-1] Dataset <- m_SensorNameLookup
[async_slam_toolbox_node-1] Dataset <- m_Data
[async_slam_toolbox_node-1] Dataset <- m_Lasers
[async_slam_toolbox_node-1] Dataset <- m_pDatasetInfo
[async_slam_toolbox_node-1] **Finished serializing Dataset**
