[INFO] [launch]: All log files can be found below /root/.ros/log/2026-06-12-11-41-19-427588-0cbb187b1678-686
[INFO] [launch]: Default logging verbosity is set to INFO
[INFO] [frontier_explorer-1]: process started with pid [687]
[INFO] [mock_aruco_detector-2]: process started with pid [689]
[mock_aruco_detector-2] [INFO] [1781264482.083507348] [mock_aruco_detector]: Mock detector: 6 ground-truth markers
[frontier_explorer-1] [INFO] [1781264482.318734498] [frontier_explorer]: Frontier explorer up for "leo1" (base_frame=leo1/base_link)
[frontier_explorer-1] [WARN] [1781264482.567178376] [frontier_explorer]: Watchdog: work exists but no goal active and robot stationary - clearing costmaps
[frontier_explorer-1] [INFO] [1781264484.611902421] [frontier_explorer]: Initial pose recorded: (-0.00, 0.00)
[frontier_explorer-1] [INFO] [1781264484.652757438] [frontier_explorer]: Map has (almost) no walls yet - warmup drive for SLAM
[frontier_explorer-1] [INFO] [1781264493.012778472] [frontier_explorer]: New frontier goal: (-0.76, 0.70)
[frontier_explorer-1] [INFO] [1781264505.958109251] [frontier_explorer]: New frontier goal: (0.88, -1.45)
[frontier_explorer-1] [INFO] [1781264525.827094530] [frontier_explorer]: New frontier goal: (5.56, -0.07)
[frontier_explorer-1] [INFO] [1781264537.777162035] [frontier_explorer]: New frontier goal: (-7.79, -3.57)
[frontier_explorer-1] [INFO] [1781264562.306088081] [frontier_explorer]: New frontier goal: (-6.54, 7.93)
[frontier_explorer-1] [INFO] [1781264590.883952553] [frontier_explorer]: New frontier goal: (-8.04, -5.22)
[frontier_explorer-1] [INFO] [1781264611.365177115] [frontier_explorer]: New frontier goal: (-7.84, -5.98)
[frontier_explorer-1] [INFO] [1781264623.602820847] [frontier_explorer]: New frontier goal: (-8.20, -6.97)
[frontier_explorer-1] [INFO] [1781264635.971598048] [frontier_explorer]: New frontier goal: (5.25, -7.57)
[frontier_explorer-1] [INFO] [1781264648.472600350] [frontier_explorer]: No path to frontier goal (-6.91, 1.19), skipping
[frontier_explorer-1] [INFO] [1781264652.491314772] [frontier_explorer]: New frontier goal: (5.99, -7.56)
[frontier_explorer-1] [INFO] [1781264668.730436385] [frontier_explorer]: New frontier goal: (6.74, -7.91)
[frontier_explorer-1] [INFO] [1781264681.046894463] [frontier_explorer]: New frontier goal: (-7.26, 2.54)
[frontier_explorer-1] [INFO] [1781264742.345414616] [frontier_explorer]: New frontier goal: (-7.11, 3.29)
[frontier_explorer-1] [INFO] [1781264754.446459406] [frontier_explorer]: New frontier goal: (-8.86, 5.84)
[frontier_explorer-1] [INFO] [1781264766.654169310] [frontier_explorer]: New frontier goal: (-8.86, 7.34)
[frontier_explorer-1] [INFO] [1781264769.693127663] [frontier_explorer]: Item candidate id=3 at (-4.15, 2.00) - queued for verification
[frontier_explorer-1] [INFO] [1781264770.168649256] [frontier_explorer]: Item id=3 CONFIRMED at (-4.13, 2.00) after 2 views
[frontier_explorer-1] [INFO] [1781264779.010049700] [frontier_explorer]: New frontier goal: (-8.16, 8.54)
[frontier_explorer-1] [INFO] [1781264807.959934283] [frontier_explorer]: New frontier goal: (-1.02, 7.79)
[frontier_explorer-1] [INFO] [1781264819.978816381] [frontier_explorer]: No path to frontier goal (2.48, 7.14), skipping
[frontier_explorer-1] [INFO] [1781264823.985639505] [frontier_explorer]: New frontier goal: (3.63, 7.49)
[frontier_explorer-1] [INFO] [1781264836.176873304] [frontier_explorer]: New frontier goal: (7.13, 8.74)
[frontier_explorer-1] [INFO] [1781264848.387295340] [frontier_explorer]: New frontier goal: (8.73, 1.19)
[frontier_explorer-1] [WARN] [1781264869.497237909] [frontier_explorer]: frontier goal failed (status 6), blacklisted (8.73, 1.19)
[frontier_explorer-1] [INFO] [1781264872.841623391] [frontier_explorer]: New frontier goal: (7.93, 7.19)
[frontier_explorer-1] [INFO] [1781264885.092504579] [frontier_explorer]: New frontier goal: (8.18, 1.44)
[frontier_explorer-1] [INFO] [1781264897.376525680] [frontier_explorer]: New frontier goal: (7.38, 0.89)
[frontier_explorer-1] [INFO] [1781264913.702267690] [frontier_explorer]: New frontier goal: (6.68, 0.56)
[frontier_explorer-1] [INFO] [1781264938.304406152] [frontier_explorer]: New frontier goal: (8.63, -5.54)
[frontier_explorer-1] [WARN] [1781264975.315261629] [frontier_explorer]: frontier goal failed (status 6), blacklisted (8.63, -5.54)
[frontier_explorer-1] [INFO] [1781264975.511287995] [frontier_explorer]: New frontier goal: (6.33, 0.46)
[frontier_explorer-1] [INFO] [1781264991.955132905] [frontier_explorer]: New frontier goal: (6.23, -5.79)
[frontier_explorer-1] [INFO] [1781265015.709729809] [frontier_explorer]: Item candidate id=6 at (5.00, -3.90) - queued for verification
[frontier_explorer-1] [INFO] [1781265034.096319703] [frontier_explorer]: Item id=6 CONFIRMED at (4.98, -3.89) after 2 views
[frontier_explorer-1] [INFO] [1781265091.054000331] [frontier_explorer]: New frontier goal: (5.11, -5.39)
[frontier_explorer-1] [INFO] [1781265101.770979997] [frontier_explorer]: Item candidate id=5 at (9.84, -6.98) - queued for verification
[frontier_explorer-1] [INFO] [1781265102.272715638] [frontier_explorer]: Item id=5 CONFIRMED at (9.86, -6.98) after 2 views
[frontier_explorer-1] [INFO] [1781265107.388590776] [frontier_explorer]: New frontier goal: (3.91, -4.74)
[frontier_explorer-1] [INFO] [1781265119.643476249] [frontier_explorer]: New frontier goal: (3.41, -4.24)
[frontier_explorer-1] [INFO] [1781265131.985263440] [frontier_explorer]: New frontier goal: (-1.34, -7.24)
[frontier_explorer-1] [INFO] [1781265197.798914701] [frontier_explorer]: New frontier goal: (-7.44, 5.55)
[frontier_explorer-1] [INFO] [1781265365.895067264] [frontier_explorer]: New frontier goal: (7.72, 7.21)
[frontier_explorer-1] [INFO] [1781265566.443608173] [frontier_explorer]: New frontier goal: (7.06, 7.51)
[frontier_explorer-1] [INFO] [1781265619.749706748] [frontier_explorer]: Frontiers done - SWEEPING for camera coverage (43% of walls observed)
[frontier_explorer-1] [INFO] [1781265619.851245147] [frontier_explorer]: New sweep goal: (-7.93, -5.39)
[frontier_explorer-1] [INFO] [1781265793.832365802] [frontier_explorer]: Item candidate id=1 at (-9.87, -6.01) - queued for verification
[frontier_explorer-1] [INFO] [1781265794.353960171] [frontier_explorer]: Item id=1 CONFIRMED at (-9.87, -6.00) after 2 views
[frontier_explorer-1] [INFO] [1781265812.316326616] [frontier_explorer]: New sweep goal: (-2.58, 8.02)
[frontier_explorer-1] [INFO] [1781265963.526287942] [frontier_explorer]: New sweep goal: (-5.20, -6.12)
[frontier_explorer-1] [WARN] [1781266127.115427605] [frontier_explorer]: Sweep goal done but target (-4.10, -8.02) still unobserved - striking it
[frontier_explorer-1] [INFO] [1781266127.276507313] [frontier_explorer]: New sweep goal: (-5.31, -7.97)
[frontier_explorer-1] [INFO] [1781266155.982116053] [frontier_explorer]: New sweep goal: (4.99, -7.92)
[frontier_explorer-1] [WARN] [1781266208.950623630] [frontier_explorer]: No progress for 32s - clearing costmaps and retrying goal (4.99, -7.92)
[frontier_explorer-1] [INFO] [1781266323.292296672] [frontier_explorer]: New sweep goal: (-6.65, 8.01)
[frontier_explorer-1] [INFO] [1781266436.152809635] [frontier_explorer]: Item candidate id=4 at (-0.01, 3.88) - queued for verification
[frontier_explorer-1] [INFO] [1781266436.678809413] [frontier_explorer]: Item id=4 CONFIRMED at (-0.02, 3.86) after 2 views
[frontier_explorer-1] [INFO] [1781266502.155798275] [frontier_explorer]: Item candidate id=2 at (-6.96, 9.89) - queued for verification
[frontier_explorer-1] [INFO] [1781266502.667241006] [frontier_explorer]: Item id=2 CONFIRMED at (-6.97, 9.89) after 2 views
[frontier_explorer-1] [INFO] [1781266519.652243886] [frontier_explorer]: New sweep goal: (-7.95, -7.59)
[frontier_explorer-1] [INFO] [1781266678.694507358] [frontier_explorer]: New sweep goal: (-3.33, -7.74)
[frontier_explorer-1] [WARN] [1781266747.826060807] [frontier_explorer]: No progress for 32s - clearing costmaps and retrying goal (-3.33, -7.74)
[frontier_explorer-1] [INFO] [1781266825.663515159] [frontier_explorer]: New sweep goal: (7.70, -9.04)
[frontier_explorer-1] [INFO] [1781266952.336560282] [frontier_explorer]: New sweep goal: (3.10, 8.01)
[frontier_explorer-1] [INFO] [1781267131.936176939] [frontier_explorer]: New sweep goal: (-7.95, 1.30)
[frontier_explorer-1] [INFO] [1781267242.094831562] [frontier_explorer]: New sweep goal: (2.50, -1.94)
[frontier_explorer-1] [WARN] [1781267362.213489020] [frontier_explorer]: Watchdog: work exists but no goal active and robot stationary - clearing costmaps
[frontier_explorer-1] [INFO] [1781267364.338997499] [frontier_explorer]: New sweep goal: (6.85, -4.57)
[frontier_explorer-1] [WARN] [1781267409.225797564] [frontier_explorer]: No progress for 32s - clearing costmaps and retrying goal (6.85, -4.57)
[frontier_explorer-1] [INFO] [1781267482.986669355] [frontier_explorer]: New sweep goal: (8.90, 4.68)
[frontier_explorer-1] [WARN] [1781267625.916382733] [frontier_explorer]: No progress for 32s - clearing costmaps and retrying goal (8.90, 4.68)
[frontier_explorer-1] [INFO] [1781267687.559983724] [frontier_explorer]: New sweep goal: (-7.65, 9.51)
[frontier_explorer-1] [INFO] [1781267900.888506246] [frontier_explorer]: New sweep goal: (-7.94, 4.61)
[frontier_explorer-1] [WARN] [1781267986.492550575] [frontier_explorer]: No progress for 32s - clearing costmaps and retrying goal (-7.94, 4.61)
[frontier_explorer-1] [INFO] [1781267994.722145072] [frontier_explorer]: New sweep goal: (-0.61, 8.00)
[frontier_explorer-1] [INFO] [1781268100.752187629] [frontier_explorer]: New sweep goal: (-1.97, -8.09)
[frontier_explorer-1] [WARN] [1781268309.290891212] [frontier_explorer]: No progress for 32s - clearing costmaps and retrying goal (-1.97, -8.09)
[frontier_explorer-1] [WARN] [1781268344.132868772] [frontier_explorer]: Watchdog: work exists but no goal active and robot stationary - clearing costmaps
[frontier_explorer-1] [INFO] [1781268346.265875466] [frontier_explorer]: New sweep goal: (3.42, -0.39)
[frontier_explorer-1] [INFO] [1781268460.686347317] [frontier_explorer]: New sweep goal: (-7.66, -1.54)
[frontier_explorer-1] [INFO] [1781268579.153970244] [frontier_explorer]: New sweep goal: (-2.86, 7.70)
[frontier_explorer-1] [INFO] [1781268685.212235315] [frontier_explorer]: New sweep goal: (1.39, 3.38)
[frontier_explorer-1] [INFO] [1781268811.891946652] [frontier_explorer]: New sweep goal: (3.09, -1.94)
[frontier_explorer-1] [INFO] [1781268881.503534872] [frontier_explorer]: New sweep goal: (-4.62, -9.30)
[frontier_explorer-1] [INFO] [1781268967.226001075] [frontier_explorer]: New frontiers - back to EXPLORING
[frontier_explorer-1] [INFO] [1781269049.704788159] [frontier_explorer]: New frontier goal: (-0.86, -9.77)
[frontier_explorer-1] [WARN] [1781269086.472615907] [frontier_explorer]: No progress for 32s - clearing costmaps and retrying goal (-0.86, -9.77)
[frontier_explorer-1] [WARN] [1781269123.293227952] [frontier_explorer]: Still no progress after costmap clear, blacklisting goal (-0.86, -9.77)
[frontier_explorer-1] [INFO] [1781269127.416870102] [frontier_explorer]: No path to frontier goal (-9.16, -10.22), skipping
[frontier_explorer-1] [INFO] [1781269131.536317237] [frontier_explorer]: New frontier goal: (-7.21, 5.48)
[frontier_explorer-1] [WARN] [1781269254.067660448] [frontier_explorer]: No progress for 32s - clearing costmaps and retrying goal (-7.21, 5.48)
[frontier_explorer-1] [WARN] [1781269291.073246336] [frontier_explorer]: Still no progress after costmap clear, blacklisting goal (-7.21, 5.48)
[frontier_explorer-1] [INFO] [1781269295.232365619] [frontier_explorer]: No path to frontier goal (-9.16, -10.22), skipping
[frontier_explorer-1] [INFO] [1781269299.293363488] [frontier_explorer]: New frontier goal: (-0.86, -9.77)
[frontier_explorer-1] [INFO] [1781269385.187819935] [frontier_explorer]: New frontier goal: (-7.21, 5.48)
[frontier_explorer-1] [WARN] [1781269520.141558641] [frontier_explorer]: No progress for 32s - clearing costmaps and retrying goal (-7.21, 5.48)
[frontier_explorer-1] [WARN] [1781269561.079156340] [frontier_explorer]: Still no progress after costmap clear, blacklisting goal (-7.21, 5.48)
[frontier_explorer-1] [WARN] [1781269561.152802941] [frontier_explorer]: Watchdog: work exists but no goal active and robot stationary - clearing costmaps
[frontier_explorer-1] [INFO] [1781269565.210532081] [frontier_explorer]: No path to frontier goal (-9.16, -10.22), skipping
[frontier_explorer-1] [INFO] [1781269569.323623912] [frontier_explorer]: New frontier goal: (-0.86, -9.77)
[frontier_explorer-1] [INFO] [1781269753.583006448] [frontier_explorer]: New frontier goal: (-0.86, -9.77)
[frontier_explorer-1] [INFO] [1781269761.831223397] [frontier_explorer]: New frontier goal: (-0.86, -9.77)
[frontier_explorer-1] [INFO] [1781269765.976845250] [frontier_explorer]: New frontier goal: (-0.86, -9.77)
[frontier_explorer-1] [INFO] [1781269770.053822885] [frontier_explorer]: New frontier goal: (-0.86, -9.77)
[frontier_explorer-1] [INFO] [1781269774.158041708] [frontier_explorer]: New frontier goal: (-0.86, -9.77)
[frontier_explorer-1] [WARN] [1781269776.124385432] [frontier_explorer]: Watchdog: work exists but no goal active and robot stationary - clearing costmaps
[frontier_explorer-1] [INFO] [1781269778.280384279] [frontier_explorer]: New frontier goal: (-0.86, -9.77)
[frontier_explorer-1] [INFO] [1781269782.375309543] [frontier_explorer]: New frontier goal: (-0.86, -9.77)
[frontier_explorer-1] [INFO] [1781269790.590024367] [frontier_explorer]: New frontier goal: (-0.86, -9.77)
[frontier_explorer-1] [INFO] [1781269794.713471414] [frontier_explorer]: New frontier goal: (-0.86, -9.77)
[frontier_explorer-1] [INFO] [1781269798.843578304] [frontier_explorer]: New frontier goal: (-0.86, -9.77)
[frontier_explorer-1] [INFO] [1781269802.955095384] [frontier_explorer]: New frontier goal: (-0.86, -9.77)
[frontier_explorer-1] [INFO] [1781269807.081987170] [frontier_explorer]: New frontier goal: (-0.86, -9.77)
[frontier_explorer-1] [INFO] [1781269811.138556246] [frontier_explorer]: New frontier goal: (-0.86, -9.77)
[frontier_explorer-1] [INFO] [1781269815.276647680] [frontier_explorer]: New frontier goal: (-0.86, -9.77)
[frontier_explorer-1] [WARN] [1781269817.229010606] [frontier_explorer]: Watchdog: work exists but no goal active and robot stationary - clearing costmaps
[frontier_explorer-1] [WARN] [1781269817.282491440] [frontier_explorer]: Watchdog: resetting blacklist
[frontier_explorer-1] [INFO] [1781269819.399603173] [frontier_explorer]: New frontier goal: (-0.86, -9.77)
[frontier_explorer-1] [INFO] [1781269823.475763791] [frontier_explorer]: New frontier goal: (-0.86, -9.77)
[frontier_explorer-1] [INFO] [1781269827.634625057] [frontier_explorer]: New frontier goal: (-0.86, -9.77)
[frontier_explorer-1] [INFO] [1781269831.704859308] [frontier_explorer]: New frontier goal: (-0.86, -9.77)
[frontier_explorer-1] [INFO] [1781269835.816207153] [frontier_explorer]: New frontier goal: (-0.86, -9.77)
[frontier_explorer-1] [WARN] [1781269837.794372740] [frontier_explorer]: Watchdog: work exists but no goal active and robot stationary - clearing costmaps
[frontier_explorer-1] [INFO] [1781269839.935334611] [frontier_explorer]: New frontier goal: (-0.86, -9.77)
[frontier_explorer-1] [INFO] [1781269844.069017056] [frontier_explorer]: New frontier goal: (-0.86, -9.77)
[frontier_explorer-1] [INFO] [1781269848.221238115] [frontier_explorer]: New frontier goal: (-0.86, -9.77)
[frontier_explorer-1] [INFO] [1781269852.309854609] [frontier_explorer]: New frontier goal: (-0.86, -9.77)
[frontier_explorer-1] [INFO] [1781269856.445759243] [frontier_explorer]: New frontier goal: (-0.86, -9.77)
[frontier_explorer-1] [WARN] [1781269858.408580978] [frontier_explorer]: Watchdog: work exists but no goal active and robot stationary - clearing costmaps
[frontier_explorer-1] [INFO] [1781269860.554988980] [frontier_explorer]: New frontier goal: (-0.86, -9.77)
[frontier_explorer-1] [INFO] [1781269864.640198771] [frontier_explorer]: New frontier goal: (-0.86, -9.77)
[frontier_explorer-1] [INFO] [1781269868.791590642] [frontier_explorer]: New frontier goal: (-0.86, -9.77)
[frontier_explorer-1] [INFO] [1781269872.865920793] [frontier_explorer]: New frontier goal: (-0.86, -9.77)
[frontier_explorer-1] [WARN] [1781269878.947313590] [frontier_explorer]: Watchdog: work exists but no goal active and robot stationary - clearing costmaps
[frontier_explorer-1] [WARN] [1781269878.991367617] [frontier_explorer]: Watchdog: resetting blacklist
[frontier_explorer-1] [INFO] [1781269881.097193506] [frontier_explorer]: New frontier goal: (-0.86, -9.77)
[frontier_explorer-1] [INFO] [1781269885.200116707] [frontier_explorer]: New frontier goal: (-0.86, -9.77)
[frontier_explorer-1] [INFO] [1781269889.350894184] [frontier_explorer]: New frontier goal: (-0.86, -9.77)
[frontier_explorer-1] [INFO] [1781269893.439902334] [frontier_explorer]: New frontier goal: (-0.86, -9.77)
[frontier_explorer-1] [INFO] [1781269897.541392978] [frontier_explorer]: New frontier goal: (-0.86, -9.77)
[frontier_explorer-1] [INFO] [1781269905.793667950] [frontier_explorer]: New frontier goal: (-0.86, -9.77)
[frontier_explorer-1] [INFO] [1781269909.950352470] [frontier_explorer]: New frontier goal: (-0.86, -9.77)
[frontier_explorer-1] [INFO] [1781269914.027579520] [frontier_explorer]: New frontier goal: (-0.86, -9.77)
[frontier_explorer-1] [INFO] [1781269922.287670014] [frontier_explorer]: New frontier goal: (-0.86, -9.77)
[frontier_explorer-1] [INFO] [1781269926.403334959] [frontier_explorer]: New frontier goal: (-0.86, -9.77)
[frontier_explorer-1] [INFO] [1781269930.532081686] [frontier_explorer]: New frontier goal: (-0.86, -9.77)
[frontier_explorer-1] [INFO] [1781269934.592615902] [frontier_explorer]: New frontier goal: (-0.86, -9.77)
[frontier_explorer-1] [INFO] [1781269938.710743228] [frontier_explorer]: New frontier goal: (-0.86, -9.77)
[frontier_explorer-1] [WARN] [1781269940.690727799] [frontier_explorer]: Watchdog: work exists but no goal active and robot stationary - clearing costmaps
[frontier_explorer-1] [INFO] [1781269942.831235607] [frontier_explorer]: New frontier goal: (-0.86, -9.77)
[frontier_explorer-1] [INFO] [1781269946.946055959] [frontier_explorer]: New frontier goal: (-0.86, -9.77)
[frontier_explorer-1] [INFO] [1781269951.094056665] [frontier_explorer]: New frontier goal: (-0.86, -9.77)
[frontier_explorer-1] [INFO] [1781269955.178323988] [frontier_explorer]: New frontier goal: (-0.86, -9.77)
[frontier_explorer-1] [INFO] [1781269959.294601028] [frontier_explorer]: New frontier goal: (-0.86, -9.77)
[frontier_explorer-1] [INFO] [1781269967.528569898] [frontier_explorer]: New frontier goal: (-0.86, -9.77)
[frontier_explorer-1] [INFO] [1781269971.675806875] [frontier_explorer]: New frontier goal: (-0.86, -9.77)
[frontier_explorer-1] [INFO] [1781269975.736567097] [frontier_explorer]: New frontier goal: (-0.86, -9.77)
[frontier_explorer-1] [INFO] [1781269979.871646936] [frontier_explorer]: New frontier goal: (-0.86, -9.77)
[frontier_explorer-1] [INFO] [1781269988.093103945] [frontier_explorer]: New frontier goal: (-0.86, -9.77)
[frontier_explorer-1] [INFO] [1781269992.266767228] [frontier_explorer]: New frontier goal: (-0.86, -9.77)
[frontier_explorer-1] [INFO] [1781269996.357995650] [frontier_explorer]: New frontier goal: (-0.86, -9.77)
[frontier_explorer-1] [INFO] [1781270000.471165986] [frontier_explorer]: New frontier goal: (-0.86, -9.77)
[frontier_explorer-1] [INFO] [1781270008.684039189] [frontier_explorer]: New frontier goal: (-0.86, -9.77)
[frontier_explorer-1] [INFO] [1781270012.837644450] [frontier_explorer]: New frontier goal: (-0.86, -9.77)
[frontier_explorer-1] [INFO] [1781270016.929611176] [frontier_explorer]: New frontier goal: (-0.86, -9.77)
[frontier_explorer-1] [INFO] [1781270025.176950948] [frontier_explorer]: New frontier goal: (-0.86, -9.77)
[frontier_explorer-1] [INFO] [1781270029.292446863] [frontier_explorer]: New frontier goal: (-0.86, -9.77)
[frontier_explorer-1] [INFO] [1781270033.463095767] [frontier_explorer]: New frontier goal: (-0.86, -9.77)
[frontier_explorer-1] [INFO] [1781270037.536316715] [frontier_explorer]: New frontier goal: (-0.86, -9.77)
[frontier_explorer-1] [INFO] [1781270049.874531438] [frontier_explorer]: New frontier goal: (-0.86, -9.77)
[frontier_explorer-1] [INFO] [1781270054.030918122] [frontier_explorer]: New frontier goal: (-0.86, -9.77)
[frontier_explorer-1] [INFO] [1781270058.117039685] [frontier_explorer]: New frontier goal: (-0.86, -9.77)
[frontier_explorer-1] [INFO] [1781270062.243480074] [frontier_explorer]: New frontier goal: (-0.86, -9.77)
[frontier_explorer-1] [INFO] [1781270066.366414822] [frontier_explorer]: New frontier goal: (-0.86, -9.77)
[frontier_explorer-1] [INFO] [1781270070.472227173] [frontier_explorer]: New frontier goal: (-0.86, -9.77)
[frontier_explorer-1] [INFO] [1781270074.611433255] [frontier_explorer]: New frontier goal: (-0.86, -9.77)
[frontier_explorer-1] [INFO] [1781270078.683509614] [frontier_explorer]: New frontier goal: (-0.86, -9.77)
[frontier_explorer-1] [INFO] [1781270082.788266424] [frontier_explorer]: New frontier goal: (-0.86, -9.77)
[frontier_explorer-1] [WARN] [1781270084.764845435] [frontier_explorer]: Watchdog: work exists but no goal active and robot stationary - clearing costmaps
[frontier_explorer-1] [INFO] [1781270086.910936590] [frontier_explorer]: New frontier goal: (-0.86, -9.77)
[frontier_explorer-1] [INFO] [1781270091.023934303] [frontier_explorer]: New frontier goal: (-0.86, -9.77)
[frontier_explorer-1] [INFO] [1781270099.269940476] [frontier_explorer]: New frontier goal: (-0.86, -9.77)
[frontier_explorer-1] [WARN] [1781270105.378685065] [frontier_explorer]: Watchdog: work exists but no goal active and robot stationary - clearing costmaps
[frontier_explorer-1] [WARN] [1781270105.423869705] [frontier_explorer]: Watchdog: resetting blacklist
[frontier_explorer-1] [INFO] [1781270107.501175684] [frontier_explorer]: New frontier goal: (-0.86, -9.77)
[frontier_explorer-1] [INFO] [1781270111.656780500] [frontier_explorer]: New frontier goal: (-0.86, -9.77)
[frontier_explorer-1] [INFO] [1781270115.761280681] [frontier_explorer]: New frontier goal: (-0.86, -9.77)
[frontier_explorer-1] [INFO] [1781270119.855448001] [frontier_explorer]: New frontier goal: (-0.86, -9.77)
[frontier_explorer-1] [INFO] [1781270123.978293019] [frontier_explorer]: New frontier goal: (-0.86, -9.77)
[frontier_explorer-1] [INFO] [1781270128.083198822] [frontier_explorer]: New frontier goal: (-0.86, -9.77)
[frontier_explorer-1] [INFO] [1781270132.201683162] [frontier_explorer]: New frontier goal: (-0.86, -9.77)
[frontier_explorer-1] [INFO] [1781270136.341525618] [frontier_explorer]: New frontier goal: (-0.86, -9.77)
[frontier_explorer-1] [INFO] [1781270140.424928450] [frontier_explorer]: New frontier goal: (-0.86, -9.77)
[frontier_explorer-1] [INFO] [1781270144.526882642] [frontier_explorer]: New frontier goal: (-0.86, -9.77)
[frontier_explorer-1] [INFO] [1781270152.803566919] [frontier_explorer]: New frontier goal: (-0.86, -9.77)
[frontier_explorer-1] [INFO] [1781270156.961630472] [frontier_explorer]: New frontier goal: (-0.86, -9.77)
[frontier_explorer-1] [INFO] [1781270161.037438869] [frontier_explorer]: New frontier goal: (-0.86, -9.77)
[frontier_explorer-1] [INFO] [1781270165.159196921] [frontier_explorer]: New frontier goal: (-0.86, -9.77)
[frontier_explorer-1] [WARN] [1781270167.132194399] [frontier_explorer]: Watchdog: work exists but no goal active and robot stationary - clearing costmaps
[frontier_explorer-1] [INFO] [1781270169.274446162] [frontier_explorer]: New frontier goal: (-0.86, -9.77)
[frontier_explorer-1] [INFO] [1781270177.539582489] [frontier_explorer]: New frontier goal: (-0.86, -9.77)
[frontier_explorer-1] [INFO] [1781270181.637818060] [frontier_explorer]: New frontier goal: (-0.86, -9.77)
[frontier_explorer-1] [INFO] [1781270185.727633182] [frontier_explorer]: New frontier goal: (-0.86, -9.77)
[frontier_explorer-1] [INFO] [1781270198.114469716] [frontier_explorer]: New frontier goal: (-0.86, -9.77)
[frontier_explorer-1] [INFO] [1781270206.318491006] [frontier_explorer]: New frontier goal: (-0.86, -9.77)
[frontier_explorer-1] [INFO] [1781270210.433537866] [frontier_explorer]: New frontier goal: (-0.86, -9.77)
[frontier_explorer-1] [INFO] [1781270226.914922774] [frontier_explorer]: New frontier goal: (-0.86, -9.77)
[frontier_explorer-1] [WARN] [1781270228.880795804] [frontier_explorer]: Watchdog: work exists but no goal active and robot stationary - clearing costmaps
[frontier_explorer-1] [INFO] [1781270231.013886385] [frontier_explorer]: New frontier goal: (-0.86, -9.77)
[frontier_explorer-1] [INFO] [1781270235.122843888] [frontier_explorer]: New frontier goal: (-0.86, -9.77)
[frontier_explorer-1] [INFO] [1781270239.275249994] [frontier_explorer]: New frontier goal: (-0.86, -9.77)
[frontier_explorer-1] [INFO] [1781270243.360390760] [frontier_explorer]: New frontier goal: (-0.86, -9.77)
[frontier_explorer-1] [INFO] [1781270247.480769225] [frontier_explorer]: New frontier goal: (-0.86, -9.77)
[frontier_explorer-1] [WARN] [1781270249.446059312] [frontier_explorer]: Watchdog: work exists but no goal active and robot stationary - clearing costmaps
[frontier_explorer-1] [WARN] [1781270249.489566736] [frontier_explorer]: Watchdog: resetting blacklist
[frontier_explorer-1] [INFO] [1781270251.580967305] [frontier_explorer]: New frontier goal: (-0.86, -9.77)
[frontier_explorer-1] [INFO] [1781270259.844494671] [frontier_explorer]: New frontier goal: (-0.86, -9.77)
[frontier_explorer-1] [INFO] [1781270263.941695357] [frontier_explorer]: New frontier goal: (-0.86, -9.77)
[frontier_explorer-1] [INFO] [1781270268.068403947] [frontier_explorer]: New frontier goal: (-0.86, -9.77)
[frontier_explorer-1] [WARN] [1781270270.024121807] [frontier_explorer]: Watchdog: work exists but no goal active and robot stationary - clearing costmaps
[frontier_explorer-1] [INFO] [1781270272.179031000] [frontier_explorer]: New frontier goal: (-0.86, -9.77)
[frontier_explorer-1] [INFO] [1781270276.286348772] [frontier_explorer]: New frontier goal: (-0.86, -9.77)
[frontier_explorer-1] [INFO] [1781270284.530384746] [frontier_explorer]: New frontier goal: (-0.86, -9.77)
[frontier_explorer-1] [INFO] [1781270292.778688425] [frontier_explorer]: New frontier goal: (-0.86, -9.77)
[frontier_explorer-1] [INFO] [1781270296.920691541] [frontier_explorer]: New frontier goal: (-0.86, -9.77)
[frontier_explorer-1] [INFO] [1781270301.064064870] [frontier_explorer]: New frontier goal: (-0.86, -9.77)
[frontier_explorer-1] [INFO] [1781270305.155793924] [frontier_explorer]: New frontier goal: (-0.86, -9.77)
[frontier_explorer-1] [INFO] [1781270309.256156253] [frontier_explorer]: New frontier goal: (-0.86, -9.77)
[frontier_explorer-1] [WARN] [1781270311.233329903] [frontier_explorer]: Watchdog: work exists but no goal active and robot stationary - clearing costmaps
[frontier_explorer-1] [INFO] [1781270313.388760292] [frontier_explorer]: New frontier goal: (-0.86, -9.77)
[frontier_explorer-1] [INFO] [1781270317.505822484] [frontier_explorer]: New frontier goal: (-0.86, -9.77)
[frontier_explorer-1] [INFO] [1781270321.655732963] [frontier_explorer]: New frontier goal: (-0.86, -9.77)
[frontier_explorer-1] [INFO] [1781270325.718617662] [frontier_explorer]: New frontier goal: (-0.86, -9.77)
[frontier_explorer-1] [INFO] [1781270329.856052626] [frontier_explorer]: New frontier goal: (-0.86, -9.77)
[frontier_explorer-1] [WARN] [1781270331.846267315] [frontier_explorer]: Watchdog: work exists but no goal active and robot stationary - clearing costmaps
[frontier_explorer-1] [WARN] [1781270331.886730878] [frontier_explorer]: Watchdog: resetting blacklist
[frontier_explorer-1] [INFO] [1781270333.973378106] [frontier_explorer]: New frontier goal: (-0.86, -9.77)
[frontier_explorer-1] [INFO] [1781270338.090043240] [frontier_explorer]: New frontier goal: (-0.86, -9.77)
[frontier_explorer-1] [INFO] [1781270342.267622479] [frontier_explorer]: New frontier goal: (-0.86, -9.77)
[frontier_explorer-1] [INFO] [1781270346.333705637] [frontier_explorer]: New frontier goal: (-0.86, -9.77)
[frontier_explorer-1] [INFO] [1781270350.455069272] [frontier_explorer]: New frontier goal: (-0.86, -9.77)
[frontier_explorer-1] [WARN] [1781270352.421273744] [frontier_explorer]: Watchdog: work exists but no goal active and robot stationary - clearing costmaps
[frontier_explorer-1] [INFO] [1781270354.563407882] [frontier_explorer]: New frontier goal: (-0.86, -9.77)
[frontier_explorer-1] [INFO] [1781270358.676730351] [frontier_explorer]: New frontier goal: (-0.86, -9.77)
[frontier_explorer-1] [INFO] [1781270362.819714505] [frontier_explorer]: New frontier goal: (-0.86, -9.77)
[frontier_explorer-1] [INFO] [1781270366.889583694] [frontier_explorer]: New frontier goal: (-0.86, -9.77)
[frontier_explorer-1] [WARN] [1781270372.993120701] [frontier_explorer]: Watchdog: work exists but no goal active and robot stationary - clearing costmaps
[frontier_explorer-1] [INFO] [1781270375.118163466] [frontier_explorer]: New frontier goal: (-0.86, -9.77)
[frontier_explorer-1] [INFO] [1781270379.241534550] [frontier_explorer]: New frontier goal: (-0.86, -9.77)
[frontier_explorer-1] [INFO] [1781270383.424182824] [frontier_explorer]: New frontier goal: (-0.86, -9.77)
