[INFO] [launch]: All log files can be found below /home/smirn/.ros/log/2026-08-20-04-01-30-963637-Tornadosky-103597
[INFO] [launch]: Default logging verbosity is set to INFO
[INFO] [aruco_detector-1]: process started with pid [103598]
[aruco_detector-1] [INFO] [1787191291.571796674] [aruco_detector]: aruco_detector: dict=DICT_4X4_50 len=0.2 m image=/leo1/camera/image optical_frame=False map_frame=map cv2=4.5.4 allowed_ids=[1, 2, 3, 4, 5, 6, 7, 8]
[aruco_detector-1] [INFO] [1787191291.573323137] [aruco_detector]: frames=0 with_detections=0 confirmed=[] pending=[]
[aruco_detector-1] [INFO] [1787191291.603113684] [aruco_detector]: camera intrinsics: fx=554.4 fy=554.4 cx=320.0 cy=240.0 distortion=5 coeffs
[aruco_detector-1] [INFO] [1787191295.598076995] [aruco_detector]: frames=20 with_detections=0 confirmed=[] pending=[]
[aruco_detector-1] [INFO] [1787191305.610042368] [aruco_detector]: frames=70 with_detections=0 confirmed=[] pending=[]
[aruco_detector-1] [INFO] [1787191315.648142514] [aruco_detector]: frames=120 with_detections=0 confirmed=[] pending=[]
[aruco_detector-1] [INFO] [1787191325.648106268] [aruco_detector]: frames=170 with_detections=0 confirmed=[] pending=[]
[aruco_detector-1] [INFO] [1787191335.649026902] [aruco_detector]: frames=220 with_detections=0 confirmed=[] pending=[]
[aruco_detector-1] [INFO] [1787191345.649140158] [aruco_detector]: frames=270 with_detections=0 confirmed=[] pending=[]
[aruco_detector-1] [INFO] [1787191346.884576571] [aruco_detector]: ArUco 4 CONFIRMED at map (-3.41, 3.64, 0.13) range 4.50 m, reproj 0.23 px
[aruco_detector-1] [WARN] [1787191348.082520584] [aruco_detector]: ignoring ArUco id 21: not in allowed_ids [1, 2, 3, 4, 5, 6, 7, 8]
[aruco_detector-1] [INFO] [1787191355.648994346] [aruco_detector]: frames=320 with_detections=20 confirmed=[4] pending=[]
[aruco_detector-1] [INFO] [1787191365.648315463] [aruco_detector]: frames=370 with_detections=20 confirmed=[4] pending=[]
[aruco_detector-1] [INFO] [1787191375.648293605] [aruco_detector]: frames=420 with_detections=58 confirmed=[4] pending=[]
[aruco_detector-1] [INFO] [1787191385.648446871] [aruco_detector]: frames=470 with_detections=78 confirmed=[4] pending=[]
[aruco_detector-1] [INFO] [1787191395.646836284] [aruco_detector]: frames=520 with_detections=78 confirmed=[4] pending=[]
[aruco_detector-1] [INFO] [1787191405.646666099] [aruco_detector]: frames=570 with_detections=78 confirmed=[4] pending=[]
[aruco_detector-1] [INFO] [1787191415.646645351] [aruco_detector]: frames=620 with_detections=78 confirmed=[4] pending=[]
[aruco_detector-1] [INFO] [1787191425.644975790] [aruco_detector]: frames=670 with_detections=85 confirmed=[4] pending=[]
[aruco_detector-1] [INFO] [1787191426.679695874] [aruco_detector]: ArUco 2 CONFIRMED at map (8.66, 0.78, 0.14) range 5.92 m, reproj 0.06 px
[aruco_detector-1] [INFO] [1787191435.644994844] [aruco_detector]: frames=720 with_detections=93 confirmed=[2, 4] pending=[]
[aruco_detector-1] [INFO] [1787191445.645205452] [aruco_detector]: frames=770 with_detections=93 confirmed=[2, 4] pending=[]
[aruco_detector-1] [INFO] [1787191455.643329369] [aruco_detector]: frames=820 with_detections=93 confirmed=[2, 4] pending=[]
[aruco_detector-1] [INFO] [1787191465.643423954] [aruco_detector]: frames=870 with_detections=93 confirmed=[2, 4] pending=[]
[aruco_detector-1] [INFO] [1787191475.646503709] [aruco_detector]: frames=920 with_detections=97 confirmed=[2, 4] pending=[]
[aruco_detector-1] [INFO] [1787191484.478293694] [aruco_detector]: ArUco 1 CONFIRMED at map (-9.79, -0.50, 0.14) range 5.88 m, reproj 0.21 px
[aruco_detector-1] [INFO] [1787191485.645732638] [aruco_detector]: frames=970 with_detections=114 confirmed=[1, 2, 4] pending=[]
[aruco_detector-1] [INFO] [1787191491.081163237] [aruco_detector]: ArUco 6 CONFIRMED at map (-10.16, -4.16, 0.14) range 5.71 m, reproj 0.07 px
[aruco_detector-1] [INFO] [1787191495.645685751] [aruco_detector]: frames=1020 with_detections=148 confirmed=[1, 2, 4, 6] pending=[]
[aruco_detector-1] [INFO] [1787191505.645848265] [aruco_detector]: frames=1070 with_detections=161 confirmed=[1, 2, 4, 6] pending=[]
[aruco_detector-1] [INFO] [1787191515.645024070] [aruco_detector]: frames=1120 with_detections=161 confirmed=[1, 2, 4, 6] pending=[]
[aruco_detector-1] [INFO] [1787191525.644936334] [aruco_detector]: frames=1170 with_detections=161 confirmed=[1, 2, 4, 6] pending=[]
[aruco_detector-1] [INFO] [1787191535.645002504] [aruco_detector]: frames=1220 with_detections=161 confirmed=[1, 2, 4, 6] pending=[]
[aruco_detector-1] [INFO] [1787191545.644878575] [aruco_detector]: frames=1270 with_detections=161 confirmed=[1, 2, 4, 6] pending=[]
[aruco_detector-1] [INFO] [1787191555.644779539] [aruco_detector]: frames=1320 with_detections=161 confirmed=[1, 2, 4, 6] pending=[]
[aruco_detector-1] [INFO] [1787191565.648079849] [aruco_detector]: frames=1370 with_detections=162 confirmed=[1, 2, 4, 6] pending=[]
[aruco_detector-1] [INFO] [1787191575.657168391] [aruco_detector]: frames=1420 with_detections=166 confirmed=[1, 2, 4, 6] pending=[]
[aruco_detector-1] [INFO] [1787191585.662473508] [aruco_detector]: frames=1470 with_detections=191 confirmed=[1, 2, 4, 6] pending=[]
[aruco_detector-1] [INFO] [1787191595.662649583] [aruco_detector]: frames=1520 with_detections=209 confirmed=[1, 2, 4, 6] pending=[]
[aruco_detector-1] [INFO] [1787191605.661615595] [aruco_detector]: frames=1570 with_detections=209 confirmed=[1, 2, 4, 6] pending=[]
[aruco_detector-1] [INFO] [1787191615.661774092] [aruco_detector]: frames=1620 with_detections=209 confirmed=[1, 2, 4, 6] pending=[]
[aruco_detector-1] [INFO] [1787191625.661954417] [aruco_detector]: frames=1670 with_detections=211 confirmed=[1, 2, 4, 6] pending=[7]
[aruco_detector-1] [INFO] [1787191625.699843268] [aruco_detector]: ArUco 7 CONFIRMED at map (4.80, -7.20, 0.12) range 5.30 m, reproj 1.92 px
[aruco_detector-1] [INFO] [1787191635.662748689] [aruco_detector]: frames=1720 with_detections=261 confirmed=[1, 2, 4, 6, 7] pending=[]
[aruco_detector-1] [INFO] [1787191645.662718433] [aruco_detector]: frames=1770 with_detections=262 confirmed=[1, 2, 4, 6, 7] pending=[]
[aruco_detector-1] [INFO] [1787191655.662819558] [aruco_detector]: frames=1820 with_detections=262 confirmed=[1, 2, 4, 6, 7] pending=[]
[aruco_detector-1] [INFO] [1787191665.662587983] [aruco_detector]: frames=1870 with_detections=262 confirmed=[1, 2, 4, 6, 7] pending=[]
[aruco_detector-1] [INFO] [1787191675.662498535] [aruco_detector]: frames=1920 with_detections=262 confirmed=[1, 2, 4, 6, 7] pending=[]
[aruco_detector-1] [INFO] [1787191685.662377192] [aruco_detector]: frames=1970 with_detections=262 confirmed=[1, 2, 4, 6, 7] pending=[]
[aruco_detector-1] [INFO] [1787191692.694900484] [aruco_detector]: ArUco 5 CONFIRMED at map (9.67, 3.84, 0.13) range 5.85 m, reproj 0.43 px
[aruco_detector-1] [INFO] [1787191695.662788677] [aruco_detector]: frames=2020 with_detections=276 confirmed=[1, 2, 4, 5, 6, 7] pending=[]
[aruco_detector-1] [INFO] [1787191705.662546237] [aruco_detector]: frames=2070 with_detections=304 confirmed=[1, 2, 4, 5, 6, 7] pending=[]
[aruco_detector-1] [INFO] [1787191715.662694628] [aruco_detector]: frames=2120 with_detections=313 confirmed=[1, 2, 4, 5, 6, 7] pending=[]
[aruco_detector-1] [INFO] [1787191725.679340963] [aruco_detector]: frames=2170 with_detections=347 confirmed=[1, 2, 4, 5, 6, 7] pending=[]
[aruco_detector-1] [INFO] [1787191735.679030888] [aruco_detector]: frames=2220 with_detections=347 confirmed=[1, 2, 4, 5, 6, 7] pending=[]
[aruco_detector-1] [INFO] [1787191745.679023150] [aruco_detector]: frames=2270 with_detections=347 confirmed=[1, 2, 4, 5, 6, 7] pending=[]
[aruco_detector-1] [INFO] [1787191755.677962827] [aruco_detector]: frames=2320 with_detections=347 confirmed=[1, 2, 4, 5, 6, 7] pending=[]
[aruco_detector-1] [INFO] [1787191765.679404277] [aruco_detector]: frames=2370 with_detections=347 confirmed=[1, 2, 4, 5, 6, 7] pending=[]
[aruco_detector-1] [INFO] [1787191775.679334406] [aruco_detector]: frames=2420 with_detections=347 confirmed=[1, 2, 4, 5, 6, 7] pending=[]
[aruco_detector-1] [INFO] [1787191785.678470316] [aruco_detector]: frames=2470 with_detections=347 confirmed=[1, 2, 4, 5, 6, 7] pending=[]
[aruco_detector-1] [INFO] [1787191795.693220013] [aruco_detector]: frames=2520 with_detections=347 confirmed=[1, 2, 4, 5, 6, 7] pending=[]
[aruco_detector-1] [INFO] [1787191805.693323578] [aruco_detector]: frames=2570 with_detections=347 confirmed=[1, 2, 4, 5, 6, 7] pending=[]
[aruco_detector-1] [INFO] [1787191815.699996548] [aruco_detector]: frames=2620 with_detections=347 confirmed=[1, 2, 4, 5, 6, 7] pending=[]
[aruco_detector-1] [INFO] [1787191825.761414950] [aruco_detector]: frames=2670 with_detections=354 confirmed=[1, 2, 4, 5, 6, 7] pending=[]
[aruco_detector-1] [INFO] [1787191835.781597493] [aruco_detector]: frames=2720 with_detections=362 confirmed=[1, 2, 4, 5, 6, 7] pending=[]
[aruco_detector-1] [INFO] [1787191845.780658506] [aruco_detector]: frames=2770 with_detections=397 confirmed=[1, 2, 4, 5, 6, 7] pending=[]
[aruco_detector-1] [INFO] [1787191855.781899573] [aruco_detector]: frames=2820 with_detections=421 confirmed=[1, 2, 4, 5, 6, 7] pending=[]
[aruco_detector-1] [INFO] [1787191865.781963117] [aruco_detector]: frames=2870 with_detections=421 confirmed=[1, 2, 4, 5, 6, 7] pending=[]
[aruco_detector-1] [INFO] [1787191875.781016401] [aruco_detector]: frames=2920 with_detections=434 confirmed=[1, 2, 4, 5, 6, 7] pending=[]
[aruco_detector-1] [INFO] [1787191885.781926554] [aruco_detector]: frames=2970 with_detections=458 confirmed=[1, 2, 4, 5, 6, 7] pending=[]
[aruco_detector-1] [INFO] [1787191895.782969144] [aruco_detector]: frames=3020 with_detections=458 confirmed=[1, 2, 4, 5, 6, 7] pending=[]
[aruco_detector-1] [INFO] [1787191905.782650769] [aruco_detector]: frames=3070 with_detections=458 confirmed=[1, 2, 4, 5, 6, 7] pending=[]
[aruco_detector-1] [INFO] [1787191915.782895826] [aruco_detector]: frames=3120 with_detections=458 confirmed=[1, 2, 4, 5, 6, 7] pending=[]
[aruco_detector-1] [INFO] [1787191925.783482364] [aruco_detector]: frames=3170 with_detections=458 confirmed=[1, 2, 4, 5, 6, 7] pending=[]
[aruco_detector-1] [INFO] [1787191935.781262245] [aruco_detector]: frames=3220 with_detections=459 confirmed=[1, 2, 4, 5, 6, 7] pending=[]
[aruco_detector-1] [INFO] [1787191945.781195133] [aruco_detector]: frames=3270 with_detections=468 confirmed=[1, 2, 4, 5, 6, 7] pending=[]
[aruco_detector-1] [INFO] [1787191955.781044229] [aruco_detector]: frames=3320 with_detections=512 confirmed=[1, 2, 4, 5, 6, 7] pending=[]
[aruco_detector-1] [INFO] [1787191965.779358750] [aruco_detector]: frames=3370 with_detections=512 confirmed=[1, 2, 4, 5, 6, 7] pending=[]
[aruco_detector-1] [INFO] [1787191975.779462582] [aruco_detector]: frames=3420 with_detections=512 confirmed=[1, 2, 4, 5, 6, 7] pending=[]
[aruco_detector-1] [INFO] [1787191985.779685310] [aruco_detector]: frames=3470 with_detections=512 confirmed=[1, 2, 4, 5, 6, 7] pending=[]
[aruco_detector-1] [INFO] [1787191995.778467388] [aruco_detector]: frames=3520 with_detections=512 confirmed=[1, 2, 4, 5, 6, 7] pending=[]
[aruco_detector-1] [INFO] [1787192005.778219734] [aruco_detector]: frames=3570 with_detections=543 confirmed=[1, 2, 4, 5, 6, 7] pending=[]
[aruco_detector-1] [INFO] [1787192015.778490714] [aruco_detector]: frames=3620 with_detections=543 confirmed=[1, 2, 4, 5, 6, 7] pending=[]
[aruco_detector-1] [INFO] [1787192025.778329589] [aruco_detector]: frames=3670 with_detections=543 confirmed=[1, 2, 4, 5, 6, 7] pending=[]
[aruco_detector-1] [INFO] [1787192035.778815858] [aruco_detector]: frames=3720 with_detections=543 confirmed=[1, 2, 4, 5, 6, 7] pending=[]
[aruco_detector-1] [INFO] [1787192045.778170746] [aruco_detector]: frames=3770 with_detections=550 confirmed=[1, 2, 4, 5, 6, 7] pending=[]
[aruco_detector-1] [INFO] [1787192055.777233554] [aruco_detector]: frames=3820 with_detections=570 confirmed=[1, 2, 4, 5, 6, 7] pending=[]
[aruco_detector-1] [INFO] [1787192065.780477621] [aruco_detector]: frames=3870 with_detections=570 confirmed=[1, 2, 4, 5, 6, 7] pending=[]
[aruco_detector-1] [INFO] [1787192075.780503045] [aruco_detector]: frames=3920 with_detections=570 confirmed=[1, 2, 4, 5, 6, 7] pending=[]
[aruco_detector-1] [INFO] [1787192085.864443031] [aruco_detector]: frames=3970 with_detections=570 confirmed=[1, 2, 4, 5, 6, 7] pending=[]
[aruco_detector-1] [INFO] [1787192088.926348317] [aruco_detector]: ArUco 3 CONFIRMED at map (-8.86, 6.47, 0.12) range 5.69 m, reproj 1.87 px
[aruco_detector-1] [INFO] [1787192095.899910310] [aruco_detector]: frames=4020 with_detections=609 confirmed=[1, 2, 3, 4, 5, 6, 7] pending=[]
[aruco_detector-1] [INFO] [1787192105.987627367] [aruco_detector]: frames=4070 with_detections=614 confirmed=[1, 2, 3, 4, 5, 6, 7] pending=[]
[aruco_detector-1] [INFO] [1787192115.987029410] [aruco_detector]: frames=4120 with_detections=614 confirmed=[1, 2, 3, 4, 5, 6, 7] pending=[]
[aruco_detector-1] [INFO] [1787192125.987202823] [aruco_detector]: frames=4170 with_detections=648 confirmed=[1, 2, 3, 4, 5, 6, 7] pending=[]
[aruco_detector-1] [INFO] [1787192135.987080844] [aruco_detector]: frames=4220 with_detections=677 confirmed=[1, 2, 3, 4, 5, 6, 7] pending=[]
[aruco_detector-1] [INFO] [1787192146.063558140] [aruco_detector]: frames=4270 with_detections=677 confirmed=[1, 2, 3, 4, 5, 6, 7] pending=[]
[aruco_detector-1] [INFO] [1787192156.065268394] [aruco_detector]: frames=4320 with_detections=677 confirmed=[1, 2, 3, 4, 5, 6, 7] pending=[]
[aruco_detector-1] [INFO] [1787192166.065119082] [aruco_detector]: frames=4370 with_detections=716 confirmed=[1, 2, 3, 4, 5, 6, 7] pending=[]
[aruco_detector-1] [INFO] [1787192176.063432818] [aruco_detector]: frames=4420 with_detections=739 confirmed=[1, 2, 3, 4, 5, 6, 7] pending=[]
[aruco_detector-1] [INFO] [1787192186.065561889] [aruco_detector]: frames=4470 with_detections=739 confirmed=[1, 2, 3, 4, 5, 6, 7] pending=[]
[aruco_detector-1] [INFO] [1787192196.066423948] [aruco_detector]: frames=4520 with_detections=739 confirmed=[1, 2, 3, 4, 5, 6, 7] pending=[]
[aruco_detector-1] [INFO] [1787192206.067269781] [aruco_detector]: frames=4570 with_detections=739 confirmed=[1, 2, 3, 4, 5, 6, 7] pending=[]
[aruco_detector-1] [INFO] [1787192216.168897687] [aruco_detector]: frames=4620 with_detections=739 confirmed=[1, 2, 3, 4, 5, 6, 7] pending=[]
[aruco_detector-1] [INFO] [1787192226.244005444] [aruco_detector]: frames=4670 with_detections=739 confirmed=[1, 2, 3, 4, 5, 6, 7] pending=[]
[aruco_detector-1] [INFO] [1787192236.246105123] [aruco_detector]: frames=4720 with_detections=739 confirmed=[1, 2, 3, 4, 5, 6, 7] pending=[]
[aruco_detector-1] [INFO] [1787192246.246021159] [aruco_detector]: frames=4770 with_detections=739 confirmed=[1, 2, 3, 4, 5, 6, 7] pending=[]
[aruco_detector-1] [INFO] [1787192256.246086411] [aruco_detector]: frames=4820 with_detections=739 confirmed=[1, 2, 3, 4, 5, 6, 7] pending=[]
[aruco_detector-1] [INFO] [1787192264.085517333] [aruco_detector]: ArUco 8 CONFIRMED at map (-3.17, -1.23, 0.10) range 4.17 m, reproj 1.45 px
[aruco_detector-1] [WARN] [1787192265.889609509] [aruco_detector]: ignoring ArUco id 32: not in allowed_ids [1, 2, 3, 4, 5, 6, 7, 8]
[aruco_detector-1] [INFO] [1787192266.248092570] [aruco_detector]: frames=4870 with_detections=751 confirmed=[1, 2, 3, 4, 5, 6, 7, 8] pending=[]
[aruco_detector-1] [INFO] [1787192276.247981401] [aruco_detector]: frames=4920 with_detections=772 confirmed=[1, 2, 3, 4, 5, 6, 7, 8] pending=[]
[aruco_detector-1] [INFO] [1787192286.248187026] [aruco_detector]: frames=4970 with_detections=772 confirmed=[1, 2, 3, 4, 5, 6, 7, 8] pending=[]
[aruco_detector-1] [INFO] [1787192296.246877785] [aruco_detector]: frames=5020 with_detections=772 confirmed=[1, 2, 3, 4, 5, 6, 7, 8] pending=[]
[aruco_detector-1] [INFO] [1787192306.266770564] [aruco_detector]: frames=5070 with_detections=772 confirmed=[1, 2, 3, 4, 5, 6, 7, 8] pending=[]
[aruco_detector-1] [INFO] [1787192316.310340127] [aruco_detector]: frames=5120 with_detections=774 confirmed=[1, 2, 3, 4, 5, 6, 7, 8] pending=[]
[aruco_detector-1] [INFO] [1787192326.349106449] [aruco_detector]: frames=5170 with_detections=785 confirmed=[1, 2, 3, 4, 5, 6, 7, 8] pending=[]
[aruco_detector-1] [INFO] [1787192336.351110436] [aruco_detector]: frames=5220 with_detections=816 confirmed=[1, 2, 3, 4, 5, 6, 7, 8] pending=[]
[aruco_detector-1] [INFO] [1787192346.351386868] [aruco_detector]: frames=5270 with_detections=816 confirmed=[1, 2, 3, 4, 5, 6, 7, 8] pending=[]
[aruco_detector-1] [INFO] [1787192356.353834475] [aruco_detector]: frames=5320 with_detections=816 confirmed=[1, 2, 3, 4, 5, 6, 7, 8] pending=[]
[aruco_detector-1] [INFO] [1787192366.354178439] [aruco_detector]: frames=5370 with_detections=816 confirmed=[1, 2, 3, 4, 5, 6, 7, 8] pending=[]
[aruco_detector-1] [INFO] [1787192376.353867014] [aruco_detector]: frames=5420 with_detections=816 confirmed=[1, 2, 3, 4, 5, 6, 7, 8] pending=[]
[aruco_detector-1] [INFO] [1787192386.354374181] [aruco_detector]: frames=5470 with_detections=816 confirmed=[1, 2, 3, 4, 5, 6, 7, 8] pending=[]
[aruco_detector-1] [INFO] [1787192396.357309376] [aruco_detector]: frames=5520 with_detections=816 confirmed=[1, 2, 3, 4, 5, 6, 7, 8] pending=[]
[aruco_detector-1] [INFO] [1787192406.397458943] [aruco_detector]: frames=5570 with_detections=816 confirmed=[1, 2, 3, 4, 5, 6, 7, 8] pending=[]
[aruco_detector-1] [INFO] [1787192416.396637926] [aruco_detector]: frames=5620 with_detections=816 confirmed=[1, 2, 3, 4, 5, 6, 7, 8] pending=[]
