[wsl-exp 04:00:17] backend=wsl:Ubuntu stack=hybrid world=office_world profile=realistic cap=30min out=reports/night/n19_ship_s202
[wsl-exp 04:00:17] syncing src/ and scripts/ into /home/smirn/leo_ws
[wsl-exp 04:00:18] colcon build (leo_nav2_exploration, leo_rover_gazebo)
Summary: 1 package finished [1.74s]
  1 package failed: leo_rover_gazebo
  1 package had stderr output: leo_rover_gazebo
[wsl-exp 04:00:21] killing any previous sim
[wsl-exp 04:00:25] cleanup: 0 ROS processes still alive
[wsl-exp 04:00:30] starting simulator (GPU, headless)
[wsl-exp 04:00:31] waiting for /leo1/scan
[wsl-exp 04:00:42] scan: average rate: 59.067
[wsl-exp 04:00:43] renderer: 04:00:39: GL_RENDERER = D3D12 (NVIDIA GeForce RTX 4060 Ti)
[wsl-exp 04:00:46] wheel-odometry model (message only) + gyro + EKF
[wsl-exp 04:01:01] overlay stack: sim_navigation.launch.py
[wsl-exp 04:01:01] waiting for Nav2 planner action
[wsl-exp 04:01:24] camera/points (with stack up): average rate: 5.003
[wsl-exp 04:01:28] scan_filtered: average rate: 10.008
[wsl-exp 04:01:28] starting recorders
[wsl-exp 04:01:30] starting ArUco detector
[wsl-exp 04:01:36] bootstrap jog
[wsl-exp 04:01:53] explorer launched; polling (cap 30 min)
[wsl-exp 04:19:57] explorer reports completion
[wsl-exp 04:20:03] saving map
[wsl-exp 04:20:04] flushing recorders
[wsl-exp 04:20:24] cleanup: 0 ROS processes still alive
[wsl-exp 04:20:26] done -> reports/night/n19_ship_s202
