[wsl-exp 10:54:11] backend=wsl:Ubuntu stack=hybrid world=office_world profile=realistic cap=25min out=reports/night/p4_post_s2004
[wsl-exp 10:54:11] syncing src/ and scripts/ into /home/smirn/leo_ws
[wsl-exp 10:54:12] colcon build (leo_nav2_exploration, leo_rover_gazebo)
  1 package failed: leo_rover_gazebo
  1 package aborted: leo_nav2_exploration
  1 package had stderr output: leo_rover_gazebo
[wsl-exp 10:54:15] killing any previous sim
[wsl-exp 10:54:19] cleanup: 0 ROS processes still alive
[wsl-exp 10:54:24] starting simulator (GPU, headless)
[wsl-exp 10:54:25] waiting for /leo1/scan
[wsl-exp 10:54:37] scan: average rate: 59.709
[wsl-exp 10:54:37] renderer: 10:54:33: GL_RENDERER = D3D12 (NVIDIA GeForce RTX 4060 Ti)
[wsl-exp 10:54:40] wheel-odometry model (message only) + gyro + EKF
[wsl-exp 10:54:55] overlay stack: sim_navigation.launch.py
[wsl-exp 10:54:56] waiting for Nav2 planner action
[wsl-exp 10:55:18] camera/points (with stack up): average rate: 5.019
[wsl-exp 10:55:22] scan_filtered: average rate: 10.013
[wsl-exp 10:55:22] starting recorders
[wsl-exp 10:55:24] starting costmap recorder
[wsl-exp 10:55:30] bootstrap jog
[wsl-exp 10:55:47] explorer launched; polling (cap 25 min)
[wsl-exp 11:10:50] explorer reports completion
[wsl-exp 11:10:57] saving map
[wsl-exp 11:10:58] flushing recorders
[wsl-exp 11:11:18] cleanup: 0 ROS processes still alive
[wsl-exp 11:11:20] done -> reports/night/p4_post_s2004
