[INFO] [launch]: All log files can be found below /home/smirn/.ros/log/2026-08-20-02-47-39-303478-Tornadosky-90072
[INFO] [launch]: Default logging verbosity is set to INFO
[INFO] [aruco_detector-1]: process started with pid [90073]
[aruco_detector-1] [INFO] [1787186859.937859779] [aruco_detector]: aruco_detector: dict=DICT_4X4_50 len=0.2 m image=/leo1/camera/image optical_frame=False map_frame=map cv2=4.5.4 allowed_ids=[1, 2, 3, 4, 5, 6, 7, 8]
[aruco_detector-1] [INFO] [1787186859.939430534] [aruco_detector]: camera intrinsics: fx=554.4 fy=554.4 cx=320.0 cy=240.0 distortion=5 coeffs
[aruco_detector-1] [INFO] [1787186859.940054615] [aruco_detector]: frames=0 with_detections=0 confirmed=[] pending=[]
[aruco_detector-1] [INFO] [1787186863.930833214] [aruco_detector]: frames=20 with_detections=0 confirmed=[] pending=[]
[aruco_detector-1] [INFO] [1787186873.960821192] [aruco_detector]: frames=70 with_detections=0 confirmed=[] pending=[]
[aruco_detector-1] [INFO] [1787186883.989749073] [aruco_detector]: frames=120 with_detections=39 confirmed=[] pending=[]
[aruco_detector-1] [INFO] [1787186893.990282076] [aruco_detector]: frames=170 with_detections=47 confirmed=[] pending=[]
[aruco_detector-1] [INFO] [1787186903.990130873] [aruco_detector]: frames=220 with_detections=47 confirmed=[] pending=[]
[aruco_detector-1] [INFO] [1787186907.623859275] [aruco_detector]: ArUco 4 CONFIRMED at map (-3.55, 3.95, 0.12) range 5.74 m, reproj 2.00 px
[aruco_detector-1] [INFO] [1787186913.990134814] [aruco_detector]: frames=270 with_detections=70 confirmed=[4] pending=[]
[aruco_detector-1] [INFO] [1787186923.989695312] [aruco_detector]: frames=320 with_detections=105 confirmed=[4] pending=[]
[aruco_detector-1] [WARN] [1787186924.023314845] [aruco_detector]: ignoring ArUco id 21: not in allowed_ids [1, 2, 3, 4, 5, 6, 7, 8]
[aruco_detector-1] [INFO] [1787186933.989704679] [aruco_detector]: frames=370 with_detections=110 confirmed=[4] pending=[]
[aruco_detector-1] [INFO] [1787186943.989719442] [aruco_detector]: frames=420 with_detections=110 confirmed=[4] pending=[]
[aruco_detector-1] [INFO] [1787186953.988874963] [aruco_detector]: frames=470 with_detections=110 confirmed=[4] pending=[]
[aruco_detector-1] [INFO] [1787186963.988802367] [aruco_detector]: frames=520 with_detections=124 confirmed=[4] pending=[]
[aruco_detector-1] [INFO] [1787186973.988811298] [aruco_detector]: frames=570 with_detections=153 confirmed=[4] pending=[]
[aruco_detector-1] [INFO] [1787186983.986308175] [aruco_detector]: frames=620 with_detections=156 confirmed=[4] pending=[]
[aruco_detector-1] [INFO] [1787186993.986450495] [aruco_detector]: frames=670 with_detections=157 confirmed=[4] pending=[]
[aruco_detector-1] [INFO] [1787187003.986440834] [aruco_detector]: frames=720 with_detections=176 confirmed=[4] pending=[]
[aruco_detector-1] [INFO] [1787187013.986394948] [aruco_detector]: frames=770 with_detections=177 confirmed=[4] pending=[]
[aruco_detector-1] [INFO] [1787187023.986317025] [aruco_detector]: frames=820 with_detections=177 confirmed=[4] pending=[]
[aruco_detector-1] [INFO] [1787187033.986305754] [aruco_detector]: frames=870 with_detections=177 confirmed=[4] pending=[]
[aruco_detector-1] [INFO] [1787187043.986310519] [aruco_detector]: frames=920 with_detections=177 confirmed=[4] pending=[]
[aruco_detector-1] [INFO] [1787187053.986337589] [aruco_detector]: frames=970 with_detections=181 confirmed=[4] pending=[]
[aruco_detector-1] [INFO] [1787187059.422694010] [aruco_detector]: ArUco 2 CONFIRMED at map (8.70, 0.58, 0.14) range 5.83 m, reproj 0.20 px
[aruco_detector-1] [INFO] [1787187063.986427264] [aruco_detector]: frames=1020 with_detections=209 confirmed=[2, 4] pending=[]
[aruco_detector-1] [INFO] [1787187073.984976640] [aruco_detector]: frames=1070 with_detections=219 confirmed=[2, 4] pending=[]
[aruco_detector-1] [INFO] [1787187077.618680396] [aruco_detector]: ArUco 7 CONFIRMED at map (4.21, -5.86, 0.12) range 4.64 m, reproj 1.45 px
[aruco_detector-1] [INFO] [1787187083.988023421] [aruco_detector]: frames=1120 with_detections=242 confirmed=[2, 4, 7] pending=[]
[aruco_detector-1] [INFO] [1787187093.988000474] [aruco_detector]: frames=1170 with_detections=242 confirmed=[2, 4, 7] pending=[]
[aruco_detector-1] [INFO] [1787187103.985800077] [aruco_detector]: frames=1220 with_detections=247 confirmed=[2, 4, 7] pending=[]
[aruco_detector-1] [WARN] [1787187104.621401757] [aruco_detector]: ignoring ArUco id 25: not in allowed_ids [1, 2, 3, 4, 5, 6, 7, 8]
[aruco_detector-1] [INFO] [1787187113.985851825] [aruco_detector]: frames=1270 with_detections=295 confirmed=[2, 4, 7] pending=[]
[aruco_detector-1] [INFO] [1787187123.985859934] [aruco_detector]: frames=1320 with_detections=295 confirmed=[2, 4, 7] pending=[]
[aruco_detector-1] [INFO] [1787187133.985234450] [aruco_detector]: frames=1370 with_detections=296 confirmed=[2, 4, 7] pending=[]
[aruco_detector-1] [INFO] [1787187141.818917825] [aruco_detector]: ArUco 5 CONFIRMED at map (9.65, 3.60, 0.14) range 5.65 m, reproj 0.07 px
[aruco_detector-1] [INFO] [1787187143.986366448] [aruco_detector]: frames=1420 with_detections=308 confirmed=[2, 4, 5, 7] pending=[]
[aruco_detector-1] [INFO] [1787187153.986352131] [aruco_detector]: frames=1470 with_detections=328 confirmed=[2, 4, 5, 7] pending=[]
[aruco_detector-1] [INFO] [1787187163.981387777] [aruco_detector]: frames=1520 with_detections=328 confirmed=[2, 4, 5, 7] pending=[]
[aruco_detector-1] [INFO] [1787187173.981704752] [aruco_detector]: frames=1570 with_detections=328 confirmed=[2, 4, 5, 7] pending=[]
[aruco_detector-1] [INFO] [1787187183.981414025] [aruco_detector]: frames=1620 with_detections=328 confirmed=[2, 4, 5, 7] pending=[]
[aruco_detector-1] [INFO] [1787187193.985778959] [aruco_detector]: frames=1670 with_detections=328 confirmed=[2, 4, 5, 7] pending=[]
[aruco_detector-1] [INFO] [1787187203.985708206] [aruco_detector]: frames=1720 with_detections=333 confirmed=[2, 4, 5, 7] pending=[]
[aruco_detector-1] [INFO] [1787187214.017725705] [aruco_detector]: frames=1770 with_detections=339 confirmed=[2, 4, 5, 7] pending=[]
[aruco_detector-1] [INFO] [1787187217.052503217] [aruco_detector]: ArUco 1 CONFIRMED at map (-9.89, -0.31, 0.14) range 5.85 m, reproj 0.19 px
[aruco_detector-1] [INFO] [1787187223.851997037] [aruco_detector]: ArUco 6 CONFIRMED at map (-10.30, -4.02, 0.14) range 5.67 m, reproj 0.05 px
[aruco_detector-1] [INFO] [1787187224.016544548] [aruco_detector]: frames=1820 with_detections=379 confirmed=[1, 2, 4, 5, 6, 7] pending=[]
[aruco_detector-1] [INFO] [1787187234.016490695] [aruco_detector]: frames=1870 with_detections=408 confirmed=[1, 2, 4, 5, 6, 7] pending=[]
[aruco_detector-1] [INFO] [1787187244.016490767] [aruco_detector]: frames=1920 with_detections=443 confirmed=[1, 2, 4, 5, 6, 7] pending=[]
[aruco_detector-1] [INFO] [1787187254.016323369] [aruco_detector]: frames=1970 with_detections=447 confirmed=[1, 2, 4, 5, 6, 7] pending=[]
[aruco_detector-1] [INFO] [1787187264.016463624] [aruco_detector]: frames=2020 with_detections=447 confirmed=[1, 2, 4, 5, 6, 7] pending=[]
[aruco_detector-1] [INFO] [1787187274.016305593] [aruco_detector]: frames=2070 with_detections=448 confirmed=[1, 2, 4, 5, 6, 7] pending=[3]
[aruco_detector-1] [INFO] [1787187277.449741152] [aruco_detector]: ArUco 3 CONFIRMED at map (-8.60, 6.26, 0.13) range 5.63 m, reproj 1.71 px
[aruco_detector-1] [INFO] [1787187284.014602090] [aruco_detector]: frames=2120 with_detections=482 confirmed=[1, 2, 3, 4, 5, 6, 7] pending=[]
[aruco_detector-1] [INFO] [1787187294.015802268] [aruco_detector]: frames=2170 with_detections=516 confirmed=[1, 2, 3, 4, 5, 6, 7] pending=[]
[aruco_detector-1] [INFO] [1787187304.017245085] [aruco_detector]: frames=2220 with_detections=516 confirmed=[1, 2, 3, 4, 5, 6, 7] pending=[]
[aruco_detector-1] [INFO] [1787187314.019411690] [aruco_detector]: frames=2270 with_detections=523 confirmed=[1, 2, 3, 4, 5, 6, 7] pending=[]
[aruco_detector-1] [INFO] [1787187324.019416160] [aruco_detector]: frames=2320 with_detections=571 confirmed=[1, 2, 3, 4, 5, 6, 7] pending=[]
[aruco_detector-1] [INFO] [1787187334.019420883] [aruco_detector]: frames=2370 with_detections=571 confirmed=[1, 2, 3, 4, 5, 6, 7] pending=[]
[aruco_detector-1] [INFO] [1787187344.017683422] [aruco_detector]: frames=2420 with_detections=571 confirmed=[1, 2, 3, 4, 5, 6, 7] pending=[]
[aruco_detector-1] [INFO] [1787187354.017696784] [aruco_detector]: frames=2470 with_detections=571 confirmed=[1, 2, 3, 4, 5, 6, 7] pending=[]
[aruco_detector-1] [INFO] [1787187364.017897977] [aruco_detector]: frames=2520 with_detections=571 confirmed=[1, 2, 3, 4, 5, 6, 7] pending=[]
[aruco_detector-1] [INFO] [1787187374.015431509] [aruco_detector]: frames=2570 with_detections=571 confirmed=[1, 2, 3, 4, 5, 6, 7] pending=[]
[aruco_detector-1] [INFO] [1787187384.015444957] [aruco_detector]: frames=2620 with_detections=571 confirmed=[1, 2, 3, 4, 5, 6, 7] pending=[]
[aruco_detector-1] [INFO] [1787187394.018206037] [aruco_detector]: frames=2670 with_detections=571 confirmed=[1, 2, 3, 4, 5, 6, 7] pending=[]
[aruco_detector-1] [INFO] [1787187404.017063841] [aruco_detector]: frames=2720 with_detections=571 confirmed=[1, 2, 3, 4, 5, 6, 7] pending=[]
[aruco_detector-1] [INFO] [1787187414.017125399] [aruco_detector]: frames=2770 with_detections=600 confirmed=[1, 2, 3, 4, 5, 6, 7] pending=[]
[aruco_detector-1] [INFO] [1787187424.017349421] [aruco_detector]: frames=2820 with_detections=627 confirmed=[1, 2, 3, 4, 5, 6, 7] pending=[]
[aruco_detector-1] [INFO] [1787187434.014727381] [aruco_detector]: frames=2870 with_detections=627 confirmed=[1, 2, 3, 4, 5, 6, 7] pending=[]
[aruco_detector-1] [INFO] [1787187435.449412046] [aruco_detector]: ArUco 8 CONFIRMED at map (-3.68, -1.76, 0.11) range 4.11 m, reproj 2.01 px
[aruco_detector-1] [INFO] [1787187444.018969963] [aruco_detector]: frames=2920 with_detections=640 confirmed=[1, 2, 3, 4, 5, 6, 7, 8] pending=[]
[aruco_detector-1] [INFO] [1787187454.020455550] [aruco_detector]: frames=2970 with_detections=640 confirmed=[1, 2, 3, 4, 5, 6, 7, 8] pending=[]
[aruco_detector-1] [INFO] [1787187464.018372552] [aruco_detector]: frames=3020 with_detections=640 confirmed=[1, 2, 3, 4, 5, 6, 7, 8] pending=[]
[aruco_detector-1] [INFO] [1787187474.018344986] [aruco_detector]: frames=3070 with_detections=640 confirmed=[1, 2, 3, 4, 5, 6, 7, 8] pending=[]
[aruco_detector-1] [INFO] [1787187484.047240399] [aruco_detector]: frames=3120 with_detections=640 confirmed=[1, 2, 3, 4, 5, 6, 7, 8] pending=[]
[aruco_detector-1] [INFO] [1787187494.074374749] [aruco_detector]: frames=3170 with_detections=649 confirmed=[1, 2, 3, 4, 5, 6, 7, 8] pending=[]
[aruco_detector-1] [INFO] [1787187504.074412292] [aruco_detector]: frames=3220 with_detections=673 confirmed=[1, 2, 3, 4, 5, 6, 7, 8] pending=[]
[aruco_detector-1] [INFO] [1787187514.076991921] [aruco_detector]: frames=3270 with_detections=703 confirmed=[1, 2, 3, 4, 5, 6, 7, 8] pending=[]
[aruco_detector-1] [INFO] [1787187524.074352607] [aruco_detector]: frames=3320 with_detections=743 confirmed=[1, 2, 3, 4, 5, 6, 7, 8] pending=[]
[aruco_detector-1] [INFO] [1787187534.089157716] [aruco_detector]: frames=3370 with_detections=790 confirmed=[1, 2, 3, 4, 5, 6, 7, 8] pending=[]
[aruco_detector-1] [INFO] [1787187544.096762110] [aruco_detector]: frames=3420 with_detections=818 confirmed=[1, 2, 3, 4, 5, 6, 7, 8] pending=[]
[aruco_detector-1] [INFO] [1787187554.094867139] [aruco_detector]: frames=3470 with_detections=818 confirmed=[1, 2, 3, 4, 5, 6, 7, 8] pending=[]
[aruco_detector-1] [INFO] [1787187564.143789864] [aruco_detector]: frames=3520 with_detections=818 confirmed=[1, 2, 3, 4, 5, 6, 7, 8] pending=[]
[aruco_detector-1] [INFO] [1787187574.143822227] [aruco_detector]: frames=3570 with_detections=818 confirmed=[1, 2, 3, 4, 5, 6, 7, 8] pending=[]
[aruco_detector-1] [INFO] [1787187584.147822918] [aruco_detector]: frames=3620 with_detections=818 confirmed=[1, 2, 3, 4, 5, 6, 7, 8] pending=[]
[aruco_detector-1] [INFO] [1787187594.147391510] [aruco_detector]: frames=3670 with_detections=818 confirmed=[1, 2, 3, 4, 5, 6, 7, 8] pending=[]
[aruco_detector-1] [INFO] [1787187604.147401810] [aruco_detector]: frames=3720 with_detections=818 confirmed=[1, 2, 3, 4, 5, 6, 7, 8] pending=[]
[aruco_detector-1] [INFO] [1787187614.146133494] [aruco_detector]: frames=3770 with_detections=818 confirmed=[1, 2, 3, 4, 5, 6, 7, 8] pending=[]
[aruco_detector-1] [INFO] [1787187624.146186527] [aruco_detector]: frames=3820 with_detections=818 confirmed=[1, 2, 3, 4, 5, 6, 7, 8] pending=[]
[aruco_detector-1] [INFO] [1787187634.146156342] [aruco_detector]: frames=3870 with_detections=818 confirmed=[1, 2, 3, 4, 5, 6, 7, 8] pending=[]
[aruco_detector-1] [INFO] [1787187644.145134228] [aruco_detector]: frames=3920 with_detections=818 confirmed=[1, 2, 3, 4, 5, 6, 7, 8] pending=[]
[aruco_detector-1] [INFO] [1787187654.154241745] [aruco_detector]: frames=3970 with_detections=820 confirmed=[1, 2, 3, 4, 5, 6, 7, 8] pending=[]
[aruco_detector-1] [INFO] [1787187664.221238165] [aruco_detector]: frames=4020 with_detections=823 confirmed=[1, 2, 3, 4, 5, 6, 7, 8] pending=[]
[aruco_detector-1] [INFO] [1787187674.224838983] [aruco_detector]: frames=4070 with_detections=856 confirmed=[1, 2, 3, 4, 5, 6, 7, 8] pending=[]
[aruco_detector-1] [INFO] [1787187684.246399182] [aruco_detector]: frames=4120 with_detections=902 confirmed=[1, 2, 3, 4, 5, 6, 7, 8] pending=[]
[aruco_detector-1] [INFO] [1787187694.292365314] [aruco_detector]: frames=4170 with_detections=945 confirmed=[1, 2, 3, 4, 5, 6, 7, 8] pending=[]
[aruco_detector-1] [INFO] [1787187704.289670720] [aruco_detector]: frames=4220 with_detections=995 confirmed=[1, 2, 3, 4, 5, 6, 7, 8] pending=[]
[aruco_detector-1] [INFO] [1787187714.289804700] [aruco_detector]: frames=4270 with_detections=1007 confirmed=[1, 2, 3, 4, 5, 6, 7, 8] pending=[]
[aruco_detector-1] [INFO] [1787187724.289684011] [aruco_detector]: frames=4320 with_detections=1007 confirmed=[1, 2, 3, 4, 5, 6, 7, 8] pending=[]
[aruco_detector-1] [INFO] [1787187734.323163893] [aruco_detector]: frames=4370 with_detections=1007 confirmed=[1, 2, 3, 4, 5, 6, 7, 8] pending=[]
[aruco_detector-1] [INFO] [1787187744.341090097] [aruco_detector]: frames=4420 with_detections=1007 confirmed=[1, 2, 3, 4, 5, 6, 7, 8] pending=[]
