[INFO] [launch]: All log files can be found below /home/smirn/.ros/log/2026-08-20-02-46-39-159137-Tornadosky-88517
[INFO] [launch]: Default logging verbosity is set to INFO
[INFO] [ign-1]: process started with pid [88519]
[INFO] [parameter_bridge-2]: process started with pid [88521]
[INFO] [robot_state_publisher-3]: process started with pid [88523]
[INFO] [parameter_bridge-4]: process started with pid [88525]
[INFO] [static_transform_publisher-5]: process started with pid [88527]
[static_transform_publisher-5] [WARN] [1787186799.253706142] []: Old-style arguments are deprecated; see --help for new-style arguments
[static_transform_publisher-5] [INFO] [1787186799.258004216] [gpu_lidar_tf_leo1]: Spinning until stopped - publishing transform
[static_transform_publisher-5] translation: ('0.000000', '0.000000', '0.000000')
[static_transform_publisher-5] rotation: ('0.000000', '0.000000', '0.000000', '1.000000')
[static_transform_publisher-5] from 'leo1/sensor_lidar_link' to 'leo1/base_footprint/gpu_lidar'
[robot_state_publisher-3] [INFO] [1787186799.270626944] [leo1.robot_state_publisher]: got segment leo1/antenna_link
[robot_state_publisher-3] [INFO] [1787186799.270691308] [leo1.robot_state_publisher]: got segment leo1/base_footprint
[robot_state_publisher-3] [INFO] [1787186799.270696302] [leo1.robot_state_publisher]: got segment leo1/base_link
[robot_state_publisher-3] [INFO] [1787186799.270699168] [leo1.robot_state_publisher]: got segment leo1/camera_frame
[robot_state_publisher-3] [INFO] [1787186799.270701651] [leo1.robot_state_publisher]: got segment leo1/camera_optical_frame
[robot_state_publisher-3] [INFO] [1787186799.270704330] [leo1.robot_state_publisher]: got segment leo1/imu_frame
[robot_state_publisher-3] [INFO] [1787186799.270706755] [leo1.robot_state_publisher]: got segment leo1/rocker_L_link
[robot_state_publisher-3] [INFO] [1787186799.270709399] [leo1.robot_state_publisher]: got segment leo1/rocker_R_link
[robot_state_publisher-3] [INFO] [1787186799.270711805] [leo1.robot_state_publisher]: got segment leo1/sensor_camera_link
[robot_state_publisher-3] [INFO] [1787186799.270714359] [leo1.robot_state_publisher]: got segment leo1/sensor_imu_link
[robot_state_publisher-3] [INFO] [1787186799.270716943] [leo1.robot_state_publisher]: got segment leo1/sensor_lidar_link
[robot_state_publisher-3] [INFO] [1787186799.270719368] [leo1.robot_state_publisher]: got segment leo1/wheel_FL_link
[robot_state_publisher-3] [INFO] [1787186799.270721742] [leo1.robot_state_publisher]: got segment leo1/wheel_FR_link
[robot_state_publisher-3] [INFO] [1787186799.270724098] [leo1.robot_state_publisher]: got segment leo1/wheel_RL_link
[robot_state_publisher-3] [INFO] [1787186799.270726416] [leo1.robot_state_publisher]: got segment leo1/wheel_RR_link
[parameter_bridge-2] [INFO] [1787186799.271596802] [clock_bridge]: Creating GZ->ROS Bridge: [/clock (gz.msgs.Clock) -> /clock (rosgraph_msgs/msg/Clock)] (Lazy 0)
[parameter_bridge-4] [INFO] [1787186799.273655286] [leo1.bridge_leo1]: Creating GZ->ROS Bridge: [/leo1/scan (gz.msgs.LaserScan) -> /leo1/scan (sensor_msgs/msg/LaserScan)] (Lazy 0)
[parameter_bridge-4] [INFO] [1787186799.274261881] [leo1.bridge_leo1]: Creating GZ->ROS Bridge: [/leo1/imu/data (gz.msgs.IMU) -> /leo1/imu/data (sensor_msgs/msg/Imu)] (Lazy 0)
[parameter_bridge-4] [INFO] [1787186799.274416896] [leo1.bridge_leo1]: Creating GZ->ROS Bridge: [/leo1/odom (gz.msgs.Odometry) -> /leo1/odom (nav_msgs/msg/Odometry)] (Lazy 0)
[parameter_bridge-4] [INFO] [1787186799.274677498] [leo1.bridge_leo1]: Creating ROS->GZ Bridge: [/leo1/cmd_vel (geometry_msgs/msg/Twist) -> /leo1/cmd_vel (gz.msgs.Twist)] (Lazy 0)
[parameter_bridge-4] [INFO] [1787186799.274910403] [leo1.bridge_leo1]: Creating GZ->ROS Bridge: [/leo1/camera/image (gz.msgs.Image) -> /leo1/camera/image (sensor_msgs/msg/Image)] (Lazy 0)
[parameter_bridge-4] [INFO] [1787186799.275035963] [leo1.bridge_leo1]: Creating GZ->ROS Bridge: [/leo1/camera/camera_info (gz.msgs.CameraInfo) -> /leo1/camera/camera_info (sensor_msgs/msg/CameraInfo)] (Lazy 0)
[parameter_bridge-4] [INFO] [1787186799.275168590] [leo1.bridge_leo1]: Creating GZ->ROS Bridge: [/leo1/camera/points (gz.msgs.PointCloudPacked) -> /leo1/camera/points (sensor_msgs/msg/PointCloud2)] (Lazy 0)
[parameter_bridge-4] [INFO] [1787186799.275289035] [leo1.bridge_leo1]: Creating GZ->ROS Bridge: [/model/leo1/pose (gz.msgs.Pose) -> /model/leo1/pose (geometry_msgs/msg/Pose)] (Lazy 0)
[parameter_bridge-4] [INFO] [1787186799.275415363] [leo1.bridge_leo1]: Creating GZ->ROS Bridge: [/model/leo1/tf (gz.msgs.Pose_V) -> /model/leo1/tf (tf2_msgs/msg/TFMessage)] (Lazy 0)
[parameter_bridge-4] [INFO] [1787186799.275700173] [leo1.bridge_leo1]: Creating GZ->ROS Bridge: [/leo1/joint_states (gz.msgs.Model) -> /leo1/joint_states (sensor_msgs/msg/JointState)] (Lazy 0)
[INFO] [create-6]: process started with pid [88788]
[create-6] [INFO] [1787186807.267065531] [spawn_leo1]: Requesting list of world names.
[create-6] [INFO] [1787186807.469521333] [spawn_leo1]: Waiting messages on topic [/leo1/robot_description].
[create-6] [INFO] [1787186807.471548968] [spawn_leo1]: Requested creation of entity.
[create-6] [INFO] [1787186807.471574255] [spawn_leo1]: OK creation of entity.
[INFO] [create-6]: process has finished cleanly [pid 88788]
[parameter_bridge-4] [INFO] [1787186830.382114032] [leo1.bridge_leo1]: Passing message from ROS geometry_msgs/msg/Twist to Gazebo gz.msgs.Twist (showing msg only once per type)
[ign-1] NodeShared::Publish() Error: Interrupted system call
[ign-1] NodeShared::Publish() Error: Interrupted system call
[ERROR] [static_transform_publisher-5]: process has died [pid 88527, exit code -9, cmd '/opt/ros/humble/lib/tf2_ros/static_transform_publisher 0 0 0 0 0 0 leo1/sensor_lidar_link leo1/base_footprint/gpu_lidar --ros-args -r __node:=gpu_lidar_tf_leo1 --params-file /tmp/launch_params_2uiimfie'].
