[INFO] [launch]: All log files can be found below /home/smirn/.ros/log/2026-08-20-00-49-54-880381-Tornadosky-65818
[INFO] [launch]: Default logging verbosity is set to INFO
[INFO] [aruco_detector-1]: process started with pid [65819]
[aruco_detector-1] [INFO] [1787179795.512775371] [aruco_detector]: aruco_detector: dict=DICT_4X4_50 len=0.2 m image=/leo1/camera/image optical_frame=False map_frame=map cv2=4.5.4
[aruco_detector-1] [INFO] [1787179795.514134821] [aruco_detector]: camera intrinsics: fx=554.4 fy=554.4 cx=320.0 cy=240.0 distortion=5 coeffs
[aruco_detector-1] [INFO] [1787179795.514730976] [aruco_detector]: frames=0 with_detections=0 confirmed=[] pending=[]
[aruco_detector-1] [INFO] [1787179799.707660419] [aruco_detector]: frames=21 with_detections=0 confirmed=[] pending=[]
[aruco_detector-1] [INFO] [1787179809.735133987] [aruco_detector]: frames=71 with_detections=0 confirmed=[] pending=[]
[aruco_detector-1] [INFO] [1787179819.764733135] [aruco_detector]: frames=121 with_detections=1 confirmed=[] pending=[]
[aruco_detector-1] [INFO] [1787179829.767093018] [aruco_detector]: frames=171 with_detections=4 confirmed=[] pending=[]
[aruco_detector-1] [INFO] [1787179839.767248650] [aruco_detector]: frames=221 with_detections=4 confirmed=[] pending=[]
[aruco_detector-1] [INFO] [1787179843.193370720] [aruco_detector]: ArUco 4 CONFIRMED at map (-3.43, 4.04, 0.12) range 5.72 m, reproj 2.00 px
[aruco_detector-1] [INFO] [1787179849.757702069] [aruco_detector]: frames=271 with_detections=30 confirmed=[4] pending=[]
[aruco_detector-1] [INFO] [1787179859.757626634] [aruco_detector]: frames=321 with_detections=42 confirmed=[4] pending=[]
[aruco_detector-1] [INFO] [1787179869.757705012] [aruco_detector]: frames=371 with_detections=78 confirmed=[4] pending=[]
[aruco_detector-1] [INFO] [1787179879.749617778] [aruco_detector]: frames=421 with_detections=90 confirmed=[4] pending=[]
[aruco_detector-1] [INFO] [1787179889.752291182] [aruco_detector]: frames=471 with_detections=90 confirmed=[4] pending=[]
[aruco_detector-1] [INFO] [1787179895.385639558] [aruco_detector]: ArUco 1 CONFIRMED at map (-9.75, -0.15, 0.14) range 5.78 m, reproj 0.01 px
[aruco_detector-1] [INFO] [1787179899.752411828] [aruco_detector]: frames=521 with_detections=124 confirmed=[1, 4] pending=[]
[aruco_detector-1] [INFO] [1787179909.743880953] [aruco_detector]: frames=571 with_detections=172 confirmed=[1, 4] pending=[]
[aruco_detector-1] [INFO] [1787179915.176929869] [aruco_detector]: ArUco 6 CONFIRMED at map (-10.29, -3.90, 0.14) range 5.89 m, reproj 0.16 px
[aruco_detector-1] [INFO] [1787179919.743788382] [aruco_detector]: frames=621 with_detections=211 confirmed=[1, 4, 6] pending=[]
[aruco_detector-1] [INFO] [1787179929.743869850] [aruco_detector]: frames=671 with_detections=219 confirmed=[1, 4, 6] pending=[]
[aruco_detector-1] [INFO] [1787179939.740785673] [aruco_detector]: frames=721 with_detections=222 confirmed=[1, 4, 6] pending=[]
[aruco_detector-1] [INFO] [1787179949.740893154] [aruco_detector]: frames=771 with_detections=247 confirmed=[1, 4, 6] pending=[]
[aruco_detector-1] [INFO] [1787179959.740791268] [aruco_detector]: frames=821 with_detections=282 confirmed=[1, 4, 6] pending=[]
[aruco_detector-1] [INFO] [1787179969.736967852] [aruco_detector]: frames=871 with_detections=323 confirmed=[1, 4, 6] pending=[]
[aruco_detector-1] [INFO] [1787179979.737047501] [aruco_detector]: frames=921 with_detections=331 confirmed=[1, 4, 6] pending=[]
[aruco_detector-1] [INFO] [1787179989.736905026] [aruco_detector]: frames=971 with_detections=331 confirmed=[1, 4, 6] pending=[]
[aruco_detector-1] [INFO] [1787179999.731552093] [aruco_detector]: frames=1021 with_detections=331 confirmed=[1, 4, 6] pending=[]
[aruco_detector-1] [INFO] [1787180009.731673171] [aruco_detector]: frames=1071 with_detections=331 confirmed=[1, 4, 6] pending=[]
[aruco_detector-1] [INFO] [1787180019.741433873] [aruco_detector]: frames=1121 with_detections=335 confirmed=[1, 4, 6] pending=[]
[aruco_detector-1] [INFO] [1787180029.735293896] [aruco_detector]: frames=1171 with_detections=355 confirmed=[1, 4, 6] pending=[]
[aruco_detector-1] [INFO] [1787180033.769335167] [aruco_detector]: ArUco 2 CONFIRMED at map (8.75, 0.29, 0.14) range 5.88 m, reproj 0.13 px
[aruco_detector-1] [INFO] [1787180039.735384880] [aruco_detector]: frames=1221 with_detections=382 confirmed=[1, 2, 4, 6] pending=[]
[aruco_detector-1] [INFO] [1787180049.735407871] [aruco_detector]: frames=1271 with_detections=394 confirmed=[1, 2, 4, 6] pending=[]
[aruco_detector-1] [INFO] [1787180055.763168350] [aruco_detector]: ArUco 7 CONFIRMED at map (3.82, -5.73, 0.14) range 4.86 m, reproj 0.20 px
[aruco_detector-1] [INFO] [1787180059.731829356] [aruco_detector]: frames=1321 with_detections=413 confirmed=[1, 2, 4, 6, 7] pending=[]
[aruco_detector-1] [INFO] [1787180069.731812043] [aruco_detector]: frames=1371 with_detections=413 confirmed=[1, 2, 4, 6, 7] pending=[]
[aruco_detector-1] [INFO] [1787180079.731818328] [aruco_detector]: frames=1421 with_detections=455 confirmed=[1, 2, 4, 6, 7] pending=[]
[aruco_detector-1] [INFO] [1787180089.724917723] [aruco_detector]: frames=1471 with_detections=464 confirmed=[1, 2, 4, 6, 7] pending=[]
[aruco_detector-1] [INFO] [1787180099.724894679] [aruco_detector]: frames=1521 with_detections=464 confirmed=[1, 2, 4, 6, 7] pending=[]
[aruco_detector-1] [INFO] [1787180109.724928750] [aruco_detector]: frames=1571 with_detections=464 confirmed=[1, 2, 4, 6, 7] pending=[]
[aruco_detector-1] [INFO] [1787180119.715252019] [aruco_detector]: frames=1621 with_detections=464 confirmed=[1, 2, 4, 6, 7] pending=[]
[aruco_detector-1] [INFO] [1787180125.950607894] [aruco_detector]: ArUco 5 CONFIRMED at map (9.30, 3.49, 0.13) range 5.45 m, reproj 0.32 px
[aruco_detector-1] [INFO] [1787180129.715325386] [aruco_detector]: frames=1671 with_detections=478 confirmed=[1, 2, 4, 5, 6, 7] pending=[]
[aruco_detector-1] [INFO] [1787180139.715288207] [aruco_detector]: frames=1721 with_detections=495 confirmed=[1, 2, 4, 5, 6, 7] pending=[]
[aruco_detector-1] [INFO] [1787180149.714257247] [aruco_detector]: frames=1771 with_detections=495 confirmed=[1, 2, 4, 5, 6, 7] pending=[]
[aruco_detector-1] [INFO] [1787180159.714307793] [aruco_detector]: frames=1821 with_detections=495 confirmed=[1, 2, 4, 5, 6, 7] pending=[]
[aruco_detector-1] [INFO] [1787180169.715829705] [aruco_detector]: frames=1871 with_detections=508 confirmed=[1, 2, 4, 5, 6, 7] pending=[]
[aruco_detector-1] [INFO] [1787180179.709850416] [aruco_detector]: frames=1921 with_detections=543 confirmed=[1, 2, 4, 5, 6, 7] pending=[]
[aruco_detector-1] [INFO] [1787180189.709578383] [aruco_detector]: frames=1971 with_detections=546 confirmed=[1, 2, 4, 5, 6, 7] pending=[]
[aruco_detector-1] [INFO] [1787180199.709493446] [aruco_detector]: frames=2021 with_detections=546 confirmed=[1, 2, 4, 5, 6, 7] pending=[]
[aruco_detector-1] [INFO] [1787180209.703320883] [aruco_detector]: frames=2071 with_detections=585 confirmed=[1, 2, 4, 5, 6, 7] pending=[]
[aruco_detector-1] [INFO] [1787180219.703107068] [aruco_detector]: frames=2121 with_detections=619 confirmed=[1, 2, 4, 5, 6, 7] pending=[]
[aruco_detector-1] [INFO] [1787180229.702969209] [aruco_detector]: frames=2171 with_detections=648 confirmed=[1, 2, 4, 5, 6, 7] pending=[]
[aruco_detector-1] [INFO] [1787180239.699228209] [aruco_detector]: frames=2221 with_detections=678 confirmed=[1, 2, 4, 5, 6, 7] pending=[25]
[aruco_detector-1] [INFO] [1787180249.699182596] [aruco_detector]: frames=2271 with_detections=678 confirmed=[1, 2, 4, 5, 6, 7] pending=[25]
[aruco_detector-1] [INFO] [1787180259.699274577] [aruco_detector]: frames=2321 with_detections=678 confirmed=[1, 2, 4, 5, 6, 7] pending=[25]
[aruco_detector-1] [INFO] [1787180269.694334681] [aruco_detector]: frames=2371 with_detections=678 confirmed=[1, 2, 4, 5, 6, 7] pending=[25]
[aruco_detector-1] [INFO] [1787180279.694297031] [aruco_detector]: frames=2421 with_detections=678 confirmed=[1, 2, 4, 5, 6, 7] pending=[25]
[aruco_detector-1] [INFO] [1787180289.700199757] [aruco_detector]: frames=2471 with_detections=678 confirmed=[1, 2, 4, 5, 6, 7] pending=[25]
[aruco_detector-1] [INFO] [1787180299.696261026] [aruco_detector]: frames=2521 with_detections=678 confirmed=[1, 2, 4, 5, 6, 7] pending=[25]
[aruco_detector-1] [INFO] [1787180309.696274629] [aruco_detector]: frames=2571 with_detections=706 confirmed=[1, 2, 4, 5, 6, 7] pending=[25]
[aruco_detector-1] [INFO] [1787180319.696272967] [aruco_detector]: frames=2621 with_detections=738 confirmed=[1, 2, 4, 5, 6, 7] pending=[25]
[aruco_detector-1] [INFO] [1787180329.690540633] [aruco_detector]: frames=2671 with_detections=762 confirmed=[1, 2, 4, 5, 6, 7] pending=[25]
[aruco_detector-1] [INFO] [1787180339.690518855] [aruco_detector]: frames=2721 with_detections=762 confirmed=[1, 2, 4, 5, 6, 7] pending=[25]
[aruco_detector-1] [INFO] [1787180349.690622572] [aruco_detector]: frames=2771 with_detections=762 confirmed=[1, 2, 4, 5, 6, 7] pending=[25]
[aruco_detector-1] [INFO] [1787180359.687538740] [aruco_detector]: frames=2821 with_detections=762 confirmed=[1, 2, 4, 5, 6, 7] pending=[25]
[aruco_detector-1] [INFO] [1787180369.700887614] [aruco_detector]: frames=2871 with_detections=765 confirmed=[1, 2, 4, 5, 6, 7] pending=[25]
[aruco_detector-1] [INFO] [1787180379.706740718] [aruco_detector]: frames=2921 with_detections=767 confirmed=[1, 2, 4, 5, 6, 7] pending=[25]
[aruco_detector-1] [INFO] [1787180389.702310304] [aruco_detector]: frames=2971 with_detections=804 confirmed=[1, 2, 4, 5, 6, 7] pending=[25]
[aruco_detector-1] [INFO] [1787180399.706409671] [aruco_detector]: frames=3021 with_detections=812 confirmed=[1, 2, 4, 5, 6, 7] pending=[25]
[aruco_detector-1] [INFO] [1787180409.707571541] [aruco_detector]: frames=3071 with_detections=850 confirmed=[1, 2, 4, 5, 6, 7] pending=[25]
[aruco_detector-1] [INFO] [1787180419.698672014] [aruco_detector]: frames=3121 with_detections=878 confirmed=[1, 2, 4, 5, 6, 7] pending=[25]
[aruco_detector-1] [INFO] [1787180429.698610819] [aruco_detector]: frames=3171 with_detections=878 confirmed=[1, 2, 4, 5, 6, 7] pending=[25]
[aruco_detector-1] [INFO] [1787180439.703492719] [aruco_detector]: frames=3221 with_detections=878 confirmed=[1, 2, 4, 5, 6, 7] pending=[25]
[aruco_detector-1] [INFO] [1787180449.701147733] [aruco_detector]: frames=3271 with_detections=878 confirmed=[1, 2, 4, 5, 6, 7] pending=[25]
[aruco_detector-1] [INFO] [1787180459.700840308] [aruco_detector]: frames=3321 with_detections=881 confirmed=[1, 2, 4, 5, 6, 7] pending=[25]
[aruco_detector-1] [INFO] [1787180469.700966845] [aruco_detector]: frames=3371 with_detections=927 confirmed=[1, 2, 4, 5, 6, 7] pending=[25]
[aruco_detector-1] [INFO] [1787180479.696432608] [aruco_detector]: frames=3421 with_detections=933 confirmed=[1, 2, 4, 5, 6, 7] pending=[25]
[aruco_detector-1] [INFO] [1787180489.697094247] [aruco_detector]: frames=3471 with_detections=933 confirmed=[1, 2, 4, 5, 6, 7] pending=[25]
[aruco_detector-1] [INFO] [1787180499.697137577] [aruco_detector]: frames=3521 with_detections=933 confirmed=[1, 2, 4, 5, 6, 7] pending=[25]
[aruco_detector-1] [INFO] [1787180509.705108317] [aruco_detector]: frames=3571 with_detections=933 confirmed=[1, 2, 4, 5, 6, 7] pending=[25]
[aruco_detector-1] [INFO] [1787180519.704912606] [aruco_detector]: frames=3621 with_detections=933 confirmed=[1, 2, 4, 5, 6, 7] pending=[25]
[aruco_detector-1] [INFO] [1787180529.704953763] [aruco_detector]: frames=3671 with_detections=933 confirmed=[1, 2, 4, 5, 6, 7] pending=[25]
[aruco_detector-1] [INFO] [1787180539.700288996] [aruco_detector]: frames=3721 with_detections=933 confirmed=[1, 2, 4, 5, 6, 7] pending=[25]
[aruco_detector-1] [INFO] [1787180549.700260369] [aruco_detector]: frames=3771 with_detections=933 confirmed=[1, 2, 4, 5, 6, 7] pending=[25]
[aruco_detector-1] [INFO] [1787180551.937860003] [aruco_detector]: ArUco 3 CONFIRMED at map (-8.55, 6.79, 0.12) range 5.67 m, reproj 1.72 px
[aruco_detector-1] [INFO] [1787180559.703603050] [aruco_detector]: frames=3821 with_detections=976 confirmed=[1, 2, 3, 4, 5, 6, 7] pending=[25]
[aruco_detector-1] [INFO] [1787180569.702042530] [aruco_detector]: frames=3871 with_detections=1025 confirmed=[1, 2, 3, 4, 5, 6, 7] pending=[25]
[aruco_detector-1] [INFO] [1787180579.701464067] [aruco_detector]: frames=3921 with_detections=1060 confirmed=[1, 2, 3, 4, 5, 6, 7] pending=[25]
[aruco_detector-1] [INFO] [1787180589.705021742] [aruco_detector]: frames=3971 with_detections=1060 confirmed=[1, 2, 3, 4, 5, 6, 7] pending=[25]
[aruco_detector-1] [INFO] [1787180599.708820692] [aruco_detector]: frames=4021 with_detections=1060 confirmed=[1, 2, 3, 4, 5, 6, 7] pending=[25]
[aruco_detector-1] [INFO] [1787180609.710933587] [aruco_detector]: frames=4071 with_detections=1073 confirmed=[1, 2, 3, 4, 5, 6, 7] pending=[25]
[aruco_detector-1] [INFO] [1787180619.711855015] [aruco_detector]: frames=4121 with_detections=1123 confirmed=[1, 2, 3, 4, 5, 6, 7] pending=[25]
[aruco_detector-1] [INFO] [1787180629.707734060] [aruco_detector]: frames=4171 with_detections=1137 confirmed=[1, 2, 3, 4, 5, 6, 7] pending=[25]
[aruco_detector-1] [INFO] [1787180639.707551239] [aruco_detector]: frames=4221 with_detections=1137 confirmed=[1, 2, 3, 4, 5, 6, 7] pending=[25]
[aruco_detector-1] [INFO] [1787180649.707492485] [aruco_detector]: frames=4271 with_detections=1137 confirmed=[1, 2, 3, 4, 5, 6, 7] pending=[25]
[aruco_detector-1] [INFO] [1787180659.702705118] [aruco_detector]: frames=4321 with_detections=1137 confirmed=[1, 2, 3, 4, 5, 6, 7] pending=[25]
[aruco_detector-1] [INFO] [1787180669.702450852] [aruco_detector]: frames=4371 with_detections=1137 confirmed=[1, 2, 3, 4, 5, 6, 7] pending=[25]
[aruco_detector-1] [INFO] [1787180679.714401560] [aruco_detector]: frames=4421 with_detections=1137 confirmed=[1, 2, 3, 4, 5, 6, 7] pending=[25]
[aruco_detector-1] [INFO] [1787180689.708580621] [aruco_detector]: frames=4471 with_detections=1137 confirmed=[1, 2, 3, 4, 5, 6, 7] pending=[25]
[aruco_detector-1] [INFO] [1787180699.708541380] [aruco_detector]: frames=4521 with_detections=1137 confirmed=[1, 2, 3, 4, 5, 6, 7] pending=[25]
[aruco_detector-1] [INFO] [1787180709.712643653] [aruco_detector]: frames=4571 with_detections=1137 confirmed=[1, 2, 3, 4, 5, 6, 7] pending=[25]
[aruco_detector-1] [INFO] [1787180719.721445845] [aruco_detector]: frames=4621 with_detections=1140 confirmed=[1, 2, 3, 4, 5, 6, 7] pending=[25]
[aruco_detector-1] [INFO] [1787180729.731804993] [aruco_detector]: frames=4671 with_detections=1171 confirmed=[1, 2, 3, 4, 5, 6, 7] pending=[25]
[aruco_detector-1] [INFO] [1787180739.732876340] [aruco_detector]: frames=4721 with_detections=1177 confirmed=[1, 2, 3, 4, 5, 6, 7] pending=[25]
[aruco_detector-1] [INFO] [1787180749.733872896] [aruco_detector]: frames=4771 with_detections=1177 confirmed=[1, 2, 3, 4, 5, 6, 7] pending=[25]
[aruco_detector-1] [INFO] [1787180759.735228884] [aruco_detector]: frames=4821 with_detections=1210 confirmed=[1, 2, 3, 4, 5, 6, 7] pending=[25]
[aruco_detector-1] [INFO] [1787180769.735016856] [aruco_detector]: frames=4871 with_detections=1258 confirmed=[1, 2, 3, 4, 5, 6, 7] pending=[25]
[aruco_detector-1] [INFO] [1787180779.728023457] [aruco_detector]: frames=4921 with_detections=1303 confirmed=[1, 2, 3, 4, 5, 6, 7] pending=[25]
[aruco_detector-1] [INFO] [1787180789.727885276] [aruco_detector]: frames=4971 with_detections=1320 confirmed=[1, 2, 3, 4, 5, 6, 7] pending=[25]
[aruco_detector-1] [INFO] [1787180799.728932764] [aruco_detector]: frames=5021 with_detections=1320 confirmed=[1, 2, 3, 4, 5, 6, 7] pending=[25]
[aruco_detector-1] [INFO] [1787180809.727057633] [aruco_detector]: frames=5071 with_detections=1320 confirmed=[1, 2, 3, 4, 5, 6, 7] pending=[25]
[aruco_detector-1] [INFO] [1787180819.726970357] [aruco_detector]: frames=5121 with_detections=1320 confirmed=[1, 2, 3, 4, 5, 6, 7] pending=[25]
[aruco_detector-1] [INFO] [1787180829.728159460] [aruco_detector]: frames=5171 with_detections=1320 confirmed=[1, 2, 3, 4, 5, 6, 7] pending=[25]
[aruco_detector-1] [INFO] [1787180839.719271285] [aruco_detector]: frames=5221 with_detections=1320 confirmed=[1, 2, 3, 4, 5, 6, 7] pending=[25]
[aruco_detector-1] [INFO] [1787180849.719135308] [aruco_detector]: frames=5271 with_detections=1320 confirmed=[1, 2, 3, 4, 5, 6, 7] pending=[25]
[aruco_detector-1] [INFO] [1787180859.742626594] [aruco_detector]: frames=5321 with_detections=1326 confirmed=[1, 2, 3, 4, 5, 6, 7] pending=[25]
[aruco_detector-1] [INFO] [1787180869.776434578] [aruco_detector]: frames=5371 with_detections=1355 confirmed=[1, 2, 3, 4, 5, 6, 7] pending=[25]
[aruco_detector-1] [INFO] [1787180879.778084352] [aruco_detector]: frames=5421 with_detections=1399 confirmed=[1, 2, 3, 4, 5, 6, 7] pending=[25]
[aruco_detector-1] [INFO] [1787180889.772476697] [aruco_detector]: frames=5471 with_detections=1433 confirmed=[1, 2, 3, 4, 5, 6, 7] pending=[25]
[aruco_detector-1] [INFO] [1787180899.772486913] [aruco_detector]: frames=5521 with_detections=1433 confirmed=[1, 2, 3, 4, 5, 6, 7] pending=[25]
[aruco_detector-1] [INFO] [1787180909.773596328] [aruco_detector]: frames=5571 with_detections=1433 confirmed=[1, 2, 3, 4, 5, 6, 7] pending=[25]
[aruco_detector-1] [INFO] [1787180919.768827038] [aruco_detector]: frames=5621 with_detections=1433 confirmed=[1, 2, 3, 4, 5, 6, 7] pending=[25]
[aruco_detector-1] [INFO] [1787180929.773660721] [aruco_detector]: frames=5671 with_detections=1454 confirmed=[1, 2, 3, 4, 5, 6, 7] pending=[25]
[aruco_detector-1] [INFO] [1787180939.773613284] [aruco_detector]: frames=5721 with_detections=1483 confirmed=[1, 2, 3, 4, 5, 6, 7] pending=[25]
[aruco_detector-1] [INFO] [1787180949.770693555] [aruco_detector]: frames=5771 with_detections=1483 confirmed=[1, 2, 3, 4, 5, 6, 7] pending=[25]
[aruco_detector-1] [INFO] [1787180959.770729131] [aruco_detector]: frames=5821 with_detections=1483 confirmed=[1, 2, 3, 4, 5, 6, 7] pending=[25]
[aruco_detector-1] [INFO] [1787180969.817507144] [aruco_detector]: frames=5871 with_detections=1483 confirmed=[1, 2, 3, 4, 5, 6, 7] pending=[25]
[aruco_detector-1] [INFO] [1787180979.816893670] [aruco_detector]: frames=5921 with_detections=1483 confirmed=[1, 2, 3, 4, 5, 6, 7] pending=[25]
