[wsl-exp 00:48:41] backend=wsl:Ubuntu stack=hybrid world=office_world profile=realistic cap=30min out=reports/night/n6_navfn_s33
[wsl-exp 00:48:41] syncing src/ and scripts/ into /home/smirn/leo_ws
[wsl-exp 00:48:42] colcon build (leo_nav2_exploration, leo_rover_gazebo)
Summary: 1 package finished [1.84s]
  1 package failed: leo_rover_gazebo
  1 package had stderr output: leo_rover_gazebo
[wsl-exp 00:48:45] killing any previous sim
[wsl-exp 00:48:49] cleanup: 0 ROS processes still alive
[wsl-exp 00:48:54] starting simulator (GPU, headless)
[wsl-exp 00:48:55] waiting for /leo1/scan
[wsl-exp 00:49:07] scan: average rate: 60.118
[wsl-exp 00:49:07] renderer: 00:49:03: GL_RENDERER = D3D12 (NVIDIA GeForce RTX 4060 Ti)
[wsl-exp 00:49:10] wheel-odometry model (message only) + gyro + EKF
[wsl-exp 00:49:25] overlay stack: sim_navigation.launch.py
[wsl-exp 00:49:26] waiting for Nav2 planner action
[wsl-exp 00:49:48] camera/points (with stack up): average rate: 4.883
[wsl-exp 00:49:51] scan_filtered: average rate: 9.829
[wsl-exp 00:49:52] starting recorders
[wsl-exp 00:49:54] starting ArUco detector
[wsl-exp 00:50:00] bootstrap jog
[wsl-exp 00:50:17] explorer launched; polling (cap 30 min)
[wsl-exp 01:09:21] explorer reports completion
[wsl-exp 01:09:28] saving map
[wsl-exp 01:09:29] flushing recorders
[wsl-exp 01:09:48] cleanup: 0 ROS processes still alive
[wsl-exp 01:09:50] done -> reports/night/n6_navfn_s33
