[INFO] [launch]: All log files can be found below /root/.ros/log/2026-06-12-18-22-06-052538-f647514d8901-8028
[INFO] [launch]: Default logging verbosity is set to INFO
[INFO] [frontier_explorer-1]: process started with pid [8029]
[INFO] [mock_aruco_detector-2]: process started with pid [8031]
[mock_aruco_detector-2] [INFO] [1781288529.815971725] [mock_aruco_detector]: Mock detector: 0 ground-truth markers
[frontier_explorer-1] [INFO] [1781288530.160884725] [frontier_explorer]: Frontier explorer up for "leo1" (base_frame=leo1/base_link)
[frontier_explorer-1] [WARN] [1781288530.433650681] [frontier_explorer]: Watchdog: work exists but no goal active and robot stationary - clearing costmaps
[frontier_explorer-1] [INFO] [1781288534.363287747] [frontier_explorer]: Initial pose recorded: (9.33, -6.37)
[frontier_explorer-1] [INFO] [1781288534.604388985] [frontier_explorer]: No path to frontier goal (8.98, -7.45), skipping
[frontier_explorer-1] [WARN] [1781288552.025041478] [frontier_explorer]: Watchdog: work exists but no goal active and robot stationary - clearing costmaps
[frontier_explorer-1] [INFO] [1781288555.716497226] [frontier_explorer]: No path to frontier goal (10.98, -2.20), skipping
[frontier_explorer-1] [INFO] [1781288576.617784774] [frontier_explorer]: No path to frontier goal (8.98, -7.45), skipping
[frontier_explorer-1] [WARN] [1781288587.121903128] [frontier_explorer]: Watchdog: all goals planner-rejected (8 skips) - blind reverse escape
[frontier_explorer-1] [WARN] [1781288598.484944563] [frontier_explorer]: Goal (8.98, -7.45) planner-rejected 3 times - blacklisting
[frontier_explorer-1] [INFO] [1781288598.543418850] [frontier_explorer]: No path to frontier goal (8.98, -7.45), skipping
[frontier_explorer-1] [WARN] [1781288605.853293005] [frontier_explorer]: Goal (10.48, -3.75) planner-rejected 3 times - blacklisting
[frontier_explorer-1] [WARN] [1781288613.209391712] [frontier_explorer]: Goal (12.13, -2.60) planner-rejected 3 times - blacklisting
[frontier_explorer-1] [INFO] [1781288620.525972490] [frontier_explorer]: No path to frontier goal (10.98, -2.20), skipping
[frontier_explorer-1] [WARN] [1781288624.037166983] [frontier_explorer]: Watchdog: work exists but no goal active and robot stationary - clearing costmaps
[frontier_explorer-1] [INFO] [1781288643.030930294] [frontier_explorer]: No path to frontier goal (10.48, -12.85), skipping
[frontier_explorer-1] [WARN] [1781288661.177838433] [frontier_explorer]: Watchdog: all goals planner-rejected (9 skips) - blind rotate escape
[frontier_explorer-1] [WARN] [1781288664.925799080] [frontier_explorer]: Goal (10.98, -2.20) planner-rejected 3 times - blacklisting
[frontier_explorer-1] [INFO] [1781288664.994967209] [frontier_explorer]: No path to frontier goal (10.98, -2.20), skipping
[frontier_explorer-1] [WARN] [1781288671.545038235] [frontier_explorer]: Goal (13.68, -10.10) planner-rejected 3 times - blacklisting
[frontier_explorer-1] [WARN] [1781288684.441686514] [frontier_explorer]: Goal (10.48, -12.85) planner-rejected 3 times - blacklisting
[frontier_explorer-1] [INFO] [1781288691.001634846] [frontier_explorer]: No path to frontier goal (7.28, -2.85), skipping
[frontier_explorer-1] [WARN] [1781288694.123917255] [frontier_explorer]: Watchdog: work exists but no goal active and robot stationary - clearing costmaps
[frontier_explorer-1] [WARN] [1781288694.191726047] [frontier_explorer]: Watchdog: resetting blacklist
[frontier_explorer-1] [WARN] [1781288697.544716818] [frontier_explorer]: Goal (8.98, -7.45) planner-rejected 4 times - blacklisting
[frontier_explorer-1] [WARN] [1781288704.135124444] [frontier_explorer]: Goal (10.48, -3.75) planner-rejected 4 times - blacklisting
[frontier_explorer-1] [WARN] [1781288710.516855836] [frontier_explorer]: Goal (12.13, -2.60) planner-rejected 4 times - blacklisting
[frontier_explorer-1] [WARN] [1781288717.014284451] [frontier_explorer]: Goal (10.98, -2.20) planner-rejected 4 times - blacklisting
[frontier_explorer-1] [INFO] [1781288717.077317173] [frontier_explorer]: No path to frontier goal (10.98, -2.20), skipping
[frontier_explorer-1] [WARN] [1781288723.606006208] [frontier_explorer]: Goal (13.68, -10.10) planner-rejected 4 times - blacklisting
[frontier_explorer-1] [WARN] [1781288726.656896677] [frontier_explorer]: Watchdog: all goals planner-rejected (9 skips) - blind reverse escape
[frontier_explorer-1] [WARN] [1781288730.270692246] [frontier_explorer]: Goal (9.08, -3.15) planner-rejected 3 times - blacklisting
[frontier_explorer-1] [WARN] [1781288737.017212737] [frontier_explorer]: Goal (10.48, -12.85) planner-rejected 4 times - blacklisting
[frontier_explorer-1] [INFO] [1781288737.086539141] [frontier_explorer]: No path to frontier goal (10.48, -12.85), skipping
[frontier_explorer-1] [WARN] [1781288743.672083344] [frontier_explorer]: Goal (7.28, -2.85) planner-rejected 3 times - blacklisting
[frontier_explorer-1] [INFO] [1781288757.519336035] [frontier_explorer]: New frontier goal: (12.43, -10.05)
[frontier_explorer-1] [WARN] [1781288845.570893332] [frontier_explorer]: frontier goal failed (status 6), blacklisted (12.43, -10.05)
[frontier_explorer-1] [INFO] [1781288846.719289497] [frontier_explorer]: New frontier goal: (7.03, -8.70)
[frontier_explorer-1] [WARN] [1781288867.619673883] [frontier_explorer]: Goal (14.48, -8.95) planner-rejected 3 times - blacklisting
[frontier_explorer-1] [INFO] [1781288867.690723312] [frontier_explorer]: No path to frontier goal (14.48, -8.95), skipping
[frontier_explorer-1] [WARN] [1781288881.596169030] [frontier_explorer]: Goal (14.13, -10.05) planner-rejected 5 times - blacklisting
[frontier_explorer-1] [INFO] [1781288888.517088958] [frontier_explorer]: No path to frontier goal (11.58, -10.65), skipping
[frontier_explorer-1] [WARN] [1781288893.560782435] [frontier_explorer]: frontier goal failed (status 6), blacklisted (7.03, -8.70)
[frontier_explorer-1] [INFO] [1781288895.266638526] [frontier_explorer]: New frontier goal: (10.48, -12.85)
[frontier_explorer-1] [INFO] [1781288916.926814026] [frontier_explorer]: No path to frontier goal (12.73, -11.65), skipping
[frontier_explorer-1] [WARN] [1781288941.372967632] [frontier_explorer]: frontier goal failed (status 6), blacklisted (10.48, -12.85)
[frontier_explorer-1] [INFO] [1781288947.003590694] [frontier_explorer]: No path to frontier goal (11.88, -11.90), skipping
[frontier_explorer-1] [INFO] [1781288954.777454145] [frontier_explorer]: New frontier goal: (13.13, -10.35)
[frontier_explorer-1] [INFO] [1781288975.897132406] [frontier_explorer]: No path to frontier goal (12.73, -11.65), skipping
[frontier_explorer-1] [WARN] [1781289016.560621288] [frontier_explorer]: Goal (12.73, -11.65) planner-rejected 3 times - blacklisting
[frontier_explorer-1] [INFO] [1781289016.616620168] [frontier_explorer]: No path to frontier goal (12.73, -11.65), skipping
[frontier_explorer-1] [WARN] [1781289030.203432046] [frontier_explorer]: No progress for 32s - clearing costmaps and retrying goal (13.13, -10.35)
[frontier_explorer-1] [INFO] [1781289030.400176439] [frontier_explorer]: New frontier goal: (11.88, -11.90)
[frontier_explorer-1] [WARN] [1781289051.459811630] [frontier_explorer]: Goal (14.13, -10.05) planner-rejected 6 times - blacklisting
[frontier_explorer-1] [INFO] [1781289051.513812512] [frontier_explorer]: No path to frontier goal (14.13, -10.05), skipping
[frontier_explorer-1] [WARN] [1781289081.809759866] [frontier_explorer]: frontier goal failed (status 6), blacklisted (11.88, -11.90)
[frontier_explorer-1] [WARN] [1781289088.840480612] [frontier_explorer]: Goal (14.48, -8.95) planner-rejected 4 times - blacklisting
[frontier_explorer-1] [INFO] [1781289088.899518345] [frontier_explorer]: No path to frontier goal (14.48, -8.95), skipping
[frontier_explorer-1] [INFO] [1781289096.281937799] [frontier_explorer]: New frontier goal: (13.13, -10.35)
[frontier_explorer-1] [WARN] [1781289117.531551872] [frontier_explorer]: Goal (10.48, -12.85) planner-rejected 5 times - blacklisting
[frontier_explorer-1] [INFO] [1781289117.587845599] [frontier_explorer]: No path to frontier goal (10.48, -12.85), skipping
[frontier_explorer-1] [WARN] [1781289131.529329221] [frontier_explorer]: Watchdog: <0.3 m movement in 120 s despite active work - blind rotate escape
[frontier_explorer-1] [INFO] [1781289138.245108325] [frontier_explorer]: New frontier goal: (13.28, -11.25)
[frontier_explorer-1] [INFO] [1781289164.114204227] [frontier_explorer]: New frontier goal: (13.13, -10.35)
[frontier_explorer-1] [WARN] [1781289184.469407578] [frontier_explorer]: Goal (12.98, -11.45) planner-rejected 4 times - blacklisting
[frontier_explorer-1] [INFO] [1781289184.532945388] [frontier_explorer]: No path to frontier goal (12.98, -11.45), skipping
[frontier_explorer-1] [WARN] [1781289225.303419231] [frontier_explorer]: No progress for 32s - clearing costmaps and retrying goal (13.13, -10.35)
[frontier_explorer-1] [WARN] [1781289228.234125821] [frontier_explorer]: frontier goal failed (status 6), blacklisted (13.13, -10.35)
[frontier_explorer-1] [INFO] [1781289231.948262441] [frontier_explorer]: No path to frontier goal (13.93, -8.70), skipping
[frontier_explorer-1] [WARN] [1781289244.384872915] [frontier_explorer]: Goal (14.48, -8.95) planner-rejected 5 times - blacklisting
[frontier_explorer-1] [WARN] [1781289247.374531558] [frontier_explorer]: Watchdog: work exists but no goal active and robot stationary - clearing costmaps
[frontier_explorer-1] [WARN] [1781289247.436252898] [frontier_explorer]: Watchdog: resetting blacklist
[frontier_explorer-1] [INFO] [1781289250.850784526] [frontier_explorer]: New frontier goal: (12.98, -11.45)
[frontier_explorer-1] [WARN] [1781289295.009370750] [frontier_explorer]: frontier goal failed (status 6), blacklisted (12.98, -11.45)
[frontier_explorer-1] [INFO] [1781289297.748531088] [frontier_explorer]: New frontier goal: (13.13, -10.35)
[frontier_explorer-1] [WARN] [1781289352.088542308] [frontier_explorer]: Watchdog: <0.3 m movement in 120 s despite active work - blind reverse escape
[frontier_explorer-1] [INFO] [1781289355.920529601] [frontier_explorer]: No path to frontier goal (13.13, -10.35), skipping
[frontier_explorer-1] [INFO] [1781289363.336137092] [frontier_explorer]: New frontier goal: (13.13, -10.35)
[frontier_explorer-1] [WARN] [1781289370.829181715] [frontier_explorer]: Watchdog: <0.3 m movement in 120 s despite active work - blind rotate escape
[frontier_explorer-1] [WARN] [1781289378.060361498] [frontier_explorer]: Goal (13.93, -8.70) planner-rejected 3 times - blacklisting
[frontier_explorer-1] [INFO] [1781289378.118687356] [frontier_explorer]: No path to frontier goal (13.93, -8.70), skipping
[frontier_explorer-1] [WARN] [1781289388.907095096] [frontier_explorer]: Watchdog: work exists but no goal active and robot stationary - clearing costmaps
[frontier_explorer-1] [WARN] [1781289388.970137140] [frontier_explorer]: Watchdog: resetting blacklist
[frontier_explorer-1] [INFO] [1781289392.781209326] [frontier_explorer]: New frontier goal: (12.98, -11.45)
[frontier_explorer-1] [WARN] [1781289455.222919874] [frontier_explorer]: frontier goal failed (status 6), blacklisted (12.98, -11.45)
[frontier_explorer-1] [WARN] [1781289459.543671941] [frontier_explorer]: Goal (13.93, -8.70) planner-rejected 4 times - blacklisting
[frontier_explorer-1] [INFO] [1781289459.602268890] [frontier_explorer]: No path to frontier goal (13.93, -8.70), skipping
[frontier_explorer-1] [WARN] [1781289462.651646062] [frontier_explorer]: Watchdog: work exists but no goal active and robot stationary - clearing costmaps
[frontier_explorer-1] [WARN] [1781289473.123083124] [frontier_explorer]: Goal (15.58, -8.95) planner-rejected 3 times - blacklisting
[frontier_explorer-1] [INFO] [1781289479.935082873] [frontier_explorer]: No path to frontier goal (15.28, -7.90), skipping
[frontier_explorer-1] [WARN] [1781289493.562088014] [frontier_explorer]: Goal (12.13, -2.60) planner-rejected 5 times - blacklisting
[frontier_explorer-1] [WARN] [1781289496.752514658] [frontier_explorer]: Watchdog: all goals planner-rejected (6 skips) - blind reverse escape
[frontier_explorer-1] [INFO] [1781289500.440319538] [frontier_explorer]: No path to frontier goal (14.58, -10.70), skipping
[frontier_explorer-1] [INFO] [1781289507.468079040] [frontier_explorer]: New frontier goal: (14.63, -6.00)
[frontier_explorer-1] [WARN] [1781289528.090770031] [frontier_explorer]: Goal (13.13, -10.35) planner-rejected 3 times - blacklisting
[frontier_explorer-1] [INFO] [1781289528.163481468] [frontier_explorer]: No path to frontier goal (13.13, -10.35), skipping
[frontier_explorer-1] [WARN] [1781289543.232595019] [frontier_explorer]: frontier goal failed (status 6), blacklisted (14.63, -6.00)
[frontier_explorer-1] [INFO] [1781289548.568905607] [frontier_explorer]: No path to frontier goal (15.28, -7.90), skipping
[frontier_explorer-1] [WARN] [1781289565.181124887] [frontier_explorer]: Watchdog: work exists but no goal active and robot stationary - clearing costmaps
[frontier_explorer-1] [WARN] [1781289565.239132019] [frontier_explorer]: Watchdog: resetting blacklist
[frontier_explorer-1] [WARN] [1781289568.786155860] [frontier_explorer]: Goal (12.98, -11.45) planner-rejected 5 times - blacklisting
[frontier_explorer-1] [INFO] [1781289568.839238397] [frontier_explorer]: No path to frontier goal (12.98, -11.45), skipping
[frontier_explorer-1] [WARN] [1781289575.549937578] [frontier_explorer]: Goal (13.93, -8.70) planner-rejected 5 times - blacklisting
[frontier_explorer-1] [WARN] [1781289582.472913292] [frontier_explorer]: Goal (13.13, -10.35) planner-rejected 4 times - blacklisting
[frontier_explorer-1] [WARN] [1781289589.353093944] [frontier_explorer]: Goal (15.58, -8.95) planner-rejected 4 times - blacklisting
[frontier_explorer-1] [INFO] [1781289589.409439469] [frontier_explorer]: No path to frontier goal (15.58, -8.95), skipping
[frontier_explorer-1] [WARN] [1781289596.380006697] [frontier_explorer]: Goal (15.28, -7.90) planner-rejected 3 times - blacklisting
[frontier_explorer-1] [WARN] [1781289599.740171223] [frontier_explorer]: Watchdog: all goals planner-rejected (9 skips) - blind rotate escape
[frontier_explorer-1] [WARN] [1781289611.061395987] [frontier_explorer]: Goal (14.63, -6.00) planner-rejected 3 times - blacklisting
[frontier_explorer-1] [INFO] [1781289611.122493893] [frontier_explorer]: No path to frontier goal (14.63, -6.00), skipping
[frontier_explorer-1] [WARN] [1781289619.014099698] [frontier_explorer]: Goal (12.13, -2.60) planner-rejected 6 times - blacklisting
[frontier_explorer-1] [WARN] [1781289626.907767827] [frontier_explorer]: Goal (14.58, -10.70) planner-rejected 3 times - blacklisting
[frontier_explorer-1] [INFO] [1781289634.675322479] [frontier_explorer]: No path to frontier goal (10.38, -11.55), skipping
[frontier_explorer-1] [WARN] [1781289638.387535122] [frontier_explorer]: Watchdog: work exists but no goal active and robot stationary - clearing costmaps
[frontier_explorer-1] [WARN] [1781289642.484173462] [frontier_explorer]: Goal (10.98, -2.20) planner-rejected 5 times - blacklisting
[frontier_explorer-1] [WARN] [1781289650.184879571] [frontier_explorer]: Goal (10.48, -3.75) planner-rejected 5 times - blacklisting
[frontier_explorer-1] [INFO] [1781289657.941561867] [frontier_explorer]: No path to frontier goal (8.83, -10.80), skipping
[frontier_explorer-1] [WARN] [1781289677.402331624] [frontier_explorer]: Watchdog: all goals planner-rejected (9 skips) - blind reverse escape
[frontier_explorer-1] [WARN] [1781289681.554129415] [frontier_explorer]: Goal (10.38, -11.55) planner-rejected 3 times - blacklisting
[frontier_explorer-1] [INFO] [1781289681.615875896] [frontier_explorer]: No path to frontier goal (10.38, -11.55), skipping
[frontier_explorer-1] [WARN] [1781289688.879870555] [frontier_explorer]: Goal (9.08, -3.15) planner-rejected 4 times - blacklisting
[frontier_explorer-1] [INFO] [1781289703.624765451] [frontier_explorer]: No path to frontier goal (10.33, -12.25), skipping
[frontier_explorer-1] [WARN] [1781289714.143152166] [frontier_explorer]: Watchdog: work exists but no goal active and robot stationary - clearing costmaps
[frontier_explorer-1] [INFO] [1781289724.862987064] [frontier_explorer]: No path to frontier goal (11.58, -2.05), skipping
[frontier_explorer-1] [WARN] [1781289731.873987461] [frontier_explorer]: Goal (7.28, -2.85) planner-rejected 4 times - blacklisting
[frontier_explorer-1] [WARN] [1781289738.940130830] [frontier_explorer]: Goal (12.98, -11.45) planner-rejected 6 times - blacklisting
[frontier_explorer-1] [INFO] [1781289746.035857694] [frontier_explorer]: New frontier goal: (13.93, -8.70)
[frontier_explorer-1] [WARN] [1781289802.480279738] [frontier_explorer]: frontier goal failed (status 6), blacklisted (13.93, -8.70)
[frontier_explorer-1] [WARN] [1781289809.369065626] [frontier_explorer]: Goal (12.13, -2.60) planner-rejected 7 times - blacklisting
[frontier_explorer-1] [INFO] [1781289809.428255417] [frontier_explorer]: No path to frontier goal (12.13, -2.60), skipping
[frontier_explorer-1] [WARN] [1781289816.141535757] [frontier_explorer]: Goal (13.13, -10.35) planner-rejected 5 times - blacklisting
[frontier_explorer-1] [WARN] [1781289819.368792066] [frontier_explorer]: Watchdog: work exists but no goal active and robot stationary - clearing costmaps
[frontier_explorer-1] [WARN] [1781289822.863286268] [frontier_explorer]: Goal (14.63, -6.00) planner-rejected 4 times - blacklisting
[frontier_explorer-1] [WARN] [1781289829.679091271] [frontier_explorer]: Goal (15.58, -8.95) planner-rejected 5 times - blacklisting
[frontier_explorer-1] [INFO] [1781289829.747054190] [frontier_explorer]: No path to frontier goal (15.58, -8.95), skipping
[frontier_explorer-1] [WARN] [1781289836.616879466] [frontier_explorer]: Goal (15.28, -7.90) planner-rejected 4 times - blacklisting
[frontier_explorer-1] [WARN] [1781289843.439373943] [frontier_explorer]: Goal (10.98, -2.20) planner-rejected 6 times - blacklisting
[frontier_explorer-1] [WARN] [1781289850.468500818] [frontier_explorer]: Goal (10.48, -3.75) planner-rejected 6 times - blacklisting
[frontier_explorer-1] [INFO] [1781289850.526269416] [frontier_explorer]: No path to frontier goal (10.48, -3.75), skipping
[frontier_explorer-1] [WARN] [1781289853.748886283] [frontier_explorer]: Watchdog: all goals planner-rejected (7 skips) - blind rotate escape
[frontier_explorer-1] [WARN] [1781289857.540154593] [frontier_explorer]: Goal (10.38, -11.55) planner-rejected 4 times - blacklisting
[frontier_explorer-1] [WARN] [1781289864.684509391] [frontier_explorer]: Goal (12.98, -12.05) planner-rejected 7 times - blacklisting
[frontier_explorer-1] [WARN] [1781289871.665011699] [frontier_explorer]: Goal (8.83, -10.80) planner-rejected 3 times - blacklisting
[frontier_explorer-1] [INFO] [1781289871.728130747] [frontier_explorer]: No path to frontier goal (8.83, -10.80), skipping
[frontier_explorer-1] [WARN] [1781289878.566167928] [frontier_explorer]: Goal (9.08, -3.15) planner-rejected 5 times - blacklisting
[frontier_explorer-1] [WARN] [1781289885.563686412] [frontier_explorer]: Goal (14.58, -10.70) planner-rejected 4 times - blacklisting
[frontier_explorer-1] [WARN] [1781289888.867942946] [frontier_explorer]: Watchdog: work exists but no goal active and robot stationary - clearing costmaps
[frontier_explorer-1] [WARN] [1781289892.571754657] [frontier_explorer]: Goal (10.33, -12.25) planner-rejected 3 times - blacklisting
[frontier_explorer-1] [INFO] [1781289892.630055524] [frontier_explorer]: No path to frontier goal (10.33, -12.25), skipping
[frontier_explorer-1] [INFO] [1781289913.129326392] [frontier_explorer]: No path to frontier goal (11.58, -2.05), skipping
[frontier_explorer-1] [WARN] [1781289920.234700499] [frontier_explorer]: Goal (7.28, -2.85) planner-rejected 5 times - blacklisting
[frontier_explorer-1] [WARN] [1781289923.456784167] [frontier_explorer]: Watchdog: all goals planner-rejected (9 skips) - blind reverse escape
[frontier_explorer-1] [WARN] [1781289935.262001066] [frontier_explorer]: Goal (13.18, -11.35) planner-rejected 8 times - blacklisting
[frontier_explorer-1] [INFO] [1781289935.328929049] [frontier_explorer]: No path to frontier goal (13.18, -11.35), skipping
[frontier_explorer-1] [WARN] [1781289950.543165105] [frontier_explorer]: Goal (11.43, -12.80) planner-rejected 3 times - blacklisting
[frontier_explorer-1] [WARN] [1781289958.139244527] [frontier_explorer]: Goal (11.58, -2.05) planner-rejected 3 times - blacklisting
[frontier_explorer-1] [INFO] [1781289958.197706276] [frontier_explorer]: No path to frontier goal (11.58, -2.05), skipping
[frontier_explorer-1] [WARN] [1781289961.815959558] [frontier_explorer]: Watchdog: work exists but no goal active and robot stationary - clearing costmaps
[frontier_explorer-1] [WARN] [1781289961.882238446] [frontier_explorer]: Watchdog: resetting blacklist
[frontier_explorer-1] [WARN] [1781289965.850832367] [frontier_explorer]: Goal (12.98, -12.05) planner-rejected 9 times - blacklisting
[frontier_explorer-1] [WARN] [1781289973.492057243] [frontier_explorer]: Goal (12.13, -2.60) planner-rejected 8 times - blacklisting
[frontier_explorer-1] [INFO] [1781289981.094688570] [frontier_explorer]: New frontier goal: (13.93, -8.70)
[frontier_explorer-1] [WARN] [1781290034.872450176] [frontier_explorer]: frontier goal failed (status 6), blacklisted (13.93, -8.70)
[frontier_explorer-1] [WARN] [1781290036.007236505] [frontier_explorer]: Goal (15.58, -8.95) planner-rejected 6 times - blacklisting
[frontier_explorer-1] [INFO] [1781290036.062127137] [frontier_explorer]: No path to frontier goal (15.58, -8.95), skipping
[frontier_explorer-1] [INFO] [1781290042.661527893] [frontier_explorer]: New frontier goal: (14.63, -6.00)
[frontier_explorer-1] [WARN] [1781290100.885965971] [frontier_explorer]: frontier goal failed (status 6), blacklisted (14.63, -6.00)
[frontier_explorer-1] [WARN] [1781290101.457195695] [frontier_explorer]: Goal (15.28, -7.90) planner-rejected 5 times - blacklisting
[frontier_explorer-1] [INFO] [1781290101.528428766] [frontier_explorer]: No path to frontier goal (15.28, -7.90), skipping
[frontier_explorer-1] [WARN] [1781290105.084390352] [frontier_explorer]: Watchdog: work exists but no goal active and robot stationary - clearing costmaps
[frontier_explorer-1] [WARN] [1781290109.093935812] [frontier_explorer]: Goal (10.48, -3.75) planner-rejected 7 times - blacklisting
[frontier_explorer-1] [WARN] [1781290116.692529665] [frontier_explorer]: Goal (10.98, -2.20) planner-rejected 7 times - blacklisting
[frontier_explorer-1] [WARN] [1781290124.332352913] [frontier_explorer]: Goal (10.38, -11.55) planner-rejected 5 times - blacklisting
[frontier_explorer-1] [INFO] [1781290124.402708434] [frontier_explorer]: No path to frontier goal (10.38, -11.55), skipping
[frontier_explorer-1] [WARN] [1781290131.859745742] [frontier_explorer]: Goal (14.58, -10.70) planner-rejected 5 times - blacklisting
[frontier_explorer-1] [WARN] [1781290139.428781134] [frontier_explorer]: Goal (12.13, -2.60) planner-rejected 9 times - blacklisting
[frontier_explorer-1] [WARN] [1781290143.040099211] [frontier_explorer]: Watchdog: all goals planner-rejected (6 skips) - blind rotate escape
[frontier_explorer-1] [WARN] [1781290146.995210577] [frontier_explorer]: Goal (8.83, -10.80) planner-rejected 4 times - blacklisting
[frontier_explorer-1] [INFO] [1781290147.059639699] [frontier_explorer]: No path to frontier goal (8.83, -10.80), skipping
[frontier_explorer-1] [INFO] [1781290154.438655364] [frontier_explorer]: New frontier goal: (10.33, -12.25)
[frontier_explorer-1] [WARN] [1781290193.903759599] [frontier_explorer]: frontier goal failed (status 6), blacklisted (10.33, -12.25)
[frontier_explorer-1] [WARN] [1781290198.225494666] [frontier_explorer]: Goal (11.43, -12.80) planner-rejected 4 times - blacklisting
[frontier_explorer-1] [INFO] [1781290198.300408446] [frontier_explorer]: No path to frontier goal (11.43, -12.80), skipping
[frontier_explorer-1] [INFO] [1781290205.811429871] [frontier_explorer]: New frontier goal: (13.93, -8.70)
[frontier_explorer-1] [WARN] [1781290264.903517892] [frontier_explorer]: frontier goal failed (status 6), blacklisted (13.93, -8.70)
[frontier_explorer-1] [WARN] [1781290270.437802846] [frontier_explorer]: Goal (15.58, -8.95) planner-rejected 7 times - blacklisting
[frontier_explorer-1] [INFO] [1781290270.499240563] [frontier_explorer]: No path to frontier goal (15.58, -8.95), skipping
[frontier_explorer-1] [INFO] [1781290277.294233500] [frontier_explorer]: New frontier goal: (10.48, -3.75)
[frontier_explorer-1] [WARN] [1781290337.300791883] [frontier_explorer]: frontier goal failed (status 6), blacklisted (10.48, -3.75)
[frontier_explorer-1] [WARN] [1781290343.917195615] [frontier_explorer]: Goal (10.38, -11.55) planner-rejected 6 times - blacklisting
[frontier_explorer-1] [INFO] [1781290343.991620571] [frontier_explorer]: No path to frontier goal (10.38, -11.55), skipping
[frontier_explorer-1] [WARN] [1781290351.289418388] [frontier_explorer]: Goal (12.13, -2.60) planner-rejected 10 times - blacklisting
[frontier_explorer-1] [WARN] [1781290358.464737528] [frontier_explorer]: Goal (8.83, -10.80) planner-rejected 5 times - blacklisting
[frontier_explorer-1] [WARN] [1781290361.907024752] [frontier_explorer]: Watchdog: work exists but no goal active and robot stationary - clearing costmaps
[frontier_explorer-1] [WARN] [1781290361.973782571] [frontier_explorer]: Watchdog: resetting blacklist
[frontier_explorer-1] [INFO] [1781290365.717707490] [frontier_explorer]: New frontier goal: (13.93, -8.70)
[frontier_explorer-1] [WARN] [1781290420.917881695] [frontier_explorer]: frontier goal failed (status 6), blacklisted (13.93, -8.70)
[frontier_explorer-1] [INFO] [1781290421.396260397] [frontier_explorer]: New frontier goal: (10.38, -11.55)
[frontier_explorer-1] [WARN] [1781290482.920973292] [frontier_explorer]: frontier goal failed (status 6), blacklisted (10.38, -11.55)
[frontier_explorer-1] [WARN] [1781290484.519826882] [frontier_explorer]: Goal (8.83, -10.80) planner-rejected 6 times - blacklisting
[frontier_explorer-1] [INFO] [1781290484.586380857] [frontier_explorer]: No path to frontier goal (8.83, -10.80), skipping
[frontier_explorer-1] [WARN] [1781290491.720842035] [frontier_explorer]: Goal (10.33, -12.25) planner-rejected 4 times - blacklisting
[frontier_explorer-1] [WARN] [1781290498.912225153] [frontier_explorer]: Goal (11.43, -12.80) planner-rejected 5 times - blacklisting
[frontier_explorer-1] [WARN] [1781290502.350341813] [frontier_explorer]: Watchdog: work exists but no goal active and robot stationary - clearing costmaps
[frontier_explorer-1] [WARN] [1781290506.101387179] [frontier_explorer]: Goal (10.48, -3.75) planner-rejected 8 times - blacklisting
[frontier_explorer-1] [INFO] [1781290506.169817083] [frontier_explorer]: No path to frontier goal (10.48, -3.75), skipping
[frontier_explorer-1] [WARN] [1781290513.391696981] [frontier_explorer]: Goal (15.58, -8.95) planner-rejected 8 times - blacklisting
[frontier_explorer-1] [WARN] [1781290520.606347686] [frontier_explorer]: Goal (10.98, -2.20) planner-rejected 8 times - blacklisting
[frontier_explorer-1] [INFO] [1781290527.977457891] [frontier_explorer]: No path to frontier goal (7.53, -12.20), skipping
[frontier_explorer-1] [WARN] [1781290538.816282419] [frontier_explorer]: Watchdog: all goals planner-rejected (8 skips) - blind reverse escape
[frontier_explorer-1] [WARN] [1781290542.625391640] [frontier_explorer]: Goal (14.58, -10.70) planner-rejected 6 times - blacklisting
[frontier_explorer-1] [WARN] [1781290549.862486903] [frontier_explorer]: Goal (15.28, -7.90) planner-rejected 6 times - blacklisting
[frontier_explorer-1] [INFO] [1781290549.926298640] [frontier_explorer]: No path to frontier goal (15.28, -7.90), skipping
[frontier_explorer-1] [INFO] [1781290557.181263985] [frontier_explorer]: New frontier goal: (14.63, -6.00)
[frontier_explorer-1] [INFO] [1781290587.283532040] [frontier_explorer]: New frontier goal: (13.93, -8.70)
[frontier_explorer-1] [WARN] [1781290618.149780178] [frontier_explorer]: frontier goal failed (status 6), blacklisted (13.93, -8.70)
[frontier_explorer-1] [INFO] [1781290624.808391912] [frontier_explorer]: New frontier goal: (14.63, -6.00)
[frontier_explorer-1] [INFO] [1781290666.640581708] [frontier_explorer]: No path to frontier goal (14.13, -10.05), skipping
[frontier_explorer-1] [INFO] [1781290673.844567902] [frontier_explorer]: New frontier goal: (10.38, -11.55)
[frontier_explorer-1] [WARN] [1781290685.748801577] [frontier_explorer]: frontier goal failed (status 6), blacklisted (10.38, -11.55)
[frontier_explorer-1] [WARN] [1781290688.069809433] [frontier_explorer]: Goal (8.83, -10.80) planner-rejected 7 times - blacklisting
[frontier_explorer-1] [INFO] [1781290688.137197172] [frontier_explorer]: No path to frontier goal (8.83, -10.80), skipping
[frontier_explorer-1] [WARN] [1781290695.123661704] [frontier_explorer]: Goal (10.33, -12.25) planner-rejected 5 times - blacklisting
[frontier_explorer-1] [WARN] [1781290702.201807156] [frontier_explorer]: Goal (15.58, -8.95) planner-rejected 9 times - blacklisting
[frontier_explorer-1] [INFO] [1781290709.282488254] [frontier_explorer]: No path to frontier goal (14.13, -10.05), skipping
[frontier_explorer-1] [WARN] [1781290716.582239971] [frontier_explorer]: Goal (10.48, -3.75) planner-rejected 9 times - blacklisting
[frontier_explorer-1] [WARN] [1781290720.020372246] [frontier_explorer]: Watchdog: work exists but no goal active and robot stationary - clearing costmaps
[frontier_explorer-1] [WARN] [1781290720.084356866] [frontier_explorer]: Watchdog: resetting blacklist
[frontier_explorer-1] [WARN] [1781290723.787139115] [frontier_explorer]: Goal (14.13, -10.05) planner-rejected 3 times - blacklisting
[frontier_explorer-1] [INFO] [1781290730.930471237] [frontier_explorer]: No path to frontier goal (10.43, -12.90), skipping
[frontier_explorer-1] [WARN] [1781290737.972097381] [frontier_explorer]: Goal (10.38, -11.55) planner-rejected 7 times - blacklisting
[frontier_explorer-1] [WARN] [1781290745.164761788] [frontier_explorer]: Goal (8.83, -10.80) planner-rejected 8 times - blacklisting
[frontier_explorer-1] [INFO] [1781290752.344355563] [frontier_explorer]: New frontier goal: (13.93, -8.70)
[frontier_explorer-1] [INFO] [1781290776.216946546] [frontier_explorer]: No path to frontier goal (10.43, -12.90), skipping
[frontier_explorer-1] [INFO] [1781290796.108172687] [frontier_explorer]: New frontier goal: (13.68, -11.05)
[frontier_explorer-1] [WARN] [1781290850.548301826] [frontier_explorer]: frontier goal failed (status 6), blacklisted (13.68, -11.05)
[frontier_explorer-1] [WARN] [1781290853.319914416] [frontier_explorer]: Goal (10.43, -12.90) planner-rejected 3 times - blacklisting
[frontier_explorer-1] [INFO] [1781290853.368144243] [frontier_explorer]: No path to frontier goal (10.43, -12.90), skipping
[frontier_explorer-1] [INFO] [1781290859.892037551] [frontier_explorer]: New frontier goal: (13.93, -8.70)
[frontier_explorer-1] [WARN] [1781290907.151221086] [frontier_explorer]: frontier goal failed (status 6), blacklisted (13.93, -8.70)
[frontier_explorer-1] [INFO] [1781290910.084251341] [frontier_explorer]: No path to frontier goal (14.48, -8.95), skipping
[frontier_explorer-1] [WARN] [1781290915.374345202] [frontier_explorer]: Goal (15.58, -8.95) planner-rejected 10 times - blacklisting
[frontier_explorer-1] [WARN] [1781290917.915635829] [frontier_explorer]: Watchdog: work exists but no goal active and robot stationary - clearing costmaps
[frontier_explorer-1] [WARN] [1781290921.225846455] [frontier_explorer]: Goal (15.28, -7.90) planner-rejected 7 times - blacklisting
[frontier_explorer-1] [INFO] [1781290927.298514153] [frontier_explorer]: New frontier goal: (14.63, -6.00)
[frontier_explorer-1] [INFO] [1781290945.929179106] [frontier_explorer]: No path to frontier goal (14.48, -8.95), skipping
[frontier_explorer-1] [WARN] [1781290983.807433086] [frontier_explorer]: frontier goal failed (status 6), blacklisted (14.63, -6.00)
[frontier_explorer-1] [WARN] [1781290985.340396149] [frontier_explorer]: Goal (14.48, -8.95) planner-rejected 3 times - blacklisting
[frontier_explorer-1] [INFO] [1781290985.388932171] [frontier_explorer]: No path to frontier goal (14.48, -8.95), skipping
[frontier_explorer-1] [WARN] [1781290991.926215498] [frontier_explorer]: Goal (13.68, -11.20) planner-rejected 3 times - blacklisting
[frontier_explorer-1] [WARN] [1781290998.497707223] [frontier_explorer]: Goal (10.98, -2.20) planner-rejected 9 times - blacklisting
[frontier_explorer-1] [WARN] [1781291005.140374770] [frontier_explorer]: Goal (10.48, -3.75) planner-rejected 10 times - blacklisting
[frontier_explorer-1] [WARN] [1781291011.740477406] [frontier_explorer]: Goal (14.58, -10.70) planner-rejected 7 times - blacklisting
[frontier_explorer-1] [INFO] [1781291011.786536075] [frontier_explorer]: No path to frontier goal (14.58, -10.70), skipping
[frontier_explorer-1] [WARN] [1781291014.862123887] [frontier_explorer]: Watchdog: all goals planner-rejected (6 skips) - blind rotate escape
[frontier_explorer-1] [WARN] [1781291018.051479726] [frontier_explorer]: Goal (10.38, -11.55) planner-rejected 8 times - blacklisting
[frontier_explorer-1] [INFO] [1781291023.679897554] [frontier_explorer]: New frontier goal: (8.83, -10.80)
[frontier_explorer-1] [INFO] [1781291049.127752531] [frontier_explorer]: No path to frontier goal (13.93, -8.70), skipping
[frontier_explorer-1] [WARN] [1781291062.385407511] [frontier_explorer]: frontier goal failed (status 6), blacklisted (8.83, -10.80)
[frontier_explorer-1] [WARN] [1781291062.933193091] [frontier_explorer]: Goal (15.58, -8.95) planner-rejected 11 times - blacklisting
[frontier_explorer-1] [WARN] [1781291069.751857112] [frontier_explorer]: Goal (15.28, -7.90) planner-rejected 8 times - blacklisting
[frontier_explorer-1] [INFO] [1781291069.799878067] [frontier_explorer]: No path to frontier goal (15.28, -7.90), skipping
[frontier_explorer-1] [INFO] [1781291076.625439377] [frontier_explorer]: New frontier goal: (10.33, -12.25)
[frontier_explorer-1] [INFO] [1781291097.127393715] [frontier_explorer]: No path to frontier goal (13.93, -8.70), skipping
[frontier_explorer-1] [WARN] [1781291114.406260297] [frontier_explorer]: frontier goal failed (status 6), blacklisted (10.33, -12.25)
[frontier_explorer-1] [WARN] [1781291116.889285988] [frontier_explorer]: Goal (11.43, -12.80) planner-rejected 6 times - blacklisting
[frontier_explorer-1] [INFO] [1781291123.625000452] [frontier_explorer]: No path to frontier goal (9.08, -3.15), skipping
[frontier_explorer-1] [WARN] [1781291136.613237808] [frontier_explorer]: Goal (13.93, -8.70) planner-rejected 3 times - blacklisting
[frontier_explorer-1] [WARN] [1781291143.093272891] [frontier_explorer]: Goal (13.93, -11.45) planner-rejected 4 times - blacklisting
[frontier_explorer-1] [WARN] [1781291146.202925811] [frontier_explorer]: Watchdog: all goals planner-rejected (6 skips) - blind reverse escape
[frontier_explorer-1] [WARN] [1781291149.536764583] [frontier_explorer]: Goal (10.98, -2.20) planner-rejected 10 times - blacklisting
[frontier_explorer-1] [INFO] [1781291149.584857158] [frontier_explorer]: No path to frontier goal (10.98, -2.20), skipping
[frontier_explorer-1] [WARN] [1781291155.865504787] [frontier_explorer]: Goal (10.48, -3.75) planner-rejected 11 times - blacklisting
[frontier_explorer-1] [WARN] [1781291168.429247640] [frontier_explorer]: Goal (10.38, -11.55) planner-rejected 9 times - blacklisting
[frontier_explorer-1] [WARN] [1781291174.694969431] [frontier_explorer]: Goal (14.58, -10.70) planner-rejected 8 times - blacklisting
[frontier_explorer-1] [INFO] [1781291174.746006243] [frontier_explorer]: No path to frontier goal (14.58, -10.70), skipping
[frontier_explorer-1] [WARN] [1781291177.762849913] [frontier_explorer]: Watchdog: work exists but no goal active and robot stationary - clearing costmaps
[frontier_explorer-1] [WARN] [1781291187.410658493] [frontier_explorer]: Goal (9.68, -13.20) planner-rejected 3 times - blacklisting
[frontier_explorer-1] [INFO] [1781291199.895962562] [frontier_explorer]: No path to frontier goal (14.63, -6.00), skipping
[frontier_explorer-1] [WARN] [1781291209.013138351] [frontier_explorer]: Watchdog: all goals planner-rejected (9 skips) - blind rotate escape
[frontier_explorer-1] [WARN] [1781291212.373185128] [frontier_explorer]: Goal (15.58, -8.95) planner-rejected 12 times - blacklisting
[frontier_explorer-1] [WARN] [1781291218.862453512] [frontier_explorer]: Goal (14.63, -6.00) planner-rejected 3 times - blacklisting
[frontier_explorer-1] [WARN] [1781291225.387654461] [frontier_explorer]: Goal (15.28, -7.90) planner-rejected 9 times - blacklisting
[frontier_explorer-1] [INFO] [1781291225.431924848] [frontier_explorer]: No path to frontier goal (15.28, -7.90), skipping
[frontier_explorer-1] [WARN] [1781291231.819727561] [frontier_explorer]: Goal (8.83, -10.80) planner-rejected 9 times - blacklisting
[frontier_explorer-1] [WARN] [1781291237.804479825] [frontier_explorer]: Goal (9.08, -3.15) planner-rejected 3 times - blacklisting
[frontier_explorer-1] [WARN] [1781291240.830844587] [frontier_explorer]: Watchdog: work exists but no goal active and robot stationary - clearing costmaps
[frontier_explorer-1] [WARN] [1781291240.875519651] [frontier_explorer]: Watchdog: resetting blacklist
[frontier_explorer-1] [WARN] [1781291243.997204327] [frontier_explorer]: Goal (13.93, -8.70) planner-rejected 4 times - blacklisting
[frontier_explorer-1] [WARN] [1781291250.352974703] [frontier_explorer]: Goal (14.63, -6.00) planner-rejected 4 times - blacklisting
[frontier_explorer-1] [INFO] [1781291250.404695799] [frontier_explorer]: No path to frontier goal (14.63, -6.00), skipping
[frontier_explorer-1] [WARN] [1781291256.690742545] [frontier_explorer]: Goal (10.48, -3.75) planner-rejected 12 times - blacklisting
[frontier_explorer-1] [WARN] [1781291262.904512708] [frontier_explorer]: Goal (10.98, -2.20) planner-rejected 11 times - blacklisting
[frontier_explorer-1] [WARN] [1781291268.897544451] [frontier_explorer]: Goal (14.58, -10.70) planner-rejected 9 times - blacklisting
[frontier_explorer-1] [WARN] [1781291271.852875223] [frontier_explorer]: Watchdog: all goals planner-rejected (9 skips) - blind reverse escape
[frontier_explorer-1] [WARN] [1781291274.757220355] [frontier_explorer]: Goal (10.33, -12.25) planner-rejected 6 times - blacklisting
[frontier_explorer-1] [INFO] [1781291274.821702073] [frontier_explorer]: No path to frontier goal (10.33, -12.25), skipping
[frontier_explorer-1] [WARN] [1781291280.055629634] [frontier_explorer]: Goal (11.43, -12.80) planner-rejected 7 times - blacklisting
[frontier_explorer-1] [INFO] [1781291285.506512134] [frontier_explorer]: New frontier goal: (9.08, -3.15)
[frontier_explorer-1] [WARN] [1781291335.813018949] [frontier_explorer]: frontier goal failed (status 6), blacklisted (9.08, -3.15)
[frontier_explorer-1] [INFO] [1781291341.222243328] [frontier_explorer]: No path to frontier goal (11.58, -2.05), skipping
[frontier_explorer-1] [WARN] [1781291347.267016772] [frontier_explorer]: Goal (9.68, -13.20) planner-rejected 4 times - blacklisting
[frontier_explorer-1] [WARN] [1781291353.411502025] [frontier_explorer]: Goal (7.53, -12.20) planner-rejected 3 times - blacklisting
[frontier_explorer-1] [WARN] [1781291362.560177750] [frontier_explorer]: Watchdog: work exists but no goal active and robot stationary - clearing costmaps
[frontier_explorer-1] [INFO] [1781291365.652993544] [frontier_explorer]: No path to frontier goal (11.63, -13.85), skipping
[frontier_explorer-1] [WARN] [1781291377.666335122] [frontier_explorer]: Goal (11.58, -2.05) planner-rejected 3 times - blacklisting
[frontier_explorer-1] [WARN] [1781291383.906786359] [frontier_explorer]: Goal (13.93, -8.70) planner-rejected 5 times - blacklisting
[frontier_explorer-1] [WARN] [1781291389.925101423] [frontier_explorer]: Goal (14.63, -6.00) planner-rejected 5 times - blacklisting
[frontier_explorer-1] [INFO] [1781291389.968572081] [frontier_explorer]: No path to frontier goal (14.63, -6.00), skipping
[frontier_explorer-1] [WARN] [1781291392.781580395] [frontier_explorer]: Watchdog: all goals planner-rejected (9 skips) - blind rotate escape
[frontier_explorer-1] [WARN] [1781291395.981946395] [frontier_explorer]: Goal (10.48, -3.75) planner-rejected 13 times - blacklisting
[frontier_explorer-1] [WARN] [1781291402.058708622] [frontier_explorer]: Goal (10.98, -2.20) planner-rejected 12 times - blacklisting
[frontier_explorer-1] [WARN] [1781291408.030613069] [frontier_explorer]: Goal (14.58, -10.70) planner-rejected 10 times - blacklisting
[frontier_explorer-1] [WARN] [1781291414.153186086] [frontier_explorer]: Goal (10.33, -12.25) planner-rejected 7 times - blacklisting
[frontier_explorer-1] [INFO] [1781291414.199573043] [frontier_explorer]: No path to frontier goal (10.33, -12.25), skipping
[frontier_explorer-1] [WARN] [1781291420.366785743] [frontier_explorer]: Goal (11.43, -12.80) planner-rejected 8 times - blacklisting
[frontier_explorer-1] [WARN] [1781291423.340499044] [frontier_explorer]: Watchdog: work exists but no goal active and robot stationary - clearing costmaps
[frontier_explorer-1] [WARN] [1781291432.982638355] [frontier_explorer]: Goal (7.28, -2.85) planner-rejected 3 times - blacklisting
[frontier_explorer-1] [INFO] [1781291439.228397437] [frontier_explorer]: No path to frontier goal (9.28, -1.15), skipping
[frontier_explorer-1] [WARN] [1781291454.191402199] [frontier_explorer]: Watchdog: all goals planner-rejected (9 skips) - blind reverse escape
[frontier_explorer-1] [WARN] [1781291463.402998174] [frontier_explorer]: Goal (11.63, -13.85) planner-rejected 3 times - blacklisting
[frontier_explorer-1] [INFO] [1781291463.443841166] [frontier_explorer]: No path to frontier goal (11.63, -13.85), skipping
[frontier_explorer-1] [WARN] [1781291469.409037323] [frontier_explorer]: Goal (9.28, -1.15) planner-rejected 3 times - blacklisting
[frontier_explorer-1] [WARN] [1781291475.570547801] [frontier_explorer]: Goal (9.08, -3.15) planner-rejected 4 times - blacklisting
[frontier_explorer-1] [WARN] [1781291484.869205531] [frontier_explorer]: Watchdog: work exists but no goal active and robot stationary - clearing costmaps
[frontier_explorer-1] [WARN] [1781291484.928424355] [frontier_explorer]: Watchdog: resetting blacklist
[frontier_explorer-1] [WARN] [1781291488.146779548] [frontier_explorer]: Goal (13.93, -8.70) planner-rejected 6 times - blacklisting
[frontier_explorer-1] [INFO] [1781291488.189029786] [frontier_explorer]: No path to frontier goal (13.93, -8.70), skipping
[frontier_explorer-1] [WARN] [1781291494.218397644] [frontier_explorer]: Goal (10.48, -3.75) planner-rejected 14 times - blacklisting
[frontier_explorer-1] [WARN] [1781291500.355898721] [frontier_explorer]: Goal (14.63, -6.00) planner-rejected 6 times - blacklisting
[frontier_explorer-1] [WARN] [1781291510.111446029] [frontier_explorer]: Goal (10.98, -2.20) planner-rejected 13 times - blacklisting
[frontier_explorer-1] [INFO] [1781291510.187721895] [frontier_explorer]: No path to frontier goal (10.98, -2.20), skipping
[frontier_explorer-1] [WARN] [1781291518.498449164] [frontier_explorer]: Goal (14.58, -10.70) planner-rejected 11 times - blacklisting
[frontier_explorer-1] [WARN] [1781291522.324702471] [frontier_explorer]: Watchdog: all goals planner-rejected (9 skips) - blind rotate escape
[frontier_explorer-1] [WARN] [1781291526.332877412] [frontier_explorer]: Goal (10.33, -12.25) planner-rejected 8 times - blacklisting
[frontier_explorer-1] [INFO] [1781291534.042474294] [frontier_explorer]: New frontier goal: (9.08, -3.15)
[frontier_explorer-1] [WARN] [1781291589.429136292] [frontier_explorer]: frontier goal failed (status 6), blacklisted (9.08, -3.15)
[frontier_explorer-1] [WARN] [1781291590.902671370] [frontier_explorer]: Goal (11.43, -12.80) planner-rejected 9 times - blacklisting
[frontier_explorer-1] [INFO] [1781291590.951793115] [frontier_explorer]: No path to frontier goal (11.43, -12.80), skipping
[frontier_explorer-1] [WARN] [1781291594.023215498] [frontier_explorer]: Watchdog: work exists but no goal active and robot stationary - clearing costmaps
[frontier_explorer-1] [WARN] [1781291597.690063894] [frontier_explorer]: Goal (9.68, -13.20) planner-rejected 5 times - blacklisting
[frontier_explorer-1] [WARN] [1781291604.393789779] [frontier_explorer]: Goal (11.58, -2.05) planner-rejected 4 times - blacklisting
[frontier_explorer-1] [WARN] [1781291611.808182489] [frontier_explorer]: Goal (7.53, -12.20) planner-rejected 4 times - blacklisting
[frontier_explorer-1] [INFO] [1781291611.867832188] [frontier_explorer]: No path to frontier goal (7.53, -12.20), skipping
[frontier_explorer-1] [WARN] [1781291618.502243111] [frontier_explorer]: Goal (7.28, -2.85) planner-rejected 4 times - blacklisting
[frontier_explorer-1] [WARN] [1781291625.107916820] [frontier_explorer]: Goal (11.63, -13.85) planner-rejected 4 times - blacklisting
[frontier_explorer-1] [WARN] [1781291628.301440381] [frontier_explorer]: Watchdog: all goals planner-rejected (6 skips) - blind reverse escape
[frontier_explorer-1] [WARN] [1781291631.627725815] [frontier_explorer]: Goal (9.28, -1.15) planner-rejected 4 times - blacklisting
[frontier_explorer-1] [WARN] [1781291637.702061009] [frontier_explorer]: Goal (7.63, -1.15) planner-rejected 3 times - blacklisting
[frontier_explorer-1] [INFO] [1781291637.749897909] [frontier_explorer]: No path to frontier goal (7.63, -1.15), skipping
[frontier_explorer-1] [WARN] [1781291649.254088101] [frontier_explorer]: Goal (13.93, -8.70) planner-rejected 7 times - blacklisting
[frontier_explorer-1] [WARN] [1781291655.068024812] [frontier_explorer]: Goal (10.48, -3.75) planner-rejected 15 times - blacklisting
[frontier_explorer-1] [WARN] [1781291657.846502190] [frontier_explorer]: Watchdog: work exists but no goal active and robot stationary - clearing costmaps
[frontier_explorer-1] [WARN] [1781291661.072433881] [frontier_explorer]: Goal (14.63, -6.00) planner-rejected 7 times - blacklisting
[frontier_explorer-1] [INFO] [1781291661.124881335] [frontier_explorer]: No path to frontier goal (14.63, -6.00), skipping
[frontier_explorer-1] [WARN] [1781291667.479106946] [frontier_explorer]: Goal (10.98, -2.20) planner-rejected 14 times - blacklisting
[frontier_explorer-1] [WARN] [1781291674.030707368] [frontier_explorer]: Goal (14.58, -10.70) planner-rejected 12 times - blacklisting
[frontier_explorer-1] [WARN] [1781291680.436509435] [frontier_explorer]: Goal (10.33, -12.25) planner-rejected 9 times - blacklisting
[frontier_explorer-1] [WARN] [1781291686.391224121] [frontier_explorer]: Goal (8.88, 0.55) planner-rejected 3 times - blacklisting
[frontier_explorer-1] [INFO] [1781291686.445188652] [frontier_explorer]: No path to frontier goal (8.88, 0.55), skipping
[frontier_explorer-1] [WARN] [1781291689.317221214] [frontier_explorer]: Watchdog: all goals planner-rejected (9 skips) - blind rotate escape
[frontier_explorer-1] [INFO] [1781291711.174867361] [frontier_explorer]: No path to frontier goal (-0.22, -8.05), skipping
[frontier_explorer-1] [WARN] [1781291720.333409790] [frontier_explorer]: Watchdog: work exists but no goal active and robot stationary - clearing costmaps
[frontier_explorer-1] [WARN] [1781291720.388426674] [frontier_explorer]: Watchdog: resetting blacklist
[frontier_explorer-1] [WARN] [1781291723.958411272] [frontier_explorer]: Goal (13.93, -8.70) planner-rejected 8 times - blacklisting
[frontier_explorer-1] [WARN] [1781291730.251208253] [frontier_explorer]: Goal (10.48, -3.75) planner-rejected 16 times - blacklisting
[frontier_explorer-1] [WARN] [1781291736.272711436] [frontier_explorer]: Goal (10.98, -2.20) planner-rejected 15 times - blacklisting
[frontier_explorer-1] [INFO] [1781291736.312823462] [frontier_explorer]: No path to frontier goal (10.98, -2.20), skipping
[frontier_explorer-1] [WARN] [1781291742.758011790] [frontier_explorer]: Goal (14.63, -6.00) planner-rejected 8 times - blacklisting
[frontier_explorer-1] [WARN] [1781291749.773475956] [frontier_explorer]: Goal (10.33, -12.25) planner-rejected 10 times - blacklisting
[frontier_explorer-1] [WARN] [1781291752.672495109] [frontier_explorer]: Watchdog: all goals planner-rejected (9 skips) - blind reverse escape
[frontier_explorer-1] [WARN] [1781291755.554322985] [frontier_explorer]: Goal (14.58, -10.70) planner-rejected 13 times - blacklisting
[frontier_explorer-1] [INFO] [1781291760.820672682] [frontier_explorer]: New frontier goal: (9.08, -3.15)
[frontier_explorer-1] [WARN] [1781291812.478692809] [frontier_explorer]: frontier goal failed (status 6), blacklisted (9.08, -3.15)
[frontier_explorer-1] [WARN] [1781291813.908421597] [frontier_explorer]: Watchdog: work exists but no goal active and robot stationary - clearing costmaps
[frontier_explorer-1] [WARN] [1781291817.151471995] [frontier_explorer]: Goal (11.43, -12.80) planner-rejected 10 times - blacklisting
[frontier_explorer-1] [INFO] [1781291817.191926789] [frontier_explorer]: No path to frontier goal (11.43, -12.80), skipping
[frontier_explorer-1] [WARN] [1781291823.275859046] [frontier_explorer]: Goal (9.68, -13.20) planner-rejected 6 times - blacklisting
[frontier_explorer-1] [WARN] [1781291829.297506527] [frontier_explorer]: Goal (7.53, -12.20) planner-rejected 5 times - blacklisting
[frontier_explorer-1] [WARN] [1781291835.398582161] [frontier_explorer]: Goal (7.28, -2.85) planner-rejected 5 times - blacklisting
[frontier_explorer-1] [INFO] [1781291841.928352437] [frontier_explorer]: No path to frontier goal (12.13, -2.60), skipping
[frontier_explorer-1] [WARN] [1781291844.863297666] [frontier_explorer]: Watchdog: work exists but no goal active and robot stationary - clearing costmaps
[frontier_explorer-1] [WARN] [1781291844.915297614] [frontier_explorer]: Watchdog: resetting blacklist
[frontier_explorer-1] [WARN] [1781291848.027946502] [frontier_explorer]: Goal (13.93, -8.70) planner-rejected 9 times - blacklisting
[frontier_explorer-1] [WARN] [1781291860.466065146] [frontier_explorer]: Goal (10.48, -3.75) planner-rejected 17 times - blacklisting
[frontier_explorer-1] [WARN] [1781291866.636271528] [frontier_explorer]: Goal (10.98, -2.20) planner-rejected 16 times - blacklisting
[frontier_explorer-1] [INFO] [1781291866.683747300] [frontier_explorer]: No path to frontier goal (10.98, -2.20), skipping
[frontier_explorer-1] [WARN] [1781291873.045173137] [frontier_explorer]: Goal (14.63, -6.00) planner-rejected 9 times - blacklisting
[frontier_explorer-1] [WARN] [1781291875.880445527] [frontier_explorer]: Watchdog: all goals planner-rejected (10 skips) - blind rotate escape
[frontier_explorer-1] [WARN] [1781291879.007149210] [frontier_explorer]: Goal (10.33, -12.25) planner-rejected 11 times - blacklisting
[frontier_explorer-1] [INFO] [1781291884.854233263] [frontier_explorer]: New frontier goal: (12.13, -2.60)
[frontier_explorer-1] [WARN] [1781291912.280340684] [frontier_explorer]: frontier goal failed (status 6), blacklisted (12.13, -2.60)
[frontier_explorer-1] [WARN] [1781291913.756566515] [frontier_explorer]: Goal (11.43, -12.80) planner-rejected 11 times - blacklisting
[frontier_explorer-1] [INFO] [1781291913.801760554] [frontier_explorer]: No path to frontier goal (11.43, -12.80), skipping
[frontier_explorer-1] [WARN] [1781291919.459501070] [frontier_explorer]: Goal (7.53, -12.20) planner-rejected 6 times - blacklisting
[frontier_explorer-1] [WARN] [1781291925.237666343] [frontier_explorer]: Goal (9.68, -13.20) planner-rejected 7 times - blacklisting
[frontier_explorer-1] [WARN] [1781291931.193629195] [frontier_explorer]: Goal (14.58, -10.70) planner-rejected 14 times - blacklisting
[frontier_explorer-1] [WARN] [1781291933.996403194] [frontier_explorer]: Watchdog: work exists but no goal active and robot stationary - clearing costmaps
[frontier_explorer-1] [WARN] [1781291937.039778658] [frontier_explorer]: Goal (9.08, -3.15) planner-rejected 5 times - blacklisting
[frontier_explorer-1] [INFO] [1781291937.085649288] [frontier_explorer]: No path to frontier goal (9.08, -3.15), skipping
[frontier_explorer-1] [WARN] [1781291942.880087145] [frontier_explorer]: Goal (11.63, -13.85) planner-rejected 5 times - blacklisting
[frontier_explorer-1] [WARN] [1781291948.875398232] [frontier_explorer]: Goal (7.28, -2.85) planner-rejected 6 times - blacklisting
[frontier_explorer-1] [WARN] [1781291955.565744777] [frontier_explorer]: Goal (11.58, -2.05) planner-rejected 5 times - blacklisting
[frontier_explorer-1] [WARN] [1781291962.130269487] [frontier_explorer]: Goal (9.28, -1.15) planner-rejected 5 times - blacklisting
[frontier_explorer-1] [INFO] [1781291962.184419294] [frontier_explorer]: No path to frontier goal (9.28, -1.15), skipping
[frontier_explorer-1] [WARN] [1781291965.150033037] [frontier_explorer]: Watchdog: all goals planner-rejected (9 skips) - blind reverse escape
[frontier_explorer-1] [WARN] [1781291968.278713965] [frontier_explorer]: Goal (7.63, -1.15) planner-rejected 4 times - blacklisting
[frontier_explorer-1] [INFO] [1781291974.277473046] [frontier_explorer]: New frontier goal: (8.88, 0.55)
[frontier_explorer-1] [WARN] [1781291992.308877351] [frontier_explorer]: Goal (13.93, -8.70) planner-rejected 10 times - blacklisting
[frontier_explorer-1] [INFO] [1781291992.368423389] [frontier_explorer]: No path to frontier goal (13.93, -8.70), skipping
[frontier_explorer-1] [WARN] [1781291998.248827670] [frontier_explorer]: Goal (10.48, -3.75) planner-rejected 18 times - blacklisting
[frontier_explorer-1] [WARN] [1781292003.888444505] [frontier_explorer]: frontier goal failed (status 6), blacklisted (8.88, 0.55)
[frontier_explorer-1] [WARN] [1781292004.265042483] [frontier_explorer]: Goal (10.98, -2.20) planner-rejected 17 times - blacklisting
[frontier_explorer-1] [WARN] [1781292010.192534435] [frontier_explorer]: Goal (14.63, -6.00) planner-rejected 10 times - blacklisting
[frontier_explorer-1] [WARN] [1781292016.261666406] [frontier_explorer]: Goal (10.33, -12.25) planner-rejected 12 times - blacklisting
[frontier_explorer-1] [INFO] [1781292016.326264018] [frontier_explorer]: No path to frontier goal (10.33, -12.25), skipping
[frontier_explorer-1] [WARN] [1781292022.329676713] [frontier_explorer]: Goal (8.13, 0.45) planner-rejected 3 times - blacklisting
[frontier_explorer-1] [WARN] [1781292025.193867218] [frontier_explorer]: Watchdog: all goals planner-rejected (6 skips) - blind rotate escape
[frontier_explorer-1] [INFO] [1781292034.416433080] [frontier_explorer]: New frontier goal: (-0.02, -7.25)
[frontier_explorer-1] [WARN] [1781292053.850600681] [frontier_explorer]: Goal (11.43, -12.80) planner-rejected 12 times - blacklisting
[frontier_explorer-1] [INFO] [1781292053.905616879] [frontier_explorer]: No path to frontier goal (11.43, -12.80), skipping
[frontier_explorer-1] [WARN] [1781292060.541576696] [frontier_explorer]: Goal (7.53, -12.20) planner-rejected 7 times - blacklisting
[frontier_explorer-1] [WARN] [1781292067.708535939] [frontier_explorer]: Goal (9.68, -13.20) planner-rejected 8 times - blacklisting
[frontier_explorer-1] [WARN] [1781292074.381458148] [frontier_explorer]: Goal (14.58, -10.70) planner-rejected 15 times - blacklisting
[frontier_explorer-1] [INFO] [1781292074.439913293] [frontier_explorer]: No path to frontier goal (14.58, -10.70), skipping
[frontier_explorer-1] [WARN] [1781292080.923882626] [frontier_explorer]: Goal (9.08, -3.15) planner-rejected 6 times - blacklisting
[frontier_explorer-1] [WARN] [1781292081.887693696] [frontier_explorer]: frontier goal failed (status 6), blacklisted (-0.02, -7.25)
[frontier_explorer-1] [WARN] [1781292087.456898653] [frontier_explorer]: Goal (11.63, -13.85) planner-rejected 6 times - blacklisting
[frontier_explorer-1] [WARN] [1781292090.596764788] [frontier_explorer]: Watchdog: all goals planner-rejected (6 skips) - blind reverse escape
[frontier_explorer-1] [WARN] [1781292093.978633321] [frontier_explorer]: Goal (7.28, -2.85) planner-rejected 7 times - blacklisting
[frontier_explorer-1] [WARN] [1781292100.391196666] [frontier_explorer]: Goal (11.58, -2.05) planner-rejected 6 times - blacklisting
[frontier_explorer-1] [INFO] [1781292100.460437427] [frontier_explorer]: No path to frontier goal (11.58, -2.05), skipping
[frontier_explorer-1] [WARN] [1781292106.808755293] [frontier_explorer]: Goal (9.28, -1.15) planner-rejected 6 times - blacklisting
[frontier_explorer-1] [WARN] [1781292113.200705192] [frontier_explorer]: Goal (7.63, -1.15) planner-rejected 5 times - blacklisting
[frontier_explorer-1] [WARN] [1781292122.754263566] [frontier_explorer]: Watchdog: work exists but no goal active and robot stationary - clearing costmaps
[frontier_explorer-1] [WARN] [1781292122.810348922] [frontier_explorer]: Watchdog: resetting blacklist
[frontier_explorer-1] [WARN] [1781292126.241933334] [frontier_explorer]: Goal (10.48, -3.75) planner-rejected 19 times - blacklisting
[frontier_explorer-1] [INFO] [1781292126.294765417] [frontier_explorer]: No path to frontier goal (10.48, -3.75), skipping
[frontier_explorer-1] [WARN] [1781292132.724760604] [frontier_explorer]: Goal (10.33, -12.25) planner-rejected 13 times - blacklisting
[frontier_explorer-1] [WARN] [1781292139.447244710] [frontier_explorer]: Goal (10.98, -2.20) planner-rejected 18 times - blacklisting
[frontier_explorer-1] [WARN] [1781292146.411804156] [frontier_explorer]: Goal (7.53, -12.20) planner-rejected 8 times - blacklisting
[frontier_explorer-1] [INFO] [1781292146.466086189] [frontier_explorer]: No path to frontier goal (7.53, -12.20), skipping
[frontier_explorer-1] [WARN] [1781292153.228044320] [frontier_explorer]: Goal (9.08, -3.15) planner-rejected 7 times - blacklisting
[frontier_explorer-1] [WARN] [1781292156.359191397] [frontier_explorer]: Watchdog: all goals planner-rejected (9 skips) - blind rotate escape
[frontier_explorer-1] [WARN] [1781292160.015043508] [frontier_explorer]: Goal (13.93, -8.70) planner-rejected 11 times - blacklisting
[frontier_explorer-1] [INFO] [1781292167.176316326] [frontier_explorer]: No path to frontier goal (14.13, -10.05), skipping
[frontier_explorer-1] [WARN] [1781292174.187170955] [frontier_explorer]: Goal (11.43, -12.80) planner-rejected 13 times - blacklisting
[frontier_explorer-1] [WARN] [1781292180.974446180] [frontier_explorer]: Goal (9.68, -13.20) planner-rejected 9 times - blacklisting
[frontier_explorer-1] [WARN] [1781292187.880613007] [frontier_explorer]: Goal (14.58, -10.70) planner-rejected 16 times - blacklisting
[frontier_explorer-1] [INFO] [1781292187.937004142] [frontier_explorer]: No path to frontier goal (14.58, -10.70), skipping
[frontier_explorer-1] [WARN] [1781292191.243388502] [frontier_explorer]: Watchdog: work exists but no goal active and robot stationary - clearing costmaps
[frontier_explorer-1] [WARN] [1781292194.968200608] [frontier_explorer]: Goal (14.63, -6.00) planner-rejected 11 times - blacklisting
[frontier_explorer-1] [WARN] [1781292202.159307416] [frontier_explorer]: Goal (11.63, -13.85) planner-rejected 7 times - blacklisting
[frontier_explorer-1] [INFO] [1781292209.476735412] [frontier_explorer]: No path to frontier goal (14.13, -10.05), skipping
[frontier_explorer-1] [WARN] [1781292217.044091046] [frontier_explorer]: Goal (7.28, -2.85) planner-rejected 8 times - blacklisting
[frontier_explorer-1] [WARN] [1781292224.547523013] [frontier_explorer]: Goal (11.58, -2.05) planner-rejected 7 times - blacklisting
[frontier_explorer-1] [WARN] [1781292227.988756010] [frontier_explorer]: Watchdog: all goals planner-rejected (9 skips) - blind reverse escape
[frontier_explorer-1] [WARN] [1781292231.910624039] [frontier_explorer]: Goal (9.28, -1.15) planner-rejected 7 times - blacklisting
[frontier_explorer-1] [INFO] [1781292231.973244454] [frontier_explorer]: No path to frontier goal (9.28, -1.15), skipping
[frontier_explorer-1] [WARN] [1781292238.919613290] [frontier_explorer]: Goal (14.13, -10.05) planner-rejected 3 times - blacklisting
[frontier_explorer-1] [INFO] [1781292245.856798737] [frontier_explorer]: New frontier goal: (7.63, -1.15)
[frontier_explorer-1] [WARN] [1781292288.281466704] [frontier_explorer]: Goal (10.48, -3.75) planner-rejected 20 times - blacklisting
[frontier_explorer-1] [INFO] [1781292288.339691463] [frontier_explorer]: No path to frontier goal (10.48, -3.75), skipping
[frontier_explorer-1] [WARN] [1781292302.958713517] [frontier_explorer]: Goal (10.33, -12.25) planner-rejected 14 times - blacklisting
[frontier_explorer-1] [WARN] [1781292303.809048670] [frontier_explorer]: frontier goal failed (status 6), blacklisted (7.63, -1.15)
[frontier_explorer-1] [WARN] [1781292310.254260178] [frontier_explorer]: Goal (7.53, -12.20) planner-rejected 9 times - blacklisting
[frontier_explorer-1] [INFO] [1781292310.319652111] [frontier_explorer]: No path to frontier goal (7.53, -12.20), skipping
[frontier_explorer-1] [WARN] [1781292317.706461574] [frontier_explorer]: Goal (10.98, -2.20) planner-rejected 19 times - blacklisting
[frontier_explorer-1] [WARN] [1781292325.191498426] [frontier_explorer]: Goal (13.93, -8.70) planner-rejected 12 times - blacklisting
[frontier_explorer-1] [WARN] [1781292332.666127797] [frontier_explorer]: Goal (9.08, -3.15) planner-rejected 8 times - blacklisting
[frontier_explorer-1] [INFO] [1781292332.729514937] [frontier_explorer]: No path to frontier goal (9.08, -3.15), skipping
[frontier_explorer-1] [WARN] [1781292336.163541598] [frontier_explorer]: Watchdog: all goals planner-rejected (7 skips) - blind rotate escape
[frontier_explorer-1] [WARN] [1781292347.804672199] [frontier_explorer]: Goal (10.43, -12.90) planner-rejected 3 times - blacklisting
[frontier_explorer-1] [WARN] [1781292355.272091453] [frontier_explorer]: Goal (11.43, -12.80) planner-rejected 14 times - blacklisting
[frontier_explorer-1] [INFO] [1781292355.326698574] [frontier_explorer]: No path to frontier goal (11.43, -12.80), skipping
[frontier_explorer-1] [WARN] [1781292362.767323962] [frontier_explorer]: Goal (9.68, -13.20) planner-rejected 10 times - blacklisting
[frontier_explorer-1] [WARN] [1781292370.175667420] [frontier_explorer]: Goal (14.58, -10.70) planner-rejected 17 times - blacklisting
[frontier_explorer-1] [WARN] [1781292373.822440272] [frontier_explorer]: Watchdog: work exists but no goal active and robot stationary - clearing costmaps
[frontier_explorer-1] [WARN] [1781292377.698691786] [frontier_explorer]: Goal (14.63, -6.00) planner-rejected 12 times - blacklisting
[frontier_explorer-1] [INFO] [1781292377.750472522] [frontier_explorer]: No path to frontier goal (14.63, -6.00), skipping
[frontier_explorer-1] [WARN] [1781292385.252985174] [frontier_explorer]: Goal (11.63, -13.85) planner-rejected 8 times - blacklisting
[frontier_explorer-1] [WARN] [1781292392.641024493] [frontier_explorer]: Watchdog: <0.3 m movement in 120 s despite active work - blind reverse escape
[frontier_explorer-1] [WARN] [1781292392.718822686] [frontier_explorer]: Goal (7.28, -2.85) planner-rejected 9 times - blacklisting
[frontier_explorer-1] [WARN] [1781292399.894212277] [frontier_explorer]: Goal (11.58, -2.05) planner-rejected 8 times - blacklisting
[frontier_explorer-1] [INFO] [1781292399.948261327] [frontier_explorer]: No path to frontier goal (11.58, -2.05), skipping
[frontier_explorer-1] [WARN] [1781292406.995648526] [frontier_explorer]: Goal (9.28, -1.15) planner-rejected 8 times - blacklisting
[frontier_explorer-1] [WARN] [1781292410.346131233] [frontier_explorer]: Watchdog: work exists but no goal active and robot stationary - clearing costmaps
[frontier_explorer-1] [WARN] [1781292414.072061561] [frontier_explorer]: Goal (8.88, 0.55) planner-rejected 4 times - blacklisting
[frontier_explorer-1] [WARN] [1781292421.143097611] [frontier_explorer]: Goal (8.13, 0.45) planner-rejected 4 times - blacklisting
[frontier_explorer-1] [INFO] [1781292421.198369003] [frontier_explorer]: No path to frontier goal (8.13, 0.45), skipping
[frontier_explorer-1] [WARN] [1781292428.200877662] [frontier_explorer]: Goal (-0.02, -7.25) planner-rejected 3 times - blacklisting
[frontier_explorer-1] [WARN] [1781292435.253273166] [frontier_explorer]: Goal (-0.22, -8.05) planner-rejected 3 times - blacklisting
[frontier_explorer-1] [INFO] [1781292442.403974202] [frontier_explorer]: No path to frontier goal (0.03, -9.10), skipping
[frontier_explorer-1] [WARN] [1781292445.787043965] [frontier_explorer]: Watchdog: all goals planner-rejected (7 skips) - blind rotate escape
[frontier_explorer-1] [INFO] [1781292462.888418815] [frontier_explorer]: New frontier goal: (10.48, -3.75)
