[INFO] [launch]: All log files can be found below /home/smirn/.ros/log/2026-08-20-08-19-29-583600-Tornadosky-9454
[INFO] [launch]: Default logging verbosity is set to INFO
[INFO] [aruco_detector-1]: process started with pid [9455]
[aruco_detector-1] [INFO] [1787206770.183015981] [aruco_detector]: aruco_detector: dict=DICT_4X4_50 len=0.2 m image=/leo1/camera/image optical_frame=False map_frame=map cv2=4.5.4 allowed_ids=[1, 2, 3, 4, 5, 6, 7, 8]
[aruco_detector-1] [INFO] [1787206770.184563643] [aruco_detector]: frames=0 with_detections=0 confirmed=[] pending=[]
[aruco_detector-1] [INFO] [1787206770.264319758] [aruco_detector]: camera intrinsics: fx=554.4 fy=554.4 cx=320.0 cy=240.0 distortion=5 coeffs
[aruco_detector-1] [INFO] [1787206774.658738603] [aruco_detector]: frames=22 with_detections=0 confirmed=[] pending=[]
[aruco_detector-1] [INFO] [1787206784.684352875] [aruco_detector]: frames=72 with_detections=0 confirmed=[] pending=[]
[aruco_detector-1] [INFO] [1787206794.691100791] [aruco_detector]: frames=122 with_detections=41 confirmed=[] pending=[]
[aruco_detector-1] [INFO] [1787206804.692264978] [aruco_detector]: frames=172 with_detections=44 confirmed=[] pending=[]
[aruco_detector-1] [INFO] [1787206814.698265946] [aruco_detector]: frames=222 with_detections=44 confirmed=[] pending=[]
[aruco_detector-1] [WARN] [1787206817.930754913] [aruco_detector]: ignoring ArUco id 21: not in allowed_ids [1, 2, 3, 4, 5, 6, 7, 8]
[aruco_detector-1] [INFO] [1787206818.132317482] [aruco_detector]: ArUco 4 CONFIRMED at map (-3.18, 4.09, 0.12) range 5.65 m, reproj 1.99 px
[aruco_detector-1] [INFO] [1787206824.698253628] [aruco_detector]: frames=272 with_detections=71 confirmed=[4] pending=[]
[aruco_detector-1] [INFO] [1787206834.698195259] [aruco_detector]: frames=322 with_detections=108 confirmed=[4] pending=[]
[aruco_detector-1] [INFO] [1787206844.699930545] [aruco_detector]: frames=372 with_detections=108 confirmed=[4] pending=[]
[aruco_detector-1] [INFO] [1787206854.699934416] [aruco_detector]: frames=422 with_detections=108 confirmed=[4] pending=[]
[aruco_detector-1] [INFO] [1787206864.699998120] [aruco_detector]: frames=472 with_detections=108 confirmed=[4] pending=[]
[aruco_detector-1] [INFO] [1787206874.702213580] [aruco_detector]: frames=522 with_detections=108 confirmed=[4] pending=[]
[aruco_detector-1] [INFO] [1787206884.702112263] [aruco_detector]: frames=572 with_detections=108 confirmed=[4] pending=[]
[aruco_detector-1] [INFO] [1787206894.702114089] [aruco_detector]: frames=622 with_detections=109 confirmed=[4] pending=[]
[aruco_detector-1] [INFO] [1787206902.142816586] [aruco_detector]: ArUco 2 CONFIRMED at map (8.93, 0.31, 0.14) range 5.92 m, reproj 0.06 px
[aruco_detector-1] [INFO] [1787206904.706984274] [aruco_detector]: frames=672 with_detections=134 confirmed=[2, 4] pending=[]
[aruco_detector-1] [INFO] [1787206914.706998223] [aruco_detector]: frames=722 with_detections=158 confirmed=[2, 4] pending=[]
[aruco_detector-1] [INFO] [1787206924.706907253] [aruco_detector]: frames=772 with_detections=158 confirmed=[2, 4] pending=[]
[aruco_detector-1] [INFO] [1787206934.707096528] [aruco_detector]: frames=822 with_detections=158 confirmed=[2, 4] pending=[]
[aruco_detector-1] [INFO] [1787206944.710113432] [aruco_detector]: frames=872 with_detections=160 confirmed=[2, 4] pending=[]
[aruco_detector-1] [INFO] [1787206947.745358346] [aruco_detector]: ArUco 5 CONFIRMED at map (10.01, 3.28, 0.13) range 5.83 m, reproj 0.09 px
[aruco_detector-1] [INFO] [1787206954.710083564] [aruco_detector]: frames=922 with_detections=185 confirmed=[2, 4, 5] pending=[]
[aruco_detector-1] [INFO] [1787206964.715417526] [aruco_detector]: frames=972 with_detections=199 confirmed=[2, 4, 5] pending=[]
[aruco_detector-1] [INFO] [1787206974.715549507] [aruco_detector]: frames=1022 with_detections=199 confirmed=[2, 4, 5] pending=[]
[aruco_detector-1] [INFO] [1787206984.716549623] [aruco_detector]: frames=1072 with_detections=199 confirmed=[2, 4, 5] pending=[]
[aruco_detector-1] [INFO] [1787206994.723943178] [aruco_detector]: frames=1122 with_detections=199 confirmed=[2, 4, 5] pending=[]
[aruco_detector-1] [INFO] [1787207004.723993815] [aruco_detector]: frames=1172 with_detections=199 confirmed=[2, 4, 5] pending=[]
[aruco_detector-1] [INFO] [1787207014.725028608] [aruco_detector]: frames=1222 with_detections=199 confirmed=[2, 4, 5] pending=[]
[aruco_detector-1] [INFO] [1787207020.359803310] [aruco_detector]: ArUco 7 CONFIRMED at map (4.46, -5.71, 0.14) range 5.80 m, reproj 0.31 px
[aruco_detector-1] [INFO] [1787207024.729424986] [aruco_detector]: frames=1272 with_detections=220 confirmed=[2, 4, 5, 7] pending=[]
[aruco_detector-1] [INFO] [1787207034.729431358] [aruco_detector]: frames=1322 with_detections=260 confirmed=[2, 4, 5, 7] pending=[]
[aruco_detector-1] [INFO] [1787207044.729355444] [aruco_detector]: frames=1372 with_detections=274 confirmed=[2, 4, 5, 7] pending=[]
[aruco_detector-1] [INFO] [1787207054.731103518] [aruco_detector]: frames=1422 with_detections=274 confirmed=[2, 4, 5, 7] pending=[]
[aruco_detector-1] [INFO] [1787207064.732232483] [aruco_detector]: frames=1472 with_detections=274 confirmed=[2, 4, 5, 7] pending=[]
[aruco_detector-1] [INFO] [1787207074.732206561] [aruco_detector]: frames=1522 with_detections=274 confirmed=[2, 4, 5, 7] pending=[]
[aruco_detector-1] [INFO] [1787207084.736656410] [aruco_detector]: frames=1572 with_detections=274 confirmed=[2, 4, 5, 7] pending=[]
[aruco_detector-1] [INFO] [1787207094.736730901] [aruco_detector]: frames=1622 with_detections=284 confirmed=[2, 4, 5, 7] pending=[]
[aruco_detector-1] [INFO] [1787207104.736742262] [aruco_detector]: frames=1672 with_detections=311 confirmed=[2, 4, 5, 7] pending=[]
[aruco_detector-1] [INFO] [1787207114.742798143] [aruco_detector]: frames=1722 with_detections=311 confirmed=[2, 4, 5, 7] pending=[]
[aruco_detector-1] [INFO] [1787207124.810554848] [aruco_detector]: frames=1772 with_detections=311 confirmed=[2, 4, 5, 7] pending=[]
[aruco_detector-1] [INFO] [1787207134.813539885] [aruco_detector]: frames=1822 with_detections=339 confirmed=[2, 4, 5, 7] pending=[]
[aruco_detector-1] [INFO] [1787207144.820362054] [aruco_detector]: frames=1872 with_detections=339 confirmed=[2, 4, 5, 7] pending=[]
[aruco_detector-1] [INFO] [1787207154.825875949] [aruco_detector]: frames=1922 with_detections=339 confirmed=[2, 4, 5, 7] pending=[]
[aruco_detector-1] [INFO] [1787207164.828958457] [aruco_detector]: frames=1972 with_detections=363 confirmed=[2, 4, 5, 7] pending=[]
[aruco_detector-1] [INFO] [1787207174.834384791] [aruco_detector]: frames=2022 with_detections=366 confirmed=[2, 4, 5, 7] pending=[]
[aruco_detector-1] [INFO] [1787207184.834089925] [aruco_detector]: frames=2072 with_detections=366 confirmed=[2, 4, 5, 7] pending=[]
[aruco_detector-1] [INFO] [1787207194.834129385] [aruco_detector]: frames=2122 with_detections=366 confirmed=[2, 4, 5, 7] pending=[]
[aruco_detector-1] [INFO] [1787207204.834866860] [aruco_detector]: frames=2172 with_detections=366 confirmed=[2, 4, 5, 7] pending=[]
[aruco_detector-1] [INFO] [1787207214.836267666] [aruco_detector]: frames=2222 with_detections=366 confirmed=[2, 4, 5, 7] pending=[]
[aruco_detector-1] [INFO] [1787207224.836145513] [aruco_detector]: frames=2272 with_detections=366 confirmed=[2, 4, 5, 7] pending=[]
[aruco_detector-1] [INFO] [1787207234.842816745] [aruco_detector]: frames=2322 with_detections=366 confirmed=[2, 4, 5, 7] pending=[]
[aruco_detector-1] [INFO] [1787207244.896492965] [aruco_detector]: frames=2372 with_detections=373 confirmed=[2, 4, 5, 7] pending=[]
[aruco_detector-1] [INFO] [1787207254.912917812] [aruco_detector]: frames=2422 with_detections=387 confirmed=[2, 4, 5, 7] pending=[]
[aruco_detector-1] [INFO] [1787207255.946276815] [aruco_detector]: ArUco 1 CONFIRMED at map (-9.58, -0.01, 0.14) range 5.76 m, reproj 0.19 px
[aruco_detector-1] [INFO] [1787207262.749089610] [aruco_detector]: ArUco 6 CONFIRMED at map (-10.21, -3.69, 0.14) range 5.57 m, reproj 0.12 px
[aruco_detector-1] [INFO] [1787207264.914272592] [aruco_detector]: frames=2472 with_detections=419 confirmed=[1, 2, 4, 5, 6, 7] pending=[]
[aruco_detector-1] [INFO] [1787207274.914202982] [aruco_detector]: frames=2522 with_detections=432 confirmed=[1, 2, 4, 5, 6, 7] pending=[]
[aruco_detector-1] [INFO] [1787207284.915871972] [aruco_detector]: frames=2572 with_detections=432 confirmed=[1, 2, 4, 5, 6, 7] pending=[]
[aruco_detector-1] [INFO] [1787207294.917913956] [aruco_detector]: frames=2622 with_detections=432 confirmed=[1, 2, 4, 5, 6, 7] pending=[]
[aruco_detector-1] [INFO] [1787207304.929548629] [aruco_detector]: frames=2672 with_detections=432 confirmed=[1, 2, 4, 5, 6, 7] pending=[]
[aruco_detector-1] [INFO] [1787207314.929554406] [aruco_detector]: frames=2722 with_detections=454 confirmed=[1, 2, 4, 5, 6, 7] pending=[]
[aruco_detector-1] [INFO] [1787207324.931652256] [aruco_detector]: frames=2772 with_detections=488 confirmed=[1, 2, 4, 5, 6, 7] pending=[]
[aruco_detector-1] [INFO] [1787207334.931511484] [aruco_detector]: frames=2822 with_detections=488 confirmed=[1, 2, 4, 5, 6, 7] pending=[]
[aruco_detector-1] [INFO] [1787207344.931503888] [aruco_detector]: frames=2872 with_detections=488 confirmed=[1, 2, 4, 5, 6, 7] pending=[]
[aruco_detector-1] [INFO] [1787207354.964008384] [aruco_detector]: frames=2922 with_detections=488 confirmed=[1, 2, 4, 5, 6, 7] pending=[]
[aruco_detector-1] [INFO] [1787207358.254704133] [aruco_detector]: ArUco 3 CONFIRMED at map (-8.19, 6.05, 0.13) range 4.69 m, reproj 0.11 px
[aruco_detector-1] [INFO] [1787207365.067774524] [aruco_detector]: frames=2972 with_detections=513 confirmed=[1, 2, 3, 4, 5, 6, 7] pending=[]
[aruco_detector-1] [INFO] [1787207375.069072269] [aruco_detector]: frames=3022 with_detections=513 confirmed=[1, 2, 3, 4, 5, 6, 7] pending=[]
[aruco_detector-1] [INFO] [1787207385.086631731] [aruco_detector]: frames=3072 with_detections=513 confirmed=[1, 2, 3, 4, 5, 6, 7] pending=[]
[aruco_detector-1] [INFO] [1787207395.087307110] [aruco_detector]: frames=3122 with_detections=513 confirmed=[1, 2, 3, 4, 5, 6, 7] pending=[]
[aruco_detector-1] [INFO] [1787207405.116136344] [aruco_detector]: frames=3172 with_detections=513 confirmed=[1, 2, 3, 4, 5, 6, 7] pending=[]
[aruco_detector-1] [INFO] [1787207415.180515320] [aruco_detector]: frames=3222 with_detections=513 confirmed=[1, 2, 3, 4, 5, 6, 7] pending=[]
[aruco_detector-1] [INFO] [1787207425.185081859] [aruco_detector]: frames=3272 with_detections=520 confirmed=[1, 2, 3, 4, 5, 6, 7] pending=[]
[aruco_detector-1] [INFO] [1787207435.186994017] [aruco_detector]: frames=3322 with_detections=520 confirmed=[1, 2, 3, 4, 5, 6, 7] pending=[]
[aruco_detector-1] [INFO] [1787207445.188422568] [aruco_detector]: frames=3372 with_detections=520 confirmed=[1, 2, 3, 4, 5, 6, 7] pending=[]
[aruco_detector-1] [INFO] [1787207455.188371359] [aruco_detector]: frames=3422 with_detections=520 confirmed=[1, 2, 3, 4, 5, 6, 7] pending=[]
[aruco_detector-1] [INFO] [1787207465.188430090] [aruco_detector]: frames=3472 with_detections=520 confirmed=[1, 2, 3, 4, 5, 6, 7] pending=[]
[aruco_detector-1] [INFO] [1787207475.190531152] [aruco_detector]: frames=3522 with_detections=520 confirmed=[1, 2, 3, 4, 5, 6, 7] pending=[]
[aruco_detector-1] [INFO] [1787207485.193094029] [aruco_detector]: frames=3572 with_detections=520 confirmed=[1, 2, 3, 4, 5, 6, 7] pending=[]
[aruco_detector-1] [INFO] [1787207495.196114369] [aruco_detector]: frames=3622 with_detections=520 confirmed=[1, 2, 3, 4, 5, 6, 7] pending=[]
[aruco_detector-1] [INFO] [1787207505.264983561] [aruco_detector]: frames=3672 with_detections=520 confirmed=[1, 2, 3, 4, 5, 6, 7] pending=[]
[aruco_detector-1] [INFO] [1787207515.340739075] [aruco_detector]: frames=3722 with_detections=525 confirmed=[1, 2, 3, 4, 5, 6, 7] pending=[]
[aruco_detector-1] [INFO] [1787207525.340698542] [aruco_detector]: frames=3772 with_detections=525 confirmed=[1, 2, 3, 4, 5, 6, 7] pending=[]
[aruco_detector-1] [INFO] [1787207535.342553104] [aruco_detector]: frames=3822 with_detections=536 confirmed=[1, 2, 3, 4, 5, 6, 7] pending=[]
[aruco_detector-1] [INFO] [1787207545.511889460] [aruco_detector]: frames=3872 with_detections=536 confirmed=[1, 2, 3, 4, 5, 6, 7] pending=[]
[aruco_detector-1] [INFO] [1787207555.725296707] [aruco_detector]: frames=3922 with_detections=536 confirmed=[1, 2, 3, 4, 5, 6, 7] pending=[]
[aruco_detector-1] [INFO] [1787207565.734371649] [aruco_detector]: frames=3972 with_detections=536 confirmed=[1, 2, 3, 4, 5, 6, 7] pending=[]
[aruco_detector-1] [INFO] [1787207575.741171228] [aruco_detector]: frames=4022 with_detections=536 confirmed=[1, 2, 3, 4, 5, 6, 7] pending=[]
[aruco_detector-1] [INFO] [1787207585.741185144] [aruco_detector]: frames=4072 with_detections=536 confirmed=[1, 2, 3, 4, 5, 6, 7] pending=[]
[aruco_detector-1] [INFO] [1787207595.746116752] [aruco_detector]: frames=4122 with_detections=536 confirmed=[1, 2, 3, 4, 5, 6, 7] pending=[]
[aruco_detector-1] [INFO] [1787207605.746126772] [aruco_detector]: frames=4172 with_detections=536 confirmed=[1, 2, 3, 4, 5, 6, 7] pending=[]
[aruco_detector-1] [INFO] [1787207615.746640754] [aruco_detector]: frames=4222 with_detections=536 confirmed=[1, 2, 3, 4, 5, 6, 7] pending=[]
[aruco_detector-1] [INFO] [1787207625.750953019] [aruco_detector]: frames=4272 with_detections=536 confirmed=[1, 2, 3, 4, 5, 6, 7] pending=[]
[aruco_detector-1] [INFO] [1787207635.767689439] [aruco_detector]: frames=4322 with_detections=536 confirmed=[1, 2, 3, 4, 5, 6, 7] pending=[]
[aruco_detector-1] [INFO] [1787207645.965185322] [aruco_detector]: frames=4372 with_detections=536 confirmed=[1, 2, 3, 4, 5, 6, 7] pending=[]
[aruco_detector-1] [INFO] [1787207655.969852388] [aruco_detector]: frames=4422 with_detections=536 confirmed=[1, 2, 3, 4, 5, 6, 7] pending=[]
