[INFO] [launch]: All log files can be found below /home/smirn/.ros/log/2026-08-20-08-18-29-961882-Tornadosky-7898
[INFO] [launch]: Default logging verbosity is set to INFO
[INFO] [ign-1]: process started with pid [7900]
[INFO] [parameter_bridge-2]: process started with pid [7902]
[INFO] [robot_state_publisher-3]: process started with pid [7904]
[INFO] [parameter_bridge-4]: process started with pid [7906]
[INFO] [static_transform_publisher-5]: process started with pid [7910]
[static_transform_publisher-5] [WARN] [1787206710.059911445] []: Old-style arguments are deprecated; see --help for new-style arguments
[static_transform_publisher-5] [INFO] [1787206710.064566678] [gpu_lidar_tf_leo1]: Spinning until stopped - publishing transform
[static_transform_publisher-5] translation: ('0.000000', '0.000000', '0.000000')
[static_transform_publisher-5] rotation: ('0.000000', '0.000000', '0.000000', '1.000000')
[static_transform_publisher-5] from 'leo1/sensor_lidar_link' to 'leo1/base_footprint/gpu_lidar'
[robot_state_publisher-3] [INFO] [1787206710.077329667] [leo1.robot_state_publisher]: got segment leo1/antenna_link
[robot_state_publisher-3] [INFO] [1787206710.077432935] [leo1.robot_state_publisher]: got segment leo1/base_footprint
[robot_state_publisher-3] [INFO] [1787206710.077439752] [leo1.robot_state_publisher]: got segment leo1/base_link
[robot_state_publisher-3] [INFO] [1787206710.077442962] [leo1.robot_state_publisher]: got segment leo1/camera_frame
[robot_state_publisher-3] [INFO] [1787206710.077446464] [leo1.robot_state_publisher]: got segment leo1/camera_optical_frame
[robot_state_publisher-3] [INFO] [1787206710.077449277] [leo1.robot_state_publisher]: got segment leo1/imu_frame
[robot_state_publisher-3] [INFO] [1787206710.077452082] [leo1.robot_state_publisher]: got segment leo1/rocker_L_link
[robot_state_publisher-3] [INFO] [1787206710.077454694] [leo1.robot_state_publisher]: got segment leo1/rocker_R_link
[robot_state_publisher-3] [INFO] [1787206710.077457152] [leo1.robot_state_publisher]: got segment leo1/sensor_camera_link
[robot_state_publisher-3] [INFO] [1787206710.077459884] [leo1.robot_state_publisher]: got segment leo1/sensor_imu_link
[robot_state_publisher-3] [INFO] [1787206710.077462418] [leo1.robot_state_publisher]: got segment leo1/sensor_lidar_link
[robot_state_publisher-3] [INFO] [1787206710.077464929] [leo1.robot_state_publisher]: got segment leo1/wheel_FL_link
[robot_state_publisher-3] [INFO] [1787206710.077467452] [leo1.robot_state_publisher]: got segment leo1/wheel_FR_link
[robot_state_publisher-3] [INFO] [1787206710.077469874] [leo1.robot_state_publisher]: got segment leo1/wheel_RL_link
[robot_state_publisher-3] [INFO] [1787206710.077472266] [leo1.robot_state_publisher]: got segment leo1/wheel_RR_link
[parameter_bridge-2] [INFO] [1787206710.078326372] [clock_bridge]: Creating GZ->ROS Bridge: [/clock (gz.msgs.Clock) -> /clock (rosgraph_msgs/msg/Clock)] (Lazy 0)
[parameter_bridge-4] [INFO] [1787206710.078817171] [leo1.bridge_leo1]: Creating GZ->ROS Bridge: [/leo1/scan (gz.msgs.LaserScan) -> /leo1/scan (sensor_msgs/msg/LaserScan)] (Lazy 0)
[parameter_bridge-4] [INFO] [1787206710.079490654] [leo1.bridge_leo1]: Creating GZ->ROS Bridge: [/leo1/imu/data (gz.msgs.IMU) -> /leo1/imu/data (sensor_msgs/msg/Imu)] (Lazy 0)
[parameter_bridge-4] [INFO] [1787206710.079683130] [leo1.bridge_leo1]: Creating GZ->ROS Bridge: [/leo1/odom (gz.msgs.Odometry) -> /leo1/odom (nav_msgs/msg/Odometry)] (Lazy 0)
[parameter_bridge-4] [INFO] [1787206710.080000513] [leo1.bridge_leo1]: Creating ROS->GZ Bridge: [/leo1/cmd_vel (geometry_msgs/msg/Twist) -> /leo1/cmd_vel (gz.msgs.Twist)] (Lazy 0)
[parameter_bridge-4] [INFO] [1787206710.080322768] [leo1.bridge_leo1]: Creating GZ->ROS Bridge: [/leo1/camera/image (gz.msgs.Image) -> /leo1/camera/image (sensor_msgs/msg/Image)] (Lazy 0)
[parameter_bridge-4] [INFO] [1787206710.080508459] [leo1.bridge_leo1]: Creating GZ->ROS Bridge: [/leo1/camera/camera_info (gz.msgs.CameraInfo) -> /leo1/camera/camera_info (sensor_msgs/msg/CameraInfo)] (Lazy 0)
[parameter_bridge-4] [INFO] [1787206710.080698702] [leo1.bridge_leo1]: Creating GZ->ROS Bridge: [/leo1/camera/points (gz.msgs.PointCloudPacked) -> /leo1/camera/points (sensor_msgs/msg/PointCloud2)] (Lazy 0)
[parameter_bridge-4] [INFO] [1787206710.080863566] [leo1.bridge_leo1]: Creating GZ->ROS Bridge: [/model/leo1/pose (gz.msgs.Pose) -> /model/leo1/pose (geometry_msgs/msg/Pose)] (Lazy 0)
[parameter_bridge-4] [INFO] [1787206710.081040386] [leo1.bridge_leo1]: Creating GZ->ROS Bridge: [/model/leo1/tf (gz.msgs.Pose_V) -> /model/leo1/tf (tf2_msgs/msg/TFMessage)] (Lazy 0)
[parameter_bridge-4] [INFO] [1787206710.081399133] [leo1.bridge_leo1]: Creating GZ->ROS Bridge: [/leo1/joint_states (gz.msgs.Model) -> /leo1/joint_states (sensor_msgs/msg/JointState)] (Lazy 0)
[INFO] [create-6]: process started with pid [8169]
[create-6] [INFO] [1787206718.072888758] [spawn_leo1]: Requesting list of world names.
[create-6] [INFO] [1787206718.274355704] [spawn_leo1]: Waiting messages on topic [/leo1/robot_description].
[create-6] [INFO] [1787206718.276272699] [spawn_leo1]: Requested creation of entity.
[create-6] [INFO] [1787206718.276299751] [spawn_leo1]: OK creation of entity.
[INFO] [create-6]: process has finished cleanly [pid 8169]
[parameter_bridge-4] [INFO] [1787206741.058240423] [leo1.bridge_leo1]: Passing message from ROS geometry_msgs/msg/Twist to Gazebo gz.msgs.Twist (showing msg only once per type)
[ign-1] NodeShared::Publish() Error: Interrupted system call
[ign-1] NodeShared::Publish() Error: Interrupted system call
[ign-1] NodeShared::Publish() Error: Interrupted system call
[ERROR] [parameter_bridge-2]: process has died [pid 7902, exit code -9, cmd '/opt/ros/humble/lib/ros_gz_bridge/parameter_bridge /clock@rosgraph_msgs/msg/Clock[gz.msgs.Clock --ros-args -r __node:=clock_bridge --params-file /tmp/launch_params_9k_p92g5'].
