[INFO] [launch]: All log files can be found below /home/smirn/.ros/log/2026-08-20-07-38-07-476997-Tornadosky-2438
[INFO] [launch]: Default logging verbosity is set to INFO
[INFO] [aruco_detector-1]: process started with pid [2439]
[aruco_detector-1] [INFO] [1787204288.079977922] [aruco_detector]: aruco_detector: dict=DICT_4X4_50 len=0.2 m image=/leo1/camera/image optical_frame=False map_frame=map cv2=4.5.4 allowed_ids=[1, 2, 3, 4, 5, 6, 7, 8]
[aruco_detector-1] [INFO] [1787204288.081405016] [aruco_detector]: frames=0 with_detections=0 confirmed=[] pending=[]
[aruco_detector-1] [INFO] [1787204288.226722936] [aruco_detector]: camera intrinsics: fx=554.4 fy=554.4 cx=320.0 cy=240.0 distortion=5 coeffs
[aruco_detector-1] [INFO] [1787204292.229127837] [aruco_detector]: frames=20 with_detections=0 confirmed=[] pending=[]
[aruco_detector-1] [INFO] [1787204302.260855419] [aruco_detector]: frames=70 with_detections=0 confirmed=[] pending=[]
[aruco_detector-1] [INFO] [1787204312.287064175] [aruco_detector]: frames=120 with_detections=1 confirmed=[] pending=[]
[aruco_detector-1] [INFO] [1787204322.292856967] [aruco_detector]: frames=170 with_detections=2 confirmed=[] pending=[]
[aruco_detector-1] [INFO] [1787204332.294133089] [aruco_detector]: frames=220 with_detections=2 confirmed=[] pending=[]
[aruco_detector-1] [INFO] [1787204339.126819520] [aruco_detector]: ArUco 4 CONFIRMED at map (-3.18, 4.04, 0.14) range 5.08 m, reproj 1.09 px
[aruco_detector-1] [INFO] [1787204342.294110909] [aruco_detector]: frames=270 with_detections=6 confirmed=[4] pending=[]
[aruco_detector-1] [INFO] [1787204352.299893638] [aruco_detector]: frames=320 with_detections=26 confirmed=[4] pending=[]
[aruco_detector-1] [INFO] [1787204362.299952584] [aruco_detector]: frames=370 with_detections=41 confirmed=[4] pending=[]
[aruco_detector-1] [INFO] [1787204372.299844760] [aruco_detector]: frames=420 with_detections=45 confirmed=[4] pending=[]
[aruco_detector-1] [INFO] [1787204382.305435310] [aruco_detector]: frames=470 with_detections=46 confirmed=[4] pending=[]
[aruco_detector-1] [INFO] [1787204392.306744745] [aruco_detector]: frames=520 with_detections=46 confirmed=[4] pending=[]
[aruco_detector-1] [INFO] [1787204402.306730229] [aruco_detector]: frames=570 with_detections=46 confirmed=[4] pending=[]
[aruco_detector-1] [INFO] [1787204412.311748723] [aruco_detector]: frames=620 with_detections=48 confirmed=[4] pending=[]
[aruco_detector-1] [INFO] [1787204422.311855858] [aruco_detector]: frames=670 with_detections=48 confirmed=[4] pending=[]
[aruco_detector-1] [INFO] [1787204432.311660274] [aruco_detector]: frames=720 with_detections=48 confirmed=[4] pending=[]
[aruco_detector-1] [INFO] [1787204442.318916328] [aruco_detector]: frames=770 with_detections=48 confirmed=[4] pending=[]
[aruco_detector-1] [INFO] [1787204452.318838723] [aruco_detector]: frames=820 with_detections=49 confirmed=[4] pending=[]
[aruco_detector-1] [INFO] [1787204462.318908646] [aruco_detector]: frames=870 with_detections=52 confirmed=[4] pending=[]
[aruco_detector-1] [INFO] [1787204472.322615321] [aruco_detector]: frames=920 with_detections=73 confirmed=[4] pending=[]
[aruco_detector-1] [INFO] [1787204482.322790570] [aruco_detector]: frames=970 with_detections=73 confirmed=[4] pending=[]
[aruco_detector-1] [INFO] [1787204492.323885004] [aruco_detector]: frames=1020 with_detections=73 confirmed=[4] pending=[]
[aruco_detector-1] [INFO] [1787204502.327533918] [aruco_detector]: frames=1070 with_detections=73 confirmed=[4] pending=[]
[aruco_detector-1] [INFO] [1787204512.327092835] [aruco_detector]: frames=1120 with_detections=88 confirmed=[4] pending=[]
[aruco_detector-1] [INFO] [1787204522.327225028] [aruco_detector]: frames=1170 with_detections=109 confirmed=[4] pending=[]
[aruco_detector-1] [INFO] [1787204532.333187909] [aruco_detector]: frames=1220 with_detections=118 confirmed=[4] pending=[]
[aruco_detector-1] [INFO] [1787204542.333205932] [aruco_detector]: frames=1270 with_detections=118 confirmed=[4] pending=[]
[aruco_detector-1] [INFO] [1787204552.333118308] [aruco_detector]: frames=1320 with_detections=118 confirmed=[4] pending=[]
[aruco_detector-1] [INFO] [1787204562.338288588] [aruco_detector]: frames=1370 with_detections=138 confirmed=[4] pending=[]
[aruco_detector-1] [INFO] [1787204572.341238685] [aruco_detector]: frames=1420 with_detections=165 confirmed=[4] pending=[]
[aruco_detector-1] [INFO] [1787204582.340900699] [aruco_detector]: frames=1470 with_detections=202 confirmed=[4] pending=[]
[aruco_detector-1] [INFO] [1787204592.341547559] [aruco_detector]: frames=1520 with_detections=205 confirmed=[4] pending=[]
[aruco_detector-1] [INFO] [1787204599.977395129] [aruco_detector]: ArUco 1 CONFIRMED at map (-9.83, 0.34, 0.14) range 5.83 m, reproj 0.03 px
[aruco_detector-1] [INFO] [1787204602.341428880] [aruco_detector]: frames=1570 with_detections=231 confirmed=[1, 4] pending=[]
[aruco_detector-1] [INFO] [1787204612.341447382] [aruco_detector]: frames=1620 with_detections=253 confirmed=[1, 4] pending=[6]
[aruco_detector-1] [INFO] [1787204613.775713896] [aruco_detector]: ArUco 6 CONFIRMED at map (-10.70, -3.49, 0.13) range 5.17 m, reproj 0.32 px
[aruco_detector-1] [INFO] [1787204622.347010119] [aruco_detector]: frames=1670 with_detections=255 confirmed=[1, 4, 6] pending=[]
[aruco_detector-1] [INFO] [1787204632.348197418] [aruco_detector]: frames=1720 with_detections=280 confirmed=[1, 4, 6] pending=[]
[aruco_detector-1] [INFO] [1787204642.349256352] [aruco_detector]: frames=1770 with_detections=297 confirmed=[1, 4, 6] pending=[]
[aruco_detector-1] [INFO] [1787204652.361499728] [aruco_detector]: frames=1820 with_detections=297 confirmed=[1, 4, 6] pending=[]
[aruco_detector-1] [INFO] [1787204662.361496185] [aruco_detector]: frames=1870 with_detections=297 confirmed=[1, 4, 6] pending=[]
[aruco_detector-1] [INFO] [1787204672.361689133] [aruco_detector]: frames=1920 with_detections=297 confirmed=[1, 4, 6] pending=[]
[aruco_detector-1] [INFO] [1787204682.361991983] [aruco_detector]: frames=1970 with_detections=298 confirmed=[1, 4, 6] pending=[]
[aruco_detector-1] [INFO] [1787204692.370363464] [aruco_detector]: frames=2020 with_detections=301 confirmed=[1, 4, 6] pending=[]
[aruco_detector-1] [INFO] [1787204702.370231756] [aruco_detector]: frames=2070 with_detections=309 confirmed=[1, 4, 6] pending=[]
[aruco_detector-1] [INFO] [1787204712.369308223] [aruco_detector]: frames=2120 with_detections=312 confirmed=[1, 4, 6] pending=[]
[aruco_detector-1] [INFO] [1787204722.369200355] [aruco_detector]: frames=2170 with_detections=333 confirmed=[1, 4, 6] pending=[]
[aruco_detector-1] [INFO] [1787204732.369211176] [aruco_detector]: frames=2220 with_detections=346 confirmed=[1, 4, 6] pending=[]
[aruco_detector-1] [INFO] [1787204742.373244732] [aruco_detector]: frames=2270 with_detections=346 confirmed=[1, 4, 6] pending=[]
[aruco_detector-1] [INFO] [1787204752.373270590] [aruco_detector]: frames=2320 with_detections=346 confirmed=[1, 4, 6] pending=[]
[aruco_detector-1] [INFO] [1787204762.373249529] [aruco_detector]: frames=2370 with_detections=346 confirmed=[1, 4, 6] pending=[]
[aruco_detector-1] [INFO] [1787204772.375792559] [aruco_detector]: frames=2420 with_detections=346 confirmed=[1, 4, 6] pending=[]
[aruco_detector-1] [INFO] [1787204782.375718244] [aruco_detector]: frames=2470 with_detections=346 confirmed=[1, 4, 6] pending=[]
[aruco_detector-1] [INFO] [1787204792.378613711] [aruco_detector]: frames=2520 with_detections=346 confirmed=[1, 4, 6] pending=[]
[aruco_detector-1] [INFO] [1787204802.381188333] [aruco_detector]: frames=2570 with_detections=346 confirmed=[1, 4, 6] pending=[]
[aruco_detector-1] [INFO] [1787204812.381237210] [aruco_detector]: frames=2620 with_detections=373 confirmed=[1, 4, 6] pending=[]
[aruco_detector-1] [INFO] [1787204822.381116536] [aruco_detector]: frames=2670 with_detections=420 confirmed=[1, 4, 6] pending=[]
[aruco_detector-1] [INFO] [1787204832.387445652] [aruco_detector]: frames=2720 with_detections=430 confirmed=[1, 4, 6] pending=[]
[aruco_detector-1] [INFO] [1787204842.387390169] [aruco_detector]: frames=2770 with_detections=430 confirmed=[1, 4, 6] pending=[]
[aruco_detector-1] [INFO] [1787204852.387298148] [aruco_detector]: frames=2820 with_detections=430 confirmed=[1, 4, 6] pending=[]
[aruco_detector-1] [INFO] [1787204862.388594947] [aruco_detector]: frames=2870 with_detections=466 confirmed=[1, 4, 6] pending=[]
[aruco_detector-1] [INFO] [1787204872.388630392] [aruco_detector]: frames=2920 with_detections=507 confirmed=[1, 4, 6] pending=[]
[aruco_detector-1] [INFO] [1787204882.388702533] [aruco_detector]: frames=2970 with_detections=530 confirmed=[1, 4, 6] pending=[]
[aruco_detector-1] [INFO] [1787204892.394206269] [aruco_detector]: frames=3020 with_detections=562 confirmed=[1, 4, 6] pending=[]
[aruco_detector-1] [INFO] [1787204902.394237573] [aruco_detector]: frames=3070 with_detections=562 confirmed=[1, 4, 6] pending=[]
[aruco_detector-1] [INFO] [1787204912.394169833] [aruco_detector]: frames=3120 with_detections=565 confirmed=[1, 4, 6] pending=[]
[aruco_detector-1] [INFO] [1787204922.399431366] [aruco_detector]: frames=3170 with_detections=599 confirmed=[1, 4, 6] pending=[]
[aruco_detector-1] [INFO] [1787204932.399407557] [aruco_detector]: frames=3220 with_detections=614 confirmed=[1, 4, 6] pending=[]
[aruco_detector-1] [INFO] [1787204942.399443428] [aruco_detector]: frames=3270 with_detections=614 confirmed=[1, 4, 6] pending=[]
[aruco_detector-1] [INFO] [1787204952.409671599] [aruco_detector]: frames=3320 with_detections=614 confirmed=[1, 4, 6] pending=[]
[aruco_detector-1] [INFO] [1787204962.410866280] [aruco_detector]: frames=3370 with_detections=625 confirmed=[1, 4, 6] pending=[]
[aruco_detector-1] [INFO] [1787204972.411145135] [aruco_detector]: frames=3420 with_detections=652 confirmed=[1, 4, 6] pending=[]
[aruco_detector-1] [INFO] [1787204982.415149608] [aruco_detector]: frames=3470 with_detections=652 confirmed=[1, 4, 6] pending=[]
[aruco_detector-1] [INFO] [1787204992.415190052] [aruco_detector]: frames=3520 with_detections=652 confirmed=[1, 4, 6] pending=[]
[aruco_detector-1] [INFO] [1787205002.415144492] [aruco_detector]: frames=3570 with_detections=652 confirmed=[1, 4, 6] pending=[]
[aruco_detector-1] [INFO] [1787205012.418046147] [aruco_detector]: frames=3620 with_detections=652 confirmed=[1, 4, 6] pending=[]
[aruco_detector-1] [INFO] [1787205022.420724421] [aruco_detector]: frames=3670 with_detections=652 confirmed=[1, 4, 6] pending=[]
[aruco_detector-1] [INFO] [1787205032.420598142] [aruco_detector]: frames=3720 with_detections=652 confirmed=[1, 4, 6] pending=[]
[aruco_detector-1] [INFO] [1787205042.424855405] [aruco_detector]: frames=3770 with_detections=652 confirmed=[1, 4, 6] pending=[]
[aruco_detector-1] [INFO] [1787205052.425186264] [aruco_detector]: frames=3820 with_detections=691 confirmed=[1, 4, 6] pending=[]
[aruco_detector-1] [INFO] [1787205062.424793110] [aruco_detector]: frames=3870 with_detections=718 confirmed=[1, 4, 6] pending=[]
[aruco_detector-1] [INFO] [1787205071.264830261] [aruco_detector]: ArUco 8 CONFIRMED at map (-3.48, -1.15, 0.10) range 5.61 m, reproj 0.62 px
[aruco_detector-1] [INFO] [1787205072.428686271] [aruco_detector]: frames=3920 with_detections=723 confirmed=[1, 4, 6, 8] pending=[]
[aruco_detector-1] [INFO] [1787205082.428594202] [aruco_detector]: frames=3970 with_detections=735 confirmed=[1, 4, 6, 8] pending=[]
[aruco_detector-1] [INFO] [1787205092.433245188] [aruco_detector]: frames=4020 with_detections=735 confirmed=[1, 4, 6, 8] pending=[]
[aruco_detector-1] [INFO] [1787205102.267034407] [aruco_detector]: ArUco 3 CONFIRMED at map (-8.31, 6.40, 0.13) range 4.70 m, reproj 0.01 px
[aruco_detector-1] [INFO] [1787205102.434430148] [aruco_detector]: frames=4070 with_detections=739 confirmed=[1, 3, 4, 6, 8] pending=[]
[aruco_detector-1] [INFO] [1787205112.434415766] [aruco_detector]: frames=4120 with_detections=744 confirmed=[1, 3, 4, 6, 8] pending=[]
[aruco_detector-1] [INFO] [1787205122.434985712] [aruco_detector]: frames=4170 with_detections=744 confirmed=[1, 3, 4, 6, 8] pending=[]
[aruco_detector-1] [INFO] [1787205132.437532361] [aruco_detector]: frames=4220 with_detections=744 confirmed=[1, 3, 4, 6, 8] pending=[]
[aruco_detector-1] [INFO] [1787205142.437560893] [aruco_detector]: frames=4270 with_detections=744 confirmed=[1, 3, 4, 6, 8] pending=[]
[aruco_detector-1] [INFO] [1787205152.437512074] [aruco_detector]: frames=4320 with_detections=744 confirmed=[1, 3, 4, 6, 8] pending=[]
[aruco_detector-1] [INFO] [1787205162.442159947] [aruco_detector]: frames=4370 with_detections=744 confirmed=[1, 3, 4, 6, 8] pending=[]
[aruco_detector-1] [INFO] [1787205172.441834405] [aruco_detector]: frames=4420 with_detections=744 confirmed=[1, 3, 4, 6, 8] pending=[]
[aruco_detector-1] [INFO] [1787205182.481542145] [aruco_detector]: frames=4470 with_detections=748 confirmed=[1, 3, 4, 6, 8] pending=[]
[aruco_detector-1] [INFO] [1787205192.524005569] [aruco_detector]: frames=4520 with_detections=757 confirmed=[1, 3, 4, 6, 8] pending=[]
[aruco_detector-1] [INFO] [1787205202.524124493] [aruco_detector]: frames=4570 with_detections=757 confirmed=[1, 3, 4, 6, 8] pending=[]
[aruco_detector-1] [INFO] [1787205212.523528381] [aruco_detector]: frames=4620 with_detections=757 confirmed=[1, 3, 4, 6, 8] pending=[]
[aruco_detector-1] [INFO] [1787205222.527358936] [aruco_detector]: frames=4670 with_detections=757 confirmed=[1, 3, 4, 6, 8] pending=[]
[aruco_detector-1] [INFO] [1787205232.527155544] [aruco_detector]: frames=4720 with_detections=757 confirmed=[1, 3, 4, 6, 8] pending=[]
[aruco_detector-1] [INFO] [1787205242.527384485] [aruco_detector]: frames=4770 with_detections=757 confirmed=[1, 3, 4, 6, 8] pending=[]
[aruco_detector-1] [INFO] [1787205251.769006304] [aruco_detector]: ArUco 2 CONFIRMED at map (9.01, 0.17, 0.14) range 5.70 m, reproj 0.22 px
[aruco_detector-1] [INFO] [1787205252.533321170] [aruco_detector]: frames=4820 with_detections=778 confirmed=[1, 2, 3, 4, 6, 8] pending=[]
[aruco_detector-1] [INFO] [1787205262.533563321] [aruco_detector]: frames=4870 with_detections=794 confirmed=[1, 2, 3, 4, 6, 8] pending=[]
[aruco_detector-1] [INFO] [1787205266.179399136] [aruco_detector]: ArUco 7 CONFIRMED at map (3.74, -6.12, 0.13) range 4.70 m, reproj 0.26 px
[aruco_detector-1] [INFO] [1787205272.533310410] [aruco_detector]: frames=4920 with_detections=830 confirmed=[1, 2, 3, 4, 6, 7, 8] pending=[]
[aruco_detector-1] [INFO] [1787205282.536695465] [aruco_detector]: frames=4970 with_detections=830 confirmed=[1, 2, 3, 4, 6, 7, 8] pending=[]
[aruco_detector-1] [INFO] [1787205292.536116984] [aruco_detector]: frames=5020 with_detections=830 confirmed=[1, 2, 3, 4, 6, 7, 8] pending=[]
[aruco_detector-1] [INFO] [1787205302.536131783] [aruco_detector]: frames=5070 with_detections=832 confirmed=[1, 2, 3, 4, 6, 7, 8] pending=[]
[aruco_detector-1] [INFO] [1787205303.568489642] [aruco_detector]: ArUco 5 CONFIRMED at map (9.90, 3.04, 0.13) range 5.80 m, reproj 0.30 px
[aruco_detector-1] [INFO] [1787205312.539941857] [aruco_detector]: frames=5120 with_detections=856 confirmed=[1, 2, 3, 4, 5, 6, 7, 8] pending=[]
[aruco_detector-1] [INFO] [1787205322.539784266] [aruco_detector]: frames=5170 with_detections=891 confirmed=[1, 2, 3, 4, 5, 6, 7, 8] pending=[]
[aruco_detector-1] [INFO] [1787205332.541285250] [aruco_detector]: frames=5220 with_detections=891 confirmed=[1, 2, 3, 4, 5, 6, 7, 8] pending=[]
[aruco_detector-1] [INFO] [1787205342.551004279] [aruco_detector]: frames=5270 with_detections=896 confirmed=[1, 2, 3, 4, 5, 6, 7, 8] pending=[]
[aruco_detector-1] [INFO] [1787205352.551133610] [aruco_detector]: frames=5320 with_detections=896 confirmed=[1, 2, 3, 4, 5, 6, 7, 8] pending=[]
[aruco_detector-1] [INFO] [1787205362.551112321] [aruco_detector]: frames=5370 with_detections=917 confirmed=[1, 2, 3, 4, 5, 6, 7, 8] pending=[]
[aruco_detector-1] [INFO] [1787205372.553561005] [aruco_detector]: frames=5420 with_detections=954 confirmed=[1, 2, 3, 4, 5, 6, 7, 8] pending=[]
[aruco_detector-1] [INFO] [1787205382.554060388] [aruco_detector]: frames=5470 with_detections=954 confirmed=[1, 2, 3, 4, 5, 6, 7, 8] pending=[]
[aruco_detector-1] [INFO] [1787205392.558675915] [aruco_detector]: frames=5520 with_detections=954 confirmed=[1, 2, 3, 4, 5, 6, 7, 8] pending=[]
[aruco_detector-1] [INFO] [1787205402.563188233] [aruco_detector]: frames=5570 with_detections=954 confirmed=[1, 2, 3, 4, 5, 6, 7, 8] pending=[]
[aruco_detector-1] [INFO] [1787205412.562934263] [aruco_detector]: frames=5620 with_detections=954 confirmed=[1, 2, 3, 4, 5, 6, 7, 8] pending=[]
[aruco_detector-1] [INFO] [1787205422.564335525] [aruco_detector]: frames=5670 with_detections=981 confirmed=[1, 2, 3, 4, 5, 6, 7, 8] pending=[]
[aruco_detector-1] [INFO] [1787205432.568138334] [aruco_detector]: frames=5720 with_detections=993 confirmed=[1, 2, 3, 4, 5, 6, 7, 8] pending=[]
[aruco_detector-1] [INFO] [1787205442.583335065] [aruco_detector]: frames=5770 with_detections=993 confirmed=[1, 2, 3, 4, 5, 6, 7, 8] pending=[]
[aruco_detector-1] [INFO] [1787205452.620425550] [aruco_detector]: frames=5820 with_detections=994 confirmed=[1, 2, 3, 4, 5, 6, 7, 8] pending=[]
[aruco_detector-1] [INFO] [1787205462.624226287] [aruco_detector]: frames=5870 with_detections=1021 confirmed=[1, 2, 3, 4, 5, 6, 7, 8] pending=[]
[aruco_detector-1] [INFO] [1787205472.628001262] [aruco_detector]: frames=5920 with_detections=1021 confirmed=[1, 2, 3, 4, 5, 6, 7, 8] pending=[]
[aruco_detector-1] [INFO] [1787205482.628054405] [aruco_detector]: frames=5970 with_detections=1021 confirmed=[1, 2, 3, 4, 5, 6, 7, 8] pending=[]
[aruco_detector-1] [INFO] [1787205492.634652917] [aruco_detector]: frames=6020 with_detections=1021 confirmed=[1, 2, 3, 4, 5, 6, 7, 8] pending=[]
[aruco_detector-1] [INFO] [1787205502.637621576] [aruco_detector]: frames=6070 with_detections=1021 confirmed=[1, 2, 3, 4, 5, 6, 7, 8] pending=[]
[aruco_detector-1] [INFO] [1787205512.777217775] [aruco_detector]: frames=6120 with_detections=1028 confirmed=[1, 2, 3, 4, 5, 6, 7, 8] pending=[]
[aruco_detector-1] [INFO] [1787205522.783998702] [aruco_detector]: frames=6170 with_detections=1040 confirmed=[1, 2, 3, 4, 5, 6, 7, 8] pending=[]
[aruco_detector-1] [INFO] [1787205532.785923168] [aruco_detector]: frames=6220 with_detections=1080 confirmed=[1, 2, 3, 4, 5, 6, 7, 8] pending=[]
[aruco_detector-1] [INFO] [1787205542.788993910] [aruco_detector]: frames=6270 with_detections=1110 confirmed=[1, 2, 3, 4, 5, 6, 7, 8] pending=[]
[aruco_detector-1] [INFO] [1787205552.850696823] [aruco_detector]: frames=6320 with_detections=1110 confirmed=[1, 2, 3, 4, 5, 6, 7, 8] pending=[]
[aruco_detector-1] [INFO] [1787205562.850641756] [aruco_detector]: frames=6370 with_detections=1110 confirmed=[1, 2, 3, 4, 5, 6, 7, 8] pending=[]
[aruco_detector-1] [INFO] [1787205572.850728392] [aruco_detector]: frames=6420 with_detections=1152 confirmed=[1, 2, 3, 4, 5, 6, 7, 8] pending=[]
[aruco_detector-1] [INFO] [1787205582.857144884] [aruco_detector]: frames=6470 with_detections=1184 confirmed=[1, 2, 3, 4, 5, 6, 7, 8] pending=[]
[aruco_detector-1] [INFO] [1787205592.857291953] [aruco_detector]: frames=6520 with_detections=1184 confirmed=[1, 2, 3, 4, 5, 6, 7, 8] pending=[]
[aruco_detector-1] [INFO] [1787205602.857190759] [aruco_detector]: frames=6570 with_detections=1184 confirmed=[1, 2, 3, 4, 5, 6, 7, 8] pending=[]
[aruco_detector-1] [INFO] [1787205612.861186675] [aruco_detector]: frames=6620 with_detections=1184 confirmed=[1, 2, 3, 4, 5, 6, 7, 8] pending=[]
[aruco_detector-1] [INFO] [1787205622.915033823] [aruco_detector]: frames=6670 with_detections=1184 confirmed=[1, 2, 3, 4, 5, 6, 7, 8] pending=[]
[aruco_detector-1] [INFO] [1787205632.915033780] [aruco_detector]: frames=6720 with_detections=1184 confirmed=[1, 2, 3, 4, 5, 6, 7, 8] pending=[]
[aruco_detector-1] [INFO] [1787205642.963612327] [aruco_detector]: frames=6770 with_detections=1184 confirmed=[1, 2, 3, 4, 5, 6, 7, 8] pending=[]
[aruco_detector-1] [INFO] [1787205652.977736200] [aruco_detector]: frames=6820 with_detections=1184 confirmed=[1, 2, 3, 4, 5, 6, 7, 8] pending=[]
