[wsl-exp 07:36:50] backend=wsl:Ubuntu stack=hybrid world=office_world profile=realistic cap=22min out=reports/night/n37_btfix_s101
[wsl-exp 07:36:50] syncing src/ and scripts/ into /home/smirn/leo_ws
[wsl-exp 07:36:54] colcon build (leo_nav2_exploration, leo_rover_gazebo)
Summary: 1 package finished [2.26s]
  1 package failed: leo_rover_gazebo
  1 package had stderr output: leo_rover_gazebo
[wsl-exp 07:36:57] killing any previous sim
[wsl-exp 07:37:01] cleanup: 0 ROS processes still alive
[wsl-exp 07:37:06] starting simulator (GPU, headless)
[wsl-exp 07:37:07] waiting for /leo1/scan
[wsl-exp 07:37:19] scan: average rate: 56.670
[wsl-exp 07:37:19] renderer: 07:37:16: GL_RENDERER = D3D12 (NVIDIA GeForce RTX 4060 Ti)
[wsl-exp 07:37:22] wheel-odometry model (message only) + gyro + EKF
[wsl-exp 07:37:37] overlay stack: sim_navigation.launch.py
[wsl-exp 07:37:38] waiting for Nav2 planner action
[wsl-exp 07:38:00] camera/points (with stack up): average rate: 5.002
[wsl-exp 07:38:04] scan_filtered: average rate: 10.019
[wsl-exp 07:38:04] starting recorders
[wsl-exp 07:38:06] starting ArUco detector
[wsl-exp 07:38:12] bootstrap jog
[wsl-exp 07:38:30] explorer launched; polling (cap 22 min)
[wsl-exp 08:00:34] cap reached; collecting artefacts anyway
[wsl-exp 08:00:41] saving map
[wsl-exp 08:00:42] flushing recorders
[wsl-exp 08:01:02] cleanup: 0 ROS processes still alive
[wsl-exp 08:01:04] done -> reports/night/n37_btfix_s101
