[INFO] [launch]: All log files can be found below /home/smirn/.ros/log/2026-08-20-07-12-43-587722-Tornadosky-6036
[INFO] [launch]: Default logging verbosity is set to INFO
[INFO] [aruco_detector-1]: process started with pid [6037]
[aruco_detector-1] [INFO] [1787202764.260878124] [aruco_detector]: aruco_detector: dict=DICT_4X4_50 len=0.2 m image=/leo1/camera/image optical_frame=False map_frame=map cv2=4.5.4 allowed_ids=[1, 2, 3, 4, 5, 6, 7, 8]
[aruco_detector-1] [INFO] [1787202764.262647896] [aruco_detector]: frames=0 with_detections=0 confirmed=[] pending=[]
[aruco_detector-1] [INFO] [1787202764.278420790] [aruco_detector]: camera intrinsics: fx=554.4 fy=554.4 cx=320.0 cy=240.0 distortion=5 coeffs
[aruco_detector-1] [INFO] [1787202767.872589249] [aruco_detector]: frames=18 with_detections=0 confirmed=[] pending=[]
[aruco_detector-1] [INFO] [1787202777.923252748] [aruco_detector]: frames=68 with_detections=0 confirmed=[] pending=[]
[aruco_detector-1] [INFO] [1787202787.952725834] [aruco_detector]: frames=118 with_detections=2 confirmed=[] pending=[]
[aruco_detector-1] [INFO] [1787202797.958332338] [aruco_detector]: frames=168 with_detections=7 confirmed=[] pending=[]
[aruco_detector-1] [INFO] [1787202807.961206497] [aruco_detector]: frames=218 with_detections=7 confirmed=[] pending=[]
[aruco_detector-1] [INFO] [1787202811.796107118] [aruco_detector]: ArUco 4 CONFIRMED at map (-3.15, 4.10, 0.12) range 5.76 m, reproj 2.01 px
[aruco_detector-1] [WARN] [1787202811.999037124] [aruco_detector]: ignoring ArUco id 21: not in allowed_ids [1, 2, 3, 4, 5, 6, 7, 8]
[aruco_detector-1] [INFO] [1787202817.960948220] [aruco_detector]: frames=268 with_detections=33 confirmed=[4] pending=[]
[aruco_detector-1] [INFO] [1787202827.967876320] [aruco_detector]: frames=318 with_detections=61 confirmed=[4] pending=[]
[aruco_detector-1] [INFO] [1787202837.969030856] [aruco_detector]: frames=368 with_detections=61 confirmed=[4] pending=[]
[aruco_detector-1] [INFO] [1787202847.968887870] [aruco_detector]: frames=418 with_detections=61 confirmed=[4] pending=[]
[aruco_detector-1] [INFO] [1787202857.970883071] [aruco_detector]: frames=468 with_detections=61 confirmed=[4] pending=[]
[aruco_detector-1] [INFO] [1787202867.972588068] [aruco_detector]: frames=518 with_detections=61 confirmed=[4] pending=[]
[aruco_detector-1] [INFO] [1787202876.608405932] [aruco_detector]: ArUco 2 CONFIRMED at map (8.84, 0.29, 0.14) range 5.99 m, reproj 0.16 px
[aruco_detector-1] [INFO] [1787202877.972790579] [aruco_detector]: frames=568 with_detections=80 confirmed=[2, 4] pending=[]
[aruco_detector-1] [INFO] [1787202887.978114897] [aruco_detector]: frames=618 with_detections=102 confirmed=[2, 4] pending=[]
[aruco_detector-1] [INFO] [1787202897.978208782] [aruco_detector]: frames=668 with_detections=135 confirmed=[2, 4] pending=[]
[aruco_detector-1] [INFO] [1787202902.217342304] [aruco_detector]: ArUco 7 CONFIRMED at map (4.06, -6.24, 0.13) range 4.78 m, reproj 0.01 px
[aruco_detector-1] [INFO] [1787202907.978166762] [aruco_detector]: frames=718 with_detections=154 confirmed=[2, 4, 7] pending=[]
[aruco_detector-1] [INFO] [1787202917.983325237] [aruco_detector]: frames=768 with_detections=154 confirmed=[2, 4, 7] pending=[]
[aruco_detector-1] [INFO] [1787202927.983207464] [aruco_detector]: frames=818 with_detections=154 confirmed=[2, 4, 7] pending=[]
[aruco_detector-1] [INFO] [1787202937.983314634] [aruco_detector]: frames=868 with_detections=154 confirmed=[2, 4, 7] pending=[]
[aruco_detector-1] [INFO] [1787202947.985076039] [aruco_detector]: frames=918 with_detections=154 confirmed=[2, 4, 7] pending=[]
[aruco_detector-1] [INFO] [1787202957.985164549] [aruco_detector]: frames=968 with_detections=154 confirmed=[2, 4, 7] pending=[]
[aruco_detector-1] [INFO] [1787202967.986580312] [aruco_detector]: frames=1018 with_detections=154 confirmed=[2, 4, 7] pending=[]
[aruco_detector-1] [INFO] [1787202977.993355975] [aruco_detector]: frames=1068 with_detections=154 confirmed=[2, 4, 7] pending=[]
[aruco_detector-1] [INFO] [1787202987.994529952] [aruco_detector]: frames=1118 with_detections=154 confirmed=[2, 4, 7] pending=[]
[aruco_detector-1] [INFO] [1787202997.994537491] [aruco_detector]: frames=1168 with_detections=154 confirmed=[2, 4, 7] pending=[]
[aruco_detector-1] [INFO] [1787203007.995937020] [aruco_detector]: frames=1218 with_detections=154 confirmed=[2, 4, 7] pending=[]
[aruco_detector-1] [INFO] [1787203017.995944892] [aruco_detector]: frames=1268 with_detections=154 confirmed=[2, 4, 7] pending=[]
[aruco_detector-1] [INFO] [1787203027.995878746] [aruco_detector]: frames=1318 with_detections=154 confirmed=[2, 4, 7] pending=[]
[aruco_detector-1] [INFO] [1787203032.032433055] [aruco_detector]: ArUco 5 CONFIRMED at map (10.10, 3.30, 0.13) range 5.72 m, reproj 0.06 px
[aruco_detector-1] [INFO] [1787203038.000317118] [aruco_detector]: frames=1368 with_detections=173 confirmed=[2, 4, 5, 7] pending=[]
[aruco_detector-1] [INFO] [1787203048.001882935] [aruco_detector]: frames=1418 with_detections=188 confirmed=[2, 4, 5, 7] pending=[]
[aruco_detector-1] [INFO] [1787203058.012987604] [aruco_detector]: frames=1468 with_detections=235 confirmed=[2, 4, 5, 7] pending=[]
[aruco_detector-1] [INFO] [1787203068.024928583] [aruco_detector]: frames=1518 with_detections=240 confirmed=[2, 4, 5, 7] pending=[]
[aruco_detector-1] [INFO] [1787203078.075599309] [aruco_detector]: frames=1568 with_detections=240 confirmed=[2, 4, 5, 7] pending=[]
[aruco_detector-1] [INFO] [1787203088.076929007] [aruco_detector]: frames=1618 with_detections=242 confirmed=[2, 4, 5, 7] pending=[]
[aruco_detector-1] [INFO] [1787203098.085319337] [aruco_detector]: frames=1668 with_detections=252 confirmed=[2, 4, 5, 7] pending=[]
[aruco_detector-1] [INFO] [1787203108.088482636] [aruco_detector]: frames=1718 with_detections=290 confirmed=[2, 4, 5, 7] pending=[]
[aruco_detector-1] [INFO] [1787203118.090953678] [aruco_detector]: frames=1768 with_detections=326 confirmed=[2, 4, 5, 7] pending=[]
[aruco_detector-1] [INFO] [1787203128.095911759] [aruco_detector]: frames=1818 with_detections=326 confirmed=[2, 4, 5, 7] pending=[]
[aruco_detector-1] [INFO] [1787203138.095827688] [aruco_detector]: frames=1868 with_detections=326 confirmed=[2, 4, 5, 7] pending=[]
[aruco_detector-1] [INFO] [1787203148.099007535] [aruco_detector]: frames=1918 with_detections=326 confirmed=[2, 4, 5, 7] pending=[]
[aruco_detector-1] [INFO] [1787203158.101481899] [aruco_detector]: frames=1968 with_detections=326 confirmed=[2, 4, 5, 7] pending=[]
[aruco_detector-1] [INFO] [1787203168.106234693] [aruco_detector]: frames=2018 with_detections=326 confirmed=[2, 4, 5, 7] pending=[]
[aruco_detector-1] [INFO] [1787203178.108391080] [aruco_detector]: frames=2068 with_detections=326 confirmed=[2, 4, 5, 7] pending=[]
[aruco_detector-1] [INFO] [1787203188.116006854] [aruco_detector]: frames=2118 with_detections=326 confirmed=[2, 4, 5, 7] pending=[]
[aruco_detector-1] [INFO] [1787203198.115976147] [aruco_detector]: frames=2168 with_detections=326 confirmed=[2, 4, 5, 7] pending=[]
[aruco_detector-1] [INFO] [1787203208.116046645] [aruco_detector]: frames=2218 with_detections=326 confirmed=[2, 4, 5, 7] pending=[]
[aruco_detector-1] [INFO] [1787203218.117127826] [aruco_detector]: frames=2268 with_detections=326 confirmed=[2, 4, 5, 7] pending=[]
[aruco_detector-1] [INFO] [1787203228.117081236] [aruco_detector]: frames=2318 with_detections=326 confirmed=[2, 4, 5, 7] pending=[]
[aruco_detector-1] [INFO] [1787203238.117118292] [aruco_detector]: frames=2368 with_detections=326 confirmed=[2, 4, 5, 7] pending=[]
[aruco_detector-1] [INFO] [1787203248.122888582] [aruco_detector]: frames=2418 with_detections=326 confirmed=[2, 4, 5, 7] pending=[]
[aruco_detector-1] [INFO] [1787203258.122707482] [aruco_detector]: frames=2468 with_detections=326 confirmed=[2, 4, 5, 7] pending=[]
[aruco_detector-1] [INFO] [1787203268.122805493] [aruco_detector]: frames=2518 with_detections=326 confirmed=[2, 4, 5, 7] pending=[]
[aruco_detector-1] [INFO] [1787203278.170398927] [aruco_detector]: frames=2568 with_detections=326 confirmed=[2, 4, 5, 7] pending=[]
[aruco_detector-1] [INFO] [1787203288.171470715] [aruco_detector]: frames=2618 with_detections=326 confirmed=[2, 4, 5, 7] pending=[]
