[INFO] [launch]: All log files can be found below /root/.ros/log/2026-07-05-17-33-48-565802-1387c21aea15-758
[INFO] [launch]: Default logging verbosity is set to INFO
[INFO] [frontier_explorer-1]: process started with pid [864]
[INFO] [mock_aruco_detector-2]: process started with pid [866]
[mock_aruco_detector-2] [INFO] [1783272831.324788939] [mock_aruco_detector]: Mock detector: 4 ground-truth markers
[frontier_explorer-1] [INFO] [1783272831.747578492] [frontier_explorer]: Frontier explorer up for "leo1" (base_frame=leo1/base_link)
[frontier_explorer-1] [WARN] [1783272831.990204170] [frontier_explorer]: Watchdog: work exists but no goal active and robot stationary - clearing costmaps
[frontier_explorer-1] [INFO] [1783272832.130666920] [frontier_explorer]: Item candidate id=3 at (1.91, -0.00) - queued for verification
[frontier_explorer-1] [INFO] [1783272832.517342501] [frontier_explorer]: Item id=3 CONFIRMED at (1.90, -0.01) after 2 views
[frontier_explorer-1] [INFO] [1783272833.533453966] [frontier_explorer]: Initial pose recorded: (1.22, 0.00)
[frontier_explorer-1] [INFO] [1783272833.730205699] [frontier_explorer]: New frontier goal: (-2.96, -4.05)
[frontier_explorer-1] [INFO] [1783272849.777144099] [frontier_explorer]: New frontier goal: (-4.26, -4.10)
[frontier_explorer-1] [INFO] [1783272861.828408321] [frontier_explorer]: New frontier goal: (-1.31, 5.00)
[frontier_explorer-1] [INFO] [1783272881.997573462] [frontier_explorer]: New frontier goal: (4.44, 3.45)
[frontier_explorer-1] [INFO] [1783272894.061021654] [frontier_explorer]: New frontier goal: (5.97, 1.90)
[frontier_explorer-1] [INFO] [1783272904.651517994] [frontier_explorer]: Item candidate id=4 at (6.87, 0.04) - queued for verification
[frontier_explorer-1] [INFO] [1783272906.238508165] [frontier_explorer]: Item id=4 CONFIRMED at (6.88, 0.02) after 2 views
[frontier_explorer-1] [INFO] [1783272906.286808555] [frontier_explorer]: New frontier goal: (4.97, -3.75)
[frontier_explorer-1] [INFO] [1783272918.344093836] [frontier_explorer]: New frontier goal: (2.37, -0.35)
[frontier_explorer-1] [INFO] [1783272938.701276095] [frontier_explorer]: New frontier goal: (-2.35, 1.40)
[frontier_explorer-1] [INFO] [1783272954.859507205] [frontier_explorer]: New frontier goal: (-3.34, -0.10)
[frontier_explorer-1] [INFO] [1783272967.035246583] [frontier_explorer]: New frontier goal: (-9.23, -3.20)
[frontier_explorer-1] [INFO] [1783272983.298419780] [frontier_explorer]: New frontier goal: (-6.33, 6.00)
[frontier_explorer-1] [INFO] [1783272995.548438153] [frontier_explorer]: New frontier goal: (-5.33, 5.75)
[frontier_explorer-1] [INFO] [1783273007.659170005] [frontier_explorer]: New frontier goal: (-7.63, 8.05)
[frontier_explorer-1] [INFO] [1783273019.891881548] [frontier_explorer]: New frontier goal: (-7.32, 6.71)
[frontier_explorer-1] [INFO] [1783273032.058267227] [frontier_explorer]: New frontier goal: (-7.74, 2.91)
[frontier_explorer-1] [INFO] [1783273044.160812033] [frontier_explorer]: New frontier goal: (-8.34, 7.51)
[frontier_explorer-1] [INFO] [1783273068.518387697] [frontier_explorer]: New frontier goal: (-9.11, 0.91)
[frontier_explorer-1] [INFO] [1783273105.131029613] [frontier_explorer]: New frontier goal: (-7.76, -3.89)
[frontier_explorer-1] [INFO] [1783273117.243206377] [frontier_explorer]: New frontier goal: (-7.66, -3.19)
[frontier_explorer-1] [WARN] [1783273129.474522928] [frontier_explorer]: Frontier goal done but frontier survived at (-7.66, -3.19) - striking it
[frontier_explorer-1] [INFO] [1783273129.541017258] [frontier_explorer]: No path to frontier goal (-5.36, -5.94), skipping
[frontier_explorer-1] [WARN] [1783273135.482544990] [frontier_explorer]: Watchdog: work exists but no goal active and robot stationary - clearing costmaps
[frontier_explorer-1] [INFO] [1783273149.778706018] [frontier_explorer]: No path to frontier goal (2.54, -6.29), skipping
[frontier_explorer-1] [WARN] [1783273155.797544931] [frontier_explorer]: Watchdog: all goals planner-rejected (7 skips) - blind reverse escape
[frontier_explorer-1] [WARN] [1783273161.976986449] [frontier_explorer]: Goal (-5.36, -5.94) planner-rejected 3 times - long-banning
[frontier_explorer-1] [WARN] [1783273166.037634630] [frontier_explorer]: Goal (-3.21, -5.94) planner-rejected 3 times - long-banning
[frontier_explorer-1] [INFO] [1783273170.095262076] [frontier_explorer]: No path to frontier goal (-2.16, 1.56), skipping
[frontier_explorer-1] [WARN] [1783273176.129756088] [frontier_explorer]: Watchdog: work exists but no goal active and robot stationary - clearing costmaps
