data: '{"robot": "leo1", "sim_time": 52.0, "state": "exploring", "frontiers": 41, "coverage_m2": 61.8, "camera_coverage": 0.0, "items_c...'
---
data: '{"robot": "leo1", "sim_time": 56.0, "state": "exploring", "frontiers": 41, "coverage_m2": 61.8, "camera_coverage": 0.128, "items...'
---
data: '{"robot": "leo1", "sim_time": 60.0, "state": "exploring", "frontiers": 41, "coverage_m2": 61.8, "camera_coverage": 0.128, "items...'
---
data: '{"robot": "leo1", "sim_time": 64.0, "state": "exploring", "frontiers": 31, "coverage_m2": 65.8, "camera_coverage": 0.133, "items...'
---
data: '{"robot": "leo1", "sim_time": 68.0, "state": "exploring", "frontiers": 32, "coverage_m2": 69.2, "camera_coverage": 0.119, "items...'
---
data: '{"robot": "leo1", "sim_time": 72.0, "state": "exploring", "frontiers": 29, "coverage_m2": 71.9, "camera_coverage": 0.128, "items...'
---
data: '{"robot": "leo1", "sim_time": 76.0, "state": "exploring", "frontiers": 29, "coverage_m2": 71.9, "camera_coverage": 0.181, "items...'
---
data: '{"robot": "leo1", "sim_time": 80.0, "state": "exploring", "frontiers": 26, "coverage_m2": 82.3, "camera_coverage": 0.181, "items...'
---
data: '{"robot": "leo1", "sim_time": 84.0, "state": "exploring", "frontiers": 26, "coverage_m2": 83.8, "camera_coverage": 0.134, "items...'
---
data: '{"robot": "leo1", "sim_time": 88.0, "state": "exploring", "frontiers": 24, "coverage_m2": 84.5, "camera_coverage": 0.136, "items...'
---
data: '{"robot": "leo1", "sim_time": 92.0, "state": "exploring", "frontiers": 16, "coverage_m2": 85.2, "camera_coverage": 0.162, "items...'
---
data: '{"robot": "leo1", "sim_time": 96.0, "state": "exploring", "frontiers": 16, "coverage_m2": 89.3, "camera_coverage": 0.156, "items...'
---
data: '{"robot": "leo1", "sim_time": 100.0, "state": "exploring", "frontiers": 18, "coverage_m2": 99.2, "camera_coverage": 0.156, "item...'
---
data: '{"robot": "leo1", "sim_time": 104.0, "state": "exploring", "frontiers": 25, "coverage_m2": 103.2, "camera_coverage": 0.103, "ite...'
---
data: '{"robot": "leo1", "sim_time": 108.0, "state": "exploring", "frontiers": 20, "coverage_m2": 107.4, "camera_coverage": 0.095, "ite...'
---
data: '{"robot": "leo1", "sim_time": 112.0, "state": "exploring", "frontiers": 17, "coverage_m2": 108.8, "camera_coverage": 0.092, "ite...'
---
data: '{"robot": "leo1", "sim_time": 116.0, "state": "exploring", "frontiers": 18, "coverage_m2": 110.5, "camera_coverage": 0.102, "ite...'
---
data: '{"robot": "leo1", "sim_time": 120.0, "state": "exploring", "frontiers": 18, "coverage_m2": 113.6, "camera_coverage": 0.102, "ite...'
---
data: '{"robot": "leo1", "sim_time": 124.0, "state": "exploring", "frontiers": 22, "coverage_m2": 134.2, "camera_coverage": 0.139, "ite...'
---
data: '{"robot": "leo1", "sim_time": 128.0, "state": "exploring", "frontiers": 30, "coverage_m2": 146.4, "camera_coverage": 0.145, "ite...'
---
data: '{"robot": "leo1", "sim_time": 132.0, "state": "exploring", "frontiers": 17, "coverage_m2": 148.6, "camera_coverage": 0.128, "ite...'
---
data: '{"robot": "leo1", "sim_time": 136.0, "state": "exploring", "frontiers": 17, "coverage_m2": 148.8, "camera_coverage": 0.129, "ite...'
---
data: '{"robot": "leo1", "sim_time": 140.0, "state": "exploring", "frontiers": 17, "coverage_m2": 148.9, "camera_coverage": 0.129, "ite...'
---
data: '{"robot": "leo1", "sim_time": 144.0, "state": "exploring", "frontiers": 17, "coverage_m2": 149.2, "camera_coverage": 0.129, "ite...'
---
data: '{"robot": "leo1", "sim_time": 148.0, "state": "exploring", "frontiers": 17, "coverage_m2": 149.5, "camera_coverage": 0.159, "ite...'
---
data: '{"robot": "leo1", "sim_time": 152.0, "state": "exploring", "frontiers": 17, "coverage_m2": 150.3, "camera_coverage": 0.159, "ite...'
---
data: '{"robot": "leo1", "sim_time": 156.0, "state": "exploring", "frontiers": 34, "coverage_m2": 156.6, "camera_coverage": 0.029, "ite...'
---
data: '{"robot": "leo1", "sim_time": 160.0, "state": "exploring", "frontiers": 34, "coverage_m2": 156.6, "camera_coverage": 0.029, "ite...'
---
data: '{"robot": "leo1", "sim_time": 164.0, "state": "exploring", "frontiers": 34, "coverage_m2": 156.6, "camera_coverage": 0.032, "ite...'
---
data: '{"robot": "leo1", "sim_time": 168.0, "state": "exploring", "frontiers": 34, "coverage_m2": 156.6, "camera_coverage": 0.032, "ite...'
---
data: '{"robot": "leo1", "sim_time": 172.0, "state": "exploring", "frontiers": 35, "coverage_m2": 156.8, "camera_coverage": 0.029, "ite...'
---
data: '{"robot": "leo1", "sim_time": 176.0, "state": "exploring", "frontiers": 49, "coverage_m2": 170.1, "camera_coverage": 0.023, "ite...'
---
data: '{"robot": "leo1", "sim_time": 180.0, "state": "exploring", "frontiers": 56, "coverage_m2": 194.8, "camera_coverage": 0.023, "ite...'
---
data: '{"robot": "leo1", "sim_time": 184.0, "state": "exploring", "frontiers": 57, "coverage_m2": 202.3, "camera_coverage": 0.025, "ite...'
---
data: '{"robot": "leo1", "sim_time": 188.0, "state": "exploring", "frontiers": 48, "coverage_m2": 204.6, "camera_coverage": 0.029, "ite...'
---
data: '{"robot": "leo1", "sim_time": 192.0, "state": "exploring", "frontiers": 42, "coverage_m2": 206.0, "camera_coverage": 0.03, "item...'
---
data: '{"robot": "leo1", "sim_time": 196.0, "state": "exploring", "frontiers": 39, "coverage_m2": 207.4, "camera_coverage": 0.037, "ite...'
---
data: '{"robot": "leo1", "sim_time": 200.0, "state": "exploring", "frontiers": 35, "coverage_m2": 210.8, "camera_coverage": 0.037, "ite...'
---
data: '{"robot": "leo1", "sim_time": 204.0, "state": "exploring", "frontiers": 33, "coverage_m2": 212.0, "camera_coverage": 0.043, "ite...'
---
data: '{"robot": "leo1", "sim_time": 208.0, "state": "exploring", "frontiers": 36, "coverage_m2": 212.9, "camera_coverage": 0.043, "ite...'
---
data: '{"robot": "leo1", "sim_time": 212.0, "state": "exploring", "frontiers": 37, "coverage_m2": 215.5, "camera_coverage": 0.05, "item...'
---
data: '{"robot": "leo1", "sim_time": 216.0, "state": "exploring", "frontiers": 34, "coverage_m2": 217.3, "camera_coverage": 0.054, "ite...'
---
data: '{"robot": "leo1", "sim_time": 220.0, "state": "exploring", "frontiers": 30, "coverage_m2": 217.8, "camera_coverage": 0.054, "ite...'
---
data: '{"robot": "leo1", "sim_time": 224.0, "state": "exploring", "frontiers": 29, "coverage_m2": 219.9, "camera_coverage": 0.057, "ite...'
---
data: '{"robot": "leo1", "sim_time": 228.0, "state": "exploring", "frontiers": 38, "coverage_m2": 222.9, "camera_coverage": 0.06, "item...'
---
data: '{"robot": "leo1", "sim_time": 232.0, "state": "exploring", "frontiers": 37, "coverage_m2": 223.6, "camera_coverage": 0.042, "ite...'
---
data: '{"robot": "leo1", "sim_time": 236.0, "state": "exploring", "frontiers": 36, "coverage_m2": 224.5, "camera_coverage": 0.05, "item...'
---
data: '{"robot": "leo1", "sim_time": 240.0, "state": "exploring", "frontiers": 30, "coverage_m2": 232.8, "camera_coverage": 0.05, "item...'
---
data: '{"robot": "leo1", "sim_time": 244.0, "state": "exploring", "frontiers": 34, "coverage_m2": 242.3, "camera_coverage": 0.05, "item...'
---
data: '{"robot": "leo1", "sim_time": 248.0, "state": "exploring", "frontiers": 40, "coverage_m2": 243.8, "camera_coverage": 0.05, "item...'
---
data: '{"robot": "leo1", "sim_time": 252.0, "state": "exploring", "frontiers": 33, "coverage_m2": 245.9, "camera_coverage": 0.05, "item...'
---
data: '{"robot": "leo1", "sim_time": 256.0, "state": "exploring", "frontiers": 31, "coverage_m2": 252.0, "camera_coverage": 0.047, "ite...'
---
data: '{"robot": "leo1", "sim_time": 260.0, "state": "exploring", "frontiers": 20, "coverage_m2": 252.1, "camera_coverage": 0.047, "ite...'
---
data: '{"robot": "leo1", "sim_time": 264.0, "state": "exploring", "frontiers": 20, "coverage_m2": 252.1, "camera_coverage": 0.055, "ite...'
---
data: '{"robot": "leo1", "sim_time": 268.0, "state": "exploring", "frontiers": 20, "coverage_m2": 252.1, "camera_coverage": 0.056, "ite...'
---
data: '{"robot": "leo1", "sim_time": 272.0, "state": "exploring", "frontiers": 20, "coverage_m2": 252.1, "camera_coverage": 0.056, "ite...'
---
data: '{"robot": "leo1", "sim_time": 276.0, "state": "exploring", "frontiers": 20, "coverage_m2": 252.1, "camera_coverage": 0.057, "ite...'
---
data: '{"robot": "leo1", "sim_time": 280.0, "state": "exploring", "frontiers": 29, "coverage_m2": 252.4, "camera_coverage": 0.057, "ite...'
---
data: '{"robot": "leo1", "sim_time": 284.0, "state": "exploring", "frontiers": 27, "coverage_m2": 252.5, "camera_coverage": 0.067, "ite...'
---
data: '{"robot": "leo1", "sim_time": 288.0, "state": "exploring", "frontiers": 27, "coverage_m2": 252.6, "camera_coverage": 0.072, "ite...'
---
data: '{"robot": "leo1", "sim_time": 292.0, "state": "exploring", "frontiers": 27, "coverage_m2": 252.6, "camera_coverage": 0.078, "ite...'
---
data: '{"robot": "leo1", "sim_time": 296.0, "state": "exploring", "frontiers": 27, "coverage_m2": 252.6, "camera_coverage": 0.083, "ite...'
---
data: '{"robot": "leo1", "sim_time": 300.0, "state": "exploring", "frontiers": 27, "coverage_m2": 252.6, "camera_coverage": 0.083, "ite...'
---
data: '{"robot": "leo1", "sim_time": 304.0, "state": "exploring", "frontiers": 27, "coverage_m2": 252.6, "camera_coverage": 0.088, "ite...'
---
data: '{"robot": "leo1", "sim_time": 308.0, "state": "exploring", "frontiers": 27, "coverage_m2": 252.7, "camera_coverage": 0.088, "ite...'
---
data: '{"robot": "leo1", "sim_time": 312.0, "state": "exploring", "frontiers": 27, "coverage_m2": 252.7, "camera_coverage": 0.093, "ite...'
---
data: '{"robot": "leo1", "sim_time": 316.0, "state": "exploring", "frontiers": 27, "coverage_m2": 252.7, "camera_coverage": 0.095, "ite...'
---
data: '{"robot": "leo1", "sim_time": 320.0, "state": "exploring", "frontiers": 22, "coverage_m2": 253.0, "camera_coverage": 0.095, "ite...'
---
data: '{"robot": "leo1", "sim_time": 324.0, "state": "exploring", "frontiers": 22, "coverage_m2": 253.2, "camera_coverage": 0.081, "ite...'
---
data: '{"robot": "leo1", "sim_time": 328.0, "state": "exploring", "frontiers": 22, "coverage_m2": 253.3, "camera_coverage": 0.089, "ite...'
---
data: '{"robot": "leo1", "sim_time": 332.0, "state": "exploring", "frontiers": 22, "coverage_m2": 253.4, "camera_coverage": 0.092, "ite...'
---
data: '{"robot": "leo1", "sim_time": 336.0, "state": "exploring", "frontiers": 22, "coverage_m2": 253.4, "camera_coverage": 0.1, "items...'
---
data: '{"robot": "leo1", "sim_time": 340.0, "state": "exploring", "frontiers": 22, "coverage_m2": 253.5, "camera_coverage": 0.1, "items...'
---
data: '{"robot": "leo1", "sim_time": 344.0, "state": "exploring", "frontiers": 22, "coverage_m2": 253.5, "camera_coverage": 0.101, "ite...'
---
data: '{"robot": "leo1", "sim_time": 348.0, "state": "exploring", "frontiers": 20, "coverage_m2": 253.5, "camera_coverage": 0.101, "ite...'
---
data: '{"robot": "leo1", "sim_time": 352.0, "state": "exploring", "frontiers": 19, "coverage_m2": 253.5, "camera_coverage": 0.101, "ite...'
---
data: '{"robot": "leo1", "sim_time": 356.0, "state": "exploring", "frontiers": 18, "coverage_m2": 253.5, "camera_coverage": 0.101, "ite...'
---
data: '{"robot": "leo1", "sim_time": 360.0, "state": "exploring", "frontiers": 17, "coverage_m2": 253.5, "camera_coverage": 0.101, "ite...'
---
data: '{"robot": "leo1", "sim_time": 364.0, "state": "exploring", "frontiers": 16, "coverage_m2": 253.5, "camera_coverage": 0.101, "ite...'
---
data: '{"robot": "leo1", "sim_time": 368.0, "state": "exploring", "frontiers": 16, "coverage_m2": 253.5, "camera_coverage": 0.101, "ite...'
---
data: '{"robot": "leo1", "sim_time": 372.0, "state": "exploring", "frontiers": 16, "coverage_m2": 253.5, "camera_coverage": 0.101, "ite...'
---
data: '{"robot": "leo1", "sim_time": 376.0, "state": "exploring", "frontiers": 21, "coverage_m2": 253.5, "camera_coverage": 0.101, "ite...'
---
data: '{"robot": "leo1", "sim_time": 380.0, "state": "exploring", "frontiers": 20, "coverage_m2": 253.5, "camera_coverage": 0.101, "ite...'
---
data: '{"robot": "leo1", "sim_time": 384.0, "state": "exploring", "frontiers": 19, "coverage_m2": 253.5, "camera_coverage": 0.101, "ite...'
---
data: '{"robot": "leo1", "sim_time": 388.0, "state": "exploring", "frontiers": 18, "coverage_m2": 253.5, "camera_coverage": 0.101, "ite...'
---
data: '{"robot": "leo1", "sim_time": 392.0, "state": "exploring", "frontiers": 17, "coverage_m2": 253.5, "camera_coverage": 0.101, "ite...'
---
data: '{"robot": "leo1", "sim_time": 396.0, "state": "exploring", "frontiers": 16, "coverage_m2": 253.5, "camera_coverage": 0.101, "ite...'
---
data: '{"robot": "leo1", "sim_time": 400.0, "state": "exploring", "frontiers": 12, "coverage_m2": 253.5, "camera_coverage": 0.101, "ite...'
---
