[INFO] [launch]: All log files can be found below /home/smirn/.ros/log/2026-08-20-03-33-44-875545-Tornadosky-98456
[INFO] [launch]: Default logging verbosity is set to INFO
[INFO] [aruco_detector-1]: process started with pid [98457]
[aruco_detector-1] [INFO] [1787189625.297932582] [aruco_detector]: aruco_detector: dict=DICT_4X4_50 len=0.2 m image=/leo1/camera/image optical_frame=False map_frame=map cv2=4.5.4 allowed_ids=[1, 2, 3, 4, 5, 6, 7, 8]
[aruco_detector-1] [INFO] [1787189625.421804581] [aruco_detector]: camera intrinsics: fx=554.4 fy=554.4 cx=320.0 cy=240.0 distortion=5 coeffs
[aruco_detector-1] [INFO] [1787189628.418215932] [aruco_detector]: frames=15 with_detections=0 confirmed=[] pending=[]
[aruco_detector-1] [INFO] [1787189638.434825380] [aruco_detector]: frames=65 with_detections=0 confirmed=[] pending=[]
[aruco_detector-1] [INFO] [1787189647.268707243] [aruco_detector]: ArUco 2 CONFIRMED at map (9.51, 0.36, 0.14) range 5.68 m, reproj 0.14 px
[aruco_detector-1] [INFO] [1787189648.434884615] [aruco_detector]: frames=115 with_detections=19 confirmed=[2] pending=[]
[aruco_detector-1] [INFO] [1787189658.433951056] [aruco_detector]: frames=165 with_detections=57 confirmed=[2] pending=[]
[aruco_detector-1] [INFO] [1787189668.433954022] [aruco_detector]: frames=215 with_detections=82 confirmed=[2] pending=[]
[aruco_detector-1] [INFO] [1787189678.433930549] [aruco_detector]: frames=265 with_detections=82 confirmed=[2] pending=[]
[aruco_detector-1] [INFO] [1787189688.431835865] [aruco_detector]: frames=315 with_detections=82 confirmed=[2] pending=[]
[aruco_detector-1] [INFO] [1787189698.431797716] [aruco_detector]: frames=365 with_detections=82 confirmed=[2] pending=[]
[aruco_detector-1] [INFO] [1787189706.464556887] [aruco_detector]: ArUco 5 CONFIRMED at map (11.02, 5.28, 0.12) range 5.67 m, reproj 0.90 px
[aruco_detector-1] [INFO] [1787189708.431821362] [aruco_detector]: frames=415 with_detections=94 confirmed=[2, 5] pending=[]
[aruco_detector-1] [INFO] [1787189718.429719542] [aruco_detector]: frames=465 with_detections=116 confirmed=[2, 5] pending=[]
[aruco_detector-1] [INFO] [1787189728.429749750] [aruco_detector]: frames=515 with_detections=126 confirmed=[2, 5] pending=[]
[aruco_detector-1] [INFO] [1787189738.429699525] [aruco_detector]: frames=565 with_detections=126 confirmed=[2, 5] pending=[]
[aruco_detector-1] [INFO] [1787189748.428274928] [aruco_detector]: frames=615 with_detections=126 confirmed=[2, 5] pending=[]
[aruco_detector-1] [INFO] [1787189758.428215992] [aruco_detector]: frames=665 with_detections=126 confirmed=[2, 5] pending=[]
[aruco_detector-1] [INFO] [1787189768.428213640] [aruco_detector]: frames=715 with_detections=126 confirmed=[2, 5] pending=[]
[aruco_detector-1] [INFO] [1787189778.427254934] [aruco_detector]: frames=765 with_detections=172 confirmed=[2, 5] pending=[]
[aruco_detector-1] [INFO] [1787189788.427298804] [aruco_detector]: frames=815 with_detections=172 confirmed=[2, 5] pending=[]
[aruco_detector-1] [INFO] [1787189798.427250813] [aruco_detector]: frames=865 with_detections=172 confirmed=[2, 5] pending=[]
[aruco_detector-1] [INFO] [1787189802.860649878] [aruco_detector]: ArUco 7 CONFIRMED at map (4.63, -5.57, 0.14) range 5.54 m, reproj 0.08 px
[aruco_detector-1] [INFO] [1787189808.426479664] [aruco_detector]: frames=915 with_detections=197 confirmed=[2, 5, 7] pending=[]
[aruco_detector-1] [INFO] [1787189818.426543033] [aruco_detector]: frames=965 with_detections=247 confirmed=[2, 5, 7] pending=[]
[aruco_detector-1] [INFO] [1787189828.426495838] [aruco_detector]: frames=1015 with_detections=249 confirmed=[2, 5, 7] pending=[]
[aruco_detector-1] [INFO] [1787189838.424767938] [aruco_detector]: frames=1065 with_detections=264 confirmed=[2, 5, 7] pending=[]
[aruco_detector-1] [INFO] [1787189848.424765606] [aruco_detector]: frames=1115 with_detections=264 confirmed=[2, 5, 7] pending=[]
[aruco_detector-1] [INFO] [1787189858.424760105] [aruco_detector]: frames=1165 with_detections=275 confirmed=[2, 5, 7] pending=[]
[aruco_detector-1] [INFO] [1787189868.422344472] [aruco_detector]: frames=1215 with_detections=275 confirmed=[2, 5, 7] pending=[]
[aruco_detector-1] [INFO] [1787189878.422544334] [aruco_detector]: frames=1265 with_detections=275 confirmed=[2, 5, 7] pending=[]
[aruco_detector-1] [INFO] [1787189888.422399929] [aruco_detector]: frames=1315 with_detections=275 confirmed=[2, 5, 7] pending=[]
[aruco_detector-1] [INFO] [1787189898.419395013] [aruco_detector]: frames=1365 with_detections=275 confirmed=[2, 5, 7] pending=[]
[aruco_detector-1] [INFO] [1787189908.419400136] [aruco_detector]: frames=1415 with_detections=275 confirmed=[2, 5, 7] pending=[]
[aruco_detector-1] [INFO] [1787189918.419362779] [aruco_detector]: frames=1465 with_detections=275 confirmed=[2, 5, 7] pending=[]
[aruco_detector-1] [INFO] [1787189928.415131230] [aruco_detector]: frames=1515 with_detections=275 confirmed=[2, 5, 7] pending=[]
[aruco_detector-1] [INFO] [1787189938.415107411] [aruco_detector]: frames=1565 with_detections=275 confirmed=[2, 5, 7] pending=[]
[aruco_detector-1] [INFO] [1787189948.415140770] [aruco_detector]: frames=1615 with_detections=275 confirmed=[2, 5, 7] pending=[]
[aruco_detector-1] [INFO] [1787189958.413233118] [aruco_detector]: frames=1665 with_detections=279 confirmed=[2, 5, 7] pending=[]
[aruco_detector-1] [INFO] [1787189968.413488821] [aruco_detector]: frames=1715 with_detections=279 confirmed=[2, 5, 7] pending=[]
[aruco_detector-1] [INFO] [1787189978.413407481] [aruco_detector]: frames=1765 with_detections=279 confirmed=[2, 5, 7] pending=[]
[aruco_detector-1] [INFO] [1787189988.414407108] [aruco_detector]: frames=1815 with_detections=279 confirmed=[2, 5, 7] pending=[]
[aruco_detector-1] [INFO] [1787189998.414356424] [aruco_detector]: frames=1865 with_detections=279 confirmed=[2, 5, 7] pending=[]
[aruco_detector-1] [INFO] [1787190008.414350611] [aruco_detector]: frames=1915 with_detections=279 confirmed=[2, 5, 7] pending=[]
[aruco_detector-1] [INFO] [1787190018.409034251] [aruco_detector]: frames=1965 with_detections=279 confirmed=[2, 5, 7] pending=[]
[aruco_detector-1] [INFO] [1787190028.409006217] [aruco_detector]: frames=2015 with_detections=279 confirmed=[2, 5, 7] pending=[]
[aruco_detector-1] [INFO] [1787190038.410630722] [aruco_detector]: frames=2065 with_detections=279 confirmed=[2, 5, 7] pending=[]
[aruco_detector-1] [INFO] [1787190048.408373007] [aruco_detector]: frames=2115 with_detections=279 confirmed=[2, 5, 7] pending=[]
[aruco_detector-1] [INFO] [1787190058.408340967] [aruco_detector]: frames=2165 with_detections=280 confirmed=[2, 5, 7] pending=[]
[aruco_detector-1] [INFO] [1787190068.408505890] [aruco_detector]: frames=2215 with_detections=289 confirmed=[2, 5, 7] pending=[1]
[aruco_detector-1] [INFO] [1787190068.440728044] [aruco_detector]: ArUco 1 CONFIRMED at map (-9.45, 0.02, 0.14) range 5.80 m, reproj 0.04 px
[aruco_detector-1] [INFO] [1787190078.405377952] [aruco_detector]: frames=2265 with_detections=323 confirmed=[1, 2, 5, 7] pending=[]
[aruco_detector-1] [INFO] [1787190088.405419580] [aruco_detector]: frames=2315 with_detections=323 confirmed=[1, 2, 5, 7] pending=[]
[aruco_detector-1] [INFO] [1787190098.405415969] [aruco_detector]: frames=2365 with_detections=323 confirmed=[1, 2, 5, 7] pending=[]
[aruco_detector-1] [INFO] [1787190108.407754319] [aruco_detector]: frames=2415 with_detections=323 confirmed=[1, 2, 5, 7] pending=[]
[aruco_detector-1] [INFO] [1787190116.839135158] [aruco_detector]: ArUco 6 CONFIRMED at map (-10.34, -5.43, 0.12) range 4.63 m, reproj 1.45 px
[aruco_detector-1] [INFO] [1787190118.407766890] [aruco_detector]: frames=2465 with_detections=334 confirmed=[1, 2, 5, 6, 7] pending=[]
[aruco_detector-1] [INFO] [1787190128.407840319] [aruco_detector]: frames=2515 with_detections=371 confirmed=[1, 2, 5, 6, 7] pending=[]
[aruco_detector-1] [INFO] [1787190138.407208837] [aruco_detector]: frames=2565 with_detections=376 confirmed=[1, 2, 5, 6, 7] pending=[]
[aruco_detector-1] [INFO] [1787190148.407156293] [aruco_detector]: frames=2615 with_detections=382 confirmed=[1, 2, 5, 6, 7] pending=[]
[aruco_detector-1] [INFO] [1787190158.407139817] [aruco_detector]: frames=2665 with_detections=382 confirmed=[1, 2, 5, 6, 7] pending=[]
[aruco_detector-1] [INFO] [1787190168.405626993] [aruco_detector]: frames=2715 with_detections=382 confirmed=[1, 2, 5, 6, 7] pending=[]
[aruco_detector-1] [INFO] [1787190171.438271990] [aruco_detector]: ArUco 8 CONFIRMED at map (-2.82, -1.24, 0.10) range 3.87 m, reproj 0.41 px
[aruco_detector-1] [INFO] [1787190178.405643211] [aruco_detector]: frames=2765 with_detections=401 confirmed=[1, 2, 5, 6, 7, 8] pending=[]
[aruco_detector-1] [INFO] [1787190188.407788576] [aruco_detector]: frames=2815 with_detections=414 confirmed=[1, 2, 5, 6, 7, 8] pending=[]
[aruco_detector-1] [INFO] [1787190198.406444919] [aruco_detector]: frames=2865 with_detections=414 confirmed=[1, 2, 5, 6, 7, 8] pending=[]
[aruco_detector-1] [INFO] [1787190208.406378554] [aruco_detector]: frames=2915 with_detections=450 confirmed=[1, 2, 5, 6, 7, 8] pending=[]
[aruco_detector-1] [INFO] [1787190211.237548426] [aruco_detector]: ArUco 3 CONFIRMED at map (-7.97, 5.48, 0.14) range 5.33 m, reproj 0.06 px
[aruco_detector-1] [INFO] [1787190218.406507496] [aruco_detector]: frames=2965 with_detections=488 confirmed=[1, 2, 3, 5, 6, 7, 8] pending=[]
[aruco_detector-1] [WARN] [1787190221.837814133] [aruco_detector]: ignoring ArUco id 21: not in allowed_ids [1, 2, 3, 4, 5, 6, 7, 8]
[aruco_detector-1] [INFO] [1787190228.404773287] [aruco_detector]: frames=3015 with_detections=512 confirmed=[1, 2, 3, 5, 6, 7, 8] pending=[]
[aruco_detector-1] [INFO] [1787190238.404868360] [aruco_detector]: frames=3065 with_detections=526 confirmed=[1, 2, 3, 5, 6, 7, 8] pending=[]
[aruco_detector-1] [INFO] [1787190248.404818736] [aruco_detector]: frames=3115 with_detections=529 confirmed=[1, 2, 3, 5, 6, 7, 8] pending=[]
[aruco_detector-1] [INFO] [1787190258.403827027] [aruco_detector]: frames=3165 with_detections=544 confirmed=[1, 2, 3, 5, 6, 7, 8] pending=[]
[aruco_detector-1] [INFO] [1787190268.403802109] [aruco_detector]: frames=3215 with_detections=544 confirmed=[1, 2, 3, 5, 6, 7, 8] pending=[]
[aruco_detector-1] [INFO] [1787190278.403830963] [aruco_detector]: frames=3265 with_detections=544 confirmed=[1, 2, 3, 5, 6, 7, 8] pending=[]
[aruco_detector-1] [INFO] [1787190288.402243773] [aruco_detector]: frames=3315 with_detections=544 confirmed=[1, 2, 3, 5, 6, 7, 8] pending=[]
[aruco_detector-1] [INFO] [1787190298.402187857] [aruco_detector]: frames=3365 with_detections=544 confirmed=[1, 2, 3, 5, 6, 7, 8] pending=[]
[aruco_detector-1] [INFO] [1787190308.402231888] [aruco_detector]: frames=3415 with_detections=544 confirmed=[1, 2, 3, 5, 6, 7, 8] pending=[]
[aruco_detector-1] [INFO] [1787190318.400637676] [aruco_detector]: frames=3465 with_detections=563 confirmed=[1, 2, 3, 5, 6, 7, 8] pending=[]
[aruco_detector-1] [INFO] [1787190328.400648373] [aruco_detector]: frames=3515 with_detections=600 confirmed=[1, 2, 3, 5, 6, 7, 8] pending=[]
[aruco_detector-1] [INFO] [1787190338.403101968] [aruco_detector]: frames=3565 with_detections=600 confirmed=[1, 2, 3, 5, 6, 7, 8] pending=[]
[aruco_detector-1] [INFO] [1787190348.400739400] [aruco_detector]: frames=3615 with_detections=600 confirmed=[1, 2, 3, 5, 6, 7, 8] pending=[]
[aruco_detector-1] [INFO] [1787190358.400710495] [aruco_detector]: frames=3665 with_detections=600 confirmed=[1, 2, 3, 5, 6, 7, 8] pending=[]
[aruco_detector-1] [INFO] [1787190368.402187303] [aruco_detector]: frames=3715 with_detections=607 confirmed=[1, 2, 3, 5, 6, 7, 8] pending=[]
[aruco_detector-1] [INFO] [1787190378.399577012] [aruco_detector]: frames=3765 with_detections=657 confirmed=[1, 2, 3, 5, 6, 7, 8] pending=[]
[aruco_detector-1] [INFO] [1787190388.399570749] [aruco_detector]: frames=3815 with_detections=707 confirmed=[1, 2, 3, 5, 6, 7, 8] pending=[]
[aruco_detector-1] [INFO] [1787190398.399596605] [aruco_detector]: frames=3865 with_detections=757 confirmed=[1, 2, 3, 5, 6, 7, 8] pending=[]
[aruco_detector-1] [INFO] [1787190408.397867733] [aruco_detector]: frames=3915 with_detections=807 confirmed=[1, 2, 3, 5, 6, 7, 8] pending=[]
[aruco_detector-1] [INFO] [1787190418.397927792] [aruco_detector]: frames=3965 with_detections=857 confirmed=[1, 2, 3, 5, 6, 7, 8] pending=[]
[aruco_detector-1] [INFO] [1787190428.397888121] [aruco_detector]: frames=4015 with_detections=907 confirmed=[1, 2, 3, 5, 6, 7, 8] pending=[]
[aruco_detector-1] [INFO] [1787190438.397079965] [aruco_detector]: frames=4065 with_detections=957 confirmed=[1, 2, 3, 5, 6, 7, 8] pending=[]
[aruco_detector-1] [INFO] [1787190448.397115548] [aruco_detector]: frames=4115 with_detections=1007 confirmed=[1, 2, 3, 5, 6, 7, 8] pending=[]
[aruco_detector-1] [INFO] [1787190458.397090036] [aruco_detector]: frames=4165 with_detections=1057 confirmed=[1, 2, 3, 5, 6, 7, 8] pending=[]
[aruco_detector-1] [INFO] [1787190468.395478084] [aruco_detector]: frames=4215 with_detections=1107 confirmed=[1, 2, 3, 5, 6, 7, 8] pending=[]
[aruco_detector-1] [INFO] [1787190478.395546552] [aruco_detector]: frames=4265 with_detections=1157 confirmed=[1, 2, 3, 5, 6, 7, 8] pending=[]
