[INFO] [1787189634.865222990] [scripted_drive]: route office_full: 45 waypoints, v=0.3 m/s w=0.5 rad/s
[INFO] [1787189648.234835402] [scripted_drive]: waypoint 1/45 (reached) -> (8.0, 0.0) (3.8 m travelled)
[INFO] [1787189662.233908467] [scripted_drive]: waypoint 2/45 (reached) -> (8.0, 2.5) (7.8 m travelled)
[INFO] [1787189674.084069443] [scripted_drive]: waypoint 3/45 (reached) -> (6.0, 2.5) (10.2 m travelled)
[INFO] [1787189684.331995019] [scripted_drive]: waypoint 4/45 (reached) -> (6.0, 7.0) (12.0 m travelled)
[INFO] [1787189702.831887080] [scripted_drive]: waypoint 5/45 (reached) -> (10.8, 7.0) (16.4 m travelled)
[INFO] [1787189722.479710966] [scripted_drive]: waypoint 6/45 (reached) -> (10.8, 2.5) (21.0 m travelled)
[INFO] [1787189741.078247672] [scripted_drive]: waypoint 7/45 (reached) -> (8.0, 2.5) (25.4 m travelled)
[INFO] [1787189753.978241625] [scripted_drive]: waypoint 8/45 (reached) -> (8.0, 0.0) (28.0 m travelled)
[INFO] [1787189765.778313171] [scripted_drive]: waypoint 9/45 (reached) -> (10.8, 0.0) (30.4 m travelled)
[INFO] [1787189778.677264971] [scripted_drive]: waypoint 10/45 (reached) -> (6.0, 0.0) (33.0 m travelled)
[INFO] [1787189800.426460728] [scripted_drive]: waypoint 11/45 (reached) -> (6.0, -3.0) (37.5 m travelled)
[INFO] [1787189813.976475067] [scripted_drive]: waypoint 12/45 (reached) -> (6.0, -7.0) (40.4 m travelled)
[INFO] [1787189828.326486295] [scripted_drive]: waypoint 13/45 (reached) -> (2.0, -7.0) (44.4 m travelled)
[INFO] [1787189845.174797448] [scripted_drive]: waypoint 14/45 (reached) -> (10.8, -7.0) (48.2 m travelled)
[INFO] [1787189880.272415384] [scripted_drive]: waypoint 15/45 (reached) -> (10.8, -3.0) (56.7 m travelled)
[INFO] [1787189897.169359233] [scripted_drive]: waypoint 16/45 (reached) -> (6.0, -3.0) (60.5 m travelled)
[INFO] [1787189916.769339454] [scripted_drive]: waypoint 17/45 (reached) -> (6.0, 0.0) (65.2 m travelled)
[INFO] [1787189930.215060479] [scripted_drive]: waypoint 18/45 (reached) -> (0.0, 0.0) (68.0 m travelled)
[INFO] [1787189953.663219620] [scripted_drive]: waypoint 19/45 (reached) -> (0.0, 3.0) (73.9 m travelled)
[INFO] [1787189967.163239745] [scripted_drive]: waypoint 20/45 (reached) -> (0.0, 6.8) (76.8 m travelled)
[INFO] [1787189980.764408779] [scripted_drive]: waypoint 21/45 (reached) -> (-3.0, 6.8) (80.6 m travelled)
[INFO] [1787189994.364708603] [scripted_drive]: waypoint 22/45 (reached) -> (3.0, 6.8) (83.4 m travelled)
[INFO] [1787190020.059015602] [scripted_drive]: waypoint 23/45 (reached) -> (0.0, 3.0) (89.1 m travelled)
[INFO] [1787190040.608438200] [scripted_drive]: waypoint 24/45 (reached) -> (0.0, 0.0) (93.7 m travelled)
[INFO] [1787190052.758322391] [scripted_drive]: waypoint 25/45 (reached) -> (-6.0, 0.0) (96.7 m travelled)
[INFO] [1787190076.305387116] [scripted_drive]: waypoint 26/45 (reached) -> (-6.0, -3.0) (102.5 m travelled)
[INFO] [1787190089.755406497] [scripted_drive]: waypoint 27/45 (reached) -> (-5.0, -3.0) (105.4 m travelled)
[INFO] [1787190096.505404321] [scripted_drive]: waypoint 28/45 (reached) -> (-5.0, -7.0) (106.2 m travelled)
[INFO] [1787190113.157744184] [scripted_drive]: waypoint 29/45 (reached) -> (-10.8, -7.0) (110.1 m travelled)
[INFO] [1787190136.107131249] [scripted_drive]: waypoint 30/45 (reached) -> (-10.8, -3.0) (115.8 m travelled)
[INFO] [1787190153.057184190] [scripted_drive]: waypoint 31/45 (reached) -> (-5.0, -3.0) (119.6 m travelled)
[INFO] [1787190176.055572155] [scripted_drive]: waypoint 32/45 (reached) -> (-6.0, -3.0) (125.2 m travelled)
[INFO] [1787190185.057772226] [scripted_drive]: waypoint 33/45 (reached) -> (-6.0, 0.0) (125.9 m travelled)
[INFO] [1787190198.606388781] [scripted_drive]: waypoint 34/45 (reached) -> (-8.0, 0.0) (128.8 m travelled)
[INFO] [1787190208.706425769] [scripted_drive]: waypoint 35/45 (reached) -> (-8.0, 3.0) (130.6 m travelled)
[INFO] [1787190222.154858175] [scripted_drive]: waypoint 36/45 (reached) -> (-6.0, 3.0) (133.5 m travelled)
[INFO] [1787190232.404760339] [scripted_drive]: waypoint 37/45 (reached) -> (-6.0, 7.0) (135.4 m travelled)
[INFO] [1787190249.204816890] [scripted_drive]: waypoint 38/45 (reached) -> (-10.8, 7.0) (139.2 m travelled)
[INFO] [1787190268.853850938] [scripted_drive]: waypoint 39/45 (reached) -> (-10.8, 3.0) (143.9 m travelled)
[INFO] [1787190285.802207069] [scripted_drive]: waypoint 40/45 (reached) -> (-8.0, 3.0) (147.7 m travelled)
[INFO] [1787190298.652267764] [scripted_drive]: waypoint 41/45 (reached) -> (-8.0, 0.0) (150.4 m travelled)
[INFO] [1787190312.150650311] [scripted_drive]: waypoint 42/45 (reached) -> (-10.8, 0.0) (153.2 m travelled)
[INFO] [1787190325.100603327] [scripted_drive]: waypoint 43/45 (reached) -> (-6.0, 0.0) (155.9 m travelled)
[INFO] [1787190346.850712995] [scripted_drive]: waypoint 44/45 (reached) -> (0.0, 0.0) (160.3 m travelled)
[INFO] [1787190367.602321600] [scripted_drive]: Route finished. travelled 166.3 m, 0 waypoint(s) skipped
