[aruco 03:33:21] syncing and building
Summary: 1 package finished [1.71s]
  1 package failed: leo_rover_gazebo
  1 package had stderr output: leo_rover_gazebo
[aruco 03:33:24] killing any previous sim
[aruco 03:33:28] cleanup: 0 ROS processes still alive
[aruco 03:33:33] starting simulator (GPU, ground-truth odom TF)
[aruco 03:33:35] renderer: 03:18:08: GL_RENDERER = D3D12 (NVIDIA GeForce RTX 4060 Ti)
[aruco 03:33:40] static map -> leo1/odom (identity; leo1/odom is world-anchored)
[aruco 03:33:44] starting ArUco detector (marker_length=0.20)
[aruco 03:33:54] driving route office_full
[aruco 03:48:04] detector summary
[aruco_detector-1] [INFO] [1787190368.402187303] [aruco_detector]: frames=3715 with_detections=607 confirmed=[1, 2, 3, 5, 6, 7, 8] pending=[]
[aruco_detector-1] [INFO] [1787190378.399577012] [aruco_detector]: frames=3765 with_detections=657 confirmed=[1, 2, 3, 5, 6, 7, 8] pending=[]
[aruco_detector-1] [INFO] [1787190388.399570749] [aruco_detector]: frames=3815 with_detections=707 confirmed=[1, 2, 3, 5, 6, 7, 8] pending=[]
[aruco_detector-1] [INFO] [1787190398.399596605] [aruco_detector]: frames=3865 with_detections=757 confirmed=[1, 2, 3, 5, 6, 7, 8] pending=[]
[aruco_detector-1] [INFO] [1787190408.397867733] [aruco_detector]: frames=3915 with_detections=807 confirmed=[1, 2, 3, 5, 6, 7, 8] pending=[]
[aruco_detector-1] [INFO] [1787190418.397927792] [aruco_detector]: frames=3965 with_detections=857 confirmed=[1, 2, 3, 5, 6, 7, 8] pending=[]
[aruco_detector-1] [INFO] [1787190428.397888121] [aruco_detector]: frames=4015 with_detections=907 confirmed=[1, 2, 3, 5, 6, 7, 8] pending=[]
[aruco_detector-1] [INFO] [1787190438.397079965] [aruco_detector]: frames=4065 with_detections=957 confirmed=[1, 2, 3, 5, 6, 7, 8] pending=[]
[aruco_detector-1] [INFO] [1787190448.397115548] [aruco_detector]: frames=4115 with_detections=1007 confirmed=[1, 2, 3, 5, 6, 7, 8] pending=[]
[aruco_detector-1] [INFO] [1787190458.397090036] [aruco_detector]: frames=4165 with_detections=1057 confirmed=[1, 2, 3, 5, 6, 7, 8] pending=[]
[aruco_detector-1] [INFO] [1787190468.395478084] [aruco_detector]: frames=4215 with_detections=1107 confirmed=[1, 2, 3, 5, 6, 7, 8] pending=[]
[aruco_detector-1] [INFO] [1787190478.395546552] [aruco_detector]: frames=4265 with_detections=1157 confirmed=[1, 2, 3, 5, 6, 7, 8] pending=[]
[aruco 03:48:08] cleanup: 0 ROS processes still alive
[aruco 03:48:10] scoring
Python was not found; run without arguments to install from the Microsoft Store, or disable this shortcut from Settings > Apps > Advanced app settings > App execution aliases.
[aruco 03:48:11] done -> reports/night/aruco_calib
