[INFO] [launch]: All log files can be found below /home/smirn/.ros/log/2026-08-20-03-50-21-834693-Tornadosky-100720
[INFO] [launch]: Default logging verbosity is set to INFO
[INFO] [aruco_detector-1]: process started with pid [100721]
[aruco_detector-1] [INFO] [1787190622.424345303] [aruco_detector]: aruco_detector: dict=DICT_4X4_50 len=0.2 m image=/leo1/camera/image optical_frame=False map_frame=map cv2=4.5.4 allowed_ids=[1, 2, 3, 4, 5, 6, 7, 8]
[aruco_detector-1] [INFO] [1787190622.426010399] [aruco_detector]: frames=0 with_detections=0 confirmed=[] pending=[]
[aruco_detector-1] [INFO] [1787190622.535786391] [aruco_detector]: camera intrinsics: fx=554.4 fy=554.4 cx=320.0 cy=240.0 distortion=5 coeffs
[aruco_detector-1] [INFO] [1787190627.131474293] [aruco_detector]: frames=23 with_detections=0 confirmed=[] pending=[]
[aruco_detector-1] [INFO] [1787190637.167397039] [aruco_detector]: frames=73 with_detections=0 confirmed=[] pending=[]
[aruco_detector-1] [INFO] [1787190647.181951536] [aruco_detector]: frames=123 with_detections=43 confirmed=[] pending=[]
[aruco_detector-1] [INFO] [1787190657.182290447] [aruco_detector]: frames=173 with_detections=47 confirmed=[] pending=[]
[aruco_detector-1] [INFO] [1787190667.182017094] [aruco_detector]: frames=223 with_detections=48 confirmed=[] pending=[]
[aruco_detector-1] [INFO] [1787190677.179851813] [aruco_detector]: frames=273 with_detections=48 confirmed=[] pending=[]
[aruco_detector-1] [WARN] [1787190681.614175912] [aruco_detector]: no TF map <- leo1/sensor_camera_link: Lookup would require extrapolation into the future.  Requested time 114.200000 but the latest data is at time 114.181000, when looking up transform from frame [leo1/sensor_camera_link] to frame [map]
[aruco_detector-1] [INFO] [1787190687.179941273] [aruco_detector]: frames=323 with_detections=65 confirmed=[] pending=[]
[aruco_detector-1] [WARN] [1787190688.215822063] [aruco_detector]: no TF map <- leo1/sensor_camera_link: Lookup would require extrapolation into the future.  Requested time 120.800000 but the latest data is at time 120.781000, when looking up transform from frame [leo1/sensor_camera_link] to frame [map]
[aruco_detector-1] [WARN] [1787190694.816328123] [aruco_detector]: no TF map <- leo1/sensor_camera_link: Lookup would require extrapolation into the future.  Requested time 127.400000 but the latest data is at time 127.381000, when looking up transform from frame [leo1/sensor_camera_link] to frame [map]
[aruco_detector-1] [INFO] [1787190697.436959132] [aruco_detector]: frames=374 with_detections=76 confirmed=[] pending=[4]
[aruco_detector-1] [INFO] [1787190707.177831532] [aruco_detector]: frames=423 with_detections=85 confirmed=[] pending=[4]
[aruco_detector-1] [WARN] [1787190716.613657965] [aruco_detector]: no TF map <- leo1/sensor_camera_link: Lookup would require extrapolation into the future.  Requested time 149.200000 but the latest data is at time 149.181000, when looking up transform from frame [leo1/sensor_camera_link] to frame [map]
[aruco_detector-1] [INFO] [1787190717.434948708] [aruco_detector]: frames=474 with_detections=102 confirmed=[] pending=[1, 4]
[aruco_detector-1] [WARN] [1787190721.743194665] [aruco_detector]: no TF map <- leo1/sensor_camera_link: Lookup would require extrapolation into the future.  Requested time 154.200000 but the latest data is at time 153.181000, when looking up transform from frame [leo1/sensor_camera_link] to frame [map]
[aruco_detector-1] [WARN] [1787190727.012247438] [aruco_detector]: no TF map <- leo1/sensor_camera_link: Lookup would require extrapolation into the future.  Requested time 159.600000 but the latest data is at time 159.581000, when looking up transform from frame [leo1/sensor_camera_link] to frame [map]
[aruco_detector-1] [INFO] [1787190727.422838303] [aruco_detector]: frames=524 with_detections=141 confirmed=[] pending=[1, 4]
[aruco_detector-1] [INFO] [1787190730.813268763] [aruco_detector]: ArUco 1 CONFIRMED at map (-10.19, 0.19, 0.13) range 5.44 m, reproj 1.78 px
[aruco_detector-1] [WARN] [1787190732.211334625] [aruco_detector]: no TF map <- leo1/sensor_camera_link: Lookup would require extrapolation into the future.  Requested time 164.800000 but the latest data is at time 164.781000, when looking up transform from frame [leo1/sensor_camera_link] to frame [map]
[aruco_detector-1] [INFO] [1787190737.175923073] [aruco_detector]: frames=570 with_detections=158 confirmed=[1] pending=[4, 6]
[aruco_detector-1] [INFO] [1787190747.175970216] [aruco_detector]: frames=620 with_detections=158 confirmed=[1] pending=[4, 6]
[aruco_detector-1] [WARN] [1787190752.411547946] [aruco_detector]: no TF map <- leo1/sensor_camera_link: Lookup would require extrapolation into the future.  Requested time 185.000000 but the latest data is at time 184.981000, when looking up transform from frame [leo1/sensor_camera_link] to frame [map]
[aruco_detector-1] [INFO] [1787190757.176100618] [aruco_detector]: frames=670 with_detections=160 confirmed=[1] pending=[4, 6]
[aruco_detector-1] [INFO] [1787190767.173995972] [aruco_detector]: frames=720 with_detections=160 confirmed=[1] pending=[4, 6]
[aruco_detector-1] [INFO] [1787190777.173999771] [aruco_detector]: frames=770 with_detections=160 confirmed=[1] pending=[4, 6]
[aruco_detector-1] [INFO] [1787190787.174115220] [aruco_detector]: frames=820 with_detections=160 confirmed=[1] pending=[4, 6]
[aruco_detector-1] [INFO] [1787190797.172617675] [aruco_detector]: frames=870 with_detections=160 confirmed=[1] pending=[4, 6]
[aruco_detector-1] [INFO] [1787190807.172620235] [aruco_detector]: frames=920 with_detections=160 confirmed=[1] pending=[4, 6]
[aruco_detector-1] [INFO] [1787190817.172669980] [aruco_detector]: frames=970 with_detections=160 confirmed=[1] pending=[4, 6]
[aruco_detector-1] [INFO] [1787190827.170655460] [aruco_detector]: frames=1020 with_detections=160 confirmed=[1] pending=[4, 6]
[aruco_detector-1] [INFO] [1787190837.171909375] [aruco_detector]: frames=1070 with_detections=160 confirmed=[1] pending=[4, 6]
[aruco_detector-1] [INFO] [1787190847.172855899] [aruco_detector]: frames=1120 with_detections=160 confirmed=[1] pending=[4, 6]
[aruco_detector-1] [INFO] [1787190857.169329087] [aruco_detector]: frames=1170 with_detections=160 confirmed=[1] pending=[4, 6]
[aruco_detector-1] [INFO] [1787190867.169408848] [aruco_detector]: frames=1220 with_detections=160 confirmed=[1] pending=[4, 6]
[aruco_detector-1] [INFO] [1787190877.169690873] [aruco_detector]: frames=1270 with_detections=160 confirmed=[1] pending=[4, 6]
[aruco_detector-1] [INFO] [1787190887.167867996] [aruco_detector]: frames=1320 with_detections=160 confirmed=[1] pending=[4, 6]
[aruco_detector-1] [INFO] [1787190897.168071424] [aruco_detector]: frames=1370 with_detections=160 confirmed=[1] pending=[4, 6]
[aruco_detector-1] [INFO] [1787190907.167986259] [aruco_detector]: frames=1420 with_detections=160 confirmed=[1] pending=[4, 6]
[aruco_detector-1] [INFO] [1787190917.167158583] [aruco_detector]: frames=1470 with_detections=160 confirmed=[1] pending=[4, 6]
[aruco_detector-1] [INFO] [1787190927.166987694] [aruco_detector]: frames=1520 with_detections=160 confirmed=[1] pending=[4, 6]
[aruco_detector-1] [INFO] [1787190937.166971660] [aruco_detector]: frames=1570 with_detections=160 confirmed=[1] pending=[4, 6]
[aruco_detector-1] [INFO] [1787190947.165285404] [aruco_detector]: frames=1620 with_detections=160 confirmed=[1] pending=[4, 6]
[aruco_detector-1] [INFO] [1787190957.165374427] [aruco_detector]: frames=1670 with_detections=160 confirmed=[1] pending=[4, 6]
[aruco_detector-1] [INFO] [1787190967.165305482] [aruco_detector]: frames=1720 with_detections=160 confirmed=[1] pending=[4, 6]
[aruco_detector-1] [INFO] [1787190977.164345259] [aruco_detector]: frames=1770 with_detections=160 confirmed=[1] pending=[4, 6]
[aruco_detector-1] [INFO] [1787190987.164342517] [aruco_detector]: frames=1820 with_detections=160 confirmed=[1] pending=[4, 6]
[aruco_detector-1] [INFO] [1787190997.164402081] [aruco_detector]: frames=1870 with_detections=160 confirmed=[1] pending=[4, 6]
[aruco_detector-1] [INFO] [1787191007.162359186] [aruco_detector]: frames=1920 with_detections=160 confirmed=[1] pending=[4, 6]
[aruco_detector-1] [INFO] [1787191017.162557717] [aruco_detector]: frames=1970 with_detections=160 confirmed=[1] pending=[4, 6]
[aruco_detector-1] [INFO] [1787191027.162376163] [aruco_detector]: frames=2020 with_detections=160 confirmed=[1] pending=[4, 6]
[aruco_detector-1] [INFO] [1787191037.158736979] [aruco_detector]: frames=2070 with_detections=160 confirmed=[1] pending=[4, 6]
[aruco_detector-1] [INFO] [1787191047.158622371] [aruco_detector]: frames=2120 with_detections=160 confirmed=[1] pending=[4, 6]
[aruco_detector-1] [INFO] [1787191057.158534686] [aruco_detector]: frames=2170 with_detections=160 confirmed=[1] pending=[4, 6]
[aruco_detector-1] [INFO] [1787191067.157328549] [aruco_detector]: frames=2220 with_detections=160 confirmed=[1] pending=[4, 6]
[aruco_detector-1] [INFO] [1787191077.157322801] [aruco_detector]: frames=2270 with_detections=160 confirmed=[1] pending=[4, 6]
[aruco_detector-1] [INFO] [1787191087.158477588] [aruco_detector]: frames=2320 with_detections=160 confirmed=[1] pending=[4, 6]
[aruco_detector-1] [INFO] [1787191097.158387516] [aruco_detector]: frames=2370 with_detections=160 confirmed=[1] pending=[4, 6]
[aruco_detector-1] [INFO] [1787191107.159741920] [aruco_detector]: frames=2420 with_detections=160 confirmed=[1] pending=[4, 6]
[aruco_detector-1] [INFO] [1787191117.159546519] [aruco_detector]: frames=2470 with_detections=160 confirmed=[1] pending=[4, 6]
[aruco_detector-1] [INFO] [1787191127.157658095] [aruco_detector]: frames=2520 with_detections=160 confirmed=[1] pending=[4, 6]
[aruco_detector-1] [INFO] [1787191137.157655360] [aruco_detector]: frames=2570 with_detections=160 confirmed=[1] pending=[4, 6]
[aruco_detector-1] [INFO] [1787191147.157650169] [aruco_detector]: frames=2620 with_detections=160 confirmed=[1] pending=[4, 6]
[aruco_detector-1] [INFO] [1787191157.156050231] [aruco_detector]: frames=2670 with_detections=160 confirmed=[1] pending=[4, 6]
[aruco_detector-1] [INFO] [1787191167.157156966] [aruco_detector]: frames=2720 with_detections=160 confirmed=[1] pending=[4, 6]
[aruco_detector-1] [INFO] [1787191177.158282494] [aruco_detector]: frames=2770 with_detections=160 confirmed=[1] pending=[4, 6]
[aruco_detector-1] [INFO] [1787191187.180598806] [aruco_detector]: frames=2820 with_detections=160 confirmed=[1] pending=[4, 6]
[aruco_detector-1] [INFO] [1787191197.189912728] [aruco_detector]: frames=2870 with_detections=160 confirmed=[1] pending=[4, 6]
[aruco_detector-1] [INFO] [1787191207.189935544] [aruco_detector]: frames=2920 with_detections=160 confirmed=[1] pending=[4, 6]
